=== HOSTNAME ===
slurm-h100-reserved-rno-199-197
=== ibstat HCAs ===
/mnt/vast/home/tiancheng.chen/workspace/nccl-nvshmem-repro/multi-gpu-programming-models/repro/deepep/probe_ibgda.sh: line 6: ibstat: command not found
=== ibv_devices ===
    device          	   node GUID
    ------          	----------------
    ibp0            	58a2e103009d6ad2
    ibp1            	58a2e103009d6d62
    ibp2            	58a2e103009d6542
    ibp3            	58a2e103009d456a
    ibp4            	58a2e103009d4612
    ibp5            	58a2e103009d6aaa
    ibp6            	58a2e103009d44fa
    ibp7            	58a2e103009d6c62
=== mlx5 driver loaded ===
=== /dev/infiniband ===
issm0
issm1
issm2
issm3
issm4
issm6
issm7
issm8
rdma_cm
umad0
umad1
umad2
umad3
umad4
umad6
umad7
umad8
uverbs0
uverbs1
uverbs2
uverbs3
uverbs4
uverbs6
uverbs7
uverbs8
=== /dev/gdrdrv ===
crw-rw-rw- 1 nobody nogroup 505, 0 Apr 29 15:09 /dev/gdrdrv
=== nvidia-peermem (newer way) ===
/mnt/vast/home/tiancheng.chen/workspace/nccl-nvshmem-repro/multi-gpu-programming-models/repro/deepep/probe_ibgda.sh: line 16: modinfo: command not found
=== devx access ===
ibp0
ibp1
ibp2
ibp3
ibp4
ibp5
ibp6
ibp7
mlx5_0
mlx5_1
mlx5_2
mlx5_3
mlx5_4
mlx5_5
mlx5_6
mlx5_7
mlx5_8
  ibp0 sriov_drivers_autoprobe=missing
  ibp1 sriov_drivers_autoprobe=missing
  ibp2 sriov_drivers_autoprobe=missing
  ibp3 sriov_drivers_autoprobe=missing
  ibp4 sriov_drivers_autoprobe=missing
  ibp5 sriov_drivers_autoprobe=missing
  ibp6 sriov_drivers_autoprobe=missing
  ibp7 sriov_drivers_autoprobe=missing
  mlx5_0 sriov_drivers_autoprobe=missing
  mlx5_1 sriov_drivers_autoprobe=missing
  mlx5_2 sriov_drivers_autoprobe=missing
  mlx5_3 sriov_drivers_autoprobe=missing
  mlx5_4 sriov_drivers_autoprobe=missing
  mlx5_5 sriov_drivers_autoprobe=1
  mlx5_6 sriov_drivers_autoprobe=missing
  mlx5_7 sriov_drivers_autoprobe=missing
  mlx5_8 sriov_drivers_autoprobe=missing
=== nvshmem-info ===
NVSHMEM v3.4.5

Build Information:
  CUDA API                     13000
  CUDA Driver                  13000
  Build Timestamp              Apr 10 2026 09:18:53
  Build Variables             
	NVSHMEM_DEBUG=OFF NVSHMEM_DEVEL=OFF NVSHMEM_DEFAULT_PMI2=OFF
	NVSHMEM_DEFAULT_PMIX=OFF NVSHMEM_DEFAULT_UCX=OFF
	NVSHMEM_ENABLE_ALL_DEVICE_INLINING=OFF NVSHMEM_GPU_COLL_USE_LDST=OFF
	NVSHMEM_IBGDA_SUPPORT=ON NVSHMEM_IBGDA_SUPPORT_GPUMEM_ONLY=OFF
	NVSHMEM_IBDEVX_SUPPORT=OFF NVSHMEM_IBRC_SUPPORT=ON
	NVSHMEM_MPI_SUPPORT=OFF NVSHMEM_NVTX=ON NVSHMEM_PMIX_SUPPORT=OFF
	NVSHMEM_SHMEM_SUPPORT=OFF NVSHMEM_TEST_STATIC_LIB=OFF
	NVSHMEM_TIMEOUT_DEVICE_POLLING=OFF NVSHMEM_TRACE=OFF NVSHMEM_UCX_SUPPORT=OFF
	NVSHMEM_USE_DLMALLOC=OFF NVSHMEM_USE_NCCL=OFF NVSHMEM_USE_GDRCOPY=ON
	NVSHMEM_VERBOSE=OFF CUDA_HOME=/usr/local/cuda GDRCOPY_HOME=/gdrcopy
	LIBFABRIC_HOME=/usr/local/libfabric MPI_HOME=/usr/local/ompi
	NCCL_HOME=/usr/local/nccl NVSHMEM_PREFIX=/usr/local/nvshmem PMIX_HOME=/usr
	SHMEM_HOME=/usr/local/ompi UCX_HOME=/usr/local/ucx

Standard options:
  NVSHMEM_VERSION              true (type: bool, default: false)
	Print library version at startup
  NVSHMEM_INFO                 false (type: bool, default: false)
	Print environment variable options at startup
  NVSHMEM_DISABLE_NVLS         false (type: bool, default: false)
	Disable NVLS SHARP resources for collectives, even if available for platform
  NVSHMEM_SYMMETRIC_SIZE       1073741824 (type: size, default: 1073741824)
	Specifies the size (in bytes) of the symmetric heap memory per PE. The
	size is implementation-defined and must be at least as large as the integer
	ceiling of the product of the numeric prefix and the scaling factor. The
	character suffixes for the scaling factor are as follows:
	
	  *  k or K multiplies by 2^10 (kibibytes)
	  *  m or M multiplies by 2^20 (mebibytes)
	  *  g or G multiplies by 2^30 (gibibytes)
	  *  t or T multiplies by 2^40 (tebibytes)
	
	For example, string '20m' is equivalent to the integer value 20971520, or 20
=== Try IBGDA env to enable ===
Check if NVSHMEM_DISABLE_NVLS / NVSHMEM_IBGDA_NIC_HANDLER vars are needed
