Testing with seed 0 ...
Testing with seed 0 ...
[config] num_tokens=4096, hidden=7168, num_topk_groups=2, num_topk=8
[config] num_tokens=4096, hidden=7168, num_topk_groups=2, num_topk=8
[layout] Kernel performance: 0.040 ms

[layout] Kernel performance: 0.040 ms

[testing] Running with BF16, without top-k (async=False, previous=False) ... passed
[testing] Running with BF16, without top-k (async=False, previous=False) ... passed
[testing] Running with BF16, with top-k (async=False, previous=False) ... passed
[testing] Running with BF16, with top-k (async=False, previous=False) ... passed
[testing] Running with BF16, without top-k (async=False, previous=False) ... passed
[testing] Running with BF16, without top-k (async=False, previous=False) ... passed
[testing] Running with BF16, with top-k (async=False, previous=False) ... passed
[testing] Running with BF16, with top-k (async=False, previous=False) ... passed
[testing] Running with FP8, without top-k (async=False, previous=False) ... passed
[testing] Running with FP8, without top-k (async=False, previous=False) ... passed
[testing] Running with FP8, with top-k (async=False, previous=False) ... passed
[testing] Running with FP8, with top-k (async=False, previous=False) ... passed
[testing] Running with FP8, without top-k (async=False, previous=False) ... passed
[testing] Running with FP8, without top-k (async=False, previous=False) ... passed
[testing] Running with FP8, with top-k (async=False, previous=False) ... passed
[testing] Running with FP8, with top-k (async=False, previous=False) ... passed
[testing] Running with BF16, without top-k (async=True, previous=False) ... passed
[testing] Running with BF16, without top-k (async=True, previous=False) ... passed
[testing] Running with BF16, with top-k (async=True, previous=False) ... passed
[testing] Running with BF16, with top-k (async=True, previous=False) ... passed
[testing] Running with BF16, without top-k (async=True, previous=False) ... passed
[testing] Running with BF16, without top-k (async=True, previous=False) ... passed
[testing] Running with BF16, with top-k (async=True, previous=False) ... passed
[testing] Running with BF16, with top-k (async=True, previous=False) ... passed
[testing] Running with FP8, without top-k (async=True, previous=False) ... passed
[testing] Running with FP8, without top-k (async=True, previous=False) ... passed
[testing] Running with FP8, with top-k (async=True, previous=False) ... passed
[testing] Running with FP8, with top-k (async=True, previous=False) ... passed
[testing] Running with FP8, without top-k (async=True, previous=False) ... passed
[testing] Running with FP8, without top-k (async=True, previous=False) ... passed
[testing] Running with FP8, with top-k (async=True, previous=False) ... passed
[testing] Running with FP8, with top-k (async=True, previous=False) ... passed
[testing] Running with BF16, without top-k (async=False, previous=True) ... passed
[testing] Running with BF16, without top-k (async=False, previous=True) ... passed
[testing] Running with BF16, with top-k (async=False, previous=True) ... passed
[testing] Running with BF16, with top-k (async=False, previous=True) ... passed
[testing] Running with BF16, without top-k (async=False, previous=True) ... passed
[testing] Running with BF16, without top-k (async=False, previous=True) ... passed
[testing] Running with BF16, with top-k (async=False, previous=True) ... passed
[testing] Running with BF16, with top-k (async=False, previous=True) ... passed
[testing] Running with FP8, without top-k (async=False, previous=True) ... passed
[testing] Running with FP8, without top-k (async=False, previous=True) ... passed
[testing] Running with FP8, with top-k (async=False, previous=True) ... passed
[testing] Running with FP8, with top-k (async=False, previous=True) ... passed
[testing] Running with FP8, without top-k (async=False, previous=True) ... passed
[testing] Running with FP8, without top-k (async=False, previous=True) ... passed
[testing] Running with FP8, with top-k (async=False, previous=True) ... passed
[testing] Running with FP8, with top-k (async=False, previous=True) ... passed
[testing] Running with BF16, without top-k (async=True, previous=True) ... passed
[testing] Running with BF16, without top-k (async=True, previous=True) ... passed
[testing] Running with BF16, with top-k (async=True, previous=True) ... passed
[testing] Running with BF16, with top-k (async=True, previous=True) ... passed
[testing] Running with BF16, without top-k (async=True, previous=True) ... passed
[testing] Running with BF16, without top-k (async=True, previous=True) ... passed
[testing] Running with BF16, with top-k (async=True, previous=True) ... passed
[testing] Running with BF16, with top-k (async=True, previous=True) ... passed
[testing] Running with FP8, without top-k (async=True, previous=True) ... passed
[testing] Running with FP8, without top-k (async=True, previous=True) ... passed
[testing] Running with FP8, with top-k (async=True, previous=True) ... passed
[testing] Running with FP8, with top-k (async=True, previous=True) ... passed
[testing] Running with FP8, without top-k (async=True, previous=True) ... passed
[testing] Running with FP8, without top-k (async=True, previous=True) ... passed
[testing] Running with FP8, with top-k (async=True, previous=True) ... passed

[testing] Running with FP8, with top-k (async=True, previous=True) ... passed

[tuning] SMs 24, NVL chunk 4, RDMA chunk 4: 202 + 1026 us, 58.88 GB/s (RDMA), 200.48 GB/s (NVL) 
[tuning] SMs 24, NVL chunk 4, RDMA chunk 4: 118 + 1029 us, 58.67 GB/s (RDMA), 197.38 GB/s (NVL) 
[tuning] SMs 24, NVL chunk 4, RDMA chunk 8: 66 + 879 us, 68.72 GB/s (RDMA), 234.02 GB/s (NVL) 
[tuning] SMs 24, NVL chunk 4, RDMA chunk 8: 63 + 888 us, 68.01 GB/s (RDMA), 228.81 GB/s (NVL) 
[tuning] SMs 24, NVL chunk 4, RDMA chunk 12: 58 + 883 us, 68.35 GB/s (RDMA), 229.95 GB/s (NVL) 
[tuning] SMs 24, NVL chunk 4, RDMA chunk 12: 70 + 878 us, 68.81 GB/s (RDMA), 234.32 GB/s (NVL) 
[tuning] SMs 24, NVL chunk 4, RDMA chunk 16: 47 + 881 us, 68.53 GB/s (RDMA), 233.37 GB/s (NVL) 
[tuning] SMs 24, NVL chunk 4, RDMA chunk 16: 54 + 880 us, 68.59 GB/s (RDMA), 230.77 GB/s (NVL) 
[tuning] SMs 24, NVL chunk 4, RDMA chunk 20: 308 + 884 us, 68.34 GB/s (RDMA), 232.71 GB/s (NVL) 
[tuning] SMs 24, NVL chunk 4, RDMA chunk 20: 48 + 879 us, 68.66 GB/s (RDMA), 230.99 GB/s (NVL) 
[tuning] SMs 24, NVL chunk 4, RDMA chunk 24: 515 + 886 us, 68.19 GB/s (RDMA), 232.19 GB/s (NVL) 
[tuning] SMs 24, NVL chunk 4, RDMA chunk 24: 123 + 890 us, 67.81 GB/s (RDMA), 228.12 GB/s (NVL) 
[tuning] SMs 24, NVL chunk 4, RDMA chunk 28: 98 + 888 us, 68.06 GB/s (RDMA), 231.75 GB/s (NVL) 
[tuning] SMs 24, NVL chunk 4, RDMA chunk 28: 101 + 886 us, 68.15 GB/s (RDMA), 229.26 GB/s (NVL) 
[tuning] SMs 24, NVL chunk 4, RDMA chunk 32: 53 + 887 us, 68.07 GB/s (RDMA), 231.80 GB/s (NVL) 
[tuning] SMs 24, NVL chunk 4, RDMA chunk 32: 50 + 887 us, 68.03 GB/s (RDMA), 228.86 GB/s (NVL) 
[tuning] SMs 24, NVL chunk 8, RDMA chunk 4: 36 + 1021 us, 59.16 GB/s (RDMA), 201.47 GB/s (NVL) 
[tuning] SMs 24, NVL chunk 8, RDMA chunk 4: 51 + 1021 us, 59.13 GB/s (RDMA), 198.93 GB/s (NVL) 
[tuning] SMs 24, NVL chunk 8, RDMA chunk 8: 62 + 803 us, 75.15 GB/s (RDMA), 252.83 GB/s (NVL) 
[tuning] SMs 24, NVL chunk 8, RDMA chunk 8: 58 + 804 us, 75.10 GB/s (RDMA), 255.72 GB/s (NVL) 
[tuning] SMs 24, NVL chunk 8, RDMA chunk 12: 53 + 802 us, 75.33 GB/s (RDMA), 256.52 GB/s (NVL) 
[tuning] SMs 24, NVL chunk 8, RDMA chunk 12: 410 + 805 us, 75.03 GB/s (RDMA), 252.41 GB/s (NVL) 
[tuning] SMs 24, NVL chunk 8, RDMA chunk 16: 570 + 804 us, 75.09 GB/s (RDMA), 252.64 GB/s (NVL) 
[tuning] SMs 24, NVL chunk 8, RDMA chunk 16: 128 + 807 us, 74.84 GB/s (RDMA), 254.84 GB/s (NVL) 
[tuning] SMs 24, NVL chunk 8, RDMA chunk 20: 107 + 803 us, 75.22 GB/s (RDMA), 256.15 GB/s (NVL) 
[tuning] SMs 24, NVL chunk 8, RDMA chunk 20: 452 + 805 us, 75.01 GB/s (RDMA), 252.35 GB/s (NVL) 
[tuning] SMs 24, NVL chunk 8, RDMA chunk 24: 67 + 806 us, 74.95 GB/s (RDMA), 255.23 GB/s (NVL) 
[tuning] SMs 24, NVL chunk 8, RDMA chunk 24: 58 + 805 us, 75.00 GB/s (RDMA), 252.31 GB/s (NVL) 
[tuning] SMs 24, NVL chunk 8, RDMA chunk 28: 87 + 805 us, 75.07 GB/s (RDMA), 255.62 GB/s (NVL) 
[tuning] SMs 24, NVL chunk 8, RDMA chunk 28: 47 + 809 us, 74.62 GB/s (RDMA), 251.05 GB/s (NVL) 
[tuning] SMs 24, NVL chunk 8, RDMA chunk 32: 53 + 822 us, 73.50 GB/s (RDMA), 250.27 GB/s (NVL) 
[tuning] SMs 24, NVL chunk 8, RDMA chunk 32: 54 + 818 us, 73.81 GB/s (RDMA), 248.32 GB/s (NVL) 
[tuning] SMs 24, NVL chunk 12, RDMA chunk 4: 42 + 1023 us, 59.05 GB/s (RDMA), 201.07 GB/s (NVL) 
[tuning] SMs 24, NVL chunk 12, RDMA chunk 4: 40 + 1022 us, 59.07 GB/s (RDMA), 198.73 GB/s (NVL) 
[tuning] SMs 24, NVL chunk 12, RDMA chunk 8: 50 + 782 us, 77.26 GB/s (RDMA), 263.09 GB/s (NVL) 
[tuning] SMs 24, NVL chunk 12, RDMA chunk 8: 58 + 783 us, 77.06 GB/s (RDMA), 259.26 GB/s (NVL) 
[tuning] SMs 24, NVL chunk 12, RDMA chunk 12: 42 + 800 us, 75.48 GB/s (RDMA), 257.02 GB/s (NVL) 
[tuning] SMs 24, NVL chunk 12, RDMA chunk 12: 37 + 801 us, 75.41 GB/s (RDMA), 253.70 GB/s (NVL) 
[tuning] SMs 24, NVL chunk 12, RDMA chunk 16: 65 + 778 us, 77.69 GB/s (RDMA), 264.56 GB/s (NVL) 
[tuning] SMs 24, NVL chunk 12, RDMA chunk 16: 58 + 776 us, 77.80 GB/s (RDMA), 261.73 GB/s (NVL) 
[tuning] SMs 24, NVL chunk 12, RDMA chunk 20: 46 + 781 us, 77.37 GB/s (RDMA), 263.46 GB/s (NVL) 
[tuning] SMs 24, NVL chunk 12, RDMA chunk 20: 41 + 781 us, 77.26 GB/s (RDMA), 259.93 GB/s (NVL) 
[tuning] SMs 24, NVL chunk 12, RDMA chunk 24: 69 + 788 us, 76.66 GB/s (RDMA), 261.03 GB/s (NVL) 
[tuning] SMs 24, NVL chunk 12, RDMA chunk 24: 67 + 788 us, 76.63 GB/s (RDMA), 257.81 GB/s (NVL) 
[tuning] SMs 24, NVL chunk 12, RDMA chunk 28: 58 + 797 us, 75.83 GB/s (RDMA), 258.21 GB/s (NVL) 
[tuning] SMs 24, NVL chunk 12, RDMA chunk 28: 57 + 790 us, 76.42 GB/s (RDMA), 257.09 GB/s (NVL) 
[tuning] SMs 24, NVL chunk 12, RDMA chunk 32: 48 + 808 us, 74.79 GB/s (RDMA), 254.67 GB/s (NVL) 
[tuning] SMs 24, NVL chunk 12, RDMA chunk 32: 47 + 802 us, 75.23 GB/s (RDMA), 253.09 GB/s (NVL) 
[tuning] SMs 24, NVL chunk 16, RDMA chunk 4: 45 + 1021 us, 59.13 GB/s (RDMA), 198.93 GB/s (NVL) 
[tuning] SMs 24, NVL chunk 16, RDMA chunk 4: 45 + 1022 us, 59.11 GB/s (RDMA), 201.27 GB/s (NVL) 
[tuning] SMs 24, NVL chunk 16, RDMA chunk 8: 84 + 778 us, 77.62 GB/s (RDMA), 264.32 GB/s (NVL) 
[tuning] SMs 24, NVL chunk 16, RDMA chunk 8: 45 + 774 us, 77.99 GB/s (RDMA), 262.40 GB/s (NVL) 
[tuning] SMs 24, NVL chunk 16, RDMA chunk 12: 98 + 801 us, 75.43 GB/s (RDMA), 256.84 GB/s (NVL) 
[tuning] SMs 24, NVL chunk 16, RDMA chunk 12: 93 + 801 us, 75.36 GB/s (RDMA), 253.54 GB/s (NVL) 
[tuning] SMs 24, NVL chunk 16, RDMA chunk 16: 81 + 775 us, 77.99 GB/s (RDMA), 265.55 GB/s (NVL) 
[tuning] SMs 24, NVL chunk 16, RDMA chunk 16: 77 + 773 us, 78.10 GB/s (RDMA), 262.75 GB/s (NVL) 
[tuning] SMs 24, NVL chunk 16, RDMA chunk 20: 59 + 779 us, 77.50 GB/s (RDMA), 263.90 GB/s (NVL) 
[tuning] SMs 24, NVL chunk 16, RDMA chunk 20: 51 + 771 us, 78.25 GB/s (RDMA), 263.26 GB/s (NVL) 
[tuning] SMs 24, NVL chunk 16, RDMA chunk 24: 42 + 780 us, 77.47 GB/s (RDMA), 263.79 GB/s (NVL) 
[tuning] SMs 24, NVL chunk 16, RDMA chunk 24: 80 + 778 us, 77.56 GB/s (RDMA), 260.95 GB/s (NVL) 
[tuning] SMs 24, NVL chunk 16, RDMA chunk 28: 69 + 789 us, 76.56 GB/s (RDMA), 260.69 GB/s (NVL) 
[tuning] SMs 24, NVL chunk 16, RDMA chunk 28: 72 + 786 us, 76.79 GB/s (RDMA), 258.34 GB/s (NVL) 
[tuning] SMs 24, NVL chunk 16, RDMA chunk 32: 51 + 803 us, 75.20 GB/s (RDMA), 256.06 GB/s (NVL) 
[tuning] SMs 24, NVL chunk 16, RDMA chunk 32: 48 + 801 us, 75.39 GB/s (RDMA), 253.62 GB/s (NVL) 
[tuning] SMs 24, NVL chunk 20, RDMA chunk 4: 51 + 1021 us, 59.16 GB/s (RDMA), 201.47 GB/s (NVL) 
[tuning] SMs 24, NVL chunk 20, RDMA chunk 4: 49 + 1021 us, 59.13 GB/s (RDMA), 198.93 GB/s (NVL) 
[tuning] SMs 24, NVL chunk 20, RDMA chunk 8: 48 + 776 us, 77.83 GB/s (RDMA), 265.04 GB/s (NVL) 
[tuning] SMs 24, NVL chunk 20, RDMA chunk 8: 47 + 772 us, 78.21 GB/s (RDMA), 263.13 GB/s (NVL) 
[tuning] SMs 24, NVL chunk 20, RDMA chunk 12: 47 + 798 us, 75.70 GB/s (RDMA), 257.78 GB/s (NVL) 
[tuning] SMs 24, NVL chunk 20, RDMA chunk 12: 47 + 797 us, 75.73 GB/s (RDMA), 254.76 GB/s (NVL) 
[tuning] SMs 24, NVL chunk 20, RDMA chunk 16: 57 + 775 us, 77.97 GB/s (RDMA), 265.48 GB/s (NVL) 
[tuning] SMs 24, NVL chunk 20, RDMA chunk 16: 62 + 769 us, 78.50 GB/s (RDMA), 264.08 GB/s (NVL) 
[tuning] SMs 24, NVL chunk 20, RDMA chunk 20: 53 + 784 us, 77.10 GB/s (RDMA), 262.52 GB/s (NVL) 
[tuning] SMs 24, NVL chunk 20, RDMA chunk 20: 65 + 773 us, 78.10 GB/s (RDMA), 262.76 GB/s (NVL) 
[tuning] SMs 24, NVL chunk 20, RDMA chunk 24: 62 + 783 us, 77.14 GB/s (RDMA), 262.67 GB/s (NVL) 
[tuning] SMs 24, NVL chunk 20, RDMA chunk 24: 67 + 782 us, 77.20 GB/s (RDMA), 259.71 GB/s (NVL) 
[tuning] SMs 24, NVL chunk 20, RDMA chunk 28: 51 + 785 us, 76.98 GB/s (RDMA), 262.14 GB/s (NVL) 
[tuning] SMs 24, NVL chunk 20, RDMA chunk 28: 52 + 783 us, 77.14 GB/s (RDMA), 259.51 GB/s (NVL) 
[tuning] SMs 24, NVL chunk 20, RDMA chunk 32: 48 + 797 us, 75.76 GB/s (RDMA), 257.97 GB/s (NVL) 
[tuning] SMs 24, NVL chunk 20, RDMA chunk 32: 47 + 797 us, 75.74 GB/s (RDMA), 254.81 GB/s (NVL) 
[tuning] SMs 24, NVL chunk 24, RDMA chunk 4: 48 + 1021 us, 59.13 GB/s (RDMA), 198.93 GB/s (NVL) 
[tuning] SMs 24, NVL chunk 24, RDMA chunk 4: 45 + 1022 us, 59.11 GB/s (RDMA), 201.27 GB/s (NVL) 
[tuning] SMs 24, NVL chunk 24, RDMA chunk 8: 56 + 779 us, 77.55 GB/s (RDMA), 264.09 GB/s (NVL) 
[tuning] SMs 24, NVL chunk 24, RDMA chunk 8: 96 + 777 us, 77.74 GB/s (RDMA), 261.55 GB/s (NVL) 
[tuning] SMs 24, NVL chunk 24, RDMA chunk 12: 37 + 799 us, 75.57 GB/s (RDMA), 257.32 GB/s (NVL) 
[tuning] SMs 24, NVL chunk 24, RDMA chunk 12: 64 + 800 us, 75.44 GB/s (RDMA), 253.81 GB/s (NVL) 
[tuning] SMs 24, NVL chunk 24, RDMA chunk 16: 55 + 777 us, 77.73 GB/s (RDMA), 264.69 GB/s (NVL) 
[tuning] SMs 24, NVL chunk 24, RDMA chunk 16: 61 + 771 us, 78.27 GB/s (RDMA), 263.31 GB/s (NVL) 
[tuning] SMs 24, NVL chunk 24, RDMA chunk 20: 59 + 780 us, 77.43 GB/s (RDMA), 263.66 GB/s (NVL) 
[tuning] SMs 24, NVL chunk 24, RDMA chunk 20: 64 + 775 us, 77.88 GB/s (RDMA), 262.00 GB/s (NVL) 
[tuning] SMs 24, NVL chunk 24, RDMA chunk 24: 57 + 784 us, 77.07 GB/s (RDMA), 262.44 GB/s (NVL) 
[tuning] SMs 24, NVL chunk 24, RDMA chunk 24: 59 + 786 us, 76.79 GB/s (RDMA), 258.33 GB/s (NVL) 
[tuning] SMs 24, NVL chunk 24, RDMA chunk 28: 49 + 794 us, 76.06 GB/s (RDMA), 259.00 GB/s (NVL) 
[tuning] SMs 24, NVL chunk 24, RDMA chunk 28: 50 + 790 us, 76.38 GB/s (RDMA), 256.96 GB/s (NVL) 
[tuning] SMs 24, NVL chunk 24, RDMA chunk 32: 49 + 799 us, 75.58 GB/s (RDMA), 257.35 GB/s (NVL) 
[tuning] SMs 24, NVL chunk 24, RDMA chunk 32: 41 + 801 us, 75.38 GB/s (RDMA), 253.60 GB/s (NVL) 
[tuning] SMs 24, NVL chunk 28, RDMA chunk 4: 79 + 1021 us, 59.16 GB/s (RDMA), 201.47 GB/s (NVL) 
[tuning] SMs 24, NVL chunk 28, RDMA chunk 4: 55 + 1021 us, 59.13 GB/s (RDMA), 198.93 GB/s (NVL) 
[tuning] SMs 24, NVL chunk 28, RDMA chunk 8: 57 + 776 us, 77.78 GB/s (RDMA), 261.66 GB/s (NVL) 
[tuning] SMs 24, NVL chunk 28, RDMA chunk 8: 264 + 781 us, 77.35 GB/s (RDMA), 263.40 GB/s (NVL) 
[tuning] SMs 24, NVL chunk 28, RDMA chunk 12: 55 + 799 us, 75.62 GB/s (RDMA), 257.49 GB/s (NVL) 
[tuning] SMs 24, NVL chunk 28, RDMA chunk 12: 51 + 799 us, 75.59 GB/s (RDMA), 254.29 GB/s (NVL) 
[tuning] SMs 24, NVL chunk 28, RDMA chunk 16: 49 + 781 us, 77.30 GB/s (RDMA), 263.22 GB/s (NVL) 
[tuning] SMs 24, NVL chunk 28, RDMA chunk 16: 59 + 770 us, 78.35 GB/s (RDMA), 263.60 GB/s (NVL) 
[tuning] SMs 24, NVL chunk 28, RDMA chunk 20: 64 + 776 us, 77.75 GB/s (RDMA), 261.58 GB/s (NVL) 
[tuning] SMs 24, NVL chunk 28, RDMA chunk 20: 51 + 785 us, 76.96 GB/s (RDMA), 262.06 GB/s (NVL) 
[tuning] SMs 24, NVL chunk 28, RDMA chunk 24: 51 + 792 us, 76.26 GB/s (RDMA), 259.69 GB/s (NVL) 
[tuning] SMs 24, NVL chunk 28, RDMA chunk 24: 65 + 786 us, 76.82 GB/s (RDMA), 258.45 GB/s (NVL) 
[tuning] SMs 24, NVL chunk 28, RDMA chunk 28: 56 + 795 us, 76.03 GB/s (RDMA), 258.88 GB/s (NVL) 
[tuning] SMs 24, NVL chunk 28, RDMA chunk 28: 64 + 797 us, 75.79 GB/s (RDMA), 254.98 GB/s (NVL) 
[tuning] SMs 24, NVL chunk 28, RDMA chunk 32: 69 + 806 us, 74.95 GB/s (RDMA), 252.14 GB/s (NVL) 
[tuning] SMs 24, NVL chunk 28, RDMA chunk 32: 60 + 804 us, 75.11 GB/s (RDMA), 255.78 GB/s (NVL) 
[tuning] SMs 24, NVL chunk 32, RDMA chunk 4: 88 + 1021 us, 59.13 GB/s (RDMA), 198.93 GB/s (NVL) 
[tuning] SMs 24, NVL chunk 32, RDMA chunk 4: 52 + 1021 us, 59.16 GB/s (RDMA), 201.47 GB/s (NVL) 
[tuning] SMs 24, NVL chunk 32, RDMA chunk 8: 70 + 781 us, 77.39 GB/s (RDMA), 263.54 GB/s (NVL) 
[tuning] SMs 24, NVL chunk 32, RDMA chunk 8: 48 + 776 us, 77.80 GB/s (RDMA), 261.74 GB/s (NVL) 
[tuning] SMs 24, NVL chunk 32, RDMA chunk 12: 188 + 800 us, 75.54 GB/s (RDMA), 257.24 GB/s (NVL) 
[tuning] SMs 24, NVL chunk 32, RDMA chunk 12: 67 + 799 us, 75.57 GB/s (RDMA), 254.24 GB/s (NVL) 
[tuning] SMs 24, NVL chunk 32, RDMA chunk 16: 228 + 784 us, 77.03 GB/s (RDMA), 262.30 GB/s (NVL) 
[tuning] SMs 24, NVL chunk 32, RDMA chunk 16: 56 + 772 us, 78.18 GB/s (RDMA), 263.03 GB/s (NVL) 
[tuning] SMs 24, NVL chunk 32, RDMA chunk 20: 211 + 787 us, 76.71 GB/s (RDMA), 261.22 GB/s (NVL) 
[tuning] SMs 24, NVL chunk 32, RDMA chunk 20: 54 + 782 us, 77.21 GB/s (RDMA), 259.77 GB/s (NVL) 
[tuning] SMs 24, NVL chunk 32, RDMA chunk 24: 205 + 790 us, 76.43 GB/s (RDMA), 260.24 GB/s (NVL) 
[tuning] SMs 24, NVL chunk 32, RDMA chunk 24: 54 + 785 us, 76.86 GB/s (RDMA), 258.57 GB/s (NVL) 
[tuning] SMs 24, NVL chunk 32, RDMA chunk 28: 235 + 798 us, 75.69 GB/s (RDMA), 257.75 GB/s (NVL) 
[tuning] SMs 24, NVL chunk 32, RDMA chunk 28: 44 + 798 us, 75.69 GB/s (RDMA), 254.65 GB/s (NVL) 
[tuning] SMs 24, NVL chunk 32, RDMA chunk 32: 63 + 809 us, 74.69 GB/s (RDMA), 254.34 GB/s (NVL) 
[tuning] SMs 24, NVL chunk 32, RDMA chunk 32: 62 + 805 us, 74.98 GB/s (RDMA), 252.25 GB/s (NVL) 
[tuning] SMs 24, NVL chunk 36, RDMA chunk 4: 82 + 1022 us, 59.07 GB/s (RDMA), 198.73 GB/s (NVL) 
[tuning] SMs 24, NVL chunk 36, RDMA chunk 4: 49 + 1021 us, 59.16 GB/s (RDMA), 201.47 GB/s (NVL) 
[tuning] SMs 24, NVL chunk 36, RDMA chunk 8: 46 + 780 us, 77.47 GB/s (RDMA), 263.81 GB/s (NVL) 
[tuning] SMs 24, NVL chunk 36, RDMA chunk 8: 44 + 777 us, 77.73 GB/s (RDMA), 261.52 GB/s (NVL) 
[tuning] SMs 24, NVL chunk 36, RDMA chunk 12: 53 + 798 us, 75.63 GB/s (RDMA), 254.44 GB/s (NVL) 
[tuning] SMs 24, NVL chunk 36, RDMA chunk 12: 49 + 799 us, 75.63 GB/s (RDMA), 257.52 GB/s (NVL) 
[tuning] SMs 24, NVL chunk 36, RDMA chunk 16: 43 + 783 us, 77.16 GB/s (RDMA), 262.76 GB/s (NVL) 
[tuning] SMs 24, NVL chunk 36, RDMA chunk 16: 111 + 773 us, 78.06 GB/s (RDMA), 262.60 GB/s (NVL) 
[tuning] SMs 24, NVL chunk 36, RDMA chunk 20: 53 + 786 us, 76.83 GB/s (RDMA), 261.62 GB/s (NVL) 
[tuning] SMs 24, NVL chunk 36, RDMA chunk 20: 63 + 780 us, 77.39 GB/s (RDMA), 260.37 GB/s (NVL) 
[tuning] SMs 24, NVL chunk 36, RDMA chunk 24: 76 + 792 us, 76.32 GB/s (RDMA), 259.88 GB/s (NVL) 
[tuning] SMs 24, NVL chunk 36, RDMA chunk 24: 86 + 785 us, 76.86 GB/s (RDMA), 258.59 GB/s (NVL) 
[tuning] SMs 24, NVL chunk 36, RDMA chunk 28: 46 + 800 us, 75.45 GB/s (RDMA), 253.83 GB/s (NVL) 
[tuning] SMs 24, NVL chunk 36, RDMA chunk 28: 43 + 799 us, 75.56 GB/s (RDMA), 257.30 GB/s (NVL) 
[tuning] SMs 24, NVL chunk 36, RDMA chunk 32: 51 + 811 us, 74.47 GB/s (RDMA), 253.58 GB/s (NVL) 
[tuning] SMs 24, NVL chunk 36, RDMA chunk 32: 59 + 806 us, 74.87 GB/s (RDMA), 251.88 GB/s (NVL) 
[tuning] SMs 24, NVL chunk 40, RDMA chunk 4: 63 + 1024 us, 58.99 GB/s (RDMA), 200.88 GB/s (NVL) 
[tuning] SMs 24, NVL chunk 40, RDMA chunk 4: 62 + 1023 us, 59.01 GB/s (RDMA), 198.54 GB/s (NVL) 
[tuning] SMs 24, NVL chunk 40, RDMA chunk 8: 45 + 781 us, 77.38 GB/s (RDMA), 263.48 GB/s (NVL) 
[tuning] SMs 24, NVL chunk 40, RDMA chunk 8: 80 + 775 us, 77.87 GB/s (RDMA), 261.98 GB/s (NVL) 
[tuning] SMs 24, NVL chunk 40, RDMA chunk 12: 58 + 799 us, 75.60 GB/s (RDMA), 257.43 GB/s (NVL) 
[tuning] SMs 24, NVL chunk 40, RDMA chunk 12: 59 + 798 us, 75.64 GB/s (RDMA), 254.49 GB/s (NVL) 
[tuning] SMs 24, NVL chunk 40, RDMA chunk 16: 46 + 782 us, 77.30 GB/s (RDMA), 263.20 GB/s (NVL) 
[tuning] SMs 24, NVL chunk 40, RDMA chunk 16: 55 + 775 us, 77.92 GB/s (RDMA), 262.15 GB/s (NVL) 
[tuning] SMs 24, NVL chunk 40, RDMA chunk 20: 49 + 787 us, 76.75 GB/s (RDMA), 261.36 GB/s (NVL) 
[tuning] SMs 24, NVL chunk 40, RDMA chunk 20: 54 + 781 us, 77.29 GB/s (RDMA), 260.02 GB/s (NVL) 
[tuning] SMs 24, NVL chunk 40, RDMA chunk 24: 104 + 785 us, 76.90 GB/s (RDMA), 258.72 GB/s (NVL) 
[tuning] SMs 24, NVL chunk 40, RDMA chunk 24: 98 + 793 us, 76.18 GB/s (RDMA), 259.40 GB/s (NVL) 
[tuning] SMs 24, NVL chunk 40, RDMA chunk 28: 70 + 801 us, 75.38 GB/s (RDMA), 256.70 GB/s (NVL) 
[tuning] SMs 24, NVL chunk 40, RDMA chunk 28: 71 + 799 us, 75.55 GB/s (RDMA), 254.17 GB/s (NVL) 
[tuning] SMs 24, NVL chunk 40, RDMA chunk 32: 46 + 810 us, 74.61 GB/s (RDMA), 254.07 GB/s (NVL) 
[tuning] SMs 24, NVL chunk 40, RDMA chunk 32: 80 + 809 us, 74.61 GB/s (RDMA), 251.01 GB/s (NVL) 
[tuning] SMs 24, NVL chunk 44, RDMA chunk 4: 49 + 1022 us, 59.11 GB/s (RDMA), 201.27 GB/s (NVL) 
[tuning] SMs 24, NVL chunk 44, RDMA chunk 4: 37 + 1021 us, 59.13 GB/s (RDMA), 198.93 GB/s (NVL) 
[tuning] SMs 24, NVL chunk 44, RDMA chunk 8: 45 + 781 us, 77.36 GB/s (RDMA), 263.42 GB/s (NVL) 
[tuning] SMs 24, NVL chunk 44, RDMA chunk 8: 46 + 776 us, 77.75 GB/s (RDMA), 261.57 GB/s (NVL) 
[tuning] SMs 24, NVL chunk 44, RDMA chunk 12: 37 + 799 us, 75.61 GB/s (RDMA), 257.47 GB/s (NVL) 
[tuning] SMs 24, NVL chunk 44, RDMA chunk 12: 74 + 798 us, 75.61 GB/s (RDMA), 254.38 GB/s (NVL) 
[tuning] SMs 24, NVL chunk 44, RDMA chunk 16: 44 + 780 us, 77.42 GB/s (RDMA), 263.62 GB/s (NVL) 
[tuning] SMs 24, NVL chunk 44, RDMA chunk 16: 54 + 773 us, 78.14 GB/s (RDMA), 262.90 GB/s (NVL) 
[tuning] SMs 24, NVL chunk 44, RDMA chunk 20: 63 + 787 us, 76.80 GB/s (RDMA), 261.50 GB/s (NVL) 
[tuning] SMs 24, NVL chunk 44, RDMA chunk 20: 49 + 779 us, 77.51 GB/s (RDMA), 260.75 GB/s (NVL) 
[tuning] SMs 24, NVL chunk 44, RDMA chunk 24: 51 + 792 us, 76.29 GB/s (RDMA), 259.80 GB/s (NVL) 
[tuning] SMs 24, NVL chunk 44, RDMA chunk 24: 93 + 784 us, 77.00 GB/s (RDMA), 259.05 GB/s (NVL) 
[tuning] SMs 24, NVL chunk 44, RDMA chunk 28: 72 + 800 us, 75.51 GB/s (RDMA), 257.14 GB/s (NVL) 
[tuning] SMs 24, NVL chunk 44, RDMA chunk 28: 71 + 798 us, 75.61 GB/s (RDMA), 254.38 GB/s (NVL) 
[tuning] SMs 24, NVL chunk 44, RDMA chunk 32: 41 + 812 us, 74.40 GB/s (RDMA), 253.35 GB/s (NVL) 
[tuning] Best dispatch (FP8): SMs 24, NVL chunk 16, RDMA chunk 16: 81 + 775 us, 77.99 GB/s (RDMA), 265.55 GB/s (NVL)

[tuning] SMs 24, NVL chunk 44, RDMA chunk 32: 47 + 810 us, 74.53 GB/s (RDMA), 250.75 GB/s (NVL) 
[tuning] Best dispatch (FP8): SMs 24, NVL chunk 20, RDMA chunk 16: 62 + 769 us, 78.50 GB/s (RDMA), 264.08 GB/s (NVL)

[tuning] SMs 24, NVL chunk 4, RDMA chunk 4: 1317 + 1465 us, 79.97 GB/s (RDMA), 272.31 GB/s (NVL) 
[tuning] SMs 24, NVL chunk 4, RDMA chunk 4: 98 + 1471 us, 79.59 GB/s (RDMA), 267.77 GB/s (NVL) 
[tuning] SMs 24, NVL chunk 4, RDMA chunk 8: 81 + 1468 us, 79.81 GB/s (RDMA), 271.75 GB/s (NVL) 
[tuning] SMs 24, NVL chunk 4, RDMA chunk 8: 60 + 1486 us, 78.79 GB/s (RDMA), 265.07 GB/s (NVL) 
[tuning] SMs 24, NVL chunk 4, RDMA chunk 12: 71 + 1482 us, 79.00 GB/s (RDMA), 265.79 GB/s (NVL) 
[tuning] SMs 24, NVL chunk 4, RDMA chunk 12: 79 + 1468 us, 79.81 GB/s (RDMA), 271.75 GB/s (NVL) 
[tuning] SMs 24, NVL chunk 4, RDMA chunk 16: 95 + 1488 us, 78.68 GB/s (RDMA), 264.72 GB/s (NVL) 
[tuning] SMs 24, NVL chunk 4, RDMA chunk 16: 74 + 1469 us, 79.75 GB/s (RDMA), 271.56 GB/s (NVL) 
[tuning] SMs 24, NVL chunk 4, RDMA chunk 20: 94 + 1477 us, 79.32 GB/s (RDMA), 270.09 GB/s (NVL) 
[tuning] SMs 24, NVL chunk 4, RDMA chunk 20: 91 + 1489 us, 78.63 GB/s (RDMA), 264.54 GB/s (NVL) 
[tuning] SMs 24, NVL chunk 4, RDMA chunk 24: 98 + 1480 us, 79.16 GB/s (RDMA), 269.55 GB/s (NVL) 
[tuning] SMs 24, NVL chunk 4, RDMA chunk 24: 96 + 1491 us, 78.53 GB/s (RDMA), 264.18 GB/s (NVL) 
[tuning] SMs 24, NVL chunk 4, RDMA chunk 28: 102 + 1498 us, 78.16 GB/s (RDMA), 262.95 GB/s (NVL) 
[tuning] SMs 24, NVL chunk 4, RDMA chunk 28: 73 + 1484 us, 78.94 GB/s (RDMA), 268.82 GB/s (NVL) 
[tuning] SMs 24, NVL chunk 4, RDMA chunk 32: 109 + 1493 us, 78.42 GB/s (RDMA), 263.83 GB/s (NVL) 
[tuning] SMs 24, NVL chunk 4, RDMA chunk 32: 99 + 1493 us, 78.47 GB/s (RDMA), 267.20 GB/s (NVL) 
[tuning] SMs 24, NVL chunk 8, RDMA chunk 4: 326 + 1420 us, 82.45 GB/s (RDMA), 277.39 GB/s (NVL) 
[tuning] SMs 24, NVL chunk 8, RDMA chunk 4: 86 + 1413 us, 82.91 GB/s (RDMA), 282.33 GB/s (NVL) 
[tuning] SMs 24, NVL chunk 8, RDMA chunk 8: 95 + 1423 us, 82.28 GB/s (RDMA), 276.81 GB/s (NVL) 
[tuning] SMs 24, NVL chunk 8, RDMA chunk 8: 293 + 1418 us, 82.62 GB/s (RDMA), 281.33 GB/s (NVL) 
[tuning] SMs 24, NVL chunk 8, RDMA chunk 12: 429 + 1423 us, 82.33 GB/s (RDMA), 280.34 GB/s (NVL) 
[tuning] SMs 24, NVL chunk 8, RDMA chunk 12: 97 + 1433 us, 81.70 GB/s (RDMA), 274.88 GB/s (NVL) 
[tuning] SMs 24, NVL chunk 8, RDMA chunk 16: 60 + 1445 us, 81.03 GB/s (RDMA), 272.59 GB/s (NVL) 
[tuning] SMs 24, NVL chunk 8, RDMA chunk 16: 77 + 1425 us, 82.21 GB/s (RDMA), 279.95 GB/s (NVL) 
[tuning] SMs 24, NVL chunk 8, RDMA chunk 20: 66 + 1429 us, 81.98 GB/s (RDMA), 279.17 GB/s (NVL) 
[tuning] SMs 24, NVL chunk 8, RDMA chunk 20: 99 + 1436 us, 81.53 GB/s (RDMA), 274.30 GB/s (NVL) 
[tuning] SMs 24, NVL chunk 8, RDMA chunk 24: 76 + 1431 us, 81.87 GB/s (RDMA), 278.78 GB/s (NVL) 
[tuning] SMs 24, NVL chunk 8, RDMA chunk 24: 66 + 1435 us, 81.59 GB/s (RDMA), 274.49 GB/s (NVL) 
[tuning] SMs 24, NVL chunk 8, RDMA chunk 28: 71 + 1428 us, 82.04 GB/s (RDMA), 279.36 GB/s (NVL) 
[tuning] SMs 24, NVL chunk 8, RDMA chunk 28: 62 + 1435 us, 81.59 GB/s (RDMA), 274.49 GB/s (NVL) 
[tuning] SMs 24, NVL chunk 8, RDMA chunk 32: 83 + 1440 us, 81.36 GB/s (RDMA), 277.03 GB/s (NVL) 
[tuning] SMs 24, NVL chunk 8, RDMA chunk 32: 104 + 1451 us, 80.69 GB/s (RDMA), 271.47 GB/s (NVL) 
[tuning] SMs 24, NVL chunk 12, RDMA chunk 4: 52 + 1415 us, 82.79 GB/s (RDMA), 281.93 GB/s (NVL) 
[tuning] SMs 24, NVL chunk 12, RDMA chunk 4: 46 + 1422 us, 82.34 GB/s (RDMA), 277.00 GB/s (NVL) 
[tuning] SMs 24, NVL chunk 12, RDMA chunk 8: 62 + 1435 us, 81.64 GB/s (RDMA), 278.00 GB/s (NVL) 
[tuning] SMs 24, NVL chunk 12, RDMA chunk 8: 58 + 1441 us, 81.25 GB/s (RDMA), 273.35 GB/s (NVL) 
[tuning] SMs 24, NVL chunk 12, RDMA chunk 12: 72 + 1432 us, 81.81 GB/s (RDMA), 278.58 GB/s (NVL) 
[tuning] SMs 24, NVL chunk 12, RDMA chunk 12: 97 + 1441 us, 81.25 GB/s (RDMA), 273.35 GB/s (NVL) 
[tuning] SMs 24, NVL chunk 12, RDMA chunk 16: 98 + 1439 us, 81.41 GB/s (RDMA), 277.23 GB/s (NVL) 
[tuning] SMs 24, NVL chunk 12, RDMA chunk 16: 99 + 1442 us, 81.19 GB/s (RDMA), 273.16 GB/s (NVL) 
[tuning] SMs 24, NVL chunk 12, RDMA chunk 20: 90 + 1443 us, 81.19 GB/s (RDMA), 276.46 GB/s (NVL) 
[tuning] SMs 24, NVL chunk 12, RDMA chunk 20: 81 + 1454 us, 80.52 GB/s (RDMA), 270.91 GB/s (NVL) 
[tuning] SMs 24, NVL chunk 12, RDMA chunk 24: 129 + 1444 us, 81.13 GB/s (RDMA), 276.27 GB/s (NVL) 
[tuning] SMs 24, NVL chunk 12, RDMA chunk 24: 92 + 1453 us, 80.58 GB/s (RDMA), 271.09 GB/s (NVL) 
[tuning] SMs 24, NVL chunk 12, RDMA chunk 28: 118 + 1439 us, 81.41 GB/s (RDMA), 277.23 GB/s (NVL) 
[tuning] SMs 24, NVL chunk 12, RDMA chunk 28: 126 + 1435 us, 81.59 GB/s (RDMA), 274.49 GB/s (NVL) 
[tuning] SMs 24, NVL chunk 12, RDMA chunk 32: 90 + 1438 us, 81.47 GB/s (RDMA), 277.42 GB/s (NVL) 
[tuning] SMs 24, NVL chunk 12, RDMA chunk 32: 79 + 1454 us, 80.52 GB/s (RDMA), 270.91 GB/s (NVL) 
[tuning] SMs 24, NVL chunk 16, RDMA chunk 4: 78 + 1422 us, 82.34 GB/s (RDMA), 277.00 GB/s (NVL) 
[tuning] SMs 24, NVL chunk 16, RDMA chunk 4: 84 + 1416 us, 82.74 GB/s (RDMA), 281.73 GB/s (NVL) 
[tuning] SMs 24, NVL chunk 16, RDMA chunk 8: 93 + 1442 us, 81.24 GB/s (RDMA), 276.65 GB/s (NVL) 
[tuning] SMs 24, NVL chunk 16, RDMA chunk 8: 59 + 1442 us, 81.19 GB/s (RDMA), 273.16 GB/s (NVL) 
[tuning] SMs 24, NVL chunk 16, RDMA chunk 12: 82 + 1440 us, 81.36 GB/s (RDMA), 277.03 GB/s (NVL) 
[tuning] SMs 24, NVL chunk 16, RDMA chunk 12: 62 + 1447 us, 80.91 GB/s (RDMA), 272.22 GB/s (NVL) 
[tuning] SMs 24, NVL chunk 16, RDMA chunk 16: 75 + 1446 us, 81.02 GB/s (RDMA), 275.88 GB/s (NVL) 
[tuning] SMs 24, NVL chunk 16, RDMA chunk 16: 68 + 1454 us, 80.52 GB/s (RDMA), 270.91 GB/s (NVL) 
[tuning] SMs 24, NVL chunk 16, RDMA chunk 20: 65 + 1447 us, 80.96 GB/s (RDMA), 275.69 GB/s (NVL) 
[tuning] SMs 24, NVL chunk 16, RDMA chunk 20: 55 + 1453 us, 80.58 GB/s (RDMA), 271.09 GB/s (NVL) 
[tuning] SMs 24, NVL chunk 16, RDMA chunk 24: 70 + 1455 us, 80.47 GB/s (RDMA), 270.72 GB/s (NVL) 
[tuning] SMs 24, NVL chunk 16, RDMA chunk 24: 72 + 1451 us, 80.74 GB/s (RDMA), 274.93 GB/s (NVL) 
[tuning] SMs 24, NVL chunk 16, RDMA chunk 28: 70 + 1454 us, 80.57 GB/s (RDMA), 274.37 GB/s (NVL) 
[tuning] SMs 24, NVL chunk 16, RDMA chunk 28: 78 + 1445 us, 81.03 GB/s (RDMA), 272.59 GB/s (NVL) 
[tuning] SMs 24, NVL chunk 16, RDMA chunk 32: 81 + 1459 us, 80.30 GB/s (RDMA), 273.43 GB/s (NVL) 
[tuning] SMs 24, NVL chunk 16, RDMA chunk 32: 70 + 1469 us, 79.70 GB/s (RDMA), 268.14 GB/s (NVL) 
[tuning] SMs 24, NVL chunk 20, RDMA chunk 4: 101 + 1422 us, 82.34 GB/s (RDMA), 277.00 GB/s (NVL) 
[tuning] SMs 24, NVL chunk 20, RDMA chunk 4: 103 + 1420 us, 82.50 GB/s (RDMA), 280.94 GB/s (NVL) 
[tuning] SMs 24, NVL chunk 20, RDMA chunk 8: 89 + 1444 us, 81.13 GB/s (RDMA), 276.27 GB/s (NVL) 
[tuning] SMs 24, NVL chunk 20, RDMA chunk 8: 67 + 1444 us, 81.08 GB/s (RDMA), 272.78 GB/s (NVL) 
[tuning] SMs 24, NVL chunk 20, RDMA chunk 12: 118 + 1447 us, 80.96 GB/s (RDMA), 275.69 GB/s (NVL) 
[tuning] SMs 24, NVL chunk 20, RDMA chunk 12: 102 + 1454 us, 80.52 GB/s (RDMA), 270.91 GB/s (NVL) 
[tuning] SMs 24, NVL chunk 20, RDMA chunk 16: 65 + 1451 us, 80.74 GB/s (RDMA), 274.93 GB/s (NVL) 
[tuning] SMs 24, NVL chunk 20, RDMA chunk 16: 65 + 1457 us, 80.36 GB/s (RDMA), 270.35 GB/s (NVL) 
[tuning] SMs 24, NVL chunk 20, RDMA chunk 20: 71 + 1451 us, 80.74 GB/s (RDMA), 274.93 GB/s (NVL) 
[tuning] SMs 24, NVL chunk 20, RDMA chunk 20: 63 + 1460 us, 80.19 GB/s (RDMA), 269.79 GB/s (NVL) 
[tuning] SMs 24, NVL chunk 20, RDMA chunk 24: 70 + 1458 us, 80.35 GB/s (RDMA), 273.61 GB/s (NVL) 
[tuning] SMs 24, NVL chunk 20, RDMA chunk 24: 86 + 1453 us, 80.58 GB/s (RDMA), 271.09 GB/s (NVL) 
[tuning] SMs 24, NVL chunk 20, RDMA chunk 28: 100 + 1458 us, 80.35 GB/s (RDMA), 273.61 GB/s (NVL) 
[tuning] SMs 24, NVL chunk 20, RDMA chunk 28: 76 + 1458 us, 80.30 GB/s (RDMA), 270.16 GB/s (NVL) 
[tuning] SMs 24, NVL chunk 20, RDMA chunk 32: 69 + 1461 us, 80.19 GB/s (RDMA), 273.05 GB/s (NVL) 
[tuning] SMs 24, NVL chunk 20, RDMA chunk 32: 62 + 1461 us, 80.14 GB/s (RDMA), 269.61 GB/s (NVL) 
[tuning] SMs 24, NVL chunk 24, RDMA chunk 4: 60 + 1416 us, 82.74 GB/s (RDMA), 281.73 GB/s (NVL) 
[tuning] SMs 24, NVL chunk 24, RDMA chunk 4: 58 + 1420 us, 82.45 GB/s (RDMA), 277.39 GB/s (NVL) 
[tuning] SMs 24, NVL chunk 24, RDMA chunk 8: 72 + 1449 us, 80.85 GB/s (RDMA), 275.31 GB/s (NVL) 
[tuning] SMs 24, NVL chunk 24, RDMA chunk 8: 70 + 1449 us, 80.80 GB/s (RDMA), 271.84 GB/s (NVL) 
[tuning] SMs 24, NVL chunk 24, RDMA chunk 12: 88 + 1453 us, 80.63 GB/s (RDMA), 274.55 GB/s (NVL) 
[tuning] SMs 24, NVL chunk 24, RDMA chunk 12: 71 + 1458 us, 80.30 GB/s (RDMA), 270.16 GB/s (NVL) 
[tuning] SMs 24, NVL chunk 24, RDMA chunk 16: 70 + 1457 us, 80.41 GB/s (RDMA), 273.80 GB/s (NVL) 
[tuning] SMs 24, NVL chunk 24, RDMA chunk 16: 73 + 1460 us, 80.19 GB/s (RDMA), 269.79 GB/s (NVL) 
[tuning] SMs 24, NVL chunk 24, RDMA chunk 20: 73 + 1459 us, 80.30 GB/s (RDMA), 273.43 GB/s (NVL) 
[tuning] SMs 24, NVL chunk 24, RDMA chunk 20: 77 + 1464 us, 79.97 GB/s (RDMA), 269.05 GB/s (NVL) 
[tuning] SMs 24, NVL chunk 24, RDMA chunk 24: 73 + 1465 us, 79.92 GB/s (RDMA), 268.87 GB/s (NVL) 
[tuning] SMs 24, NVL chunk 24, RDMA chunk 24: 66 + 1463 us, 80.08 GB/s (RDMA), 272.68 GB/s (NVL) 
[tuning] SMs 24, NVL chunk 24, RDMA chunk 28: 127 + 1458 us, 80.35 GB/s (RDMA), 273.61 GB/s (NVL) 
[tuning] SMs 24, NVL chunk 24, RDMA chunk 28: 121 + 1456 us, 80.41 GB/s (RDMA), 270.53 GB/s (NVL) 
[tuning] SMs 24, NVL chunk 24, RDMA chunk 32: 101 + 1464 us, 80.02 GB/s (RDMA), 272.49 GB/s (NVL) 
[tuning] SMs 24, NVL chunk 24, RDMA chunk 32: 98 + 1463 us, 80.03 GB/s (RDMA), 269.24 GB/s (NVL) 
[tuning] SMs 24, NVL chunk 28, RDMA chunk 4: 84 + 1416 us, 82.74 GB/s (RDMA), 281.73 GB/s (NVL) 
[tuning] SMs 24, NVL chunk 28, RDMA chunk 4: 80 + 1421 us, 82.39 GB/s (RDMA), 277.20 GB/s (NVL) 
[tuning] SMs 24, NVL chunk 28, RDMA chunk 8: 132 + 1452 us, 80.64 GB/s (RDMA), 271.28 GB/s (NVL) 
[tuning] SMs 24, NVL chunk 28, RDMA chunk 8: 69 + 1453 us, 80.63 GB/s (RDMA), 274.55 GB/s (NVL) 
[tuning] SMs 24, NVL chunk 28, RDMA chunk 12: 69 + 1458 us, 80.35 GB/s (RDMA), 273.61 GB/s (NVL) 
[tuning] SMs 24, NVL chunk 28, RDMA chunk 12: 98 + 1461 us, 80.14 GB/s (RDMA), 269.61 GB/s (NVL) 
[tuning] SMs 24, NVL chunk 28, RDMA chunk 16: 100 + 1465 us, 79.97 GB/s (RDMA), 272.31 GB/s (NVL) 
[tuning] SMs 24, NVL chunk 28, RDMA chunk 16: 101 + 1460 us, 80.19 GB/s (RDMA), 269.79 GB/s (NVL) 
[tuning] SMs 24, NVL chunk 28, RDMA chunk 20: 84 + 1460 us, 80.24 GB/s (RDMA), 273.24 GB/s (NVL) 
[tuning] SMs 24, NVL chunk 28, RDMA chunk 20: 71 + 1462 us, 80.08 GB/s (RDMA), 269.42 GB/s (NVL) 
[tuning] SMs 24, NVL chunk 28, RDMA chunk 24: 78 + 1467 us, 79.86 GB/s (RDMA), 271.93 GB/s (NVL) 
[tuning] SMs 24, NVL chunk 28, RDMA chunk 24: 72 + 1468 us, 79.76 GB/s (RDMA), 268.32 GB/s (NVL) 
[tuning] SMs 24, NVL chunk 28, RDMA chunk 28: 114 + 1466 us, 79.91 GB/s (RDMA), 272.12 GB/s (NVL) 
[tuning] SMs 24, NVL chunk 28, RDMA chunk 28: 105 + 1472 us, 79.54 GB/s (RDMA), 267.59 GB/s (NVL) 
[tuning] SMs 24, NVL chunk 28, RDMA chunk 32: 59 + 1489 us, 78.63 GB/s (RDMA), 264.54 GB/s (NVL) 
[tuning] SMs 24, NVL chunk 28, RDMA chunk 32: 71 + 1479 us, 79.21 GB/s (RDMA), 269.73 GB/s (NVL) 
[tuning] SMs 24, NVL chunk 32, RDMA chunk 4: 66 + 1417 us, 82.68 GB/s (RDMA), 281.53 GB/s (NVL) 
[tuning] SMs 24, NVL chunk 32, RDMA chunk 4: 51 + 1421 us, 82.39 GB/s (RDMA), 277.20 GB/s (NVL) 
[tuning] SMs 24, NVL chunk 32, RDMA chunk 8: 106 + 1461 us, 80.19 GB/s (RDMA), 273.05 GB/s (NVL) 
[tuning] SMs 24, NVL chunk 32, RDMA chunk 8: 99 + 1459 us, 80.25 GB/s (RDMA), 269.98 GB/s (NVL) 
[tuning] SMs 24, NVL chunk 32, RDMA chunk 12: 98 + 1464 us, 80.02 GB/s (RDMA), 272.49 GB/s (NVL) 
[tuning] SMs 24, NVL chunk 32, RDMA chunk 12: 99 + 1463 us, 80.03 GB/s (RDMA), 269.24 GB/s (NVL) 
[tuning] SMs 24, NVL chunk 32, RDMA chunk 16: 103 + 1469 us, 79.75 GB/s (RDMA), 271.56 GB/s (NVL) 
[tuning] SMs 24, NVL chunk 32, RDMA chunk 16: 109 + 1464 us, 79.97 GB/s (RDMA), 269.05 GB/s (NVL) 
[tuning] SMs 24, NVL chunk 32, RDMA chunk 20: 107 + 1469 us, 79.75 GB/s (RDMA), 271.56 GB/s (NVL) 
[tuning] SMs 24, NVL chunk 32, RDMA chunk 20: 117 + 1458 us, 80.30 GB/s (RDMA), 270.16 GB/s (NVL) 
[tuning] SMs 24, NVL chunk 32, RDMA chunk 24: 97 + 1472 us, 79.54 GB/s (RDMA), 267.59 GB/s (NVL) 
[tuning] SMs 24, NVL chunk 32, RDMA chunk 24: 93 + 1473 us, 79.53 GB/s (RDMA), 270.83 GB/s (NVL) 
[tuning] SMs 24, NVL chunk 32, RDMA chunk 28: 98 + 1472 us, 79.59 GB/s (RDMA), 271.01 GB/s (NVL) 
[tuning] SMs 24, NVL chunk 32, RDMA chunk 28: 98 + 1476 us, 79.32 GB/s (RDMA), 266.87 GB/s (NVL) 
[tuning] SMs 24, NVL chunk 32, RDMA chunk 32: 65 + 1492 us, 78.52 GB/s (RDMA), 267.38 GB/s (NVL) 
[tuning] SMs 24, NVL chunk 32, RDMA chunk 32: 88 + 1499 us, 78.11 GB/s (RDMA), 262.77 GB/s (NVL) 
[tuning] SMs 24, NVL chunk 36, RDMA chunk 4: 50 + 1416 us, 82.74 GB/s (RDMA), 281.73 GB/s (NVL) 
[tuning] SMs 24, NVL chunk 36, RDMA chunk 4: 48 + 1420 us, 82.45 GB/s (RDMA), 277.39 GB/s (NVL) 
[tuning] SMs 24, NVL chunk 36, RDMA chunk 8: 75 + 1460 us, 80.24 GB/s (RDMA), 273.24 GB/s (NVL) 
[tuning] SMs 24, NVL chunk 36, RDMA chunk 8: 78 + 1455 us, 80.47 GB/s (RDMA), 270.72 GB/s (NVL) 
[tuning] SMs 24, NVL chunk 36, RDMA chunk 12: 72 + 1470 us, 79.70 GB/s (RDMA), 271.38 GB/s (NVL) 
[tuning] SMs 24, NVL chunk 36, RDMA chunk 12: 110 + 1464 us, 79.97 GB/s (RDMA), 269.05 GB/s (NVL) 
[tuning] SMs 24, NVL chunk 36, RDMA chunk 16: 68 + 1474 us, 79.48 GB/s (RDMA), 270.64 GB/s (NVL) 
[tuning] SMs 24, NVL chunk 36, RDMA chunk 16: 79 + 1465 us, 79.92 GB/s (RDMA), 268.87 GB/s (NVL) 
[tuning] SMs 24, NVL chunk 36, RDMA chunk 20: 78 + 1473 us, 79.53 GB/s (RDMA), 270.83 GB/s (NVL) 
[tuning] SMs 24, NVL chunk 36, RDMA chunk 20: 76 + 1467 us, 79.81 GB/s (RDMA), 268.50 GB/s (NVL) 
[tuning] SMs 24, NVL chunk 36, RDMA chunk 24: 73 + 1477 us, 79.32 GB/s (RDMA), 270.09 GB/s (NVL) 
[tuning] SMs 24, NVL chunk 36, RDMA chunk 24: 108 + 1475 us, 79.38 GB/s (RDMA), 267.05 GB/s (NVL) 
[tuning] SMs 24, NVL chunk 36, RDMA chunk 28: 72 + 1474 us, 79.48 GB/s (RDMA), 270.64 GB/s (NVL) 
[tuning] SMs 24, NVL chunk 36, RDMA chunk 28: 79 + 1472 us, 79.54 GB/s (RDMA), 267.59 GB/s (NVL) 
[tuning] SMs 24, NVL chunk 36, RDMA chunk 32: 76 + 1481 us, 79.06 GB/s (RDMA), 265.97 GB/s (NVL) 
[tuning] SMs 24, NVL chunk 36, RDMA chunk 32: 58 + 1487 us, 78.79 GB/s (RDMA), 268.28 GB/s (NVL) 
[tuning] SMs 24, NVL chunk 40, RDMA chunk 4: 87 + 1421 us, 82.39 GB/s (RDMA), 277.20 GB/s (NVL) 
[tuning] SMs 24, NVL chunk 40, RDMA chunk 4: 50 + 1417 us, 82.68 GB/s (RDMA), 281.53 GB/s (NVL) 
[tuning] SMs 24, NVL chunk 40, RDMA chunk 8: 90 + 1453 us, 80.58 GB/s (RDMA), 271.09 GB/s (NVL) 
[tuning] SMs 24, NVL chunk 40, RDMA chunk 8: 75 + 1464 us, 80.02 GB/s (RDMA), 272.49 GB/s (NVL) 
[tuning] SMs 24, NVL chunk 40, RDMA chunk 12: 122 + 1469 us, 79.75 GB/s (RDMA), 271.56 GB/s (NVL) 
[tuning] SMs 24, NVL chunk 40, RDMA chunk 12: 136 + 1464 us, 79.97 GB/s (RDMA), 269.05 GB/s (NVL) 
[tuning] SMs 24, NVL chunk 40, RDMA chunk 16: 75 + 1478 us, 79.27 GB/s (RDMA), 269.91 GB/s (NVL) 
[tuning] SMs 24, NVL chunk 40, RDMA chunk 16: 104 + 1470 us, 79.65 GB/s (RDMA), 267.96 GB/s (NVL) 
[tuning] SMs 24, NVL chunk 40, RDMA chunk 20: 149 + 1473 us, 79.53 GB/s (RDMA), 270.83 GB/s (NVL) 
[tuning] SMs 24, NVL chunk 40, RDMA chunk 20: 87 + 1472 us, 79.54 GB/s (RDMA), 267.59 GB/s (NVL) 
[tuning] SMs 24, NVL chunk 40, RDMA chunk 24: 212 + 1476 us, 79.37 GB/s (RDMA), 270.28 GB/s (NVL) 
[tuning] SMs 24, NVL chunk 40, RDMA chunk 24: 86 + 1471 us, 79.59 GB/s (RDMA), 267.77 GB/s (NVL) 
[tuning] SMs 24, NVL chunk 40, RDMA chunk 28: 74 + 1480 us, 79.16 GB/s (RDMA), 269.55 GB/s (NVL) 
[tuning] SMs 24, NVL chunk 40, RDMA chunk 28: 105 + 1479 us, 79.16 GB/s (RDMA), 266.33 GB/s (NVL) 
[tuning] SMs 24, NVL chunk 40, RDMA chunk 32: 69 + 1488 us, 78.73 GB/s (RDMA), 268.10 GB/s (NVL) 
[tuning] SMs 24, NVL chunk 40, RDMA chunk 32: 72 + 1487 us, 78.74 GB/s (RDMA), 264.89 GB/s (NVL) 
[tuning] SMs 24, NVL chunk 44, RDMA chunk 4: 57 + 1421 us, 82.39 GB/s (RDMA), 277.20 GB/s (NVL) 
[tuning] SMs 24, NVL chunk 44, RDMA chunk 4: 52 + 1416 us, 82.74 GB/s (RDMA), 281.73 GB/s (NVL) 
[tuning] SMs 24, NVL chunk 44, RDMA chunk 8: 117 + 1455 us, 80.47 GB/s (RDMA), 270.72 GB/s (NVL) 
[tuning] SMs 24, NVL chunk 44, RDMA chunk 8: 69 + 1467 us, 79.86 GB/s (RDMA), 271.93 GB/s (NVL) 
[tuning] SMs 24, NVL chunk 44, RDMA chunk 12: 153 + 1462 us, 80.08 GB/s (RDMA), 269.42 GB/s (NVL) 
[tuning] SMs 24, NVL chunk 44, RDMA chunk 12: 144 + 1468 us, 79.81 GB/s (RDMA), 271.75 GB/s (NVL) 
[tuning] SMs 24, NVL chunk 44, RDMA chunk 16: 103 + 1479 us, 79.21 GB/s (RDMA), 269.73 GB/s (NVL) 
[tuning] SMs 24, NVL chunk 44, RDMA chunk 16: 115 + 1470 us, 79.65 GB/s (RDMA), 267.96 GB/s (NVL) 
[tuning] SMs 24, NVL chunk 44, RDMA chunk 20: 75 + 1479 us, 79.21 GB/s (RDMA), 269.73 GB/s (NVL) 
[tuning] SMs 24, NVL chunk 44, RDMA chunk 20: 123 + 1466 us, 79.87 GB/s (RDMA), 268.69 GB/s (NVL) 
[tuning] SMs 24, NVL chunk 44, RDMA chunk 24: 76 + 1482 us, 79.05 GB/s (RDMA), 269.18 GB/s (NVL) 
[tuning] SMs 24, NVL chunk 44, RDMA chunk 24: 83 + 1473 us, 79.49 GB/s (RDMA), 267.41 GB/s (NVL) 
[tuning] SMs 24, NVL chunk 44, RDMA chunk 28: 106 + 1477 us, 79.32 GB/s (RDMA), 270.09 GB/s (NVL) 
[tuning] SMs 24, NVL chunk 44, RDMA chunk 28: 97 + 1477 us, 79.27 GB/s (RDMA), 266.69 GB/s (NVL) 
[tuning] SMs 24, NVL chunk 44, RDMA chunk 32: 76 + 1491 us, 78.57 GB/s (RDMA), 267.56 GB/s (NVL) 
[tuning] Best dispatch (BF16): SMs 24, NVL chunk 8, RDMA chunk 4: 86 + 1413 us, 82.91 GB/s (RDMA), 282.33 GB/s (NVL)

[tuning] SMs 24, NVL chunk 44, RDMA chunk 32: 103 + 1491 us, 78.53 GB/s (RDMA), 264.18 GB/s (NVL) 
[tuning] Best dispatch (BF16): SMs 24, NVL chunk 8, RDMA chunk 4: 326 + 1420 us, 82.45 GB/s (RDMA), 277.39 GB/s (NVL)

[tuning] SMs 24, NVL chunk 1, RDMA chunk 12: 451 + 2012 us, 58.23 GB/s (RDMA), 198.27 GB/s (NVL) 
[tuning] SMs 24, NVL chunk 1, RDMA chunk 12: 100 + 1993 us, 58.75 GB/s (RDMA), 197.64 GB/s (NVL) 
[tuning] SMs 24, NVL chunk 1, RDMA chunk 16: 110 + 2034 us, 57.60 GB/s (RDMA), 196.13 GB/s (NVL) 
[tuning] SMs 24, NVL chunk 1, RDMA chunk 16: 127 + 2028 us, 57.73 GB/s (RDMA), 194.23 GB/s (NVL) 
[tuning] SMs 24, NVL chunk 1, RDMA chunk 20: 165 + 1950 us, 60.04 GB/s (RDMA), 202.00 GB/s (NVL) 
[tuning] SMs 24, NVL chunk 1, RDMA chunk 20: 100 + 1974 us, 59.35 GB/s (RDMA), 202.09 GB/s (NVL) 
[tuning] SMs 24, NVL chunk 1, RDMA chunk 24: 156 + 1916 us, 61.11 GB/s (RDMA), 205.58 GB/s (NVL) 
[tuning] SMs 24, NVL chunk 1, RDMA chunk 24: 140 + 1930 us, 60.70 GB/s (RDMA), 206.70 GB/s (NVL) 
[tuning] SMs 24, NVL chunk 1, RDMA chunk 28: 131 + 1946 us, 60.20 GB/s (RDMA), 205.00 GB/s (NVL) 
[tuning] SMs 24, NVL chunk 1, RDMA chunk 28: 855 + 1946 us, 60.17 GB/s (RDMA), 202.41 GB/s (NVL) 
[tuning] SMs 24, NVL chunk 1, RDMA chunk 32: 386 + 1928 us, 60.73 GB/s (RDMA), 204.30 GB/s (NVL) 
[tuning] SMs 24, NVL chunk 1, RDMA chunk 32: 107 + 1946 us, 60.20 GB/s (RDMA), 205.00 GB/s (NVL) 
[tuning] SMs 24, NVL chunk 2, RDMA chunk 12: 66 + 1945 us, 60.23 GB/s (RDMA), 205.10 GB/s (NVL) 
[tuning] SMs 24, NVL chunk 2, RDMA chunk 12: 89 + 1927 us, 60.76 GB/s (RDMA), 204.41 GB/s (NVL) 
[tuning] SMs 24, NVL chunk 2, RDMA chunk 16: 93 + 2007 us, 58.34 GB/s (RDMA), 196.26 GB/s (NVL) 
[tuning] SMs 24, NVL chunk 2, RDMA chunk 16: 71 + 2021 us, 57.97 GB/s (RDMA), 197.39 GB/s (NVL) 
[tuning] SMs 24, NVL chunk 2, RDMA chunk 20: 83 + 1904 us, 61.53 GB/s (RDMA), 209.52 GB/s (NVL) 
[tuning] SMs 24, NVL chunk 2, RDMA chunk 20: 127 + 1895 us, 61.78 GB/s (RDMA), 207.86 GB/s (NVL) 
[tuning] SMs 24, NVL chunk 2, RDMA chunk 24: 118 + 1879 us, 62.35 GB/s (RDMA), 212.31 GB/s (NVL) 
[tuning] SMs 24, NVL chunk 2, RDMA chunk 24: 141 + 1861 us, 62.91 GB/s (RDMA), 211.66 GB/s (NVL) 
[tuning] SMs 24, NVL chunk 2, RDMA chunk 28: 81 + 1908 us, 61.40 GB/s (RDMA), 209.08 GB/s (NVL) 
[tuning] SMs 24, NVL chunk 2, RDMA chunk 28: 97 + 1898 us, 61.69 GB/s (RDMA), 207.53 GB/s (NVL) 
[tuning] SMs 24, NVL chunk 2, RDMA chunk 32: 95 + 1866 us, 62.78 GB/s (RDMA), 213.79 GB/s (NVL) 
[tuning] SMs 24, NVL chunk 2, RDMA chunk 32: 132 + 1862 us, 62.88 GB/s (RDMA), 211.54 GB/s (NVL) 
[tuning] SMs 24, NVL chunk 3, RDMA chunk 12: 68 + 1942 us, 60.33 GB/s (RDMA), 205.42 GB/s (NVL) 
[tuning] SMs 24, NVL chunk 3, RDMA chunk 12: 80 + 1934 us, 60.54 GB/s (RDMA), 203.67 GB/s (NVL) 
[tuning] SMs 24, NVL chunk 3, RDMA chunk 16: 74 + 2023 us, 57.91 GB/s (RDMA), 197.20 GB/s (NVL) 
[tuning] SMs 24, NVL chunk 3, RDMA chunk 16: 84 + 2012 us, 58.19 GB/s (RDMA), 195.77 GB/s (NVL) 
[tuning] SMs 24, NVL chunk 3, RDMA chunk 20: 72 + 1913 us, 61.24 GB/s (RDMA), 208.54 GB/s (NVL) 
[tuning] SMs 24, NVL chunk 3, RDMA chunk 20: 99 + 1906 us, 61.43 GB/s (RDMA), 206.66 GB/s (NVL) 
[tuning] SMs 24, NVL chunk 3, RDMA chunk 24: 111 + 1881 us, 62.28 GB/s (RDMA), 212.08 GB/s (NVL) 
[tuning] SMs 24, NVL chunk 3, RDMA chunk 24: 129 + 1862 us, 62.88 GB/s (RDMA), 211.54 GB/s (NVL) 
[tuning] SMs 24, NVL chunk 3, RDMA chunk 28: 72 + 1908 us, 61.40 GB/s (RDMA), 209.08 GB/s (NVL) 
[tuning] SMs 24, NVL chunk 3, RDMA chunk 28: 83 + 1903 us, 61.53 GB/s (RDMA), 206.99 GB/s (NVL) 
[tuning] SMs 24, NVL chunk 3, RDMA chunk 32: 95 + 1861 us, 62.95 GB/s (RDMA), 214.36 GB/s (NVL) 
[tuning] SMs 24, NVL chunk 3, RDMA chunk 32: 135 + 1855 us, 63.12 GB/s (RDMA), 212.34 GB/s (NVL) 
[tuning] SMs 24, NVL chunk 4, RDMA chunk 12: 69 + 1937 us, 60.48 GB/s (RDMA), 205.95 GB/s (NVL) 
[tuning] SMs 24, NVL chunk 4, RDMA chunk 12: 78 + 1930 us, 60.66 GB/s (RDMA), 204.09 GB/s (NVL) 
[tuning] SMs 24, NVL chunk 4, RDMA chunk 16: 104 + 2022 us, 57.90 GB/s (RDMA), 194.81 GB/s (NVL) 
[tuning] SMs 24, NVL chunk 4, RDMA chunk 16: 89 + 2036 us, 57.54 GB/s (RDMA), 195.94 GB/s (NVL) 
[tuning] SMs 24, NVL chunk 4, RDMA chunk 20: 79 + 1901 us, 61.63 GB/s (RDMA), 209.85 GB/s (NVL) 
[tuning] SMs 24, NVL chunk 4, RDMA chunk 20: 106 + 1903 us, 61.53 GB/s (RDMA), 206.99 GB/s (NVL) 
[tuning] SMs 24, NVL chunk 4, RDMA chunk 24: 71 + 1881 us, 62.28 GB/s (RDMA), 212.08 GB/s (NVL) 
[tuning] SMs 24, NVL chunk 4, RDMA chunk 24: 109 + 1862 us, 62.88 GB/s (RDMA), 211.54 GB/s (NVL) 
[tuning] SMs 24, NVL chunk 4, RDMA chunk 28: 121 + 1901 us, 61.63 GB/s (RDMA), 209.85 GB/s (NVL) 
[tuning] SMs 24, NVL chunk 4, RDMA chunk 28: 109 + 1908 us, 61.36 GB/s (RDMA), 206.44 GB/s (NVL) 
[tuning] SMs 24, NVL chunk 4, RDMA chunk 32: 89 + 1865 us, 62.82 GB/s (RDMA), 213.90 GB/s (NVL) 
[tuning] SMs 24, NVL chunk 4, RDMA chunk 32: 126 + 1860 us, 62.95 GB/s (RDMA), 211.77 GB/s (NVL) 
[tuning] SMs 24, NVL chunk 5, RDMA chunk 12: 84 + 1940 us, 60.35 GB/s (RDMA), 203.04 GB/s (NVL) 
[tuning] SMs 24, NVL chunk 5, RDMA chunk 12: 69 + 1949 us, 60.11 GB/s (RDMA), 204.68 GB/s (NVL) 
[tuning] SMs 24, NVL chunk 5, RDMA chunk 16: 76 + 2032 us, 57.62 GB/s (RDMA), 193.85 GB/s (NVL) 
[tuning] SMs 24, NVL chunk 5, RDMA chunk 16: 73 + 2036 us, 57.54 GB/s (RDMA), 195.94 GB/s (NVL) 
[tuning] SMs 24, NVL chunk 5, RDMA chunk 20: 81 + 1905 us, 61.50 GB/s (RDMA), 209.41 GB/s (NVL) 
[tuning] SMs 24, NVL chunk 5, RDMA chunk 20: 115 + 1905 us, 61.46 GB/s (RDMA), 206.77 GB/s (NVL) 
[tuning] SMs 24, NVL chunk 5, RDMA chunk 24: 63 + 1891 us, 61.95 GB/s (RDMA), 210.96 GB/s (NVL) 
[tuning] SMs 24, NVL chunk 5, RDMA chunk 24: 84 + 1872 us, 62.54 GB/s (RDMA), 210.41 GB/s (NVL) 
[tuning] SMs 24, NVL chunk 5, RDMA chunk 28: 94 + 1912 us, 61.27 GB/s (RDMA), 208.64 GB/s (NVL) 
[tuning] SMs 24, NVL chunk 5, RDMA chunk 28: 92 + 1914 us, 61.17 GB/s (RDMA), 205.80 GB/s (NVL) 
[tuning] SMs 24, NVL chunk 5, RDMA chunk 32: 125 + 1866 us, 62.74 GB/s (RDMA), 211.09 GB/s (NVL) 
[tuning] SMs 24, NVL chunk 5, RDMA chunk 32: 80 + 1876 us, 62.45 GB/s (RDMA), 212.65 GB/s (NVL) 
[tuning] SMs 24, NVL chunk 6, RDMA chunk 12: 53 + 1963 us, 59.68 GB/s (RDMA), 203.22 GB/s (NVL) 
[tuning] SMs 24, NVL chunk 6, RDMA chunk 12: 79 + 1946 us, 60.17 GB/s (RDMA), 202.41 GB/s (NVL) 
[tuning] SMs 24, NVL chunk 6, RDMA chunk 16: 69 + 2037 us, 57.48 GB/s (RDMA), 193.37 GB/s (NVL) 
[tuning] SMs 24, NVL chunk 6, RDMA chunk 16: 67 + 2037 us, 57.51 GB/s (RDMA), 195.84 GB/s (NVL) 
[tuning] SMs 24, NVL chunk 6, RDMA chunk 20: 77 + 1914 us, 61.21 GB/s (RDMA), 208.43 GB/s (NVL) 
[tuning] SMs 24, NVL chunk 6, RDMA chunk 20: 113 + 1910 us, 61.30 GB/s (RDMA), 206.23 GB/s (NVL) 
[tuning] SMs 24, NVL chunk 6, RDMA chunk 24: 82 + 1897 us, 61.76 GB/s (RDMA), 210.29 GB/s (NVL) 
[tuning] SMs 24, NVL chunk 6, RDMA chunk 24: 102 + 1877 us, 62.38 GB/s (RDMA), 209.85 GB/s (NVL) 
[tuning] SMs 24, NVL chunk 6, RDMA chunk 28: 70 + 1927 us, 60.80 GB/s (RDMA), 207.02 GB/s (NVL) 
[tuning] SMs 24, NVL chunk 6, RDMA chunk 28: 75 + 1921 us, 60.95 GB/s (RDMA), 205.05 GB/s (NVL) 
[tuning] SMs 24, NVL chunk 6, RDMA chunk 32: 115 + 1876 us, 62.41 GB/s (RDMA), 209.97 GB/s (NVL) 
[tuning] SMs 24, NVL chunk 6, RDMA chunk 32: 88 + 1874 us, 62.52 GB/s (RDMA), 212.88 GB/s (NVL) 
[tuning] SMs 24, NVL chunk 7, RDMA chunk 12: 63 + 1967 us, 59.56 GB/s (RDMA), 202.81 GB/s (NVL) 
[tuning] SMs 24, NVL chunk 7, RDMA chunk 12: 125 + 1956 us, 59.86 GB/s (RDMA), 201.38 GB/s (NVL) 
[tuning] SMs 24, NVL chunk 7, RDMA chunk 16: 67 + 2053 us, 57.06 GB/s (RDMA), 194.31 GB/s (NVL) 
[tuning] SMs 24, NVL chunk 7, RDMA chunk 16: 75 + 2047 us, 57.20 GB/s (RDMA), 192.43 GB/s (NVL) 
[tuning] SMs 24, NVL chunk 7, RDMA chunk 20: 102 + 1927 us, 60.80 GB/s (RDMA), 207.02 GB/s (NVL) 
[tuning] SMs 24, NVL chunk 7, RDMA chunk 20: 96 + 1926 us, 60.79 GB/s (RDMA), 204.52 GB/s (NVL) 
[tuning] SMs 24, NVL chunk 7, RDMA chunk 24: 74 + 1911 us, 61.30 GB/s (RDMA), 208.75 GB/s (NVL) 
[tuning] SMs 24, NVL chunk 7, RDMA chunk 24: 90 + 1891 us, 61.92 GB/s (RDMA), 208.30 GB/s (NVL) 
[tuning] SMs 24, NVL chunk 7, RDMA chunk 28: 50 + 1939 us, 60.42 GB/s (RDMA), 205.74 GB/s (NVL) 
[tuning] SMs 24, NVL chunk 7, RDMA chunk 28: 59 + 1929 us, 60.70 GB/s (RDMA), 204.20 GB/s (NVL) 
[tuning] SMs 24, NVL chunk 7, RDMA chunk 32: 121 + 1890 us, 61.99 GB/s (RDMA), 211.07 GB/s (NVL) 
[tuning] Best combine: SMs 24, NVL chunk 3, RDMA chunk 32, 95.44 + 1861.00 us, 62.95 GB/s (RDMA), 214.36 GB/s (NVL)


[tuning] SMs 24, NVL chunk 7, RDMA chunk 32: 282 + 1879 us, 62.31 GB/s (RDMA), 209.63 GB/s (NVL) 
[tuning] Best combine: SMs 24, NVL chunk 3, RDMA chunk 32, 134.52 + 1855.00 us, 63.12 GB/s (RDMA), 212.34 GB/s (NVL)


NVSHMEM v3.4.5
NVSHMEM v3.4.5
NVSHMEM v3.4.5
NVSHMEM v3.4.5
NVSHMEM v3.4.5
NVSHMEM v3.4.5
NVSHMEM v3.4.5
NVSHMEM v3.4.5
