Testing with seed 0 ...
Testing with seed 0 ...
[config] num_tokens=4096, hidden=7168, num_topk_groups=2, num_topk=8
[config] num_tokens=4096, hidden=7168, num_topk_groups=2, num_topk=8
[layout] Kernel performance: 0.040 ms

[layout] Kernel performance: 0.041 ms

[testing] Running with BF16, without top-k (async=False, previous=False) ...NVSHMEM v3.6.5
WARNING: destroy() was not called before DeepEP buffer destruction, which can leak resources.
NVSHMEM v3.6.5
WARNING: destroy() was not called before DeepEP buffer destruction, which can leak resources.
NVSHMEM v3.6.5
WARNING: destroy() was not called before DeepEP buffer destruction, which can leak resources.
NVSHMEM v3.6.5
WARNING: destroy() was not called before DeepEP buffer destruction, which can leak resources.
NVSHMEM v3.6.5
WARNING: destroy() was not called before DeepEP buffer destruction, which can leak resources.
NVSHMEM v3.6.5
WARNING: destroy() was not called before DeepEP buffer destruction, which can leak resources.
NVSHMEM v3.6.5
WARNING: destroy() was not called before DeepEP buffer destruction, which can leak resources.
NVSHMEM v3.6.5
WARNING: destroy() was not called before DeepEP buffer destruction, which can leak resources.
[testing] Running with BF16, without top-k (async=False, previous=False) ...WARNING: destroy() was not called before DeepEP buffer destruction, which can leak resources.
WARNING: destroy() was not called before DeepEP buffer destruction, which can leak resources.
WARNING: destroy() was not called before DeepEP buffer destruction, which can leak resources.
WARNING: destroy() was not called before DeepEP buffer destruction, which can leak resources.
WARNING: destroy() was not called before DeepEP buffer destruction, which can leak resources.
WARNING: destroy() was not called before DeepEP buffer destruction, which can leak resources.
WARNING: destroy() was not called before DeepEP buffer destruction, which can leak resources.
WARNING: destroy() was not called before DeepEP buffer destruction, which can leak resources.
[rank8]:[W504 18:25:28.894503629 ProcessGroupNCCL.cpp:1566] Warning: WARNING: destroy_process_group() was not called before program exit, which can leak resources. For more info, please see https://pytorch.org/docs/stable/distributed.html#shutdown (function operator())
[rank0]:[W504 18:25:29.766778088 ProcessGroupNCCL.cpp:1566] Warning: WARNING: destroy_process_group() was not called before program exit, which can leak resources. For more info, please see https://pytorch.org/docs/stable/distributed.html#shutdown (function operator())
W0504 18:25:30.338000 1983799 torch/multiprocessing/spawn.py:175] Terminating process 1984308 via signal SIGTERM
W0504 18:25:30.339000 1983799 torch/multiprocessing/spawn.py:175] Terminating process 1984310 via signal SIGTERM
W0504 18:25:30.339000 1983799 torch/multiprocessing/spawn.py:175] Terminating process 1984311 via signal SIGTERM
W0504 18:25:30.341000 1983799 torch/multiprocessing/spawn.py:175] Terminating process 1984312 via signal SIGTERM
W0504 18:25:30.348000 1983799 torch/multiprocessing/spawn.py:175] Terminating process 1984313 via signal SIGTERM
W0504 18:25:30.349000 1983799 torch/multiprocessing/spawn.py:175] Terminating process 1984314 via signal SIGTERM
W0504 18:25:30.350000 1983799 torch/multiprocessing/spawn.py:175] Terminating process 1984315 via signal SIGTERM
[rank15]:[W504 18:25:30.316230297 TCPStore.cpp:125] [c10d] recvValue failed on SocketImpl(fd=76, addr=[h200-bar-200-051.slurm-bar-compute.tenant-slurm.svc.cluster.local]:52824, remote=[h200-bar-199-173.slurm-bar-compute.tenant-slurm.svc.cluster.local]:29500): Failed to recv, got 0 bytes. Connection was likely closed. Did the remote server shutdown or crash?
Exception raised from recvBytes at /opt/pytorch/pytorch/torch/csrc/distributed/c10d/Utils.hpp:697 (most recent call first):
frame #0: c10::Error::Error(c10::SourceLocation, std::__cxx11::basic_string<char, std::char_traits<char>, std::allocator<char> >) + 0x88 (0x7ba7d28e6008 in /usr/local/lib/python3.12/dist-packages/torch/lib/libc10.so)
frame #1: <unknown function> + 0x5ddbffe (0x7ba7f5ddbffe in /usr/local/lib/python3.12/dist-packages/torch/lib/libtorch_cpu.so)
frame #2: <unknown function> + 0x5ddd1e0 (0x7ba7f5ddd1e0 in /usr/local/lib/python3.12/dist-packages/torch/lib/libtorch_cpu.so)
frame #3: <unknown function> + 0x5dddc2a (0x7ba7f5dddc2a in /usr/local/lib/python3.12/dist-packages/torch/lib/libtorch_cpu.so)
frame #4: c10d::TCPStore::check(std::vector<std::__cxx11::basic_string<char, std::char_traits<char>, std::allocator<char> >, std::allocator<std::__cxx11::basic_string<char, std::char_traits<char>, std::allocator<char> > > > const&) + 0x2a9 (0x7ba7f5ddb359 in /usr/local/lib/python3.12/dist-packages/torch/lib/libtorch_cpu.so)
frame #5: c10d::ProcessGroupNCCL::HeartbeatMonitor::runLoop() + 0x38b (0x7ba7d36a6c0b in /usr/local/lib/python3.12/dist-packages/torch/lib/libtorch_cuda.so)
frame #6: <unknown function> + 0xecdb4 (0x7ba7d1eecdb4 in /usr/lib/x86_64-linux-gnu/libstdc++.so.6)
frame #7: <unknown function> + 0x9caa4 (0x7ba80aa9caa4 in /usr/lib/x86_64-linux-gnu/libc.so.6)
frame #8: <unknown function> + 0x129c6c (0x7ba80ab29c6c in /usr/lib/x86_64-linux-gnu/libc.so.6)

[rank15]:[W504 18:25:30.318846472 ProcessGroupNCCL.cpp:1815] [PG ID 0 PG GUID 0(default_pg) Rank 15] Failed to check the "should dump" flag on TCPStore, (maybe TCPStore server has shut down too early), with error: Failed to recv, got 0 bytes. Connection was likely closed. Did the remote server shutdown or crash?
W0504 18:25:30.415000 1690801 torch/multiprocessing/spawn.py:175] Terminating process 1691307 via signal SIGTERM
W0504 18:25:30.416000 1690801 torch/multiprocessing/spawn.py:175] Terminating process 1691308 via signal SIGTERM
W0504 18:25:30.416000 1690801 torch/multiprocessing/spawn.py:175] Terminating process 1691309 via signal SIGTERM
W0504 18:25:30.417000 1690801 torch/multiprocessing/spawn.py:175] Terminating process 1691310 via signal SIGTERM
W0504 18:25:30.419000 1690801 torch/multiprocessing/spawn.py:175] Terminating process 1691311 via signal SIGTERM
W0504 18:25:30.421000 1690801 torch/multiprocessing/spawn.py:175] Terminating process 1691312 via signal SIGTERM
W0504 18:25:30.421000 1690801 torch/multiprocessing/spawn.py:175] Terminating process 1691313 via signal SIGTERM
Traceback (most recent call last):
  File "/mnt/vast/home/tiancheng.chen/workspace/DeepEP/tests/legacy/test_internode.py", line 395, in <module>
    torch.multiprocessing.spawn(test_loop, args=(num_processes, args), nprocs=num_processes)
  File "/usr/local/lib/python3.12/dist-packages/torch/multiprocessing/spawn.py", line 365, in spawn
    return start_processes(fn, args, nprocs, join, daemon, start_method="spawn")
           ^^^^^^^^^^^^^^^^^^^^^^^^^^^^^^^^^^^^^^^^^^^^^^^^^^^^^^^^^^^^^^^^^^^^^
  File "/usr/local/lib/python3.12/dist-packages/torch/multiprocessing/spawn.py", line 321, in start_processes
    while not context.join():
              ^^^^^^^^^^^^^^
  File "/usr/local/lib/python3.12/dist-packages/torch/multiprocessing/spawn.py", line 221, in join
    raise ProcessRaisedException(msg, error_index, failed_process.pid)
torch.multiprocessing.spawn.ProcessRaisedException: 

-- Process 1 terminated with the following error:
Traceback (most recent call last):
  File "/usr/local/lib/python3.12/dist-packages/torch/multiprocessing/spawn.py", line 95, in _wrap
    fn(i, *args)
  File "/mnt/vast/home/tiancheng.chen/workspace/DeepEP/tests/legacy/test_internode.py", line 341, in test_loop
    ref_hash += test_main(args, i, local_rank, num_local_ranks, num_ranks, num_nodes, rank, buffer, group,
                ^^^^^^^^^^^^^^^^^^^^^^^^^^^^^^^^^^^^^^^^^^^^^^^^^^^^^^^^^^^^^^^^^^^^^^^^^^^^^^^^^^^^^^^^^^
  File "/mnt/vast/home/tiancheng.chen/workspace/DeepEP/tests/legacy/test_internode.py", line 140, in test_main
    recv_x, recv_topk_idx, recv_topk_weights, recv_num_tokens_per_expert_list, handle, event = buffer.dispatch(
                                                                                               ^^^^^^^^^^^^^^^^
  File "/mnt/vast/home/tiancheng.chen/workspace/DeepEP/deep_ep/buffers/legacy.py", line 380, in dispatch
    return self.internode_dispatch(x, handle, num_tokens_per_rank, num_tokens_per_rdma_rank, is_token_in_rank,
           ^^^^^^^^^^^^^^^^^^^^^^^^^^^^^^^^^^^^^^^^^^^^^^^^^^^^^^^^^^^^^^^^^^^^^^^^^^^^^^^^^^^^^^^^^^^^^^^^^^^
  File "/mnt/vast/home/tiancheng.chen/workspace/DeepEP/deep_ep/buffers/legacy.py", line 495, in internode_dispatch
    recv_src_meta, send_rdma_head, send_nvl_head, event = self.runtime.internode_dispatch(
                                                          ^^^^^^^^^^^^^^^^^^^^^^^^^^^^^^^^
TypeError: internode_dispatch(): incompatible function arguments. The following argument types are supported:
    1. (self: deep_ep._C.Buffer, arg0: torch.Tensor, arg1: torch.Tensor | None, arg2: torch.Tensor | None, arg3: torch.Tensor | None, arg4: torch.Tensor | None, arg5: torch.Tensor | None, arg6: torch.Tensor, arg7: torch.Tensor | None, arg8: typing.SupportsInt, arg9: typing.SupportsInt, arg10: torch.Tensor | None, arg11: torch.Tensor | None, arg12: torch.Tensor | None, arg13: torch.Tensor | None, arg14: typing.SupportsInt, arg15: typing.SupportsInt, arg16: deep_ep._C.Config, arg17: deep_ep._C.EventHandle | None, arg18: bool, arg19: bool) -> tuple[torch.Tensor, torch.Tensor | None, torch.Tensor | None, torch.Tensor | None, list[int], torch.Tensor, torch.Tensor, torch.Tensor | None, torch.Tensor, torch.Tensor | None, torch.Tensor, torch.Tensor | None, torch.Tensor | None, torch.Tensor | None, deep_ep._C.EventHandle | None]

Invoked with: <deep_ep._C.Buffer object at 0x741a556ef830>, tensor([[-0.2969,  2.6719, -0.1406,  ...,  0.1963, -0.0317,  0.2207],
        [-0.7109, -1.0000,  1.6250,  ...,  0.9727,  2.0312, -0.4922],
        [ 0.6328,  0.0535,  1.6562,  ..., -0.4023, -0.4688, -1.7188],
        ...,
        [ 0.4277, -0.5742, -0.0854,  ...,  0.4668,  1.3516, -0.2539],
        [-1.1875, -0.8906,  1.0547,  ...,  0.8438, -1.3906,  1.6875],
        [-1.6406, -0.4316, -0.1592,  ..., -0.8047, -0.4199,  2.1250]],
       device='cuda:1'), None, None, None, tensor([1736, 1704, 1680, 1770, 1676, 1699, 1788, 1684, 1775, 1762, 1721, 1691,
        1717, 1756, 1729, 1777], device='cuda:1', dtype=torch.int32), tensor([4086, 4087], device='cuda:1', dtype=torch.int32), tensor([[ True,  True, False,  ..., False, False,  True],
        [False, False, False,  ..., False, False, False],
        [ True, False, False,  ...,  True, False, False],
        ...,
        [ True, False,  True,  ..., False, False, False],
        [ True, False, False,  ...,  True, False, False],
        [False,  True,  True,  ..., False, False,  True]], device='cuda:1'), tensor([520, 496, 537, 500, 505, 479, 519, 492, 499, 479, 506, 526, 551, 545,
        525, 470, 431, 524, 502, 536, 500, 525, 488, 504, 534, 577, 528, 506,
        492, 517, 477, 508, 523, 520, 557, 509, 505, 531, 515, 548, 477, 523,
        521, 483, 492, 497, 518, 483, 485, 524, 482, 556, 496, 554, 538, 505,
        527, 485, 507, 518, 501, 519, 546, 525], device='cuda:1',
       dtype=torch.int32), 0, 0, None, None, None, None, 1, <deep_ep._C.Config object at 0x7419c0328030>, None, False, False

Traceback (most recent call last):
  File "/mnt/vast/home/tiancheng.chen/workspace/DeepEP/tests/legacy/test_internode.py", line 395, in <module>
    torch.multiprocessing.spawn(test_loop, args=(num_processes, args), nprocs=num_processes)
  File "/usr/local/lib/python3.12/dist-packages/torch/multiprocessing/spawn.py", line 365, in spawn
    return start_processes(fn, args, nprocs, join, daemon, start_method="spawn")
           ^^^^^^^^^^^^^^^^^^^^^^^^^^^^^^^^^^^^^^^^^^^^^^^^^^^^^^^^^^^^^^^^^^^^^
  File "/usr/local/lib/python3.12/dist-packages/torch/multiprocessing/spawn.py", line 321, in start_processes
    while not context.join():
              ^^^^^^^^^^^^^^
  File "/usr/local/lib/python3.12/dist-packages/torch/multiprocessing/spawn.py", line 221, in join
    raise ProcessRaisedException(msg, error_index, failed_process.pid)
torch.multiprocessing.spawn.ProcessRaisedException: 

-- Process 0 terminated with the following error:
Traceback (most recent call last):
  File "/usr/local/lib/python3.12/dist-packages/torch/multiprocessing/spawn.py", line 95, in _wrap
    fn(i, *args)
  File "/mnt/vast/home/tiancheng.chen/workspace/DeepEP/tests/legacy/test_internode.py", line 341, in test_loop
    ref_hash += test_main(args, i, local_rank, num_local_ranks, num_ranks, num_nodes, rank, buffer, group,
                ^^^^^^^^^^^^^^^^^^^^^^^^^^^^^^^^^^^^^^^^^^^^^^^^^^^^^^^^^^^^^^^^^^^^^^^^^^^^^^^^^^^^^^^^^^
  File "/mnt/vast/home/tiancheng.chen/workspace/DeepEP/tests/legacy/test_internode.py", line 140, in test_main
    recv_x, recv_topk_idx, recv_topk_weights, recv_num_tokens_per_expert_list, handle, event = buffer.dispatch(
                                                                                               ^^^^^^^^^^^^^^^^
  File "/mnt/vast/home/tiancheng.chen/workspace/DeepEP/deep_ep/buffers/legacy.py", line 380, in dispatch
    return self.internode_dispatch(x, handle, num_tokens_per_rank, num_tokens_per_rdma_rank, is_token_in_rank,
           ^^^^^^^^^^^^^^^^^^^^^^^^^^^^^^^^^^^^^^^^^^^^^^^^^^^^^^^^^^^^^^^^^^^^^^^^^^^^^^^^^^^^^^^^^^^^^^^^^^^
  File "/mnt/vast/home/tiancheng.chen/workspace/DeepEP/deep_ep/buffers/legacy.py", line 495, in internode_dispatch
    recv_src_meta, send_rdma_head, send_nvl_head, event = self.runtime.internode_dispatch(
                                                          ^^^^^^^^^^^^^^^^^^^^^^^^^^^^^^^^
TypeError: internode_dispatch(): incompatible function arguments. The following argument types are supported:
    1. (self: deep_ep._C.Buffer, arg0: torch.Tensor, arg1: torch.Tensor | None, arg2: torch.Tensor | None, arg3: torch.Tensor | None, arg4: torch.Tensor | None, arg5: torch.Tensor | None, arg6: torch.Tensor, arg7: torch.Tensor | None, arg8: typing.SupportsInt, arg9: typing.SupportsInt, arg10: torch.Tensor | None, arg11: torch.Tensor | None, arg12: torch.Tensor | None, arg13: torch.Tensor | None, arg14: typing.SupportsInt, arg15: typing.SupportsInt, arg16: deep_ep._C.Config, arg17: deep_ep._C.EventHandle | None, arg18: bool, arg19: bool) -> tuple[torch.Tensor, torch.Tensor | None, torch.Tensor | None, torch.Tensor | None, list[int], torch.Tensor, torch.Tensor, torch.Tensor | None, torch.Tensor, torch.Tensor | None, torch.Tensor, torch.Tensor | None, torch.Tensor | None, torch.Tensor | None, deep_ep._C.EventHandle | None]

Invoked with: <deep_ep._C.Buffer object at 0x7f286a0fb270>, tensor([[-1.1250,  0.0918,  1.1875,  ...,  0.5586,  1.5781,  1.8984],
        [-0.3379,  1.1953, -1.4375,  ..., -1.1562, -0.3789,  0.3125],
        [-0.0045,  0.4941,  0.7500,  ..., -0.4707, -1.4062, -0.6758],
        ...,
        [ 0.9688,  0.1992,  0.2295,  ...,  0.3555, -0.7227, -0.0032],
        [-0.6445,  0.6250, -0.7617,  ...,  1.0625,  0.2793,  0.4980],
        [-1.9531,  0.5469,  1.3203,  ..., -0.5312, -0.7773, -0.7344]],
       device='cuda:0'), None, None, None, tensor([1693, 1716, 1735, 1695, 1743, 1720, 1755, 1757, 1741, 1676, 1775, 1703,
        1675, 1693, 1731, 1795], device='cuda:0', dtype=torch.int32), tensor([4085, 4087], device='cuda:0', dtype=torch.int32), tensor([[False,  True,  True,  ...,  True, False, False],
        [ True, False,  True,  ...,  True, False, False],
        [False,  True, False,  ..., False, False, False],
        ...,
        [ True, False, False,  ..., False,  True, False],
        [ True,  True, False,  ..., False,  True, False],
        [False, False,  True,  ...,  True, False,  True]], device='cuda:0'), tensor([479, 507, 500, 500, 531, 498, 516, 512, 528, 515, 538, 497, 502, 513,
        504, 481, 500, 520, 494, 548, 493, 526, 487, 550, 543, 518, 508, 503,
        511, 498, 522, 567, 518, 498, 542, 519, 492, 504, 490, 493, 515, 518,
        520, 554, 448, 515, 513, 525, 486, 519, 509, 481, 534, 480, 488, 490,
        489, 555, 522, 500, 541, 572, 522, 507], device='cuda:0',
       dtype=torch.int32), 0, 0, None, None, None, None, 1, <deep_ep._C.Config object at 0x7f27dc122730>, None, False, False

srun: error: h200-bar-200-051: task 1: Exited with exit code 1
srun: error: h200-bar-199-173: task 0: Exited with exit code 1
