Allocating buffer size: 2146.961792 MB ...
/dvs/p4/build/sw/rel/gpgpu/toolkit/r13.0/main_nvshmem/src/host/transport/transport.cpp:nvshmemi_transport_init:282: init failed for transport: IBGDA
/dvs/p4/build/sw/rel/gpgpu/toolkit/r13.0/main_nvshmem/src/host/transport/transport.cpp:nvshmemi_transport_init:282: init failed for transport: IBGDA
/dvs/p4/build/sw/rel/gpgpu/toolkit/r13.0/main_nvshmem/src/host/transport/transport.cpp:nvshmemi_transport_init:282: init failed for transport: IBGDA
/dvs/p4/build/sw/rel/gpgpu/toolkit/r13.0/main_nvshmem/src/host/transport/transport.cpp:nvshmemi_transport_init:282: init failed for transport: IBGDA
/dvs/p4/build/sw/rel/gpgpu/toolkit/r13.0/main_nvshmem/src/host/transport/transport.cpp:nvshmemi_transport_init:282: init failed for transport: IBGDA
/dvs/p4/build/sw/rel/gpgpu/toolkit/r13.0/main_nvshmem/src/host/transport/transport.cpp:nvshmemi_transport_init:282: init failed for transport: IBGDA
/dvs/p4/build/sw/rel/gpgpu/toolkit/r13.0/main_nvshmem/src/host/transport/transport.cpp:nvshmemi_transport_init:282: init failed for transport: IBGDA
/dvs/p4/build/sw/rel/gpgpu/toolkit/r13.0/main_nvshmem/src/host/transport/transport.cpp:nvshmemi_transport_init:282: init failed for transport: IBGDA
[rank 5] Dispatch + combine bandwidth: 190.46 GB/s, avg_t=115.76 us, min_t=111.36 us, max_t=121.12 us
[rank 0] Dispatch + combine bandwidth: 190.63 GB/s, avg_t=115.66 us, min_t=111.74 us, max_t=119.68 us
[rank 1] Dispatch + combine bandwidth: 190.37 GB/s, avg_t=115.82 us, min_t=111.26 us, max_t=120.83 us
[rank 6] Dispatch + combine bandwidth: 190.39 GB/s, avg_t=115.81 us, min_t=112.54 us, max_t=119.23 us
[rank 2] Dispatch + combine bandwidth: 190.37 GB/s, avg_t=115.82 us, min_t=112.10 us, max_t=121.54 us
[rank 3] Dispatch + combine bandwidth: 190.71 GB/s, avg_t=115.61 us, min_t=111.39 us, max_t=119.36 us
[rank 7] Dispatch + combine bandwidth: 190.65 GB/s, avg_t=115.65 us, min_t=111.78 us, max_t=120.45 us
[rank 4] Dispatch + combine bandwidth: 190.40 GB/s, avg_t=115.80 us, min_t=112.93 us, max_t=120.61 us
[rank 7] Dispatch bandwidth: 197.51 GB/s, avg_t=38.03 us | Combine bandwidth: 216.30 GB/s, avg_t=67.21 us
[rank 4] Dispatch bandwidth: 193.57 GB/s, avg_t=38.81 us | Combine bandwidth: 218.17 GB/s, avg_t=66.63 us
[rank 6] Dispatch bandwidth: 190.26 GB/s, avg_t=39.48 us | Combine bandwidth: 215.06 GB/s, avg_t=67.59 us
[rank 2] Dispatch bandwidth: 192.69 GB/s, avg_t=38.98 us | Combine bandwidth: 209.46 GB/s, avg_t=69.40 us
[rank 5] Dispatch bandwidth: 195.81 GB/s, avg_t=38.36 us | Combine bandwidth: 209.23 GB/s, avg_t=69.48 us
[rank 3] Dispatch bandwidth: 188.45 GB/s, avg_t=39.86 us | Combine bandwidth: 214.46 GB/s, avg_t=67.78 us
[rank 1] Dispatch bandwidth: 192.80 GB/s, avg_t=38.96 us | Combine bandwidth: 208.51 GB/s, avg_t=69.72 us
[rank 0] Dispatch bandwidth: 190.04 GB/s, avg_t=39.53 us | Combine bandwidth: 207.76 GB/s, avg_t=69.97 us
[rank 3] Dispatch send/recv time: 31.72 + 10.89 us | Combine send/recv time: 51.17 + 11.08 us
[rank 0] Dispatch send/recv time: 30.36 + 8.89 us | Combine send/recv time: 55.03 + 11.44 us
[rank 2] Dispatch send/recv time: 30.92 + 9.13 us | Combine send/recv time: 56.37 + 11.39 us
[rank 4] Dispatch send/recv time: 31.36 + 8.87 us | Combine send/recv time: 52.78 + 10.97 us
[rank 1] Dispatch send/recv time: 30.84 + 8.75 us | Combine send/recv time: 54.87 + 11.48 us
[rank 6] Dispatch send/recv time: 31.53 + 9.33 us | Combine send/recv time: 55.66 + 11.98 us
[rank 7] Dispatch send/recv time: 30.57 + 8.69 us | Combine send/recv time: 53.93 + 11.22 us
[rank 5] Dispatch send/recv time: 31.18 + 8.56 us | Combine send/recv time: 53.51 + 11.13 us
WARN: device ibp0 is not supported (expected HCA interface: mlx5). Skipping...

WARN: device ibp1 is not supported (expected HCA interface: mlx5). Skipping...

WARN: device ibp2 is not supported (expected HCA interface: mlx5). Skipping...

WARN: device ibp3 is not supported (expected HCA interface: mlx5). Skipping...

WARN: device ibp4 is not supported (expected HCA interface: mlx5). Skipping...

WARN: device ibp5 is not supported (expected HCA interface: mlx5). Skipping...

WARN: device ibp6 is not supported (expected HCA interface: mlx5). Skipping...

WARN: device ibp7 is not supported (expected HCA interface: mlx5). Skipping...

WARN: device ibp0 is not supported (expected HCA interface: mlx5). Skipping...

WARN: device ibp1 is not supported (expected HCA interface: mlx5). Skipping...

WARN: device ibp2 is not supported (expected HCA interface: mlx5). Skipping...

WARN: device ibp3 is not supported (expected HCA interface: mlx5). Skipping...

WARN: device ibp4 is not supported (expected HCA interface: mlx5). Skipping...

WARN: device ibp5 is not supported (expected HCA interface: mlx5). Skipping...

WARN: device ibp6 is not supported (expected HCA interface: mlx5). Skipping...

WARN: device ibp7 is not supported (expected HCA interface: mlx5). Skipping...

WARN: device ibp0 is not supported (expected HCA interface: mlx5). Skipping...

WARN: device ibp1 is not supported (expected HCA interface: mlx5). Skipping...

WARN: device ibp2 is not supported (expected HCA interface: mlx5). Skipping...

WARN: device ibp3 is not supported (expected HCA interface: mlx5). Skipping...

WARN: device ibp4 is not supported (expected HCA interface: mlx5). Skipping...

WARN: device ibp5 is not supported (expected HCA interface: mlx5). Skipping...

WARN: device ibp6 is not supported (expected HCA interface: mlx5). Skipping...

WARN: device ibp7 is not supported (expected HCA interface: mlx5). Skipping...

WARN: device ibp0 is not supported (expected HCA interface: mlx5). Skipping...

WARN: device ibp1 is not supported (expected HCA interface: mlx5). Skipping...

WARN: device ibp2 is not supported (expected HCA interface: mlx5). Skipping...

WARN: device ibp3 is not supported (expected HCA interface: mlx5). Skipping...

WARN: device ibp4 is not supported (expected HCA interface: mlx5). Skipping...

WARN: device ibp5 is not supported (expected HCA interface: mlx5). Skipping...

WARN: device ibp6 is not supported (expected HCA interface: mlx5). Skipping...

WARN: device ibp7 is not supported (expected HCA interface: mlx5). Skipping...

WARN: device ibp0 is not supported (expected HCA interface: mlx5). Skipping...

WARN: device ibp1 is not supported (expected HCA interface: mlx5). Skipping...

WARN: device ibp2 is not supported (expected HCA interface: mlx5). Skipping...

WARN: device ibp3 is not supported (expected HCA interface: mlx5). Skipping...

WARN: device ibp4 is not supported (expected HCA interface: mlx5). Skipping...

WARN: device ibp5 is not supported (expected HCA interface: mlx5). Skipping...

WARN: device ibp6 is not supported (expected HCA interface: mlx5). Skipping...

WARN: device ibp7 is not supported (expected HCA interface: mlx5). Skipping...

NVSHMEM v3.4.5
WARN: device ibp0 is not supported (expected HCA interface: mlx5). Skipping...

WARN: device ibp1 is not supported (expected HCA interface: mlx5). Skipping...

WARN: device ibp2 is not supported (expected HCA interface: mlx5). Skipping...

WARN: device ibp3 is not supported (expected HCA interface: mlx5). Skipping...

WARN: device ibp4 is not supported (expected HCA interface: mlx5). Skipping...

WARN: device ibp5 is not supported (expected HCA interface: mlx5). Skipping...

WARN: device ibp6 is not supported (expected HCA interface: mlx5). Skipping...

WARN: device ibp7 is not supported (expected HCA interface: mlx5). Skipping...

WARN: device ibp0 is not supported (expected HCA interface: mlx5). Skipping...

WARN: device ibp1 is not supported (expected HCA interface: mlx5). Skipping...

WARN: device ibp2 is not supported (expected HCA interface: mlx5). Skipping...

WARN: device ibp3 is not supported (expected HCA interface: mlx5). Skipping...

WARN: device ibp4 is not supported (expected HCA interface: mlx5). Skipping...

WARN: device ibp5 is not supported (expected HCA interface: mlx5). Skipping...

WARN: device ibp6 is not supported (expected HCA interface: mlx5). Skipping...

WARN: device ibp7 is not supported (expected HCA interface: mlx5). Skipping...

WARN: device ibp0 is not supported (expected HCA interface: mlx5). Skipping...

WARN: device ibp1 is not supported (expected HCA interface: mlx5). Skipping...

WARN: device ibp2 is not supported (expected HCA interface: mlx5). Skipping...

WARN: device ibp3 is not supported (expected HCA interface: mlx5). Skipping...

WARN: device ibp4 is not supported (expected HCA interface: mlx5). Skipping...

WARN: device ibp5 is not supported (expected HCA interface: mlx5). Skipping...

WARN: device ibp6 is not supported (expected HCA interface: mlx5). Skipping...

WARN: device ibp7 is not supported (expected HCA interface: mlx5). Skipping...

