Allocating buffer size: 2146.961792 MB ...
Allocating buffer size: 2146.961792 MB ...
/dvs/p4/build/sw/rel/gpgpu/toolkit/r12.8/main_nvshmem/src/host/transport/transport.cpp:nvshmemi_transport_init:282: init failed for transport: IBGDA
/dvs/p4/build/sw/rel/gpgpu/toolkit/r12.8/main_nvshmem/src/host/transport/transport.cpp:nvshmemi_transport_init:282: init failed for transport: IBGDA
/dvs/p4/build/sw/rel/gpgpu/toolkit/r12.8/main_nvshmem/src/host/transport/transport.cpp:nvshmemi_transport_init:282: init failed for transport: IBGDA
/dvs/p4/build/sw/rel/gpgpu/toolkit/r12.8/main_nvshmem/src/host/transport/transport.cpp:nvshmemi_transport_init:282: init failed for transport: IBGDA
/dvs/p4/build/sw/rel/gpgpu/toolkit/r12.8/main_nvshmem/src/host/transport/transport.cpp:nvshmemi_transport_init:282: init failed for transport: IBGDA
/dvs/p4/build/sw/rel/gpgpu/toolkit/r12.8/main_nvshmem/src/host/transport/transport.cpp:nvshmemi_transport_init:282: init failed for transport: IBGDA
/dvs/p4/build/sw/rel/gpgpu/toolkit/r12.8/main_nvshmem/src/host/transport/transport.cpp:nvshmemi_transport_init:282: init failed for transport: IBGDA
/dvs/p4/build/sw/rel/gpgpu/toolkit/r12.8/main_nvshmem/src/host/transport/transport.cpp:nvshmemi_transport_init:282: init failed for transport: IBGDA
/dvs/p4/build/sw/rel/gpgpu/toolkit/r12.8/main_nvshmem/src/host/transport/transport.cpp:nvshmemi_transport_init:282: init failed for transport: IBGDA
/dvs/p4/build/sw/rel/gpgpu/toolkit/r12.8/main_nvshmem/src/host/transport/transport.cpp:nvshmemi_transport_init:282: init failed for transport: IBGDA
/dvs/p4/build/sw/rel/gpgpu/toolkit/r12.8/main_nvshmem/src/host/transport/transport.cpp:nvshmemi_transport_init:282: init failed for transport: IBGDA
/dvs/p4/build/sw/rel/gpgpu/toolkit/r12.8/main_nvshmem/src/host/transport/transport.cpp:nvshmemi_transport_init:282: init failed for transport: IBGDA
/dvs/p4/build/sw/rel/gpgpu/toolkit/r12.8/main_nvshmem/src/host/transport/transport.cpp:nvshmemi_transport_init:282: init failed for transport: IBGDA
/dvs/p4/build/sw/rel/gpgpu/toolkit/r12.8/main_nvshmem/src/host/transport/transport.cpp:nvshmemi_transport_init:282: init failed for transport: IBGDA
/dvs/p4/build/sw/rel/gpgpu/toolkit/r12.8/main_nvshmem/src/host/transport/transport.cpp:nvshmemi_transport_init:282: init failed for transport: IBGDA
/dvs/p4/build/sw/rel/gpgpu/toolkit/r12.8/main_nvshmem/src/host/transport/transport.cpp:nvshmemi_transport_init:282: init failed for transport: IBGDA
WARN: device ibp0 is not enumerated as an mlx5 device. Skipping...

WARN: device ibp1 is not enumerated as an mlx5 device. Skipping...

WARN: device ibp2 is not enumerated as an mlx5 device. Skipping...

WARN: device ibp3 is not enumerated as an mlx5 device. Skipping...

WARN: device ibp4 is not enumerated as an mlx5 device. Skipping...

WARN: device ibp5 is not enumerated as an mlx5 device. Skipping...

WARN: device ibp6 is not enumerated as an mlx5 device. Skipping...

WARN: device ibp7 is not enumerated as an mlx5 device. Skipping...

[rank12]:[W504 19:58:14.807564184 CUDAGuardImpl.h:122] Warning: CUDA warning: an illegal memory access was encountered (function destroyEvent)
WARNING: destroy() was not called before DeepEP buffer destruction, which can leak resources.
WARN: device ibp0 is not enumerated as an mlx5 device. Skipping...

WARN: device ibp1 is not enumerated as an mlx5 device. Skipping...

WARN: device ibp2 is not enumerated as an mlx5 device. Skipping...

WARN: device ibp3 is not enumerated as an mlx5 device. Skipping...

WARN: device ibp4 is not enumerated as an mlx5 device. Skipping...

WARN: device ibp5 is not enumerated as an mlx5 device. Skipping...

WARN: device ibp6 is not enumerated as an mlx5 device. Skipping...

WARN: device ibp7 is not enumerated as an mlx5 device. Skipping...

[rank4]:[W504 19:58:14.650477655 CUDAGuardImpl.h:122] Warning: CUDA warning: an illegal memory access was encountered (function destroyEvent)
WARNING: destroy() was not called before DeepEP buffer destruction, which can leak resources.
WARN: device ibp0 is not enumerated as an mlx5 device. Skipping...

WARN: device ibp1 is not enumerated as an mlx5 device. Skipping...

WARN: device ibp2 is not enumerated as an mlx5 device. Skipping...

WARN: device ibp3 is not enumerated as an mlx5 device. Skipping...

WARN: device ibp4 is not enumerated as an mlx5 device. Skipping...

WARN: device ibp5 is not enumerated as an mlx5 device. Skipping...

WARN: device ibp6 is not enumerated as an mlx5 device. Skipping...

WARN: device ibp7 is not enumerated as an mlx5 device. Skipping...

[rank5]:[W504 19:58:14.652680107 CUDAGuardImpl.h:122] Warning: CUDA warning: an illegal memory access was encountered (function destroyEvent)
WARNING: destroy() was not called before DeepEP buffer destruction, which can leak resources.
NVSHMEM v3.3.9
WARN: device ibp0 is not enumerated as an mlx5 device. Skipping...

WARN: device ibp1 is not enumerated as an mlx5 device. Skipping...

WARN: device ibp2 is not enumerated as an mlx5 device. Skipping...

WARN: device ibp3 is not enumerated as an mlx5 device. Skipping...

WARN: device ibp4 is not enumerated as an mlx5 device. Skipping...

WARN: device ibp5 is not enumerated as an mlx5 device. Skipping...

WARN: device ibp6 is not enumerated as an mlx5 device. Skipping...

WARN: device ibp7 is not enumerated as an mlx5 device. Skipping...

[rank0]:[W504 19:58:14.682717050 CUDAGuardImpl.h:122] Warning: CUDA warning: an illegal memory access was encountered (function destroyEvent)
WARNING: destroy() was not called before DeepEP buffer destruction, which can leak resources.
WARN: device ibp0 is not enumerated as an mlx5 device. Skipping...

WARN: device ibp1 is not enumerated as an mlx5 device. Skipping...

WARN: device ibp2 is not enumerated as an mlx5 device. Skipping...

WARN: device ibp3 is not enumerated as an mlx5 device. Skipping...

WARN: device ibp4 is not enumerated as an mlx5 device. Skipping...

WARN: device ibp5 is not enumerated as an mlx5 device. Skipping...

WARN: device ibp6 is not enumerated as an mlx5 device. Skipping...

WARN: device ibp7 is not enumerated as an mlx5 device. Skipping...

[rank10]:[W504 19:58:14.843365963 CUDAGuardImpl.h:122] Warning: CUDA warning: an illegal memory access was encountered (function destroyEvent)
WARNING: destroy() was not called before DeepEP buffer destruction, which can leak resources.
WARN: device ibp0 is not enumerated as an mlx5 device. Skipping...

WARN: device ibp1 is not enumerated as an mlx5 device. Skipping...

WARN: device ibp2 is not enumerated as an mlx5 device. Skipping...

WARN: device ibp3 is not enumerated as an mlx5 device. Skipping...

WARN: device ibp4 is not enumerated as an mlx5 device. Skipping...

WARN: device ibp5 is not enumerated as an mlx5 device. Skipping...

WARN: device ibp6 is not enumerated as an mlx5 device. Skipping...

WARN: device ibp7 is not enumerated as an mlx5 device. Skipping...

WARNING: destroy() was not called before DeepEP buffer destruction, which can leak resources.
[rank7]:[W504 19:58:14.685403674 CUDAGuardImpl.h:122] Warning: CUDA warning: an illegal memory access was encountered (function destroyEvent)
WARN: device ibp0 is not enumerated as an mlx5 device. Skipping...

WARN: device ibp1 is not enumerated as an mlx5 device. Skipping...

WARN: device ibp2 is not enumerated as an mlx5 device. Skipping...

WARN: device ibp3 is not enumerated as an mlx5 device. Skipping...

WARN: device ibp4 is not enumerated as an mlx5 device. Skipping...

WARN: device ibp5 is not enumerated as an mlx5 device. Skipping...

WARN: device ibp6 is not enumerated as an mlx5 device. Skipping...

WARN: device ibp7 is not enumerated as an mlx5 device. Skipping...

[rank14]:[W504 19:58:14.843720066 CUDAGuardImpl.h:122] Warning: CUDA warning: an illegal memory access was encountered (function destroyEvent)
WARN: device ibp0 is not enumerated as an mlx5 device. Skipping...

WARN: device ibp1 is not enumerated as an mlx5 device. Skipping...

WARN: device ibp2 is not enumerated as an mlx5 device. Skipping...

WARN: device ibp3 is not enumerated as an mlx5 device. Skipping...

WARN: device ibp4 is not enumerated as an mlx5 device. Skipping...

WARN: device ibp5 is not enumerated as an mlx5 device. Skipping...

WARN: device ibp6 is not enumerated as an mlx5 device. Skipping...

WARN: device ibp7 is not enumerated as an mlx5 device. Skipping...

[rank3]:[W504 19:58:14.687917516 CUDAGuardImpl.h:122] Warning: CUDA warning: an illegal memory access was encountered (function destroyEvent)
WARNING: destroy() was not called before DeepEP buffer destruction, which can leak resources.
WARN: device ibp0 is not enumerated as an mlx5 device. Skipping...

WARN: device ibp1 is not enumerated as an mlx5 device. Skipping...

WARN: device ibp2 is not enumerated as an mlx5 device. Skipping...

WARN: device ibp3 is not enumerated as an mlx5 device. Skipping...

WARN: device ibp4 is not enumerated as an mlx5 device. Skipping...

WARN: device ibp5 is not enumerated as an mlx5 device. Skipping...

WARN: device ibp6 is not enumerated as an mlx5 device. Skipping...

WARN: device ibp7 is not enumerated as an mlx5 device. Skipping...

[rank9]:[W504 19:58:14.844307409 CUDAGuardImpl.h:122] Warning: CUDA warning: an illegal memory access was encountered (function destroyEvent)
WARNING: destroy() was not called before DeepEP buffer destruction, which can leak resources.
[rank1]:[W504 19:58:14.688339191 CUDAGuardImpl.h:122] Warning: CUDA warning: an illegal memory access was encountered (function destroyEvent)
WARN: device ibp0 is not enumerated as an mlx5 device. Skipping...

WARN: device ibp1 is not enumerated as an mlx5 device. Skipping...

WARN: device ibp2 is not enumerated as an mlx5 device. Skipping...

WARN: device ibp3 is not enumerated as an mlx5 device. Skipping...

WARN: device ibp4 is not enumerated as an mlx5 device. Skipping...

WARN: device ibp5 is not enumerated as an mlx5 device. Skipping...

WARN: device ibp6 is not enumerated as an mlx5 device. Skipping...

WARN: device ibp7 is not enumerated as an mlx5 device. Skipping...

WARNING: destroy() was not called before DeepEP buffer destruction, which can leak resources.
[rank11]:[W504 19:58:14.845925105 CUDAGuardImpl.h:122] Warning: CUDA warning: an illegal memory access was encountered (function destroyEvent)
WARN: device ibp0 is not enumerated as an mlx5 device. Skipping...

WARN: device ibp1 is not enumerated as an mlx5 device. Skipping...

WARN: device ibp2 is not enumerated as an mlx5 device. Skipping...

WARN: device ibp3 is not enumerated as an mlx5 device. Skipping...

WARN: device ibp4 is not enumerated as an mlx5 device. Skipping...

WARN: device ibp5 is not enumerated as an mlx5 device. Skipping...

WARN: device ibp6 is not enumerated as an mlx5 device. Skipping...

WARN: device ibp7 is not enumerated as an mlx5 device. Skipping...

[rank2]:[W504 19:58:14.690848756 CUDAGuardImpl.h:122] Warning: CUDA warning: an illegal memory access was encountered (function destroyEvent)
WARNING: destroy() was not called before DeepEP buffer destruction, which can leak resources.
WARN: device ibp0 is not enumerated as an mlx5 device. Skipping...

WARN: device ibp1 is not enumerated as an mlx5 device. Skipping...

WARN: device ibp2 is not enumerated as an mlx5 device. Skipping...

WARN: device ibp3 is not enumerated as an mlx5 device. Skipping...

WARN: device ibp4 is not enumerated as an mlx5 device. Skipping...

WARN: device ibp5 is not enumerated as an mlx5 device. Skipping...

WARN: device ibp6 is not enumerated as an mlx5 device. Skipping...

WARN: device ibp7 is not enumerated as an mlx5 device. Skipping...

WARNING: destroy() was not called before DeepEP buffer destruction, which can leak resources.
[rank8]:[W504 19:58:14.847513243 CUDAGuardImpl.h:122] Warning: CUDA warning: an illegal memory access was encountered (function destroyEvent)
[rank13]:[W504 19:58:14.847518194 CUDAGuardImpl.h:122] Warning: CUDA warning: an illegal memory access was encountered (function destroyEvent)
WARN: device ibp0 is not enumerated as an mlx5 device. Skipping...

WARN: device ibp1 is not enumerated as an mlx5 device. Skipping...

WARN: device ibp2 is not enumerated as an mlx5 device. Skipping...

WARN: device ibp3 is not enumerated as an mlx5 device. Skipping...

WARN: device ibp4 is not enumerated as an mlx5 device. Skipping...

WARN: device ibp5 is not enumerated as an mlx5 device. Skipping...

WARN: device ibp6 is not enumerated as an mlx5 device. Skipping...

WARN: device ibp7 is not enumerated as an mlx5 device. Skipping...

WARN: device ibp0 is not enumerated as an mlx5 device. Skipping...

WARN: device ibp1 is not enumerated as an mlx5 device. Skipping...

WARN: device ibp2 is not enumerated as an mlx5 device. Skipping...

WARN: device ibp3 is not enumerated as an mlx5 device. Skipping...

WARN: device ibp4 is not enumerated as an mlx5 device. Skipping...

WARN: device ibp5 is not enumerated as an mlx5 device. Skipping...

WARN: device ibp6 is not enumerated as an mlx5 device. Skipping...

[rank6]:[W504 19:58:14.693547327 CUDAGuardImpl.h:122] Warning: CUDA warning: an illegal memory access was encountered (function destroyEvent)
WARNING: destroy() was not called before DeepEP buffer destruction, which can leak resources.
WARN: device ibp7 is not enumerated as an mlx5 device. Skipping...

[rank15]:[W504 19:58:14.853178246 CUDAGuardImpl.h:122] Warning: CUDA warning: an illegal memory access was encountered (function destroyEvent)
WARN: device ibp0 is not enumerated as an mlx5 device. Skipping...

WARN: device ibp1 is not enumerated as an mlx5 device. Skipping...

WARN: device ibp2 is not enumerated as an mlx5 device. Skipping...

WARN: device ibp3 is not enumerated as an mlx5 device. Skipping...

WARN: device ibp4 is not enumerated as an mlx5 device. Skipping...

WARN: device ibp5 is not enumerated as an mlx5 device. Skipping...

WARN: device ibp6 is not enumerated as an mlx5 device. Skipping...

WARN: device ibp7 is not enumerated as an mlx5 device. Skipping...

WARNING: destroy() was not called before DeepEP buffer destruction, which can leak resources.
WARNING: destroy() was not called before DeepEP buffer destruction, which can leak resources.
WARNING: destroy() was not called before DeepEP buffer destruction, which can leak resources.
WARN: device ibp0 is not enumerated as an mlx5 device. Skipping...

WARN: device ibp1 is not enumerated as an mlx5 device. Skipping...

WARN: device ibp2 is not enumerated as an mlx5 device. Skipping...

WARN: device ibp3 is not enumerated as an mlx5 device. Skipping...

WARN: device ibp4 is not enumerated as an mlx5 device. Skipping...

WARN: device ibp5 is not enumerated as an mlx5 device. Skipping...

WARN: device ibp6 is not enumerated as an mlx5 device. Skipping...

WARN: device ibp7 is not enumerated as an mlx5 device. Skipping...

WARNING: destroy() was not called before DeepEP buffer destruction, which can leak resources.
[rank8]:[W504 19:58:15.112293586 ProcessGroupNCCL.cpp:1566] Warning: WARNING: destroy_process_group() was not called before program exit, which can leak resources. For more info, please see https://pytorch.org/docs/stable/distributed.html#shutdown (function operator())
[rank0]:[W504 19:58:15.028417833 ProcessGroupNCCL.cpp:1566] Warning: WARNING: destroy_process_group() was not called before program exit, which can leak resources. For more info, please see https://pytorch.org/docs/stable/distributed.html#shutdown (function operator())
W0504 19:58:16.611000 1692338 torch/multiprocessing/spawn.py:175] Terminating process 1692835 via signal SIGTERM
W0504 19:58:16.611000 1692338 torch/multiprocessing/spawn.py:175] Terminating process 1692837 via signal SIGTERM
W0504 19:58:16.612000 1692338 torch/multiprocessing/spawn.py:175] Terminating process 1692838 via signal SIGTERM
W0504 19:58:16.612000 1692338 torch/multiprocessing/spawn.py:175] Terminating process 1692839 via signal SIGTERM
W0504 19:58:16.612000 1692338 torch/multiprocessing/spawn.py:175] Terminating process 1692840 via signal SIGTERM
W0504 19:58:16.612000 1692338 torch/multiprocessing/spawn.py:175] Terminating process 1692841 via signal SIGTERM
W0504 19:58:16.955000 2376690 torch/multiprocessing/spawn.py:175] Terminating process 2377198 via signal SIGTERM
Traceback (most recent call last):
  File "/mnt/vast/home/tiancheng.chen/workspace/nccl-nvshmem-repro/DeepEP/tests/legacy/test_low_latency.py", line 332, in <module>
    torch.multiprocessing.spawn(test_loop, args=(num_processes, args), nprocs=num_processes)
  File "/usr/local/lib/python3.12/dist-packages/torch/multiprocessing/spawn.py", line 365, in spawn
    return start_processes(fn, args, nprocs, join, daemon, start_method="spawn")
           ^^^^^^^^^^^^^^^^^^^^^^^^^^^^^^^^^^^^^^^^^^^^^^^^^^^^^^^^^^^^^^^^^^^^^
  File "/usr/local/lib/python3.12/dist-packages/torch/multiprocessing/spawn.py", line 321, in start_processes
    while not context.join():
              ^^^^^^^^^^^^^^
  File "/usr/local/lib/python3.12/dist-packages/torch/multiprocessing/spawn.py", line 221, in join
    raise ProcessRaisedException(msg, error_index, failed_process.pid)
torch.multiprocessing.spawn.ProcessRaisedException: 

-- Process 4 terminated with the following error:
Traceback (most recent call last):
  File "/usr/local/lib/python3.12/dist-packages/torch/multiprocessing/spawn.py", line 95, in _wrap
    fn(i, *args)
  File "/mnt/vast/home/tiancheng.chen/workspace/nccl-nvshmem-repro/DeepEP/tests/legacy/test_low_latency.py", line 271, in test_loop
    test_main(num_tokens,
  File "/mnt/vast/home/tiancheng.chen/workspace/nccl-nvshmem-repro/DeepEP/tests/legacy/test_low_latency.py", line 117, in test_main
    num_valid_tokens = recv_count.item()
                       ^^^^^^^^^^^^^^^^^
  File "/usr/local/lib/python3.12/dist-packages/torch/utils/_device.py", line 103, in __torch_function__
    return func(*args, **kwargs)
           ^^^^^^^^^^^^^^^^^^^^^
torch.AcceleratorError: CUDA error: an illegal memory access was encountered
Search for `cudaErrorIllegalAddress' in https://docs.nvidia.com/cuda/cuda-runtime-api/group__CUDART__TYPES.html for more information.
CUDA kernel errors might be asynchronously reported at some other API call, so the stacktrace below might be incorrect.
For debugging consider passing CUDA_LAUNCH_BLOCKING=1
Compile with `TORCH_USE_CUDA_DSA` to enable device-side assertions.


Traceback (most recent call last):
  File "/mnt/vast/home/tiancheng.chen/workspace/nccl-nvshmem-repro/DeepEP/tests/legacy/test_low_latency.py", line 332, in <module>
    torch.multiprocessing.spawn(test_loop, args=(num_processes, args), nprocs=num_processes)
  File "/usr/local/lib/python3.12/dist-packages/torch/multiprocessing/spawn.py", line 365, in spawn
    return start_processes(fn, args, nprocs, join, daemon, start_method="spawn")
           ^^^^^^^^^^^^^^^^^^^^^^^^^^^^^^^^^^^^^^^^^^^^^^^^^^^^^^^^^^^^^^^^^^^^^
  File "/usr/local/lib/python3.12/dist-packages/torch/multiprocessing/spawn.py", line 321, in start_processes
    while not context.join():
              ^^^^^^^^^^^^^^
  File "/usr/local/lib/python3.12/dist-packages/torch/multiprocessing/spawn.py", line 221, in join
    raise ProcessRaisedException(msg, error_index, failed_process.pid)
torch.multiprocessing.spawn.ProcessRaisedException: 

-- Process 2 terminated with the following error:
Traceback (most recent call last):
  File "/usr/local/lib/python3.12/dist-packages/torch/multiprocessing/spawn.py", line 95, in _wrap
    fn(i, *args)
  File "/mnt/vast/home/tiancheng.chen/workspace/nccl-nvshmem-repro/DeepEP/tests/legacy/test_low_latency.py", line 271, in test_loop
    test_main(num_tokens,
  File "/mnt/vast/home/tiancheng.chen/workspace/nccl-nvshmem-repro/DeepEP/tests/legacy/test_low_latency.py", line 117, in test_main
    num_valid_tokens = recv_count.item()
                       ^^^^^^^^^^^^^^^^^
  File "/usr/local/lib/python3.12/dist-packages/torch/utils/_device.py", line 103, in __torch_function__
    return func(*args, **kwargs)
           ^^^^^^^^^^^^^^^^^^^^^
torch.AcceleratorError: CUDA error: an illegal memory access was encountered
Search for `cudaErrorIllegalAddress' in https://docs.nvidia.com/cuda/cuda-runtime-api/group__CUDART__TYPES.html for more information.
CUDA kernel errors might be asynchronously reported at some other API call, so the stacktrace below might be incorrect.
For debugging consider passing CUDA_LAUNCH_BLOCKING=1
Compile with `TORCH_USE_CUDA_DSA` to enable device-side assertions.


srun: error: h200-bar-201-087: task 0: Exited with exit code 1
srun: error: h200-bar-201-239: task 1: Exited with exit code 1
