WARN: device ibp6 is not supported (expected HCA interface: mlx5). Skipping...

WARN: device ibp7 is not supported (expected HCA interface: mlx5). Skipping...

[rank9]:[W504 13:57:03.475297271 CUDAGuardImpl.h:122] Warning: CUDA warning: an illegal memory access was encountered (function destroyEvent)
WARNING: destroy() was not called before DeepEP buffer destruction, which can leak resources.
[rank8]:[W504 13:57:03.785479733 ProcessGroupNCCL.cpp:1566] Warning: WARNING: destroy_process_group() was not called before program exit, which can leak resources. For more info, please see https://pytorch.org/docs/stable/distributed.html#shutdown (function operator())
W0504 13:57:05.238000 635994 torch/multiprocessing/spawn.py:175] Terminating process 636062 via signal SIGTERM
Traceback (most recent call last):
  File "/mnt/vast/home/tiancheng.chen/workspace/DeepEP/tests/legacy/test_low_latency.py", line 332, in <module>
    torch.multiprocessing.spawn(test_loop, args=(num_processes, args), nprocs=num_processes)
  File "/usr/local/lib/python3.12/dist-packages/torch/multiprocessing/spawn.py", line 365, in spawn
    return start_processes(fn, args, nprocs, join, daemon, start_method="spawn")
           ^^^^^^^^^^^^^^^^^^^^^^^^^^^^^^^^^^^^^^^^^^^^^^^^^^^^^^^^^^^^^^^^^^^^^
  File "/usr/local/lib/python3.12/dist-packages/torch/multiprocessing/spawn.py", line 321, in start_processes
    while not context.join():
              ^^^^^^^^^^^^^^
  File "/usr/local/lib/python3.12/dist-packages/torch/multiprocessing/spawn.py", line 221, in join
    raise ProcessRaisedException(msg, error_index, failed_process.pid)
torch.multiprocessing.spawn.ProcessRaisedException: 

-- Process 7 terminated with the following error:
Traceback (most recent call last):
  File "/usr/local/lib/python3.12/dist-packages/torch/multiprocessing/spawn.py", line 95, in _wrap
    fn(i, *args)
  File "/mnt/vast/home/tiancheng.chen/workspace/DeepEP/tests/legacy/test_low_latency.py", line 271, in test_loop
    test_main(num_tokens,
  File "/mnt/vast/home/tiancheng.chen/workspace/DeepEP/tests/legacy/test_low_latency.py", line 117, in test_main
    num_valid_tokens = recv_count.item()
                       ^^^^^^^^^^^^^^^^^
  File "/usr/local/lib/python3.12/dist-packages/torch/utils/_device.py", line 103, in __torch_function__
    return func(*args, **kwargs)
           ^^^^^^^^^^^^^^^^^^^^^
torch.AcceleratorError: CUDA error: an illegal memory access was encountered
Search for `cudaErrorIllegalAddress' in https://docs.nvidia.com/cuda/cuda-runtime-api/group__CUDART__TYPES.html for more information.
CUDA kernel errors might be asynchronously reported at some other API call, so the stacktrace below might be incorrect.
For debugging consider passing CUDA_LAUNCH_BLOCKING=1
Compile with `TORCH_USE_CUDA_DSA` to enable device-side assertions.


[rank0]:[W504 13:57:03.096448965 ProcessGroupNCCL.cpp:1566] Warning: WARNING: destroy_process_group() was not called before program exit, which can leak resources. For more info, please see https://pytorch.org/docs/stable/distributed.html#shutdown (function operator())
W0504 13:57:04.092000 1922357 torch/multiprocessing/spawn.py:175] Terminating process 1922424 via signal SIGTERM
W0504 13:57:04.093000 1922357 torch/multiprocessing/spawn.py:175] Terminating process 1922426 via signal SIGTERM
W0504 13:57:04.094000 1922357 torch/multiprocessing/spawn.py:175] Terminating process 1922427 via signal SIGTERM
W0504 13:57:04.094000 1922357 torch/multiprocessing/spawn.py:175] Terminating process 1922428 via signal SIGTERM
W0504 13:57:04.094000 1922357 torch/multiprocessing/spawn.py:175] Terminating process 1922429 via signal SIGTERM
W0504 13:57:04.094000 1922357 torch/multiprocessing/spawn.py:175] Terminating process 1922430 via signal SIGTERM
W0504 13:57:04.095000 1922357 torch/multiprocessing/spawn.py:175] Terminating process 1922431 via signal SIGTERM
Traceback (most recent call last):
  File "/mnt/vast/home/tiancheng.chen/workspace/DeepEP/tests/legacy/test_low_latency.py", line 332, in <module>
    torch.multiprocessing.spawn(test_loop, args=(num_processes, args), nprocs=num_processes)
  File "/usr/local/lib/python3.12/dist-packages/torch/multiprocessing/spawn.py", line 365, in spawn
    return start_processes(fn, args, nprocs, join, daemon, start_method="spawn")
           ^^^^^^^^^^^^^^^^^^^^^^^^^^^^^^^^^^^^^^^^^^^^^^^^^^^^^^^^^^^^^^^^^^^^^
  File "/usr/local/lib/python3.12/dist-packages/torch/multiprocessing/spawn.py", line 321, in start_processes
    while not context.join():
              ^^^^^^^^^^^^^^
  File "/usr/local/lib/python3.12/dist-packages/torch/multiprocessing/spawn.py", line 221, in join
    raise ProcessRaisedException(msg, error_index, failed_process.pid)
torch.multiprocessing.spawn.ProcessRaisedException: 

-- Process 1 terminated with the following error:
Traceback (most recent call last):
  File "/usr/local/lib/python3.12/dist-packages/torch/multiprocessing/spawn.py", line 95, in _wrap
    fn(i, *args)
  File "/mnt/vast/home/tiancheng.chen/workspace/DeepEP/tests/legacy/test_low_latency.py", line 271, in test_loop
    test_main(num_tokens,
  File "/mnt/vast/home/tiancheng.chen/workspace/DeepEP/tests/legacy/test_low_latency.py", line 117, in test_main
    num_valid_tokens = recv_count.item()
                       ^^^^^^^^^^^^^^^^^
  File "/usr/local/lib/python3.12/dist-packages/torch/utils/_device.py", line 103, in __torch_function__
    return func(*args, **kwargs)
           ^^^^^^^^^^^^^^^^^^^^^
torch.AcceleratorError: CUDA error: an illegal memory access was encountered
Search for `cudaErrorIllegalAddress' in https://docs.nvidia.com/cuda/cuda-runtime-api/group__CUDART__TYPES.html for more information.
CUDA kernel errors might be asynchronously reported at some other API call, so the stacktrace below might be incorrect.
For debugging consider passing CUDA_LAUNCH_BLOCKING=1
Compile with `TORCH_USE_CUDA_DSA` to enable device-side assertions.


