Allocating buffer size: 2146.961792 MB ...
Allocating buffer size: 2146.961792 MB ...
NVSHMEM v3.4.5
[slurm-h100-reserved-rno-204-111:634370:0:634370] Caught signal 11 (Segmentation fault: address not mapped to object at address 0x18)
[slurm-h100-reserved-rno-204-111:634367:0:634367] Caught signal 11 (Segmentation fault: address not mapped to object at address 0x18)
[slurm-h100-reserved-rno-204-111:634369:0:634369] Caught signal 11 (Segmentation fault: address not mapped to object at address 0x18)
[slurm-h100-reserved-rno-204-111:634373:0:634373] Caught signal 11 (Segmentation fault: address not mapped to object at address 0x18)
[slurm-h100-reserved-rno-204-111:634368:0:634368] Caught signal 11 (Segmentation fault: address not mapped to object at address 0x18)
[slurm-h100-reserved-rno-204-111:634371:0:634371] Caught signal 11 (Segmentation fault: address not mapped to object at address 0x18)
[slurm-h100-reserved-rno-204-111:634372:0:634372] Caught signal 11 (Segmentation fault: address not mapped to object at address 0x18)
[slurm-h100-reserved-rno-199-197:1919991:0:1919991] Caught signal 11 (Segmentation fault: address not mapped to object at address 0x18)
[slurm-h100-reserved-rno-199-197:1919992:0:1919992] Caught signal 11 (Segmentation fault: address not mapped to object at address 0x18)
[slurm-h100-reserved-rno-199-197:1919995:0:1919995] Caught signal 11 (Segmentation fault: address not mapped to object at address 0x18)
[slurm-h100-reserved-rno-199-197:1919988:0:1919988] Caught signal 11 (Segmentation fault: address not mapped to object at address 0x18)
[slurm-h100-reserved-rno-199-197:1919994:0:1919994] Caught signal 11 (Segmentation fault: address not mapped to object at address 0x18)
[slurm-h100-reserved-rno-199-197:1919989:0:1919989] Caught signal 11 (Segmentation fault: address not mapped to object at address 0x18)
[slurm-h100-reserved-rno-199-197:1919993:0:1919993] Caught signal 11 (Segmentation fault: address not mapped to object at address 0x18)
[slurm-h100-reserved-rno-204-111:634374:0:634374] Caught signal 11 (Segmentation fault: address not mapped to object at address 0x18)
[slurm-h100-reserved-rno-199-197:1919990:0:1919990] Caught signal 11 (Segmentation fault: address not mapped to object at address 0x18)
==== backtrace (tid:1919994) ====
==== backtrace (tid:1919988) ====
 0  /opt/hpcx/ucx/lib/libucs.so.0(ucs_handle_error+0x2e4) [0x7ff925104774]
 1  /opt/hpcx/ucx/lib/libucs.so.0(+0x3796a) [0x7ff92510496a]
 2  /opt/hpcx/ucx/lib/libucs.so.0(+0x37ba8) [0x7ff925104ba8]
 0  /opt/hpcx/ucx/lib/libucs.so.0(ucs_handle_error+0x2e4) [0x72ada7dc2774]
 3  /usr/lib/x86_64-linux-gnu/libc.so.6(+0x45330) [0x7ff930a45330]
 1  /opt/hpcx/ucx/lib/libucs.so.0(+0x3796a) [0x72ada7dc296a]
 4  /opt/amazon/efa/lib/libfabric.so.1(fi_dupinfo+0x3cb) [0x7ff5b028bc1b]
 2  /opt/hpcx/ucx/lib/libucs.so.0(+0x37ba8) [0x72ada7dc2ba8]
 5  /opt/amazon/efa/lib/libfabric.so.1(fi_dupinfo+0x280) [0x7ff5b0291d10]
 3  /usr/lib/x86_64-linux-gnu/libc.so.6(+0x45330) [0x72adc2845330]
 6  /opt/amazon/efa/lib/libfabric.so.1(fi_getinfo+0x30) [0x7ff5b0291df0]
 4  /opt/amazon/efa/lib/libfabric.so.1(fi_dupinfo+0x3cb) [0x72aa482b1c1b]
==== backtrace (tid:1919992) ====
 7  /usr/lib/x86_64-linux-gnu/nvshmem/13/nvshmem_transport_libfabric.so.3(nvshmemt_init+0xc77) [0x7ff52580bbb7]
 5  /opt/amazon/efa/lib/libfabric.so.1(fi_dupinfo+0x280) [0x72aa482b7d10]
 8  /usr/lib/x86_64-linux-gnu/nvshmem/13/libnvshmem_host.so.3(+0x110d20) [0x7ff88cf10d20]
 6  /opt/amazon/efa/lib/libfabric.so.1(fi_getinfo+0x30) [0x72aa482b7df0]
 9  /usr/lib/x86_64-linux-gnu/nvshmem/13/libnvshmem_host.so.3(+0x116f6c) [0x7ff88cf16f6c]
 7  /usr/lib/x86_64-linux-gnu/nvshmem/13/nvshmem_transport_libfabric.so.3(nvshmemt_init+0xc77) [0x72aa3840bbb7]
 0  /opt/hpcx/ucx/lib/libucs.so.0(ucs_handle_error+0x2e4) [0x7739c1504774]
==== backtrace (tid: 634368) ====
 0  /opt/hpcx/ucx/lib/libucs.so.0(ucs_handle_error+0x2e4) [0x76c49bd04774]
 1  /opt/hpcx/ucx/lib/libucs.so.0(+0x3796a) [0x76c49bd0496a]
 2  /opt/hpcx/ucx/lib/libucs.so.0(+0x37ba8) [0x76c49bd04ba8]
 3  /usr/lib/x86_64-linux-gnu/libc.so.6(+0x45330) [0x76c4a7645330]
==== backtrace (tid: 634370) ====
 4  /opt/amazon/efa/lib/libfabric.so.1(fi_dupinfo+0x3cb) [0x76c12c161c1b]
 5  /opt/amazon/efa/lib/libfabric.so.1(fi_dupinfo+0x280) [0x76c12c167d10]
 6  /opt/amazon/efa/lib/libfabric.so.1(fi_getinfo+0x30) [0x76c12c167df0]
 0  /opt/hpcx/ucx/lib/libucs.so.0(ucs_handle_error+0x2e4) [0x7efe57904774]
==== backtrace (tid: 634367) ====
 7  /usr/lib/x86_64-linux-gnu/nvshmem/13/nvshmem_transport_libfabric.so.3(nvshmemt_init+0xc77) [0x76c0a480bbb7]
 1  /opt/hpcx/ucx/lib/libucs.so.0(+0x3796a) [0x7efe5790496a]
 8  /usr/lib/x86_64-linux-gnu/nvshmem/13/libnvshmem_host.so.3(+0x110d20) [0x76c403b10d20]
==== backtrace (tid: 634373) ====
10  /usr/lib/x86_64-linux-gnu/nvshmem/13/libnvshmem_host.so.3(+0x118419) [0x7ff88cf18419]
 8  /usr/lib/x86_64-linux-gnu/nvshmem/13/libnvshmem_host.so.3(+0x110d20) [0x72ad1ed10d20]
 1  /opt/hpcx/ucx/lib/libucs.so.0(+0x3796a) [0x7739c150496a]
11  /usr/lib/x86_64-linux-gnu/nvshmem/13/libnvshmem_host.so.3(nvshmemid_hostlib_init_attr+0x1e6) [0x7ff88cf18c16]
 9  /usr/lib/x86_64-linux-gnu/nvshmem/13/libnvshmem_host.so.3(+0x116f6c) [0x72ad1ed16f6c]
 2  /opt/hpcx/ucx/lib/libucs.so.0(+0x37ba8) [0x7efe57904ba8]
 0  /opt/hpcx/ucx/lib/libucs.so.0(ucs_handle_error+0x2e4) [0x71118a9c2774]
 9  /usr/lib/x86_64-linux-gnu/nvshmem/13/libnvshmem_host.so.3(+0x116f6c) [0x76c403b16f6c]
 3  /usr/lib/x86_64-linux-gnu/libc.so.6(+0x45330) [0x7efe63045330]
 1  /opt/hpcx/ucx/lib/libucs.so.0(+0x3796a) [0x71118a9c296a]
 0  /opt/hpcx/ucx/lib/libucs.so.0(ucs_handle_error+0x2e4) [0x7d25e75c2774]
10  /usr/lib/x86_64-linux-gnu/nvshmem/13/libnvshmem_host.so.3(+0x118419) [0x76c403b18419]
 4  /opt/amazon/efa/lib/libfabric.so.1(fi_dupinfo+0x3cb) [0x7efae8141c1b]
 2  /opt/hpcx/ucx/lib/libucs.so.0(+0x37ba8) [0x71118a9c2ba8]
 1  /opt/hpcx/ucx/lib/libucs.so.0(+0x3796a) [0x7d25e75c296a]
11  /usr/lib/x86_64-linux-gnu/nvshmem/13/libnvshmem_host.so.3(nvshmemid_hostlib_init_attr+0x1e6) [0x76c403b18c16]
 5  /opt/amazon/efa/lib/libfabric.so.1(fi_dupinfo+0x280) [0x7efae8147d10]
 3  /usr/lib/x86_64-linux-gnu/libc.so.6(+0x45330) [0x7111a5245330]
 2  /opt/hpcx/ucx/lib/libucs.so.0(+0x37ba8) [0x7739c1504ba8]
12  /mnt/vast/home/tiancheng.chen/workspace/DeepEP/deep_ep/_C.cpython-312-x86_64-linux-gnu.so(_Z20nvshmemi_init_threadiPijP21nvs10  /usr/lib/x86_64-linux-gnu/nvshmem/13/libnvshmem_host.so.3(+0x118419) [0x72ad1ed18419]
==== backtrace (tid:1919995) ====
 3  /usr/lib/x86_64-linux-gnu/libc.so.6(+0x45330) [0x7739cce45330]
hmemx_init_attr_v118nvshmemi_version_t+0x31) [0x7ff7d83a4851]
11  /usr/lib/x86_64-linux-gnu/nvshmem/13/libnvshmem_host.so.3(nvshmemid_hostlib_init_attr+0x1e6) [0x72ad1ed18c16]
 4  /opt/amazon/efa/lib/libfabric.so.1(fi_dupinfo+0x3cb) [0x77364c28bc1b]
13  /mnt/vast/home/tiancheng.chen/workspace/DeepEP/deep_ep/_C.cpython-312-x86_64-linux-gnu.so(_ZN7deep_ep7nvshmem4initERKSt6vect==== backtrace (tid:1919989) ====
12  /mnt/vast/home/tiancheng.chen/workspace/DeepEP/deep_ep/_C.cpython-312-x86_64-linux-gnu.so(_Z20nvshmemi_init_threadiPijP21nvsorIhSaIhEERKiS7_S7_+0x106) [0x7ff7d82c93e6]
 2  /opt/hpcx/ucx/lib/libucs.so.0(+0x37ba8) [0x7d25e75c2ba8]
 6  /opt/amazon/efa/lib/libfabric.so.1(fi_getinfo+0x30) [0x7efae8147df0]
12  /mnt/vast/home/tiancheng.chen/workspace/DeepEP/deep_ep/_C.cpython-312-x86_64-linux-gnu.so(_Z20nvshmemi_init_threadiPijP21nvs 4  /opt/amazon/efa/lib/libfabric.so.1(fi_dupinfo+0x3cb) [0x710e2c0b1c1b]
 3  /usr/lib/x86_64-linux-gnu/libc.so.6(+0x45330) [0x7d2602045330]
 7  /usr/lib/x86_64-linux-gnu/nvshmem/13/nvshmem_transport_libfabric.so.3(nvshmemt_init+0xc77) [0x7efa51c0bbb7]
hmemx_init_attr_v118nvshmemi_version_t+0x31) [0x76c34f5a4851]
 5  /opt/amazon/efa/lib/libfabric.so.1(fi_dupinfo+0x280) [0x710e2c0b7d10]
 4  /opt/amazon/efa/lib/libfabric.so.1(fi_dupinfo+0x3cb) [0x7d2288041c1b]
 8  /usr/lib/x86_64-linux-gnu/nvshmem/13/libnvshmem_host.so.3(+0x110d20) [0x7efdbf710d20]
13  /mnt/vast/home/tiancheng.chen/workspace/DeepEP/deep_ep/_C.cpython-312-x86_64-linux-gnu.so(_ZN7deep_ep7nvshmem4initERKSt6vect 6  /opt/amazon/efa/lib/libfabric.so.1(fi_getinfo+0x30) [0x710e2c0b7df0]
 5  /opt/amazon/efa/lib/libfabric.so.1(fi_dupinfo+0x280) [0x77364c291d10]
 0  /opt/hpcx/ucx/lib/libucs.so.0(ucs_handle_error+0x2e4) [0x7f1ed3d04774]
hmemx_init_attr_v118nvshmemi_version_t+0x31) [0x72ac6c9a4851]
14  /mnt/vast/home/tiancheng.chen/workspace/DeepEP/deep_ep/_C.cpython-312-x86_64-linux-gnu.so(+0xcf856) [0x7ff7d8344856]
 6  /opt/amazon/efa/lib/libfabric.so.1(fi_getinfo+0x30) [0x77364c291df0]
 0  /opt/hpcx/ucx/lib/libucs.so.0(ucs_handle_error+0x2e4) [0x7cea0cf04774]
 1  /opt/hpcx/ucx/lib/libucs.so.0(+0x3796a) [0x7f1ed3d0496a]
15  /mnt/vast/home/tiancheng.chen/workspace/DeepEP/deep_ep/_C.cpython-312-x86_64-linux-gnu.so(+0x1102da) [0x7ff7d83852da]
13  /mnt/vast/home/tiancheng.chen/workspace/DeepEP/deep_ep/_C.cpython-312-x86_64-linux-gnu.so(_ZN7deep_ep7nvshmem4initERKSt6vect 7  /usr/lib/x86_64-linux-gnu/nvshmem/13/nvshmem_transport_libfabric.so.3(nvshmemt_init+0xc77) [0x7735c980bbb7]
 2  /opt/hpcx/ucx/lib/libucs.so.0(+0x37ba8) [0x7f1ed3d04ba8]
 9  /usr/lib/x86_64-linux-gnu/nvshmem/13/libnvshmem_host.so.3(+0x116f6c) [0x7efdbf716f6c]
 5  /opt/amazon/efa/lib/libfabric.so.1(fi_dupinfo+0x280) [0x7d2288047d10]
orIhSaIhEERKiS7_S7_+0x106) [0x76c34f4c93e6]
 7  /usr/lib/x86_64-linux-gnu/nvshmem/13/nvshmem_transport_libfabric.so.3(nvshmemt_init+0xc77) [0x710e2420bbb7]
 6  /opt/amazon/efa/lib/libfabric.so.1(fi_getinfo+0x30) [0x7d2288047df0]
10  /usr/lib/x86_64-linux-gnu/nvshmem/13/libnvshmem_host.so.3(+0x118419) [0x7efdbf718419]
14  /mnt/vast/home/tiancheng.chen/workspace/DeepEP/deep_ep/_C.cpython-312-x86_64-linux-gnu.so(+0xcf856) [0x76c34f544856]
 8  /usr/lib/x86_64-linux-gnu/nvshmem/13/libnvshmem_host.so.3(+0x110d20) [0x711101910d20]
 7  /usr/lib/x86_64-linux-gnu/nvshmem/13/nvshmem_transport_libfabric.so.3(nvshmemt_init+0xc77) [0x7d2200e0bbb7]
11  /usr/lib/x86_64-linux-gnu/nvshmem/13/libnvshmem_host.so.3(nvshmemid_hostlib_init_attr+0x1e6) [0x7efdbf718c16]
16  /mnt/vast/home/tiancheng.chen/workspace/DeepEP/deep_ep/_C.cpython-312-x86_64-linux-gnu.so(+0x5141f) [0x7ff7d82c641f]
orIhSaIhEERKiS7_S7_+0x106) [0x72ac6c8c93e6]
 1  /opt/hpcx/ucx/lib/libucs.so.0(+0x3796a) [0x7cea0cf0496a]
 8  /usr/lib/x86_64-linux-gnu/nvshmem/13/libnvshmem_host.so.3(+0x110d20) [0x773929310d20]
==== backtrace (tid:1919991) ====
 3  /usr/lib/x86_64-linux-gnu/libc.so.6(+0x45330) [0x7f1edf645330]
17  /usr/bin/python3() [0x581a6f]
==== backtrace (tid:1919990) ====
14  /mnt/vast/home/tiancheng.chen/workspace/DeepEP/deep_ep/_C.cpython-312-x86_64-linux-gnu.so(+0xcf856) [0x72ac6c944856]
 2  /opt/hpcx/ucx/lib/libucs.so.0(+0x37ba8) [0x7cea0cf04ba8]
 9  /usr/lib/x86_64-linux-gnu/nvshmem/13/libnvshmem_host.so.3(+0x116f6c) [0x773929316f6c]
 4  /opt/amazon/efa/lib/libfabric.so.1(fi_dupinfo+0x3cb) [0x7f1b64262c1b]
18  /usr/bin/python3(_PyObject_MakeTpCall+0x75) [0x5492f5]
 0  /opt/hpcx/ucx/lib/libucs.so.0(ucs_handle_error+0x2e4) [0x789600d04774]
15  /mnt/vast/home/tiancheng.chen/workspace/DeepEP/deep_ep/_C.cpython-312-x86_64-linux-gnu.so(+0x1102da) [0x76c34f5852da]
 9  /usr/lib/x86_64-linux-gnu/nvshmem/13/libnvshmem_host.so.3(+0x116f6c) [0x711101916f6c]
 8  /usr/lib/x86_64-linux-gnu/nvshmem/13/libnvshmem_host.so.3(+0x110d20) [0x7d255e510d20]
16  /mnt/vast/home/tiancheng.chen/workspace/DeepEP/deep_ep/_C.cpython-312-x86_64-linux-gnu.so(+0x5141f) [0x76c34f4c641f]
10  /usr/lib/x86_64-linux-gnu/nvshmem/13/libnvshmem_host.so.3(+0x118419) [0x711101918419]
 9  /usr/lib/x86_64-linux-gnu/nvshmem/13/libnvshmem_host.so.3(+0x116f6c) [0x7d255e516f6c]
12  /mnt/vast/home/tiancheng.chen/workspace/DeepEP/deep_ep/_C.cpython-312-x86_64-linux-gnu.so(_Z20nvshmemi_init_threadiPijP21nvs17  /usr/bin/python3() [0x581a6f]
==== backtrace (tid: 634371) ====
10  /usr/lib/x86_64-linux-gnu/nvshmem/13/libnvshmem_host.so.3(+0x118419) [0x7d255e518419]
==== backtrace (tid: 634374) ====
10  /usr/lib/x86_64-linux-gnu/nvshmem/13/libnvshmem_host.so.3(+0x118419) [0x773929318419]
==== backtrace (tid:1919993) ====
15  /mnt/vast/home/tiancheng.chen/workspace/DeepEP/deep_ep/_C.cpython-312-x86_64-linux-gnu.so(+0x1102da) [0x72ac6c9852da]
 3  /usr/lib/x86_64-linux-gnu/libc.so.6(+0x45330) [0x7cea18645330]
16  /mnt/vast/home/tiancheng.chen/workspace/DeepEP/deep_ep/_C.cpython-312-x86_64-linux-gnu.so(+0x5141f) [0x72ac6c8c641f]
 5  /opt/amazon/efa/lib/libfabric.so.1(fi_dupinfo+0x280) [0x7f1b64268d10]
19  /usr/bin/python3(_PyEval_EvalFrameDefault+0xadf) [0x5d68bf]
 0  /opt/hpcx/ucx/lib/libucs.so.0(ucs_handle_error+0x2e4) [0x7e05e93c2774]
 1  /opt/hpcx/ucx/lib/libucs.so.0(+0x3796a) [0x789600d0496a]
11  /usr/lib/x86_64-linux-gnu/nvshmem/13/libnvshmem_host.so.3(nvshmemid_hostlib_init_attr+0x1e6) [0x773929318c16]
11  /usr/lib/x86_64-linux-gnu/nvshmem/13/libnvshmem_host.so.3(nvshmemid_hostlib_init_attr+0x1e6) [0x711101918c16]
hmemx_init_attr_v118nvshmemi_version_t+0x31) [0x7efd0a9a4851]
==== backtrace (tid: 634369) ====
 4  /opt/amazon/efa/lib/libfabric.so.1(fi_dupinfo+0x3cb) [0x7ce6a0042c1b]
 1  /opt/hpcx/ucx/lib/libucs.so.0(+0x3796a) [0x7e05e93c296a]
17  /usr/bin/python3() [0x581a6f]
 6  /opt/amazon/efa/lib/libfabric.so.1(fi_getinfo+0x30) [0x7f1b64268df0]
 0  /opt/hpcx/ucx/lib/libucs.so.0(ucs_handle_error+0x2e4) [0x766be1904774]
18  /usr/bin/python3(_PyObject_MakeTpCall+0x75) [0x5492f5]
 7  /usr/lib/x86_64-linux-gnu/nvshmem/13/nvshmem_transport_libfabric.so.3(nvshmemt_init+0xc77) [0x7f1acdc0bbb7]
20  /usr/bin/python3(_PyObject_Call_Prepend+0x18a) [0x54ac0a]
 2  /opt/hpcx/ucx/lib/libucs.so.0(+0x37ba8) [0x789600d04ba8]
12  /mnt/vast/home/tiancheng.chen/workspace/DeepEP/deep_ep/_C.cpython-312-x86_64-linux-gnu.so(_Z20nvshmemi_init_threadiPijP21nvs 5  /opt/amazon/efa/lib/libfabric.so.1(fi_dupinfo+0x280) [0x7ce6a0048d10]
 2  /opt/hpcx/ucx/lib/libucs.so.0(+0x37ba8) [0x7e05e93c2ba8]
 1  /opt/hpcx/ucx/lib/libucs.so.0(+0x3796a) [0x766be190496a]
 3  /usr/lib/x86_64-linux-gnu/libc.so.6(+0x45330) [0x78960c645330]
13  /mnt/vast/home/tiancheng.chen/workspace/DeepEP/deep_ep/_C.cpython-312-x86_64-linux-gnu.so(_ZN7deep_ep7nvshmem4initERKSt6vect18  /usr/bin/python3(_PyObject_MakeTpCall+0x75) [0x5492f5]
11  /usr/lib/x86_64-linux-gnu/nvshmem/13/libnvshmem_host.so.3(nvshmemid_hostlib_init_attr+0x1e6) [0x7d255e518c16]
 0  /opt/hpcx/ucx/lib/libucs.so.0(ucs_handle_error+0x2e4) [0x7fd9a8f18774]
12  /mnt/vast/home/tiancheng.chen/workspace/DeepEP/deep_ep/_C.cpython-312-x86_64-linux-gnu.so(_Z20nvshmemi_init_threadiPijP21nvsorIhSaIhEERKiS7_S7_+0x106) [0x7efd0a8c93e6]
12  /mnt/vast/home/tiancheng.chen/workspace/DeepEP/deep_ep/_C.cpython-312-x86_64-linux-gnu.so(_Z20nvshmemi_init_threadiPijP21nvs 1  /opt/hpcx/ucx/lib/libucs.so.0(+0x3796a) [0x7fd9a8f1896a]
 0  /opt/hpcx/ucx/lib/libucs.so.0(ucs_handle_error+0x2e4) [0x7bf91ad04774]
hmemx_init_attr_v118nvshmemi_version_t+0x31) [0x71104c9a4851]
14  /mnt/vast/home/tiancheng.chen/workspace/DeepEP/deep_ep/_C.cpython-312-x86_64-linux-gnu.so(+0xcf856) [0x7efd0a944856]
19  /usr/bin/python3(_PyEval_EvalFrameDefault+0xadf) [0x5d68bf]
21  /usr/bin/python3() [0x59da4f]
 8  /usr/lib/x86_64-linux-gnu/nvshmem/13/libnvshmem_host.so.3(+0x110d20) [0x7f1e3bb10d20]
hmemx_init_attr_v118nvshmemi_version_t+0x31) [0x773873fa4851]
 6  /opt/amazon/efa/lib/libfabric.so.1(fi_getinfo+0x30) [0x7ce6a0048df0]
 3  /usr/lib/x86_64-linux-gnu/libc.so.6(+0x45330) [0x7e0603c45330]
13  /mnt/vast/home/tiancheng.chen/workspace/DeepEP/deep_ep/_C.cpython-312-x86_64-linux-gnu.so(_ZN7deep_ep7nvshmem4initERKSt6vect 2  /opt/hpcx/ucx/lib/libucs.so.0(+0x37ba8) [0x766be1904ba8]
 4  /opt/amazon/efa/lib/libfabric.so.1(fi_dupinfo+0x3cb) [0x789294022c1b]
20  /usr/bin/python3(_PyObject_Call_Prepend+0x18a) [0x54ac0a]
orIhSaIhEERKiS7_S7_+0x106) [0x773873ec93e6]
22  /usr/bin/python3() [0x599513]
 3  /usr/lib/x86_64-linux-gnu/libc.so.6(+0x45330) [0x766bed245330]
 9  /usr/lib/x86_64-linux-gnu/nvshmem/13/libnvshmem_host.so.3(+0x116f6c) [0x7f1e3bb16f6c]
19  /usr/bin/python3(_PyEval_EvalFrameDefault+0xadf) [0x5d68bf]
 0  /opt/hpcx/ucx/lib/libucs.so.0(ucs_handle_error+0x2e4) [0x7212e3504774]
15  /mnt/vast/home/tiancheng.chen/workspace/DeepEP/deep_ep/_C.cpython-312-x86_64-linux-gnu.so(+0x1102da) [0x7efd0a9852da]
hmemx_init_attr_v118nvshmemi_version_t+0x31) [0x7d24a93a4851]
 2  /opt/hpcx/ucx/lib/libucs.so.0(+0x37ba8) [0x7fd9a8f18ba8]
 1  /opt/hpcx/ucx/lib/libucs.so.0(+0x3796a) [0x7bf91ad0496a]
13  /mnt/vast/home/tiancheng.chen/workspace/DeepEP/deep_ep/_C.cpython-312-x86_64-linux-gnu.so(_ZN7deep_ep7nvshmem4initERKSt6vect20  /usr/bin/python3(_PyObject_Call_Prepend+0x18a) [0x54ac0a]
 1  /opt/hpcx/ucx/lib/libucs.so.0(+0x3796a) [0x7212e350496a]
16  /mnt/vast/home/tiancheng.chen/workspace/DeepEP/deep_ep/_C.cpython-312-x86_64-linux-gnu.so(+0x5141f) [0x7efd0a8c641f]
13  /mnt/vast/home/tiancheng.chen/workspace/DeepEP/deep_ep/_C.cpython-312-x86_64-linux-gnu.so(_ZN7deep_ep7nvshmem4initERKSt6vect 3  /usr/lib/x86_64-linux-gnu/libc.so.6(+0x45330) [0x7fd9b4c45330]
 4  /opt/amazon/efa/lib/libfabric.so.1(fi_dupinfo+0x3cb) [0x7e02881fdc1b]
 7  /usr/lib/x86_64-linux-gnu/nvshmem/13/nvshmem_transport_libfabric.so.3(nvshmemt_init+0xc77) [0x7ce61860bbb7]
 5  /opt/amazon/efa/lib/libfabric.so.1(fi_dupinfo+0x280) [0x789294028d10]
21  /usr/bin/python3() [0x59da4f]
14  /mnt/vast/home/tiancheng.chen/workspace/DeepEP/deep_ep/_C.cpython-312-x86_64-linux-gnu.so(+0xcf856) [0x773873f44856]
23  /usr/bin/python3(_PyObject_MakeTpCall+0x13e) [0x5493be]
 4  /opt/amazon/efa/lib/libfabric.so.1(fi_dupinfo+0x3cb) [0x766874442c1b]
10  /usr/lib/x86_64-linux-gnu/nvshmem/13/libnvshmem_host.so.3(+0x118419) [0x7f1e3bb18419]
 5  /opt/amazon/efa/lib/libfabric.so.1(fi_dupinfo+0x280) [0x7e0288203d10]
 8  /usr/lib/x86_64-linux-gnu/nvshmem/13/libnvshmem_host.so.3(+0x110d20) [0x7ce974d10d20]
 5  /opt/amazon/efa/lib/libfabric.so.1(fi_dupinfo+0x280) [0x766874448d10]
 6  /opt/amazon/efa/lib/libfabric.so.1(fi_getinfo+0x30) [0x789294028df0]
21  /usr/bin/python3() [0x59da4f]
 2  /opt/hpcx/ucx/lib/libucs.so.0(+0x37ba8) [0x7bf91ad04ba8]
orIhSaIhEERKiS7_S7_+0x106) [0x71104c8c93e6]
 2  /opt/hpcx/ucx/lib/libucs.so.0(+0x37ba8) [0x7212e3504ba8]
17  /usr/bin/python3() [0x581a6f]
 4  /opt/amazon/efa/lib/libfabric.so.1(fi_dupinfo+0x3cb) [0x7fd63c0b1c1b]
orIhSaIhEERKiS7_S7_+0x106) [0x7d24a92c93e6]
 3  /usr/lib/x86_64-linux-gnu/libc.so.6(+0x45330) [0x7bf926645330]
18  /usr/bin/python3(_PyObject_MakeTpCall+0x75) [0x5492f5]
 3  /usr/lib/x86_64-linux-gnu/libc.so.6(+0x45330) [0x7212eee45330]
22  /usr/bin/python3() [0x599513]
14  /mnt/vast/home/tiancheng.chen/workspace/DeepEP/deep_ep/_C.cpython-312-x86_64-linux-gnu.so(+0xcf856) [0x7d24a9344856]
 4  /opt/amazon/efa/lib/libfabric.so.1(fi_dupinfo+0x3cb) [0x7bf59c0b1c1b]
 5  /opt/amazon/efa/lib/libfabric.so.1(fi_dupinfo+0x280) [0x7fd63c0b7d10]
14  /mnt/vast/home/tiancheng.chen/workspace/DeepEP/deep_ep/_C.cpython-312-x86_64-linux-gnu.so(+0xcf856) [0x71104c944856]
15  /mnt/vast/home/tiancheng.chen/workspace/DeepEP/deep_ep/_C.cpython-312-x86_64-linux-gnu.so(+0x1102da) [0x773873f852da]
22  /usr/bin/python3() [0x599513]
24  /usr/bin/python3(_PyEval_EvalFrameDefault+0xadf) [0x5d68bf]
 6  /opt/amazon/efa/lib/libfabric.so.1(fi_getinfo+0x30) [0x766874448df0]
11  /usr/lib/x86_64-linux-gnu/nvshmem/13/libnvshmem_host.so.3(nvshmemid_hostlib_init_attr+0x1e6) [0x7f1e3bb18c16]
 6  /opt/amazon/efa/lib/libfabric.so.1(fi_getinfo+0x30) [0x7e0288203df0]
 9  /usr/lib/x86_64-linux-gnu/nvshmem/13/libnvshmem_host.so.3(+0x116f6c) [0x7ce974d16f6c]
23  /usr/bin/python3(_PyObject_MakeTpCall+0x13e) [0x5493be]
 7  /usr/lib/x86_64-linux-gnu/nvshmem/13/nvshmem_transport_libfabric.so.3(nvshmemt_init+0xc77) [0x789209c0bbb7]
16  /mnt/vast/home/tiancheng.chen/workspace/DeepEP/deep_ep/_C.cpython-312-x86_64-linux-gnu.so(+0x5141f) [0x773873ec641f]
25  /usr/bin/python3(PyEval_EvalCode+0x15b) [0x5d4dab]
19  /usr/bin/python3(_PyEval_EvalFrameDefault+0xadf) [0x5d68bf]
==== backtrace (tid: 634372) ====
 4  /opt/amazon/efa/lib/libfabric.so.1(fi_dupinfo+0x3cb) [0x720f740b1c1b]
23  /usr/bin/python3(_PyObject_MakeTpCall+0x13e) [0x5493be]
15  /mnt/vast/home/tiancheng.chen/workspace/DeepEP/deep_ep/_C.cpython-312-x86_64-linux-gnu.so(+0x1102da) [0x71104c9852da]
15  /mnt/vast/home/tiancheng.chen/workspace/DeepEP/deep_ep/_C.cpython-312-x86_64-linux-gnu.so(+0x1102da) [0x7d24a93852da]
 5  /opt/amazon/efa/lib/libfabric.so.1(fi_dupinfo+0x280) [0x7bf59c0b7d10]
 6  /opt/amazon/efa/lib/libfabric.so.1(fi_getinfo+0x30) [0x7fd63c0b7df0]
20  /usr/bin/python3(_PyObject_Call_Prepend+0x18a) [0x54ac0a]
 5  /opt/amazon/efa/lib/libfabric.so.1(fi_dupinfo+0x280) [0x720f740b7d10]
16  /mnt/vast/home/tiancheng.chen/workspace/DeepEP/deep_ep/_C.cpython-312-x86_64-linux-gnu.so(+0x5141f) [0x7d24a92c641f]
24  /usr/bin/python3(_PyEval_EvalFrameDefault+0xadf) [0x5d68bf]
 7  /usr/lib/x86_64-linux-gnu/nvshmem/13/nvshmem_transport_libfabric.so.3(nvshmemt_init+0xc77) [0x76686620bbb7]
16  /mnt/vast/home/tiancheng.chen/workspace/DeepEP/deep_ep/_C.cpython-312-x86_64-linux-gnu.so(+0x5141f) [0x71104c8c641f]
12  /mnt/vast/home/tiancheng.chen/workspace/DeepEP/deep_ep/_C.cpython-312-x86_64-linux-gnu.so(_Z20nvshmemi_init_threadiPijP21nvs 7  /usr/lib/x86_64-linux-gnu/nvshmem/13/nvshmem_transport_libfabric.so.3(nvshmemt_init+0xc77) [0x7e01f900bbb7]
10  /usr/lib/x86_64-linux-gnu/nvshmem/13/libnvshmem_host.so.3(+0x118419) [0x7ce974d18419]
 8  /usr/lib/x86_64-linux-gnu/nvshmem/13/libnvshmem_host.so.3(+0x110d20) [0x789568b10d20]
11  /usr/lib/x86_64-linux-gnu/nvshmem/13/libnvshmem_host.so.3(nvshmemid_hostlib_init_attr+0x1e6) [0x7ce974d18c16]
24  /usr/bin/python3(_PyEval_EvalFrameDefault+0xadf) [0x5d68bf]
17  /usr/bin/python3() [0x581a6f]
26  /usr/bin/python3(PyRun_StringFlags+0xd3) [0x607ea3]
 8  /usr/lib/x86_64-linux-gnu/nvshmem/13/libnvshmem_host.so.3(+0x110d20) [0x766b49710d20]
hmemx_init_attr_v118nvshmemi_version_t+0x31) [0x7f1d867a4851]
 8  /usr/lib/x86_64-linux-gnu/nvshmem/13/libnvshmem_host.so.3(+0x110d20) [0x7e0560310d20]
 9  /usr/lib/x86_64-linux-gnu/nvshmem/13/libnvshmem_host.so.3(+0x116f6c) [0x789568b16f6c]
 6  /opt/amazon/efa/lib/libfabric.so.1(fi_getinfo+0x30) [0x7bf59c0b7df0]
21  /usr/bin/python3() [0x59da4f]
 0  /opt/hpcx/ucx/lib/libucs.so.0(ucs_handle_error+0x2e4) [0x79fd5b704774]
 7  /usr/lib/x86_64-linux-gnu/nvshmem/13/nvshmem_transport_libfabric.so.3(nvshmemt_init+0xc77) [0x7bf53460bbb7]
 7  /usr/lib/x86_64-linux-gnu/nvshmem/13/nvshmem_transport_libfabric.so.3(nvshmemt_init+0xc77) [0x7fd63420bbb7]
 6  /opt/amazon/efa/lib/libfabric.so.1(fi_getinfo+0x30) [0x720f740b7df0]
17  /usr/bin/python3() [0x581a6f]
 8  /usr/lib/x86_64-linux-gnu/nvshmem/13/libnvshmem_host.so.3(+0x110d20) [0x7fd911110d20]
25  /usr/bin/python3(PyEval_EvalCode+0x15b) [0x5d4dab]
17  /usr/bin/python3() [0x581a6f]
18  /usr/bin/python3(_PyObject_MakeTpCall+0x75) [0x5492f5]
22  /usr/bin/python3() [0x599513]
26  /usr/bin/python3(PyRun_StringFlags+0xd3) [0x607ea3]
 8  /usr/lib/x86_64-linux-gnu/nvshmem/13/libnvshmem_host.so.3(+0x110d20) [0x7bf882b10d20]
 1  /opt/hpcx/ucx/lib/libucs.so.0(+0x3796a) [0x79fd5b70496a]
18  /usr/bin/python3(_PyObject_MakeTpCall+0x75) [0x5492f5]
25  /usr/bin/python3(PyEval_EvalCode+0x15b) [0x5d4dab]
12  /mnt/vast/home/tiancheng.chen/workspace/DeepEP/deep_ep/_C.cpython-312-x86_64-linux-gnu.so(_Z20nvshmemi_init_threadiPijP21nvs27  /usr/bin/python3(PyRun_SimpleStringFlags+0x3e) [0x6b339e]
hmemx_init_attr_v118nvshmemi_version_t+0x31) [0x7ce8c1ba4851]
 9  /usr/lib/x86_64-linux-gnu/nvshmem/13/libnvshmem_host.so.3(+0x116f6c) [0x766b49716f6c]
13  /mnt/vast/home/tiancheng.chen/workspace/DeepEP/deep_ep/_C.cpython-312-x86_64-linux-gnu.so(_ZN7deep_ep7nvshmem4initERKSt6vect28  /usr/bin/python3(Py_RunMain+0x481) [0x6bc011]
10  /usr/lib/x86_64-linux-gnu/nvshmem/13/libnvshmem_host.so.3(+0x118419) [0x789568b18419]
19  /usr/bin/python3(_PyEval_EvalFrameDefault+0xadf) [0x5d68bf]
26  /usr/bin/python3(PyRun_StringFlags+0xd3) [0x607ea3]
 9  /usr/lib/x86_64-linux-gnu/nvshmem/13/libnvshmem_host.so.3(+0x116f6c) [0x7e0560316f6c]
29  /usr/bin/python3(Py_BytesMain+0x2d) [0x6bba2d]
23  /usr/bin/python3(_PyObject_MakeTpCall+0x13e) [0x5493be]
 7  /usr/lib/x86_64-linux-gnu/nvshmem/13/nvshmem_transport_libfabric.so.3(nvshmemt_init+0xc77) [0x720efce0bbb7]
 9  /usr/lib/x86_64-linux-gnu/nvshmem/13/libnvshmem_host.so.3(+0x116f6c) [0x7fd911116f6c]
18  /usr/bin/python3(_PyObject_MakeTpCall+0x75) [0x5492f5]
19  /usr/bin/python3(_PyEval_EvalFrameDefault+0xadf) [0x5d68bf]
27  /usr/bin/python3(PyRun_SimpleStringFlags+0x3e) [0x6b339e]
 9  /usr/lib/x86_64-linux-gnu/nvshmem/13/libnvshmem_host.so.3(+0x116f6c) [0x7bf882b16f6c]
 2  /opt/hpcx/ucx/lib/libucs.so.0(+0x37ba8) [0x79fd5b704ba8]
24  /usr/bin/python3(_PyEval_EvalFrameDefault+0xadf) [0x5d68bf]
 8  /usr/lib/x86_64-linux-gnu/nvshmem/13/libnvshmem_host.so.3(+0x110d20) [0x72124b310d20]
 3  /usr/lib/x86_64-linux-gnu/libc.so.6(+0x45330) [0x79fd67045330]
10  /usr/lib/x86_64-linux-gnu/nvshmem/13/libnvshmem_host.so.3(+0x118419) [0x7fd911118419]
19  /usr/bin/python3(_PyEval_EvalFrameDefault+0xadf) [0x5d68bf]
13  /mnt/vast/home/tiancheng.chen/workspace/DeepEP/deep_ep/_C.cpython-312-x86_64-linux-gnu.so(_ZN7deep_ep7nvshmem4initERKSt6vect10  /usr/lib/x86_64-linux-gnu/nvshmem/13/libnvshmem_host.so.3(+0x118419) [0x766b49718419]
20  /usr/bin/python3(_PyObject_Call_Prepend+0x18a) [0x54ac0a]
orIhSaIhEERKiS7_S7_+0x106) [0x7f1d866c93e6]
27  /usr/bin/python3(PyRun_SimpleStringFlags+0x3e) [0x6b339e]
11  /usr/lib/x86_64-linux-gnu/nvshmem/13/libnvshmem_host.so.3(nvshmemid_hostlib_init_attr+0x1e6) [0x789568b18c16]
10  /usr/lib/x86_64-linux-gnu/nvshmem/13/libnvshmem_host.so.3(+0x118419) [0x7e0560318419]
14  /mnt/vast/home/tiancheng.chen/workspace/DeepEP/deep_ep/_C.cpython-312-x86_64-linux-gnu.so(+0xcf856) [0x7f1d86744856]
30  /usr/lib/x86_64-linux-gnu/libc.so.6(+0x2a1ca) [0x7ff930a2a1ca]
12  /mnt/vast/home/tiancheng.chen/workspace/DeepEP/deep_ep/_C.cpython-312-x86_64-linux-gnu.so(_Z20nvshmemi_init_threadiPijP21nvsorIhSaIhEERKiS7_S7_+0x106) [0x7ce8c1ac93e6]
20  /usr/bin/python3(_PyObject_Call_Prepend+0x18a) [0x54ac0a]
28  /usr/bin/python3(Py_RunMain+0x481) [0x6bc011]
10  /usr/lib/x86_64-linux-gnu/nvshmem/13/libnvshmem_host.so.3(+0x118419) [0x7bf882b18419]
20  /usr/bin/python3(_PyObject_Call_Prepend+0x18a) [0x54ac0a]
25  /usr/bin/python3(PyEval_EvalCode+0x15b) [0x5d4dab]
 9  /usr/lib/x86_64-linux-gnu/nvshmem/13/libnvshmem_host.so.3(+0x116f6c) [0x72124b316f6c]
 4  /opt/amazon/efa/lib/libfabric.so.1(fi_dupinfo+0x3cb) [0x79f9ec242c1b]
11  /usr/lib/x86_64-linux-gnu/nvshmem/13/libnvshmem_host.so.3(nvshmemid_hostlib_init_attr+0x1e6) [0x7fd911118c16]
21  /usr/bin/python3() [0x59da4f]
29  /usr/bin/python3(Py_BytesMain+0x2d) [0x6bba2d]
11  /usr/lib/x86_64-linux-gnu/nvshmem/13/libnvshmem_host.so.3(nvshmemid_hostlib_init_attr+0x1e6) [0x7bf882b18c16]
21  /usr/bin/python3() [0x59da4f]
22  /usr/bin/python3() [0x599513]
26  /usr/bin/python3(PyRun_StringFlags+0xd3) [0x607ea3]
11  /usr/lib/x86_64-linux-gnu/nvshmem/13/libnvshmem_host.so.3(nvshmemid_hostlib_init_attr+0x1e6) [0x766b49718c16]
21  /usr/bin/python3() [0x59da4f]
28  /usr/bin/python3(Py_RunMain+0x481) [0x6bc011]
15  /mnt/vast/home/tiancheng.chen/workspace/DeepEP/deep_ep/_C.cpython-312-x86_64-linux-gnu.so(+0x1102da) [0x7f1d867852da]
31  /usr/lib/x86_64-linux-gnu/libc.so.6(__libc_start_main+0x8b) [0x7ff930a2a28b]
11  /usr/lib/x86_64-linux-gnu/nvshmem/13/libnvshmem_host.so.3(nvshmemid_hostlib_init_attr+0x1e6) [0x7e0560318c16]
hmemx_init_attr_v118nvshmemi_version_t+0x31) [0x7894b4da4851]
32  /usr/bin/python3(_start+0x25) [0x656a35]
12  /mnt/vast/home/tiancheng.chen/workspace/DeepEP/deep_ep/_C.cpython-312-x86_64-linux-gnu.so(_Z20nvshmemi_init_threadiPijP21nvs14  /mnt/vast/home/tiancheng.chen/workspace/DeepEP/deep_ep/_C.cpython-312-x86_64-linux-gnu.so(+0xcf856) [0x7ce8c1b44856]
22  /usr/bin/python3() [0x599513]
12  /mnt/vast/home/tiancheng.chen/workspace/DeepEP/deep_ep/_C.cpython-312-x86_64-linux-gnu.so(_Z20nvshmemi_init_threadiPijP21nvs10  /usr/lib/x86_64-linux-gnu/nvshmem/13/libnvshmem_host.so.3(+0x118419) [0x72124b318419]
23  /usr/bin/python3(_PyObject_MakeTpCall+0x13e) [0x5493be]
27  /usr/bin/python3(PyRun_SimpleStringFlags+0x3e) [0x6b339e]
 5  /opt/amazon/efa/lib/libfabric.so.1(fi_dupinfo+0x280) [0x79f9ec248d10]
12  /mnt/vast/home/tiancheng.chen/workspace/DeepEP/deep_ep/_C.cpython-312-x86_64-linux-gnu.so(_Z20nvshmemi_init_threadiPijP21nvs30  /usr/lib/x86_64-linux-gnu/libc.so.6(+0x2a1ca) [0x76c4a762a1ca]
22  /usr/bin/python3() [0x599513]
hmemx_init_attr_v118nvshmemi_version_t+0x31) [0x7bf7cdba4851]
11  /usr/lib/x86_64-linux-gnu/nvshmem/13/libnvshmem_host.so.3(nvshmemid_hostlib_init_attr+0x1e6) [0x72124b318c16]
24  /usr/bin/python3(_PyEval_EvalFrameDefault+0xadf) [0x5d68bf]
28  /usr/bin/python3(Py_RunMain+0x481) [0x6bc011]
12  /mnt/vast/home/tiancheng.chen/workspace/DeepEP/deep_ep/_C.cpython-312-x86_64-linux-gnu.so(_Z20nvshmemi_init_threadiPijP21nvs15  /mnt/vast/home/tiancheng.chen/workspace/DeepEP/deep_ep/_C.cpython-312-x86_64-linux-gnu.so(+0x1102da) [0x7ce8c1b852da]
16  /mnt/vast/home/tiancheng.chen/workspace/DeepEP/deep_ep/_C.cpython-312-x86_64-linux-gnu.so(+0x5141f) [0x7f1d866c641f]
29  /usr/bin/python3(Py_BytesMain+0x2d) [0x6bba2d]
13  /mnt/vast/home/tiancheng.chen/workspace/DeepEP/deep_ep/_C.cpython-312-x86_64-linux-gnu.so(_ZN7deep_ep7nvshmem4initERKSt6vect16  /mnt/vast/home/tiancheng.chen/workspace/DeepEP/deep_ep/_C.cpython-312-x86_64-linux-gnu.so(+0x5141f) [0x7ce8c1ac641f]
=================================
hmemx_init_attr_v118nvshmemi_version_t+0x31) [0x7e04abfa4851]
23  /usr/bin/python3(_PyObject_MakeTpCall+0x13e) [0x5493be]
17  /usr/bin/python3() [0x581a6f]
hmemx_init_attr_v118nvshmemi_version_t+0x31) [0x766a959a4851]
13  /mnt/vast/home/tiancheng.chen/workspace/DeepEP/deep_ep/_C.cpython-312-x86_64-linux-gnu.so(_ZN7deep_ep7nvshmem4initERKSt6vecthmemx_init_attr_v118nvshmemi_version_t+0x31) [0x7fd85cfa4851]
31  /usr/lib/x86_64-linux-gnu/libc.so.6(__libc_start_main+0x8b) [0x76c4a762a28b]
13  /mnt/vast/home/tiancheng.chen/workspace/DeepEP/deep_ep/_C.cpython-312-x86_64-linux-gnu.so(_ZN7deep_ep7nvshmem4initERKSt6vect17  /usr/bin/python3() [0x581a6f]
18  /usr/bin/python3(_PyObject_MakeTpCall+0x75) [0x5492f5]
30  /usr/lib/x86_64-linux-gnu/libc.so.6(+0x2a1ca) [0x72adc282a1ca]
orIhSaIhEERKiS7_S7_+0x106) [0x7894b4cc93e6]
18  /usr/bin/python3(_PyObject_MakeTpCall+0x75) [0x5492f5]
24  /usr/bin/python3(_PyEval_EvalFrameDefault+0xadf) [0x5d68bf]
19  /usr/bin/python3(_PyEval_EvalFrameDefault+0xadf) [0x5d68bf]
13  /mnt/vast/home/tiancheng.chen/workspace/DeepEP/deep_ep/_C.cpython-312-x86_64-linux-gnu.so(_ZN7deep_ep7nvshmem4initERKSt6vectorIhSaIhEERKiS7_S7_+0x106) [0x7e04abec93e6]
31  /usr/lib/x86_64-linux-gnu/libc.so.6(__libc_start_main+0x8b) [0x72adc282a28b]
19  /usr/bin/python3(_PyEval_EvalFrameDefault+0xadf) [0x5d68bf]
14  /mnt/vast/home/tiancheng.chen/workspace/DeepEP/deep_ep/_C.cpython-312-x86_64-linux-gnu.so(+0xcf856) [0x7894b4d44856]
25  /usr/bin/python3(PyEval_EvalCode+0x15b) [0x5d4dab]
 6  /opt/amazon/efa/lib/libfabric.so.1(fi_getinfo+0x30) [0x79f9ec248df0]
23  /usr/bin/python3(_PyObject_MakeTpCall+0x13e) [0x5493be]
32  /usr/bin/python3(_start+0x25) [0x656a35]
12  /mnt/vast/home/tiancheng.chen/workspace/DeepEP/deep_ep/_C.cpython-312-x86_64-linux-gnu.so(_Z20nvshmemi_init_threadiPijP21nvs25  /usr/bin/python3(PyEval_EvalCode+0x15b) [0x5d4dab]
orIhSaIhEERKiS7_S7_+0x106) [0x7bf7cdac93e6]
=================================
29  /usr/bin/python3(Py_BytesMain+0x2d) [0x6bba2d]
26  /usr/bin/python3(PyRun_StringFlags+0xd3) [0x607ea3]
13  /mnt/vast/home/tiancheng.chen/workspace/DeepEP/deep_ep/_C.cpython-312-x86_64-linux-gnu.so(_ZN7deep_ep7nvshmem4initERKSt6vect24  /usr/bin/python3(_PyEval_EvalFrameDefault+0xadf) [0x5d68bf]
orIhSaIhEERKiS7_S7_+0x106) [0x7fd85cec93e6]
 7  /usr/lib/x86_64-linux-gnu/nvshmem/13/nvshmem_transport_libfabric.so.3(nvshmemt_init+0xc77) [0x79f974a0bbb7]
hmemx_init_attr_v118nvshmemi_version_t+0x31) [0x7211961a4851]
20  /usr/bin/python3(_PyObject_Call_Prepend+0x18a) [0x54ac0a]
orIhSaIhEERKiS7_S7_+0x106) [0x766a958c93e6]
32  /usr/bin/python3(_start+0x25) [0x656a35]
14  /mnt/vast/home/tiancheng.chen/workspace/DeepEP/deep_ep/_C.cpython-312-x86_64-linux-gnu.so(+0xcf856) [0x7e04abf44856]
20  /usr/bin/python3(_PyObject_Call_Prepend+0x18a) [0x54ac0a]
15  /mnt/vast/home/tiancheng.chen/workspace/DeepEP/deep_ep/_C.cpython-312-x86_64-linux-gnu.so(+0x1102da) [0x7894b4d852da]
26  /usr/bin/python3(PyRun_StringFlags+0xd3) [0x607ea3]
21  /usr/bin/python3() [0x59da4f]
14  /mnt/vast/home/tiancheng.chen/workspace/DeepEP/deep_ep/_C.cpython-312-x86_64-linux-gnu.so(+0xcf856) [0x766a95944856]
=================================
15  /mnt/vast/home/tiancheng.chen/workspace/DeepEP/deep_ep/_C.cpython-312-x86_64-linux-gnu.so(+0x1102da) [0x7e04abf852da]
21  /usr/bin/python3() [0x59da4f]
16  /mnt/vast/home/tiancheng.chen/workspace/DeepEP/deep_ep/_C.cpython-312-x86_64-linux-gnu.so(+0x5141f) [0x7894b4cc641f]
14  /mnt/vast/home/tiancheng.chen/workspace/DeepEP/deep_ep/_C.cpython-312-x86_64-linux-gnu.so(+0xcf856) [0x7bf7cdb44856]
27  /usr/bin/python3(PyRun_SimpleStringFlags+0x3e) [0x6b339e]
30  /usr/lib/x86_64-linux-gnu/libc.so.6(+0x2a1ca) [0x7efe6302a1ca]
25  /usr/bin/python3(PyEval_EvalCode+0x15b) [0x5d4dab]
 8  /usr/lib/x86_64-linux-gnu/nvshmem/13/libnvshmem_host.so.3(+0x110d20) [0x79fcc3510d20]
15  /mnt/vast/home/tiancheng.chen/workspace/DeepEP/deep_ep/_C.cpython-312-x86_64-linux-gnu.so(+0x1102da) [0x7bf7cdb852da]
14  /mnt/vast/home/tiancheng.chen/workspace/DeepEP/deep_ep/_C.cpython-312-x86_64-linux-gnu.so(+0xcf856) [0x7fd85cf44856]
13  /mnt/vast/home/tiancheng.chen/workspace/DeepEP/deep_ep/_C.cpython-312-x86_64-linux-gnu.so(_ZN7deep_ep7nvshmem4initERKSt6vect28  /usr/bin/python3(Py_RunMain+0x481) [0x6bc011]
 9  /usr/lib/x86_64-linux-gnu/nvshmem/13/libnvshmem_host.so.3(+0x116f6c) [0x79fcc3516f6c]
31  /usr/lib/x86_64-linux-gnu/libc.so.6(__libc_start_main+0x8b) [0x7efe6302a28b]
27  /usr/bin/python3(PyRun_SimpleStringFlags+0x3e) [0x6b339e]
22  /usr/bin/python3() [0x599513]
15  /mnt/vast/home/tiancheng.chen/workspace/DeepEP/deep_ep/_C.cpython-312-x86_64-linux-gnu.so(+0x1102da) [0x766a959852da]
16  /mnt/vast/home/tiancheng.chen/workspace/DeepEP/deep_ep/_C.cpython-312-x86_64-linux-gnu.so(+0x5141f) [0x7e04abec641f]
22  /usr/bin/python3() [0x599513]
17  /usr/bin/python3() [0x581a6f]
28  /usr/bin/python3(Py_RunMain+0x481) [0x6bc011]
23  /usr/bin/python3(_PyObject_MakeTpCall+0x13e) [0x5493be]
16  /mnt/vast/home/tiancheng.chen/workspace/DeepEP/deep_ep/_C.cpython-312-x86_64-linux-gnu.so(+0x5141f) [0x766a958c641f]
18  /usr/bin/python3(_PyObject_MakeTpCall+0x75) [0x5492f5]
17  /usr/bin/python3() [0x581a6f]
23  /usr/bin/python3(_PyObject_MakeTpCall+0x13e) [0x5493be]
24  /usr/bin/python3(_PyEval_EvalFrameDefault+0xadf) [0x5d68bf]
29  /usr/bin/python3(Py_BytesMain+0x2d) [0x6bba2d]
19  /usr/bin/python3(_PyEval_EvalFrameDefault+0xadf) [0x5d68bf]
17  /usr/bin/python3() [0x581a6f]
26  /usr/bin/python3(PyRun_StringFlags+0xd3) [0x607ea3]
16  /mnt/vast/home/tiancheng.chen/workspace/DeepEP/deep_ep/_C.cpython-312-x86_64-linux-gnu.so(+0x5141f) [0x7bf7cdac641f]
15  /mnt/vast/home/tiancheng.chen/workspace/DeepEP/deep_ep/_C.cpython-312-x86_64-linux-gnu.so(+0x1102da) [0x7fd85cf852da]
orIhSaIhEERKiS7_S7_+0x106) [0x7211960c93e6]
29  /usr/bin/python3(Py_BytesMain+0x2d) [0x6bba2d]
10  /usr/lib/x86_64-linux-gnu/nvshmem/13/libnvshmem_host.so.3(+0x118419) [0x79fcc3518419]
16  /mnt/vast/home/tiancheng.chen/workspace/DeepEP/deep_ep/_C.cpython-312-x86_64-linux-gnu.so(+0x5141f) [0x7fd85cec641f]
27  /usr/bin/python3(PyRun_SimpleStringFlags+0x3e) [0x6b339e]
32  /usr/bin/python3(_start+0x25) [0x656a35]
17  /usr/bin/python3() [0x581a6f]
14  /mnt/vast/home/tiancheng.chen/workspace/DeepEP/deep_ep/_C.cpython-312-x86_64-linux-gnu.so(+0xcf856) [0x721196144856]
30  /usr/lib/x86_64-linux-gnu/libc.so.6(+0x2a1ca) [0x7d260202a1ca]
28  /usr/bin/python3(Py_RunMain+0x481) [0x6bc011]
24  /usr/bin/python3(_PyEval_EvalFrameDefault+0xadf) [0x5d68bf]
25  /usr/bin/python3(PyEval_EvalCode+0x15b) [0x5d4dab]
11  /usr/lib/x86_64-linux-gnu/nvshmem/13/libnvshmem_host.so.3(nvshmemid_hostlib_init_attr+0x1e6) [0x79fcc3518c16]
17  /usr/bin/python3() [0x581a6f]
=================================
18  /usr/bin/python3(_PyObject_MakeTpCall+0x75) [0x5492f5]
15  /mnt/vast/home/tiancheng.chen/workspace/DeepEP/deep_ep/_C.cpython-312-x86_64-linux-gnu.so(+0x1102da) [0x7211961852da]
31  /usr/lib/x86_64-linux-gnu/libc.so.6(__libc_start_main+0x8b) [0x7d260202a28b]
29  /usr/bin/python3(Py_BytesMain+0x2d) [0x6bba2d]
12  /mnt/vast/home/tiancheng.chen/workspace/DeepEP/deep_ep/_C.cpython-312-x86_64-linux-gnu.so(_Z20nvshmemi_init_threadiPijP21nvs18  /usr/bin/python3(_PyObject_MakeTpCall+0x75) [0x5492f5]
19  /usr/bin/python3(_PyEval_EvalFrameDefault+0xadf) [0x5d68bf]
16  /mnt/vast/home/tiancheng.chen/workspace/DeepEP/deep_ep/_C.cpython-312-x86_64-linux-gnu.so(+0x5141f) [0x7211960c641f]
hmemx_init_attr_v118nvshmemi_version_t+0x31) [0x79fc0dda4851]
20  /usr/bin/python3(_PyObject_Call_Prepend+0x18a) [0x54ac0a]
20  /usr/bin/python3(_PyObject_Call_Prepend+0x18a) [0x54ac0a]
18  /usr/bin/python3(_PyObject_MakeTpCall+0x75) [0x5492f5]
30  /usr/lib/x86_64-linux-gnu/libc.so.6(+0x2a1ca) [0x7739cce2a1ca]
18  /usr/bin/python3(_PyObject_MakeTpCall+0x75) [0x5492f5]
19  /usr/bin/python3(_PyEval_EvalFrameDefault+0xadf) [0x5d68bf]
25  /usr/bin/python3(PyEval_EvalCode+0x15b) [0x5d4dab]
21  /usr/bin/python3() [0x59da4f]
26  /usr/bin/python3(PyRun_StringFlags+0xd3) [0x607ea3]
31  /usr/lib/x86_64-linux-gnu/libc.so.6(__libc_start_main+0x8b) [0x7739cce2a28b]
19  /usr/bin/python3(_PyEval_EvalFrameDefault+0xadf) [0x5d68bf]
20  /usr/bin/python3(_PyObject_Call_Prepend+0x18a) [0x54ac0a]
26  /usr/bin/python3(PyRun_StringFlags+0xd3) [0x607ea3]
20  /usr/bin/python3(_PyObject_Call_Prepend+0x18a) [0x54ac0a]
22  /usr/bin/python3() [0x599513]
27  /usr/bin/python3(PyRun_SimpleStringFlags+0x3e) [0x6b339e]
27  /usr/bin/python3(PyRun_SimpleStringFlags+0x3e) [0x6b339e]
32  /usr/bin/python3(_start+0x25) [0x656a35]
21  /usr/bin/python3() [0x59da4f]
30  /usr/lib/x86_64-linux-gnu/libc.so.6(+0x2a1ca) [0x7111a522a1ca]
21  /usr/bin/python3() [0x59da4f]
23  /usr/bin/python3(_PyObject_MakeTpCall+0x13e) [0x5493be]
22  /usr/bin/python3() [0x599513]
28  /usr/bin/python3(Py_RunMain+0x481) [0x6bc011]
22  /usr/bin/python3() [0x599513]
=================================
28  /usr/bin/python3(Py_RunMain+0x481) [0x6bc011]
24  /usr/bin/python3(_PyEval_EvalFrameDefault+0xadf) [0x5d68bf]
23  /usr/bin/python3(_PyObject_MakeTpCall+0x13e) [0x5493be]
29  /usr/bin/python3(Py_BytesMain+0x2d) [0x6bba2d]
23  /usr/bin/python3(_PyObject_MakeTpCall+0x13e) [0x5493be]
29  /usr/bin/python3(Py_BytesMain+0x2d) [0x6bba2d]
25  /usr/bin/python3(PyEval_EvalCode+0x15b) [0x5d4dab]
24  /usr/bin/python3(_PyEval_EvalFrameDefault+0xadf) [0x5d68bf]
24  /usr/bin/python3(_PyEval_EvalFrameDefault+0xadf) [0x5d68bf]
26  /usr/bin/python3(PyRun_StringFlags+0xd3) [0x607ea3]
30  /usr/lib/x86_64-linux-gnu/libc.so.6(+0x2a1ca) [0x7f1edf62a1ca]
30  /usr/lib/x86_64-linux-gnu/libc.so.6(+0x2a1ca) [0x7cea1862a1ca]
25  /usr/bin/python3(PyEval_EvalCode+0x15b) [0x5d4dab]
13  /mnt/vast/home/tiancheng.chen/workspace/DeepEP/deep_ep/_C.cpython-312-x86_64-linux-gnu.so(_ZN7deep_ep7nvshmem4initERKSt6vect32  /usr/bin/python3(_start+0x25) [0x656a35]
17  /usr/bin/python3() [0x581a6f]
31  /usr/lib/x86_64-linux-gnu/libc.so.6(__libc_start_main+0x8b) [0x7111a522a28b]
19  /usr/bin/python3(_PyEval_EvalFrameDefault+0xadf) [0x5d68bf]
21  /usr/bin/python3() [0x59da4f]
=================================
orIhSaIhEERKiS7_S7_+0x106) [0x79fc0dcc93e6]
18  /usr/bin/python3(_PyObject_MakeTpCall+0x75) [0x5492f5]
22  /usr/bin/python3() [0x599513]
32  /usr/bin/python3(_start+0x25) [0x656a35]
20  /usr/bin/python3(_PyObject_Call_Prepend+0x18a) [0x54ac0a]
14  /mnt/vast/home/tiancheng.chen/workspace/DeepEP/deep_ep/_C.cpython-312-x86_64-linux-gnu.so(+0xcf856) [0x79fc0dd44856]
19  /usr/bin/python3(_PyEval_EvalFrameDefault+0xadf) [0x5d68bf]
=================================
23  /usr/bin/python3(_PyObject_MakeTpCall+0x13e) [0x5493be]
25  /usr/bin/python3(PyEval_EvalCode+0x15b) [0x5d4dab]
27  /usr/bin/python3(PyRun_SimpleStringFlags+0x3e) [0x6b339e]
31  /usr/lib/x86_64-linux-gnu/libc.so.6(__libc_start_main+0x8b) [0x7f1edf62a28b]
31  /usr/lib/x86_64-linux-gnu/libc.so.6(__libc_start_main+0x8b) [0x7cea1862a28b]
26  /usr/bin/python3(PyRun_StringFlags+0xd3) [0x607ea3]
28  /usr/bin/python3(Py_RunMain+0x481) [0x6bc011]
26  /usr/bin/python3(PyRun_StringFlags+0xd3) [0x607ea3]
32  /usr/bin/python3(_start+0x25) [0x656a35]
27  /usr/bin/python3(PyRun_SimpleStringFlags+0x3e) [0x6b339e]
32  /usr/bin/python3(_start+0x25) [0x656a35]
29  /usr/bin/python3(Py_BytesMain+0x2d) [0x6bba2d]
=================================
28  /usr/bin/python3(Py_RunMain+0x481) [0x6bc011]
27  /usr/bin/python3(PyRun_SimpleStringFlags+0x3e) [0x6b339e]
=================================
29  /usr/bin/python3(Py_BytesMain+0x2d) [0x6bba2d]
30  /usr/lib/x86_64-linux-gnu/libc.so.6(+0x2a1ca) [0x78960c62a1ca]
28  /usr/bin/python3(Py_RunMain+0x481) [0x6bc011]
15  /mnt/vast/home/tiancheng.chen/workspace/DeepEP/deep_ep/_C.cpython-312-x86_64-linux-gnu.so(+0x1102da) [0x79fc0dd852da]
20  /usr/bin/python3(_PyObject_Call_Prepend+0x18a) [0x54ac0a]
21  /usr/bin/python3() [0x59da4f]
24  /usr/bin/python3(_PyEval_EvalFrameDefault+0xadf) [0x5d68bf]
16  /mnt/vast/home/tiancheng.chen/workspace/DeepEP/deep_ep/_C.cpython-312-x86_64-linux-gnu.so(+0x5141f) [0x79fc0dcc641f]
22  /usr/bin/python3() [0x599513]
21  /usr/bin/python3() [0x59da4f]
25  /usr/bin/python3(PyEval_EvalCode+0x15b) [0x5d4dab]
17  /usr/bin/python3() [0x581a6f]
22  /usr/bin/python3() [0x599513]
23  /usr/bin/python3(_PyObject_MakeTpCall+0x13e) [0x5493be]
18  /usr/bin/python3(_PyObject_MakeTpCall+0x75) [0x5492f5]
26  /usr/bin/python3(PyRun_StringFlags+0xd3) [0x607ea3]
23  /usr/bin/python3(_PyObject_MakeTpCall+0x13e) [0x5493be]
24  /usr/bin/python3(_PyEval_EvalFrameDefault+0xadf) [0x5d68bf]
19  /usr/bin/python3(_PyEval_EvalFrameDefault+0xadf) [0x5d68bf]
27  /usr/bin/python3(PyRun_SimpleStringFlags+0x3e) [0x6b339e]
31  /usr/lib/x86_64-linux-gnu/libc.so.6(__libc_start_main+0x8b) [0x78960c62a28b]
30  /usr/lib/x86_64-linux-gnu/libc.so.6(+0x2a1ca) [0x7e0603c2a1ca]
29  /usr/bin/python3(Py_BytesMain+0x2d) [0x6bba2d]
32  /usr/bin/python3(_start+0x25) [0x656a35]
31  /usr/lib/x86_64-linux-gnu/libc.so.6(__libc_start_main+0x8b) [0x7e0603c2a28b]
=================================
30  /usr/lib/x86_64-linux-gnu/libc.so.6(+0x2a1ca) [0x766bed22a1ca]
32  /usr/bin/python3(_start+0x25) [0x656a35]
=================================
31  /usr/lib/x86_64-linux-gnu/libc.so.6(__libc_start_main+0x8b) [0x766bed22a28b]
32  /usr/bin/python3(_start+0x25) [0x656a35]
=================================
25  /usr/bin/python3(PyEval_EvalCode+0x15b) [0x5d4dab]
24  /usr/bin/python3(_PyEval_EvalFrameDefault+0xadf) [0x5d68bf]
20  /usr/bin/python3(_PyObject_Call_Prepend+0x18a) [0x54ac0a]
28  /usr/bin/python3(Py_RunMain+0x481) [0x6bc011]
26  /usr/bin/python3(PyRun_StringFlags+0xd3) [0x607ea3]
21  /usr/bin/python3() [0x59da4f]
25  /usr/bin/python3(PyEval_EvalCode+0x15b) [0x5d4dab]
29  /usr/bin/python3(Py_BytesMain+0x2d) [0x6bba2d]
27  /usr/bin/python3(PyRun_SimpleStringFlags+0x3e) [0x6b339e]
22  /usr/bin/python3() [0x599513]
26  /usr/bin/python3(PyRun_StringFlags+0xd3) [0x607ea3]
30  /usr/lib/x86_64-linux-gnu/libc.so.6(+0x2a1ca) [0x7bf92662a1ca]
23  /usr/bin/python3(_PyObject_MakeTpCall+0x13e) [0x5493be]
28  /usr/bin/python3(Py_RunMain+0x481) [0x6bc011]
27  /usr/bin/python3(PyRun_SimpleStringFlags+0x3e) [0x6b339e]
31  /usr/lib/x86_64-linux-gnu/libc.so.6(__libc_start_main+0x8b) [0x7bf92662a28b]
24  /usr/bin/python3(_PyEval_EvalFrameDefault+0xadf) [0x5d68bf]
29  /usr/bin/python3(Py_BytesMain+0x2d) [0x6bba2d]
28  /usr/bin/python3(Py_RunMain+0x481) [0x6bc011]
32  /usr/bin/python3(_start+0x25) [0x656a35]
25  /usr/bin/python3(PyEval_EvalCode+0x15b) [0x5d4dab]
29  /usr/bin/python3(Py_BytesMain+0x2d) [0x6bba2d]
30  /usr/lib/x86_64-linux-gnu/libc.so.6(+0x2a1ca) [0x7fd9b4c2a1ca]
=================================
30  /usr/lib/x86_64-linux-gnu/libc.so.6(+0x2a1ca) [0x7212eee2a1ca]
26  /usr/bin/python3(PyRun_StringFlags+0xd3) [0x607ea3]
31  /usr/lib/x86_64-linux-gnu/libc.so.6(__libc_start_main+0x8b) [0x7fd9b4c2a28b]
31  /usr/lib/x86_64-linux-gnu/libc.so.6(__libc_start_main+0x8b) [0x7212eee2a28b]
27  /usr/bin/python3(PyRun_SimpleStringFlags+0x3e) [0x6b339e]
32  /usr/bin/python3(_start+0x25) [0x656a35]
32  /usr/bin/python3(_start+0x25) [0x656a35]
28  /usr/bin/python3(Py_RunMain+0x481) [0x6bc011]
=================================
=================================
29  /usr/bin/python3(Py_BytesMain+0x2d) [0x6bba2d]
30  /usr/lib/x86_64-linux-gnu/libc.so.6(+0x2a1ca) [0x79fd6702a1ca]
31  /usr/lib/x86_64-linux-gnu/libc.so.6(__libc_start_main+0x8b) [0x79fd6702a28b]
32  /usr/bin/python3(_start+0x25) [0x656a35]
=================================
W0504 13:51:21.894000 1919560 torch/multiprocessing/spawn.py:175] Terminating process 1919988 via signal SIGTERM
W0504 13:51:21.895000 1919560 torch/multiprocessing/spawn.py:175] Terminating process 1919990 via signal SIGTERM
W0504 13:51:21.895000 1919560 torch/multiprocessing/spawn.py:175] Terminating process 1919991 via signal SIGTERM
W0504 13:51:21.896000 1919560 torch/multiprocessing/spawn.py:175] Terminating process 1919992 via signal SIGTERM
W0504 13:51:21.896000 1919560 torch/multiprocessing/spawn.py:175] Terminating process 1919993 via signal SIGTERM
W0504 13:51:21.896000 1919560 torch/multiprocessing/spawn.py:175] Terminating process 1919994 via signal SIGTERM
W0504 13:51:21.896000 1919560 torch/multiprocessing/spawn.py:175] Terminating process 1919995 via signal SIGTERM
W0504 13:51:21.977000 633939 torch/multiprocessing/spawn.py:175] Terminating process 634369 via signal SIGTERM
W0504 13:51:21.978000 633939 torch/multiprocessing/spawn.py:175] Terminating process 634371 via signal SIGTERM
W0504 13:51:21.978000 633939 torch/multiprocessing/spawn.py:175] Terminating process 634372 via signal SIGTERM
W0504 13:51:21.979000 633939 torch/multiprocessing/spawn.py:175] Terminating process 634373 via signal SIGTERM
W0504 13:51:21.979000 633939 torch/multiprocessing/spawn.py:175] Terminating process 634374 via signal SIGTERM
Traceback (most recent call last):
  File "/mnt/vast/home/tiancheng.chen/workspace/DeepEP/tests/legacy/test_low_latency.py", line 332, in <module>
    torch.multiprocessing.spawn(test_loop, args=(num_processes, args), nprocs=num_processes)
  File "/usr/local/lib/python3.12/dist-packages/torch/multiprocessing/spawn.py", line 365, in spawn
    return start_processes(fn, args, nprocs, join, daemon, start_method="spawn")
           ^^^^^^^^^^^^^^^^^^^^^^^^^^^^^^^^^^^^^^^^^^^^^^^^^^^^^^^^^^^^^^^^^^^^^
  File "/usr/local/lib/python3.12/dist-packages/torch/multiprocessing/spawn.py", line 321, in start_processes
    while not context.join():
              ^^^^^^^^^^^^^^
  File "/usr/local/lib/python3.12/dist-packages/torch/multiprocessing/spawn.py", line 202, in join
    raise ProcessExitedException(
torch.multiprocessing.spawn.ProcessExitedException: process 0 terminated with signal SIGSEGV
Traceback (most recent call last):
  File "/mnt/vast/home/tiancheng.chen/workspace/DeepEP/tests/legacy/test_low_latency.py", line 332, in <module>
    torch.multiprocessing.spawn(test_loop, args=(num_processes, args), nprocs=num_processes)
  File "/usr/local/lib/python3.12/dist-packages/torch/multiprocessing/spawn.py", line 365, in spawn
    return start_processes(fn, args, nprocs, join, daemon, start_method="spawn")
           ^^^^^^^^^^^^^^^^^^^^^^^^^^^^^^^^^^^^^^^^^^^^^^^^^^^^^^^^^^^^^^^^^^^^^
  File "/usr/local/lib/python3.12/dist-packages/torch/multiprocessing/spawn.py", line 321, in start_processes
    while not context.join():
              ^^^^^^^^^^^^^^
  File "/usr/local/lib/python3.12/dist-packages/torch/multiprocessing/spawn.py", line 202, in join
    raise ProcessExitedException(
torch.multiprocessing.spawn.ProcessExitedException: process 1 terminated with signal SIGSEGV
srun: error: slurm-h100-reserved-rno-204-111: task 1: Exited with exit code 1
srun: error: slurm-h100-reserved-rno-199-197: task 0: Exited with exit code 1
