Allocating buffer size: 2146.961792 MB ...
Allocating buffer size: 2146.961792 MB ...
/dvs/p4/build/sw/rel/gpgpu/toolkit/r13.0/main_nvshmem/src/host/transport/transport.cpp:nvshmemi_transport_init:282: init failed for transport: IBGDA
/dvs/p4/build/sw/rel/gpgpu/toolkit/r13.0/main_nvshmem/src/host/transport/transport.cpp:nvshmemi_transport_init:282: init failed for transport: IBGDA
/dvs/p4/build/sw/rel/gpgpu/toolkit/r13.0/main_nvshmem/src/host/transport/transport.cpp:nvshmemi_transport_init:282: init failed for transport: IBGDA
/dvs/p4/build/sw/rel/gpgpu/toolkit/r13.0/main_nvshmem/src/host/transport/transport.cpp:nvshmemi_transport_init:282: init failed for transport: IBGDA
/dvs/p4/build/sw/rel/gpgpu/toolkit/r13.0/main_nvshmem/src/host/transport/transport.cpp:nvshmemi_transport_init:282: init failed for transport: IBGDA
/dvs/p4/build/sw/rel/gpgpu/toolkit/r13.0/main_nvshmem/src/host/transport/transport.cpp:nvshmemi_transport_init:282: init failed for transport: IBGDA
/dvs/p4/build/sw/rel/gpgpu/toolkit/r13.0/main_nvshmem/src/host/transport/transport.cpp:nvshmemi_transport_init:282: init failed for transport: IBGDA
/dvs/p4/build/sw/rel/gpgpu/toolkit/r13.0/main_nvshmem/src/host/transport/transport.cpp:nvshmemi_transport_init:282: init failed for transport: IBGDA
/dvs/p4/build/sw/rel/gpgpu/toolkit/r13.0/main_nvshmem/src/host/transport/transport.cpp:nvshmemi_transport_init:282: init failed for transport: IBGDA
/dvs/p4/build/sw/rel/gpgpu/toolkit/r13.0/main_nvshmem/src/host/transport/transport.cpp:nvshmemi_transport_init:282: init failed for transport: IBGDA
/dvs/p4/build/sw/rel/gpgpu/toolkit/r13.0/main_nvshmem/src/host/transport/transport.cpp:nvshmemi_transport_init:282: init failed for transport: IBGDA
/dvs/p4/build/sw/rel/gpgpu/toolkit/r13.0/main_nvshmem/src/host/transport/transport.cpp:nvshmemi_transport_init:282: init failed for transport: IBGDA
/dvs/p4/build/sw/rel/gpgpu/toolkit/r13.0/main_nvshmem/src/host/transport/transport.cpp:nvshmemi_transport_init:282: init failed for transport: IBGDA
/dvs/p4/build/sw/rel/gpgpu/toolkit/r13.0/main_nvshmem/src/host/transport/transport.cpp:nvshmemi_transport_init:282: init failed for transport: IBGDA
/dvs/p4/build/sw/rel/gpgpu/toolkit/r13.0/main_nvshmem/src/host/transport/transport.cpp:nvshmemi_transport_init:282: init failed for transport: IBGDA
/dvs/p4/build/sw/rel/gpgpu/toolkit/r13.0/main_nvshmem/src/host/transport/transport.cpp:nvshmemi_transport_init:282: init failed for transport: IBGDA
WARN: device ibp0 is not supported (expected HCA interface: mlx5). Skipping...

WARN: device ibp1 is not supported (expected HCA interface: mlx5). Skipping...

WARN: device ibp2 is not supported (expected HCA interface: mlx5). Skipping...

WARN: device ibp3 is not supported (expected HCA interface: mlx5). Skipping...

WARN: device ibp4 is not supported (expected HCA interface: mlx5). Skipping...

WARN: device ibp5 is not supported (expected HCA interface: mlx5). Skipping...

WARN: device ibp6 is not supported (expected HCA interface: mlx5). Skipping...

WARN: device ibp7 is not supported (expected HCA interface: mlx5). Skipping...

[rank5]:[W504 13:48:03.783983232 CUDAGuardImpl.h:122] Warning: CUDA warning: an illegal memory access was encountered (function destroyEvent)
WARNING: destroy() was not called before DeepEP buffer destruction, which can leak resources.
WARN: device ibp0 is not supported (expected HCA interface: mlx5). Skipping...

WARN: device ibp1 is not supported (expected HCA interface: mlx5). Skipping...

WARN: device ibp2 is not supported (expected HCA interface: mlx5). Skipping...

WARN: device ibp3 is not supported (expected HCA interface: mlx5). Skipping...

WARN: device ibp4 is not supported (expected HCA interface: mlx5). Skipping...

WARN: device ibp5 is not supported (expected HCA interface: mlx5). Skipping...

WARN: device ibp6 is not supported (expected HCA interface: mlx5). Skipping...

WARN: device ibp7 is not supported (expected HCA interface: mlx5). Skipping...

[rank6]:[W504 13:48:03.816853786 CUDAGuardImpl.h:122] Warning: CUDA warning: an illegal memory access was encountered (function destroyEvent)
WARNING: destroy() was not called before DeepEP buffer destruction, which can leak resources.
WARN: device ibp0 is not supported (expected HCA interface: mlx5). Skipping...

WARN: device ibp1 is not supported (expected HCA interface: mlx5). Skipping...

WARN: device ibp2 is not supported (expected HCA interface: mlx5). Skipping...

WARN: device ibp3 is not supported (expected HCA interface: mlx5). Skipping...

WARN: device ibp4 is not supported (expected HCA interface: mlx5). Skipping...

WARN: device ibp5 is not supported (expected HCA interface: mlx5). Skipping...

WARN: device ibp6 is not supported (expected HCA interface: mlx5). Skipping...

WARN: device ibp7 is not supported (expected HCA interface: mlx5). Skipping...

[rank3]:[W504 13:48:03.817827742 CUDAGuardImpl.h:122] Warning: CUDA warning: an illegal memory access was encountered (function destroyEvent)
WARNING: destroy() was not called before DeepEP buffer destruction, which can leak resources.
WARN: device ibp0 is not supported (expected HCA interface: mlx5). Skipping...

WARN: device ibp1 is not supported (expected HCA interface: mlx5). Skipping...

WARN: device ibp2 is not supported (expected HCA interface: mlx5). Skipping...

WARN: device ibp3 is not supported (expected HCA interface: mlx5). Skipping...

WARN: device ibp4 is not supported (expected HCA interface: mlx5). Skipping...

WARN: device ibp5 is not supported (expected HCA interface: mlx5). Skipping...

WARN: device ibp6 is not supported (expected HCA interface: mlx5). Skipping...

WARN: device ibp7 is not supported (expected HCA interface: mlx5). Skipping...

[rank2]:[W504 13:48:03.818902853 CUDAGuardImpl.h:122] Warning: CUDA warning: an illegal memory access was encountered (function destroyEvent)
WARNING: destroy() was not called before DeepEP buffer destruction, which can leak resources.
WARN: device ibp0 is not supported (expected HCA interface: mlx5). Skipping...

WARN: device ibp1 is not supported (expected HCA interface: mlx5). Skipping...

WARN: device ibp2 is not supported (expected HCA interface: mlx5). Skipping...

WARN: device ibp3 is not supported (expected HCA interface: mlx5). Skipping...

WARN: device ibp4 is not supported (expected HCA interface: mlx5). Skipping...

WARN: device ibp5 is not supported (expected HCA interface: mlx5). Skipping...

WARN: device ibp6 is not supported (expected HCA interface: mlx5). Skipping...

WARN: device ibp7 is not supported (expected HCA interface: mlx5). Skipping...

[rank4]:[W504 13:48:03.819050835 CUDAGuardImpl.h:122] Warning: CUDA warning: an illegal memory access was encountered (function destroyEvent)
WARNING: destroy() was not called before DeepEP buffer destruction, which can leak resources.
NVSHMEM v3.4.5
WARN: device ibp0 is not supported (expected HCA interface: mlx5). Skipping...

WARN: device ibp1 is not supported (expected HCA interface: mlx5). Skipping...

WARN: device ibp2 is not supported (expected HCA interface: mlx5). Skipping...

WARN: device ibp3 is not supported (expected HCA interface: mlx5). Skipping...

WARN: device ibp4 is not supported (expected HCA interface: mlx5). Skipping...

WARN: device ibp5 is not supported (expected HCA interface: mlx5). Skipping...

WARN: device ibp6 is not supported (expected HCA interface: mlx5). Skipping...

WARN: device ibp7 is not supported (expected HCA interface: mlx5). Skipping...

[rank0]:[W504 13:48:03.820790340 CUDAGuardImpl.h:122] Warning: CUDA warning: an illegal memory access was encountered (function destroyEvent)
WARN: device ibp0 is not supported (expected HCA interface: mlx5). Skipping...

WARN: device ibp1 is not supported (expected HCA interface: mlx5). Skipping...

WARN: device ibp2 is not supported (expected HCA interface: mlx5). Skipping...

WARN: device ibp3 is not supported (expected HCA interface: mlx5). Skipping...

WARN: device ibp4 is not supported (expected HCA interface: mlx5). Skipping...

WARN: device ibp5 is not supported (expected HCA interface: mlx5). Skipping...

WARN: device ibp6 is not supported (expected HCA interface: mlx5). Skipping...

WARN: device ibp7 is not supported (expected HCA interface: mlx5). Skipping...

WARNING: destroy() was not called before DeepEP buffer destruction, which can leak resources.
[rank13]:[W504 13:48:03.570853855 CUDAGuardImpl.h:122] Warning: CUDA warning: an illegal memory access was encountered (function destroyEvent)
WARN: device ibp0 is not supported (expected HCA interface: mlx5). Skipping...

WARN: device ibp1 is not supported (expected HCA interface: mlx5). Skipping...

WARN: device ibp2 is not supported (expected HCA interface: mlx5). Skipping...

WARN: device ibp3 is not supported (expected HCA interface: mlx5). Skipping...

WARN: device ibp4 is not supported (expected HCA interface: mlx5). Skipping...

WARN: device ibp5 is not supported (expected HCA interface: mlx5). Skipping...

WARN: device ibp6 is not supported (expected HCA interface: mlx5). Skipping...

WARN: device ibp7 is not supported (expected HCA interface: mlx5). Skipping...

[rank7]:[W504 13:48:03.821091254 CUDAGuardImpl.h:122] Warning: CUDA warning: an illegal memory access was encountered (function destroyEvent)
WARNING: destroy() was not called before DeepEP buffer destruction, which can leak resources.
WARN: device ibp0 is not supported (expected HCA interface: mlx5). Skipping...

WARN: device ibp1 is not supported (expected HCA interface: mlx5). Skipping...

WARN: device ibp2 is not supported (expected HCA interface: mlx5). Skipping...

WARN: device ibp3 is not supported (expected HCA interface: mlx5). Skipping...

WARN: device ibp4 is not supported (expected HCA interface: mlx5). Skipping...

WARN: device ibp5 is not supported (expected HCA interface: mlx5). Skipping...

WARN: device ibp6 is not supported (expected HCA interface: mlx5). Skipping...

WARN: device ibp7 is not supported (expected HCA interface: mlx5). Skipping...

[rank9]:[W504 13:48:03.573298682 CUDAGuardImpl.h:122] Warning: CUDA warning: an illegal memory access was encountered (function destroyEvent)
WARNING: destroy() was not called before DeepEP buffer destruction, which can leak resources.
[rank1]:[W504 13:48:03.824735072 CUDAGuardImpl.h:122] Warning: CUDA warning: an illegal memory access was encountered (function destroyEvent)
WARN: device ibp0 is not supported (expected HCA interface: mlx5). Skipping...

WARN: device ibp1 is not supported (expected HCA interface: mlx5). Skipping...

WARN: device ibp2 is not supported (expected HCA interface: mlx5). Skipping...

WARN: device ibp3 is not supported (expected HCA interface: mlx5). Skipping...

WARN: device ibp4 is not supported (expected HCA interface: mlx5). Skipping...

WARN: device ibp5 is not supported (expected HCA interface: mlx5). Skipping...

WARN: device ibp6 is not supported (expected HCA interface: mlx5). Skipping...

WARN: device ibp7 is not supported (expected HCA interface: mlx5). Skipping...

WARNING: destroy() was not called before DeepEP buffer destruction, which can leak resources.
[rank11]:[W504 13:48:03.575908629 CUDAGuardImpl.h:122] Warning: CUDA warning: an illegal memory access was encountered (function destroyEvent)
WARN: device ibp0 is not supported (expected HCA interface: mlx5). Skipping...

WARN: device ibp1 is not supported (expected HCA interface: mlx5). Skipping...

WARN: device ibp2 is not supported (expected HCA interface: mlx5). Skipping...

WARN: device ibp3 is not supported (expected HCA interface: mlx5). Skipping...

WARN: device ibp4 is not supported (expected HCA interface: mlx5). Skipping...

WARN: device ibp5 is not supported (expected HCA interface: mlx5). Skipping...

WARN: device ibp6 is not supported (expected HCA interface: mlx5). Skipping...

WARN: device ibp7 is not supported (expected HCA interface: mlx5). Skipping...

WARNING: destroy() was not called before DeepEP buffer destruction, which can leak resources.
WARNING: destroy() was not called before DeepEP buffer destruction, which can leak resources.
[rank14]:[W504 13:48:03.579262253 CUDAGuardImpl.h:122] Warning: CUDA warning: an illegal memory access was encountered (function destroyEvent)
WARN: device ibp0 is not supported (expected HCA interface: mlx5). Skipping...

WARN: device ibp1 is not supported (expected HCA interface: mlx5). Skipping...

WARN: device ibp2 is not supported (expected HCA interface: mlx5). Skipping...

WARN: device ibp3 is not supported (expected HCA interface: mlx5). Skipping...

WARN: device ibp4 is not supported (expected HCA interface: mlx5). Skipping...

WARN: device ibp5 is not supported (expected HCA interface: mlx5). Skipping...

WARN: device ibp6 is not supported (expected HCA interface: mlx5). Skipping...

WARN: device ibp7 is not supported (expected HCA interface: mlx5). Skipping...

WARNING: destroy() was not called before DeepEP buffer destruction, which can leak resources.
WARN: device ibp0 is not supported (expected HCA interface: mlx5). Skipping...

WARN: device ibp1 is not supported (expected HCA interface: mlx5). Skipping...

WARN: device ibp2 is not supported (expected HCA interface: mlx5). Skipping...

WARN: device ibp3 is not supported (expected HCA interface: mlx5). Skipping...

WARN: device ibp4 is not supported (expected HCA interface: mlx5). Skipping...

WARN: device ibp5 is not supported (expected HCA interface: mlx5). Skipping...

WARN: device ibp6 is not supported (expected HCA interface: mlx5). Skipping...

WARN: device ibp7 is not supported (expected HCA interface: mlx5). Skipping...

[rank12]:[W504 13:48:03.589304903 CUDAGuardImpl.h:122] Warning: CUDA warning: an illegal memory access was encountered (function destroyEvent)
WARNING: destroy() was not called before DeepEP buffer destruction, which can leak resources.
WARN: device ibp0 is not supported (expected HCA interface: mlx5). Skipping...

WARN: device ibp1 is not supported (expected HCA interface: mlx5). Skipping...

WARN: device ibp2 is not supported (expected HCA interface: mlx5). Skipping...

WARN: device ibp3 is not supported (expected HCA interface: mlx5). Skipping...

WARN: device ibp4 is not supported (expected HCA interface: mlx5). Skipping...

WARN: device ibp5 is not supported (expected HCA interface: mlx5). Skipping...

WARN: device ibp6 is not supported (expected HCA interface: mlx5). Skipping...

WARN: device ibp7 is not supported (expected HCA interface: mlx5). Skipping...

[rank15]:[W504 13:48:03.613508569 CUDAGuardImpl.h:122] Warning: CUDA warning: an illegal memory access was encountered (function destroyEvent)
WARNING: destroy() was not called before DeepEP buffer destruction, which can leak resources.
WARN: device ibp0 is not supported (expected HCA interface: mlx5). Skipping...

WARN: device ibp1 is not supported (expected HCA interface: mlx5). Skipping...

WARN: device ibp2 is not supported (expected HCA interface: mlx5). Skipping...

WARN: device ibp3 is not supported (expected HCA interface: mlx5). Skipping...

WARN: device ibp4 is not supported (expected HCA interface: mlx5). Skipping...

WARN: device ibp5 is not supported (expected HCA interface: mlx5). Skipping...

WARN: device ibp6 is not supported (expected HCA interface: mlx5). Skipping...

WARN: device ibp7 is not supported (expected HCA interface: mlx5). Skipping...

[rank8]:[W504 13:48:03.614384126 CUDAGuardImpl.h:122] Warning: CUDA warning: an illegal memory access was encountered (function destroyEvent)
WARNING: destroy() was not called before DeepEP buffer destruction, which can leak resources.
WARN: device ibp0 is not supported (expected HCA interface: mlx5). Skipping...

WARN: device ibp1 is not supported (expected HCA interface: mlx5). Skipping...

WARN: device ibp2 is not supported (expected HCA interface: mlx5). Skipping...

WARN: device ibp3 is not supported (expected HCA interface: mlx5). Skipping...

WARN: device ibp4 is not supported (expected HCA interface: mlx5). Skipping...

WARN: device ibp5 is not supported (expected HCA interface: mlx5). Skipping...

WARN: device ibp6 is not supported (expected HCA interface: mlx5). Skipping...

WARN: device ibp7 is not supported (expected HCA interface: mlx5). Skipping...

[rank10]:[W504 13:48:03.616564750 CUDAGuardImpl.h:122] Warning: CUDA warning: an illegal memory access was encountered (function destroyEvent)
WARNING: destroy() was not called before DeepEP buffer destruction, which can leak resources.
[rank0]:[W504 13:48:03.211052337 ProcessGroupNCCL.cpp:1566] Warning: WARNING: destroy_process_group() was not called before program exit, which can leak resources. For more info, please see https://pytorch.org/docs/stable/distributed.html#shutdown (function operator())
[rank8]:[W504 13:48:03.956333366 ProcessGroupNCCL.cpp:1566] Warning: WARNING: destroy_process_group() was not called before program exit, which can leak resources. For more info, please see https://pytorch.org/docs/stable/distributed.html#shutdown (function operator())
W0504 13:48:04.745000 629357 torch/multiprocessing/spawn.py:175] Terminating process 629785 via signal SIGTERM
W0504 13:48:04.745000 629357 torch/multiprocessing/spawn.py:175] Terminating process 629786 via signal SIGTERM
W0504 13:48:04.746000 629357 torch/multiprocessing/spawn.py:175] Terminating process 629787 via signal SIGTERM
W0504 13:48:04.746000 629357 torch/multiprocessing/spawn.py:175] Terminating process 629789 via signal SIGTERM
W0504 13:48:04.746000 629357 torch/multiprocessing/spawn.py:175] Terminating process 629790 via signal SIGTERM
W0504 13:48:04.746000 629357 torch/multiprocessing/spawn.py:175] Terminating process 629791 via signal SIGTERM
W0504 13:48:04.747000 629357 torch/multiprocessing/spawn.py:175] Terminating process 629792 via signal SIGTERM
W0504 13:48:04.792000 1914957 torch/multiprocessing/spawn.py:175] Terminating process 1915385 via signal SIGTERM
W0504 13:48:04.793000 1914957 torch/multiprocessing/spawn.py:175] Terminating process 1915386 via signal SIGTERM
W0504 13:48:04.793000 1914957 torch/multiprocessing/spawn.py:175] Terminating process 1915391 via signal SIGTERM
W0504 13:48:04.793000 1914957 torch/multiprocessing/spawn.py:175] Terminating process 1915392 via signal SIGTERM
Traceback (most recent call last):
  File "/mnt/vast/home/tiancheng.chen/workspace/DeepEP/tests/legacy/test_low_latency.py", line 332, in <module>
    torch.multiprocessing.spawn(test_loop, args=(num_processes, args), nprocs=num_processes)
  File "/usr/local/lib/python3.12/dist-packages/torch/multiprocessing/spawn.py", line 365, in spawn
    return start_processes(fn, args, nprocs, join, daemon, start_method="spawn")
           ^^^^^^^^^^^^^^^^^^^^^^^^^^^^^^^^^^^^^^^^^^^^^^^^^^^^^^^^^^^^^^^^^^^^^
  File "/usr/local/lib/python3.12/dist-packages/torch/multiprocessing/spawn.py", line 321, in start_processes
    while not context.join():
              ^^^^^^^^^^^^^^
  File "/usr/local/lib/python3.12/dist-packages/torch/multiprocessing/spawn.py", line 221, in join
    raise ProcessRaisedException(msg, error_index, failed_process.pid)
torch.multiprocessing.spawn.ProcessRaisedException: 

-- Process 3 terminated with the following error:
Traceback (most recent call last):
  File "/usr/local/lib/python3.12/dist-packages/torch/multiprocessing/spawn.py", line 95, in _wrap
    fn(i, *args)
  File "/mnt/vast/home/tiancheng.chen/workspace/DeepEP/tests/legacy/test_low_latency.py", line 271, in test_loop
    test_main(num_tokens,
  File "/mnt/vast/home/tiancheng.chen/workspace/DeepEP/tests/legacy/test_low_latency.py", line 117, in test_main
    num_valid_tokens = recv_count.item()
                       ^^^^^^^^^^^^^^^^^
  File "/usr/local/lib/python3.12/dist-packages/torch/utils/_device.py", line 103, in __torch_function__
    return func(*args, **kwargs)
           ^^^^^^^^^^^^^^^^^^^^^
torch.AcceleratorError: CUDA error: an illegal memory access was encountered
Search for `cudaErrorIllegalAddress' in https://docs.nvidia.com/cuda/cuda-runtime-api/group__CUDART__TYPES.html for more information.
CUDA kernel errors might be asynchronously reported at some other API call, so the stacktrace below might be incorrect.
For debugging consider passing CUDA_LAUNCH_BLOCKING=1
Compile with `TORCH_USE_CUDA_DSA` to enable device-side assertions.


Traceback (most recent call last):
  File "/mnt/vast/home/tiancheng.chen/workspace/DeepEP/tests/legacy/test_low_latency.py", line 332, in <module>
    torch.multiprocessing.spawn(test_loop, args=(num_processes, args), nprocs=num_processes)
  File "/usr/local/lib/python3.12/dist-packages/torch/multiprocessing/spawn.py", line 365, in spawn
    return start_processes(fn, args, nprocs, join, daemon, start_method="spawn")
           ^^^^^^^^^^^^^^^^^^^^^^^^^^^^^^^^^^^^^^^^^^^^^^^^^^^^^^^^^^^^^^^^^^^^^
  File "/usr/local/lib/python3.12/dist-packages/torch/multiprocessing/spawn.py", line 321, in start_processes
    while not context.join():
              ^^^^^^^^^^^^^^
  File "/usr/local/lib/python3.12/dist-packages/torch/multiprocessing/spawn.py", line 221, in join
    raise ProcessRaisedException(msg, error_index, failed_process.pid)
torch.multiprocessing.spawn.ProcessRaisedException: 

-- Process 3 terminated with the following error:
Traceback (most recent call last):
  File "/usr/local/lib/python3.12/dist-packages/torch/multiprocessing/spawn.py", line 95, in _wrap
    fn(i, *args)
  File "/mnt/vast/home/tiancheng.chen/workspace/DeepEP/tests/legacy/test_low_latency.py", line 271, in test_loop
    test_main(num_tokens,
  File "/mnt/vast/home/tiancheng.chen/workspace/DeepEP/tests/legacy/test_low_latency.py", line 117, in test_main
    num_valid_tokens = recv_count.item()
                       ^^^^^^^^^^^^^^^^^
  File "/usr/local/lib/python3.12/dist-packages/torch/utils/_device.py", line 103, in __torch_function__
    return func(*args, **kwargs)
           ^^^^^^^^^^^^^^^^^^^^^
torch.AcceleratorError: CUDA error: an illegal memory access was encountered
Search for `cudaErrorIllegalAddress' in https://docs.nvidia.com/cuda/cuda-runtime-api/group__CUDART__TYPES.html for more information.
CUDA kernel errors might be asynchronously reported at some other API call, so the stacktrace below might be incorrect.
For debugging consider passing CUDA_LAUNCH_BLOCKING=1
Compile with `TORCH_USE_CUDA_DSA` to enable device-side assertions.


srun: error: slurm-h100-reserved-rno-204-111: task 1: Exited with exit code 1
srun: error: slurm-h100-reserved-rno-199-197: task 0: Exited with exit code 1
