Runtime options after parsing command line arguments 
min_size: 4, max_size: 33554432, step_factor: 2, iterations: 50, warmup iterations: 20, number of ctas: 32, threads per cta: 256 stride: 1, datatype: int, reduce_op: sum, threadgroup_scope: all_scopes, atomic_op: inc, dir: write, report_msgrate: 0, bidirectional: 0, putget_issue :on_stream, use_graph: 0, use_mmap: 0, mem_handle_type: 0, use_egm: 0
Note: Above is full list of options, any given test will use only a subset of these variables.
NVSHMEM v3.3.9
mype: 0 mype_node: 0 device name: NVIDIA H200 bus id: 25 
#shmem_g_bw
size(B)     scope     BW (GB/sec)     
4           None      0.001865        
8           None      0.003757        
16          None      0.007499        
32          None      0.015006        
64          None      0.030066        
128         None      0.059471        
256         None      0.118448        
512         None      0.241327        
1024        None      0.479904        
2048        None      0.954369        
4096        None      1.762600        
8192        None      3.451996        
16384       None      5.019608        
32768       None      6.442683        
65536       None      7.447273        
131072      None      8.077302        
262144      None      8.427464        
524288      None      8.623068        
1048576     None      8.728079        
2097152     None      8.780443        
4194304     None      8.806211        
8388608     None      8.821758        
16777216    None      7.418965        
33554432    None      7.422500        
Runtime options after parsing command line arguments 
min_size: 4, max_size: 33554432, step_factor: 2, iterations: 50, warmup iterations: 20, number of ctas: 32, threads per cta: 256 stride: 1, datatype: int, reduce_op: sum, threadgroup_scope: all_scopes, atomic_op: inc, dir: write, report_msgrate: 0, bidirectional: 0, putget_issue :on_stream, use_graph: 0, use_mmap: 0, mem_handle_type: 0, use_egm: 0
Note: Above is full list of options, any given test will use only a subset of these variables.
mype: 1 mype_node: 1 device name: NVIDIA H200 bus id: 45 
