Runtime options after parsing command line arguments 
min_size: 4, max_size: 33554432, step_factor: 2, iterations: 50, warmup iterations: 20, number of ctas: 32, threads per cta: 256 stride: 1, datatype: int, reduce_op: sum, threadgroup_scope: all_scopes, atomic_op: inc, dir: write, report_msgrate: 0, bidirectional: 0, putget_issue :on_stream, use_graph: 0, use_mmap: 0, mem_handle_type: 0, use_egm: 0
Note: Above is full list of options, any given test will use only a subset of these variables.
NVSHMEM v3.3.9
mype: 0 mype_node: 0 device name: NVIDIA H200 bus id: 25 
Size(Bytes) 		 BWGB/sec
#shmem_st_bw
size(B)     scope     BW (GB/sec)     
4           None      0.003089        
8           None      0.006092        
16          None      0.012456        
32          None      0.024558        
64          None      0.048780        
128         None      0.097943        
256         None      0.196367        
512         None      0.389864        
1024        None      0.777454        
2048        None      1.523810        
4096        None      3.069544        
8192        None      6.006570        
16384       None      11.990632       
32768       None      22.475855       
65536       None      43.929642       
131072      None      78.197792       
262144      None      128.481796      
524288      None      185.088104      
1048576     None      241.082993      
2097152     None      282.775299      
4194304     None      310.068115      
8388608     None      327.156555      
16777216    None      336.099274      
33554432    None      332.153687      
Runtime options after parsing command line arguments 
min_size: 4, max_size: 33554432, step_factor: 2, iterations: 50, warmup iterations: 20, number of ctas: 32, threads per cta: 256 stride: 1, datatype: int, reduce_op: sum, threadgroup_scope: all_scopes, atomic_op: inc, dir: write, report_msgrate: 0, bidirectional: 0, putget_issue :on_stream, use_graph: 0, use_mmap: 0, mem_handle_type: 0, use_egm: 0
Note: Above is full list of options, any given test will use only a subset of these variables.
mype: 1 mype_node: 1 device name: NVIDIA H200 bus id: 45 
