Runtime options after parsing command line arguments 
min_size: 4, max_size: 33554432, step_factor: 2, iterations: 50, warmup iterations: 20, number of ctas: 32, threads per cta: 256 stride: 1, datatype: int, reduce_op: sum, threadgroup_scope: all_scopes, atomic_op: inc, dir: write, report_msgrate: 0, bidirectional: 0, putget_issue :on_stream, use_graph: 0, use_mmap: 0, mem_handle_type: 0, use_egm: 0
Note: Above is full list of options, any given test will use only a subset of these variables.
NVSHMEM v3.3.9
mype: 0 mype_node: 0 device name: NVIDIA H200 bus id: 25 
#bcast_device
size(B)     count     type      scope     latency(us)       algbw(GB/s)   busbw(GB/s) 
4           1         32-bit    thread    77.514238         0.000         0.000       
8           2         32-bit    thread    4.543360          0.002         0.002       
16          4         32-bit    thread    4.052480          0.004         0.004       
32          8         32-bit    thread    3.374080          0.009         0.009       
64          16        32-bit    thread    3.553280          0.018         0.018       
128         32        32-bit    thread    4.412160          0.029         0.029       
256         64        32-bit    thread    5.843200          0.044         0.044       
512         128       32-bit    thread    8.952960          0.057         0.057       
1024        256       32-bit    thread    15.014400         0.068         0.068       
#bcast_device
size(B)     count     type      scope     latency(us)       algbw(GB/s)   busbw(GB/s) 
4           1         32-bit    warp      32.579839         0.000         0.000       
8           2         32-bit    warp      2.907520          0.003         0.003       
16          4         32-bit    warp      2.722560          0.006         0.006       
32          8         32-bit    warp      2.722560          0.012         0.012       
64          16        32-bit    warp      2.745600          0.023         0.023       
128         32        32-bit    warp      2.732800          0.047         0.047       
256         64        32-bit    warp      2.711040          0.094         0.094       
512         128       32-bit    warp      2.890880          0.177         0.177       
1024        256       32-bit    warp      3.202560          0.320         0.320       
2048        512       32-bit    warp      3.725440          0.550         0.550       
4096        1024      32-bit    warp      4.881280          0.839         0.839       
8192        2048      32-bit    warp      21.736960         0.377         0.377       
#bcast_device
size(B)     count     type      scope     latency(us)       algbw(GB/s)   busbw(GB/s) 
4           1         32-bit    block     32.556159         0.000         0.000       
8           2         32-bit    block     3.543040          0.002         0.002       
16          4         32-bit    block     3.551360          0.005         0.005       
32          8         32-bit    block     3.562240          0.009         0.009       
64          16        32-bit    block     3.543680          0.018         0.018       
128         32        32-bit    block     3.538560          0.036         0.036       
256         64        32-bit    block     3.547520          0.072         0.072       
512         128       32-bit    block     3.399680          0.151         0.151       
1024        256       32-bit    block     3.553920          0.288         0.288       
2048        512       32-bit    block     3.550720          0.577         0.577       
4096        1024      32-bit    block     3.714560          1.103         1.103       
8192        2048      32-bit    block     7.468160          1.097         1.097       
16384       4096      32-bit    block     11.567360         1.416         1.416       
32768       8192      32-bit    block     44.024320         0.744         0.744       
65536       16384     32-bit    block     57.933440         1.131         1.131       
131072      32768     32-bit    block     85.299845         1.537         1.537       
262144      65536     32-bit    block     139.207678        1.883         1.883       
524288      131072    32-bit    block     247.996807        2.114         2.114       
1048576     262144    32-bit    block     462.791023        2.266         2.266       
2097152     524288    32-bit    block     894.174728        2.345         2.345       
4194304     1048576   32-bit    block     1758.919678       2.385         2.385       
8388608     2097152   32-bit    block     3485.642090       2.407         2.407       
16777216    4194304   32-bit    block     7298.814087       2.299         2.299       
33554432    8388608   32-bit    block     21586.523438      1.554         1.554       
#bcast_device
size(B)     count     type      scope     latency(us)       algbw(GB/s)   busbw(GB/s) 
8           1         64-bit    thread    52.874241         0.000         0.000       
16          2         64-bit    thread    3.066880          0.005         0.005       
32          4         64-bit    thread    3.214080          0.010         0.010       
64          8         64-bit    thread    3.553920          0.018         0.018       
128         16        64-bit    thread    4.362880          0.029         0.029       
256         32        64-bit    thread    5.843200          0.044         0.044       
512         64        64-bit    thread    8.787200          0.058         0.058       
1024        128       64-bit    thread    14.850560         0.069         0.069       
2048        256       64-bit    thread    26.844800         0.076         0.076       
#bcast_device
size(B)     count     type      scope     latency(us)       algbw(GB/s)   busbw(GB/s) 
8           1         64-bit    warp      31.770239         0.000         0.000       
16          2         64-bit    warp      2.733440          0.006         0.006       
32          4         64-bit    warp      2.729600          0.012         0.012       
64          8         64-bit    warp      2.720640          0.024         0.024       
128         16        64-bit    warp      2.741120          0.047         0.047       
256         32        64-bit    warp      2.734720          0.094         0.094       
512         64        64-bit    warp      2.883840          0.178         0.178       
1024        128       64-bit    warp      3.047040          0.336         0.336       
2048        256       64-bit    warp      3.709440          0.552         0.552       
4096        512       64-bit    warp      17.318400         0.237         0.237       
8192        1024      64-bit    warp      7.164160          1.143         1.143       
16384       2048      64-bit    warp      23.034239         0.711         0.711       
#bcast_device
size(B)     count     type      scope     latency(us)       algbw(GB/s)   busbw(GB/s) 
8           1         64-bit    block     31.229360         0.000         0.000       
16          2         64-bit    block     6.235040          0.003         0.003       
32          4         64-bit    block     6.278240          0.005         0.005       
64          8         64-bit    block     6.328120          0.010         0.010       
128         16        64-bit    block     6.337480          0.020         0.020       
256         32        64-bit    block     6.261520          0.041         0.041       
512         64        64-bit    block     6.285760          0.081         0.081       
1024        128       64-bit    block     6.291240          0.163         0.163       
2048        256       64-bit    block     6.350640          0.322         0.322       
4096        512       64-bit    block     8.444639          0.485         0.485       
8192        1024      64-bit    block     7.682240          1.066         1.066       
16384       2048      64-bit    block     10.944920         1.497         1.497       
32768       4096      64-bit    block     42.948437         0.763         0.763       
65536       8192      64-bit    block     56.212559         1.166         1.166       
131072      16384     64-bit    block     83.333073         1.573         1.573       
262144      32768     64-bit    block     136.683521        1.918         1.918       
524288      65536     64-bit    block     243.716640        2.151         2.151       
1048576     131072    64-bit    block     455.570374        2.302         2.302       
2097152     262144    64-bit    block     880.218658        2.383         2.383       
4194304     524288    64-bit    block     1732.525330       2.421         2.421       
8388608     1048576   64-bit    block     3434.888306       2.442         2.442       
16777216    2097152   64-bit    block     7194.088745       2.332         2.332       
33554432    4194304   64-bit    block     21319.428711      1.574         1.574       
Runtime options after parsing command line arguments 
min_size: 4, max_size: 33554432, step_factor: 2, iterations: 50, warmup iterations: 20, number of ctas: 32, threads per cta: 256 stride: 1, datatype: int, reduce_op: sum, threadgroup_scope: all_scopes, atomic_op: inc, dir: write, report_msgrate: 0, bidirectional: 0, putget_issue :on_stream, use_graph: 0, use_mmap: 0, mem_handle_type: 0, use_egm: 0
Note: Above is full list of options, any given test will use only a subset of these variables.
mype: 5 mype_node: 5 device name: NVIDIA H200 bus id: 174 
Runtime options after parsing command line arguments 
min_size: 4, max_size: 33554432, step_factor: 2, iterations: 50, warmup iterations: 20, number of ctas: 32, threads per cta: 256 stride: 1, datatype: int, reduce_op: sum, threadgroup_scope: all_scopes, atomic_op: inc, dir: write, report_msgrate: 0, bidirectional: 0, putget_issue :on_stream, use_graph: 0, use_mmap: 0, mem_handle_type: 0, use_egm: 0
Note: Above is full list of options, any given test will use only a subset of these variables.
mype: 4 mype_node: 4 device name: NVIDIA H200 bus id: 155 
Runtime options after parsing command line arguments 
min_size: 4, max_size: 33554432, step_factor: 2, iterations: 50, warmup iterations: 20, number of ctas: 32, threads per cta: 256 stride: 1, datatype: int, reduce_op: sum, threadgroup_scope: all_scopes, atomic_op: inc, dir: write, report_msgrate: 0, bidirectional: 0, putget_issue :on_stream, use_graph: 0, use_mmap: 0, mem_handle_type: 0, use_egm: 0
Note: Above is full list of options, any given test will use only a subset of these variables.
mype: 2 mype_node: 2 device name: NVIDIA H200 bus id: 63 
Runtime options after parsing command line arguments 
min_size: 4, max_size: 33554432, step_factor: 2, iterations: 50, warmup iterations: 20, number of ctas: 32, threads per cta: 256 stride: 1, datatype: int, reduce_op: sum, threadgroup_scope: all_scopes, atomic_op: inc, dir: write, report_msgrate: 0, bidirectional: 0, putget_issue :on_stream, use_graph: 0, use_mmap: 0, mem_handle_type: 0, use_egm: 0
Note: Above is full list of options, any given test will use only a subset of these variables.
mype: 13 mype_node: 5 device name: NVIDIA H200 bus id: 174 
Runtime options after parsing command line arguments 
min_size: 4, max_size: 33554432, step_factor: 2, iterations: 50, warmup iterations: 20, number of ctas: 32, threads per cta: 256 stride: 1, datatype: int, reduce_op: sum, threadgroup_scope: all_scopes, atomic_op: inc, dir: write, report_msgrate: 0, bidirectional: 0, putget_issue :on_stream, use_graph: 0, use_mmap: 0, mem_handle_type: 0, use_egm: 0
Note: Above is full list of options, any given test will use only a subset of these variables.
mype: 8 mype_node: 0 device name: NVIDIA H200 bus id: 25 
Runtime options after parsing command line arguments 
min_size: 4, max_size: 33554432, step_factor: 2, iterations: 50, warmup iterations: 20, number of ctas: 32, threads per cta: 256 stride: 1, datatype: int, reduce_op: sum, threadgroup_scope: all_scopes, atomic_op: inc, dir: write, report_msgrate: 0, bidirectional: 0, putget_issue :on_stream, use_graph: 0, use_mmap: 0, mem_handle_type: 0, use_egm: 0
Note: Above is full list of options, any given test will use only a subset of these variables.
mype: 3 mype_node: 3 device name: NVIDIA H200 bus id: 102 
Runtime options after parsing command line arguments 
min_size: 4, max_size: 33554432, step_factor: 2, iterations: 50, warmup iterations: 20, number of ctas: 32, threads per cta: 256 stride: 1, datatype: int, reduce_op: sum, threadgroup_scope: all_scopes, atomic_op: inc, dir: write, report_msgrate: 0, bidirectional: 0, putget_issue :on_stream, use_graph: 0, use_mmap: 0, mem_handle_type: 0, use_egm: 0
Note: Above is full list of options, any given test will use only a subset of these variables.
mype: 6 mype_node: 6 device name: NVIDIA H200 bus id: 191 
Runtime options after parsing command line arguments 
min_size: 4, max_size: 33554432, step_factor: 2, iterations: 50, warmup iterations: 20, number of ctas: 32, threads per cta: 256 stride: 1, datatype: int, reduce_op: sum, threadgroup_scope: all_scopes, atomic_op: inc, dir: write, report_msgrate: 0, bidirectional: 0, putget_issue :on_stream, use_graph: 0, use_mmap: 0, mem_handle_type: 0, use_egm: 0
Note: Above is full list of options, any given test will use only a subset of these variables.
mype: 7 mype_node: 7 device name: NVIDIA H200 bus id: 228 
Runtime options after parsing command line arguments 
min_size: 4, max_size: 33554432, step_factor: 2, iterations: 50, warmup iterations: 20, number of ctas: 32, threads per cta: 256 stride: 1, datatype: int, reduce_op: sum, threadgroup_scope: all_scopes, atomic_op: inc, dir: write, report_msgrate: 0, bidirectional: 0, putget_issue :on_stream, use_graph: 0, use_mmap: 0, mem_handle_type: 0, use_egm: 0
Note: Above is full list of options, any given test will use only a subset of these variables.
mype: 11 mype_node: 3 device name: NVIDIA H200 bus id: 102 
Runtime options after parsing command line arguments 
min_size: 4, max_size: 33554432, step_factor: 2, iterations: 50, warmup iterations: 20, number of ctas: 32, threads per cta: 256 stride: 1, datatype: int, reduce_op: sum, threadgroup_scope: all_scopes, atomic_op: inc, dir: write, report_msgrate: 0, bidirectional: 0, putget_issue :on_stream, use_graph: 0, use_mmap: 0, mem_handle_type: 0, use_egm: 0
Note: Above is full list of options, any given test will use only a subset of these variables.
mype: 9 mype_node: 1 device name: NVIDIA H200 bus id: 45 
Runtime options after parsing command line arguments 
min_size: 4, max_size: 33554432, step_factor: 2, iterations: 50, warmup iterations: 20, number of ctas: 32, threads per cta: 256 stride: 1, datatype: int, reduce_op: sum, threadgroup_scope: all_scopes, atomic_op: inc, dir: write, report_msgrate: 0, bidirectional: 0, putget_issue :on_stream, use_graph: 0, use_mmap: 0, mem_handle_type: 0, use_egm: 0
Note: Above is full list of options, any given test will use only a subset of these variables.
mype: 1 mype_node: 1 device name: NVIDIA H200 bus id: 45 
Runtime options after parsing command line arguments 
min_size: 4, max_size: 33554432, step_factor: 2, iterations: 50, warmup iterations: 20, number of ctas: 32, threads per cta: 256 stride: 1, datatype: int, reduce_op: sum, threadgroup_scope: all_scopes, atomic_op: inc, dir: write, report_msgrate: 0, bidirectional: 0, putget_issue :on_stream, use_graph: 0, use_mmap: 0, mem_handle_type: 0, use_egm: 0
Note: Above is full list of options, any given test will use only a subset of these variables.
mype: 15 mype_node: 7 device name: NVIDIA H200 bus id: 228 
Runtime options after parsing command line arguments 
min_size: 4, max_size: 33554432, step_factor: 2, iterations: 50, warmup iterations: 20, number of ctas: 32, threads per cta: 256 stride: 1, datatype: int, reduce_op: sum, threadgroup_scope: all_scopes, atomic_op: inc, dir: write, report_msgrate: 0, bidirectional: 0, putget_issue :on_stream, use_graph: 0, use_mmap: 0, mem_handle_type: 0, use_egm: 0
Note: Above is full list of options, any given test will use only a subset of these variables.
mype: 14 mype_node: 6 device name: NVIDIA H200 bus id: 191 
Runtime options after parsing command line arguments 
min_size: 4, max_size: 33554432, step_factor: 2, iterations: 50, warmup iterations: 20, number of ctas: 32, threads per cta: 256 stride: 1, datatype: int, reduce_op: sum, threadgroup_scope: all_scopes, atomic_op: inc, dir: write, report_msgrate: 0, bidirectional: 0, putget_issue :on_stream, use_graph: 0, use_mmap: 0, mem_handle_type: 0, use_egm: 0
Note: Above is full list of options, any given test will use only a subset of these variables.
mype: 10 mype_node: 2 device name: NVIDIA H200 bus id: 63 
Runtime options after parsing command line arguments 
min_size: 4, max_size: 33554432, step_factor: 2, iterations: 50, warmup iterations: 20, number of ctas: 32, threads per cta: 256 stride: 1, datatype: int, reduce_op: sum, threadgroup_scope: all_scopes, atomic_op: inc, dir: write, report_msgrate: 0, bidirectional: 0, putget_issue :on_stream, use_graph: 0, use_mmap: 0, mem_handle_type: 0, use_egm: 0
Note: Above is full list of options, any given test will use only a subset of these variables.
mype: 12 mype_node: 4 device name: NVIDIA H200 bus id: 155 
