Runtime options after parsing command line arguments 
min_size: 4, max_size: 33554432, step_factor: 2, iterations: 50, warmup iterations: 20, number of ctas: 32, threads per cta: 256 stride: 1, datatype: int, reduce_op: sum, threadgroup_scope: all_scopes, atomic_op: inc, dir: write, report_msgrate: 0, bidirectional: 0, putget_issue :on_stream, use_graph: 0, use_mmap: 0, mem_handle_type: 0, use_egm: 0
Note: Above is full list of options, any given test will use only a subset of these variables.
NVSHMEM v3.3.9
mype: 0 mype_node: 0 device name: NVIDIA H200 bus id: 25 
#shmem_put_bw_uni
size(B)     scope     BW (GB/sec)     
4           None      0.002573        
8           None      0.005283        
16          None      0.010412        
32          None      0.020678        
64          None      0.041615        
128         None      0.083264        
256         None      0.142959        
512         None      0.285002        
1024        None      0.574919        
2048        None      1.151908        
4096        None      2.293085        
8192        None      4.610951        
16384       None      9.068366        
32768       None      18.331543       
65536       None      36.467236       
131072      None      70.233192       
262144      None      114.477364      
524288      None      173.449081      
1048576     None      235.402298      
2097152     None      261.328644      
4194304     None      273.351410      
8388608     None      294.041626      
16777216    None      291.744385      
33554432    None      304.770752      
Runtime options after parsing command line arguments 
min_size: 4, max_size: 33554432, step_factor: 2, iterations: 50, warmup iterations: 20, number of ctas: 32, threads per cta: 256 stride: 1, datatype: int, reduce_op: sum, threadgroup_scope: all_scopes, atomic_op: inc, dir: write, report_msgrate: 0, bidirectional: 0, putget_issue :on_stream, use_graph: 0, use_mmap: 0, mem_handle_type: 0, use_egm: 0
Note: Above is full list of options, any given test will use only a subset of these variables.
mype: 1 mype_node: 1 device name: NVIDIA H200 bus id: 45 
