Runtime options after parsing command line arguments 
min_size: 4, max_size: 33554432, step_factor: 2, iterations: 50, warmup iterations: 20, number of ctas: 32, threads per cta: 256 stride: 1, datatype: int, reduce_op: sum, threadgroup_scope: all_scopes, atomic_op: inc, dir: write, report_msgrate: 0, bidirectional: 0, putget_issue :on_stream, use_graph: 0, use_mmap: 0, mem_handle_type: 0, use_egm: 0
Note: Above is full list of options, any given test will use only a subset of these variables.
NVSHMEM v3.3.9
mype: 0 mype_node: 0 device name: NVIDIA H200 bus id: 25 
#shmem_put_bw_uni
size(B)     scope     BW (GB/sec)     
4           None      0.001838        
8           None      0.003708        
16          None      0.007379        
32          None      0.014671        
64          None      0.029369        
128         None      0.058531        
256         None      0.026793        
512         None      0.051968        
1024        None      0.106192        
2048        None      0.213362        
4096        None      0.432549        
8192        None      0.875094        
16384       None      1.645139        
32768       None      3.387588        
65536       None      6.822573        
131072      None      13.710002       
262144      None      27.879118       
524288      None      46.292946       
1048576     None      47.474720       
2097152     None      47.886131       
4194304     None      48.135498       
8388608     None      48.264179       
16777216    None      48.333683       
33554432    None      48.364407       
Runtime options after parsing command line arguments 
min_size: 4, max_size: 33554432, step_factor: 2, iterations: 50, warmup iterations: 20, number of ctas: 32, threads per cta: 256 stride: 1, datatype: int, reduce_op: sum, threadgroup_scope: all_scopes, atomic_op: inc, dir: write, report_msgrate: 0, bidirectional: 0, putget_issue :on_stream, use_graph: 0, use_mmap: 0, mem_handle_type: 0, use_egm: 0
Note: Above is full list of options, any given test will use only a subset of these variables.
mype: 1 mype_node: 0 device name: NVIDIA H200 bus id: 25 
