Runtime options after parsing command line arguments 
min_size: 4, max_size: 33554432, step_factor: 2, iterations: 50, warmup iterations: 20, number of ctas: 32, threads per cta: 256 stride: 1, datatype: int, reduce_op: sum, threadgroup_scope: all_scopes, atomic_op: inc, dir: write, report_msgrate: 0, bidirectional: 0, putget_issue :on_stream, use_graph: 0, use_mmap: 0, mem_handle_type: 0, use_egm: 0
Note: Above is full list of options, any given test will use only a subset of these variables.
NVSHMEM v3.3.9
mype: 0 mype_node: 0 device name: NVIDIA H200 bus id: 25 
#alltoall_device
size(B)     count     type      scope     latency(us)       algbw(GB/s)   busbw(GB/s) 
64          16        32-bit    thread    46.419840         0.001         0.001       
128         32        32-bit    thread    46.177282         0.003         0.003       
256         64        32-bit    thread    46.194558         0.006         0.005       
512         128       32-bit    thread    50.433922         0.010         0.010       
1024        256       32-bit    thread    51.548162         0.020         0.019       
2048        512       32-bit    thread    55.511680         0.037         0.035       
4096        1024      32-bit    thread    59.765120         0.069         0.064       
8192        2048      32-bit    thread    71.234560         0.115         0.108       
16384       4096      32-bit    thread    94.686718         0.173         0.162       
#alltoall_device
size(B)     count     type      scope     latency(us)       algbw(GB/s)   busbw(GB/s) 
64          16        32-bit    warp      27.009921         0.002         0.002       
128         32        32-bit    warp      27.169280         0.005         0.004       
256         64        32-bit    warp      26.515200         0.010         0.009       
512         128       32-bit    warp      28.142719         0.018         0.017       
1024        256       32-bit    warp      28.979199         0.035         0.033       
2048        512       32-bit    warp      29.160960         0.070         0.066       
4096        1024      32-bit    warp      28.518400         0.144         0.135       
8192        2048      32-bit    warp      28.013439         0.292         0.274       
16384       4096      32-bit    warp      29.767680         0.550         0.516       
32768       8192      32-bit    warp      32.599039         1.005         0.942       
65536       16384     32-bit    warp      38.966401         1.682         1.577       
131072      32768     32-bit    warp      51.243520         2.558         2.398       
#alltoall_device
size(B)     count     type      scope     latency(us)       algbw(GB/s)   busbw(GB/s) 
64          16        32-bit    block     27.514241         0.002         0.002       
128         32        32-bit    block     26.526079         0.005         0.005       
256         64        32-bit    block     26.513281         0.010         0.009       
512         128       32-bit    block     26.190081         0.020         0.018       
1024        256       32-bit    block     26.503680         0.039         0.036       
2048        512       32-bit    block     26.507521         0.077         0.072       
4096        1024      32-bit    block     26.504321         0.155         0.145       
8192        2048      32-bit    block     26.350720         0.311         0.291       
16384       4096      32-bit    block     26.193919         0.625         0.586       
32768       8192      32-bit    block     26.177919         1.252         1.174       
65536       16384     32-bit    block     26.677761         2.457         2.303       
131072      32768     32-bit    block     28.309121         4.630         4.341       
262144      65536     32-bit    block     47.475200         5.522         5.177       
524288      131072    32-bit    block     40.453758         12.960        12.150      
1048576     262144    32-bit    block     54.031358         19.407        18.194      
2097152     524288    32-bit    block     78.780160         26.620        24.957      
4194304     1048576   32-bit    block     129.238396        32.454        30.426      
8388608     2097152   32-bit    block     228.725758        36.675        34.383      
16777216    4194304   32-bit    block     429.409294        39.070        36.629      
33554432    8388608   32-bit    block     1245.157089       26.948        25.264      
#alltoall_device
size(B)     count     type      scope     latency(us)       algbw(GB/s)   busbw(GB/s) 
128         16        64-bit    thread    45.162878         0.003         0.003       
256         32        64-bit    thread    45.841279         0.006         0.005       
512         64        64-bit    thread    51.096959         0.010         0.009       
1024        128       64-bit    thread    51.249919         0.020         0.019       
2048        256       64-bit    thread    54.516482         0.038         0.035       
4096        512       64-bit    thread    60.910721         0.067         0.063       
8192        1024      64-bit    thread    70.736642         0.116         0.109       
16384       2048      64-bit    thread    93.538561         0.175         0.164       
32768       4096      64-bit    thread    143.344641        0.229         0.214       
#alltoall_device
size(B)     count     type      scope     latency(us)       algbw(GB/s)   busbw(GB/s) 
128         16        64-bit    warp      26.674559         0.005         0.004       
256         32        64-bit    warp      26.336639         0.010         0.009       
512         64        64-bit    warp      27.684481         0.018         0.017       
1024        128       64-bit    warp      27.685759         0.037         0.035       
2048        256       64-bit    warp      27.684481         0.074         0.069       
4096        512       64-bit    warp      27.648001         0.148         0.139       
8192        1024      64-bit    warp      28.479359         0.288         0.270       
16384       2048      64-bit    warp      29.282560         0.560         0.525       
32768       4096      64-bit    warp      34.397440         0.953         0.893       
65536       8192      64-bit    warp      38.490241         1.703         1.596       
131072      16384     64-bit    warp      51.086078         2.566         2.405       
262144      32768     64-bit    warp      76.973438         3.406         3.193       
#alltoall_device
size(B)     count     type      scope     latency(us)       algbw(GB/s)   busbw(GB/s) 
128         16        64-bit    block     26.842880         0.005         0.004       
256         32        64-bit    block     26.854401         0.010         0.009       
512         64        64-bit    block     26.520319         0.019         0.018       
1024        128       64-bit    block     26.670721         0.038         0.036       
2048        256       64-bit    block     26.183679         0.078         0.073       
4096        512       64-bit    block     26.455679         0.155         0.145       
8192        1024      64-bit    block     26.363521         0.311         0.291       
16384       2048      64-bit    block     26.350720         0.622         0.583       
32768       4096      64-bit    block     26.519680         1.236         1.158       
65536       8192      64-bit    block     26.997759         2.427         2.276       
131072      16384     64-bit    block     27.173760         4.823         4.522       
262144      32768     64-bit    block     32.244480         8.130         7.622       
524288      65536     64-bit    block     40.609279         12.911        12.104      
1048576     131072    64-bit    block     54.031358         19.407        18.194      
2097152     262144    64-bit    block     78.760319         26.627        24.963      
4194304     524288    64-bit    block     128.172798        32.724        30.679      
8388608     1048576   64-bit    block     227.219200        36.919        34.611      
16777216    2097152   64-bit    block     426.440315        39.342        36.884      
Runtime options after parsing command line arguments 
min_size: 4, max_size: 33554432, step_factor: 2, iterations: 50, warmup iterations: 20, number of ctas: 32, threads per cta: 256 stride: 1, datatype: int, reduce_op: sum, threadgroup_scope: all_scopes, atomic_op: inc, dir: write, report_msgrate: 0, bidirectional: 0, putget_issue :on_stream, use_graph: 0, use_mmap: 0, mem_handle_type: 0, use_egm: 0
Note: Above is full list of options, any given test will use only a subset of these variables.
mype: 4 mype_node: 4 device name: NVIDIA H200 bus id: 155 
Runtime options after parsing command line arguments 
min_size: 4, max_size: 33554432, step_factor: 2, iterations: 50, warmup iterations: 20, number of ctas: 32, threads per cta: 256 stride: 1, datatype: int, reduce_op: sum, threadgroup_scope: all_scopes, atomic_op: inc, dir: write, report_msgrate: 0, bidirectional: 0, putget_issue :on_stream, use_graph: 0, use_mmap: 0, mem_handle_type: 0, use_egm: 0
Note: Above is full list of options, any given test will use only a subset of these variables.
mype: 11 mype_node: 3 device name: NVIDIA H200 bus id: 102 
Runtime options after parsing command line arguments 
min_size: 4, max_size: 33554432, step_factor: 2, iterations: 50, warmup iterations: 20, number of ctas: 32, threads per cta: 256 stride: 1, datatype: int, reduce_op: sum, threadgroup_scope: all_scopes, atomic_op: inc, dir: write, report_msgrate: 0, bidirectional: 0, putget_issue :on_stream, use_graph: 0, use_mmap: 0, mem_handle_type: 0, use_egm: 0
Note: Above is full list of options, any given test will use only a subset of these variables.
mype: 6 mype_node: 6 device name: NVIDIA H200 bus id: 191 
Runtime options after parsing command line arguments 
min_size: 4, max_size: 33554432, step_factor: 2, iterations: 50, warmup iterations: 20, number of ctas: 32, threads per cta: 256 stride: 1, datatype: int, reduce_op: sum, threadgroup_scope: all_scopes, atomic_op: inc, dir: write, report_msgrate: 0, bidirectional: 0, putget_issue :on_stream, use_graph: 0, use_mmap: 0, mem_handle_type: 0, use_egm: 0
Note: Above is full list of options, any given test will use only a subset of these variables.
mype: 3 mype_node: 3 device name: NVIDIA H200 bus id: 102 
Runtime options after parsing command line arguments 
min_size: 4, max_size: 33554432, step_factor: 2, iterations: 50, warmup iterations: 20, number of ctas: 32, threads per cta: 256 stride: 1, datatype: int, reduce_op: sum, threadgroup_scope: all_scopes, atomic_op: inc, dir: write, report_msgrate: 0, bidirectional: 0, putget_issue :on_stream, use_graph: 0, use_mmap: 0, mem_handle_type: 0, use_egm: 0
Note: Above is full list of options, any given test will use only a subset of these variables.
mype: 2 mype_node: 2 device name: NVIDIA H200 bus id: 63 
Runtime options after parsing command line arguments 
min_size: 4, max_size: 33554432, step_factor: 2, iterations: 50, warmup iterations: 20, number of ctas: 32, threads per cta: 256 stride: 1, datatype: int, reduce_op: sum, threadgroup_scope: all_scopes, atomic_op: inc, dir: write, report_msgrate: 0, bidirectional: 0, putget_issue :on_stream, use_graph: 0, use_mmap: 0, mem_handle_type: 0, use_egm: 0
Note: Above is full list of options, any given test will use only a subset of these variables.
mype: 1 mype_node: 1 device name: NVIDIA H200 bus id: 45 
Runtime options after parsing command line arguments 
min_size: 4, max_size: 33554432, step_factor: 2, iterations: 50, warmup iterations: 20, number of ctas: 32, threads per cta: 256 stride: 1, datatype: int, reduce_op: sum, threadgroup_scope: all_scopes, atomic_op: inc, dir: write, report_msgrate: 0, bidirectional: 0, putget_issue :on_stream, use_graph: 0, use_mmap: 0, mem_handle_type: 0, use_egm: 0
Note: Above is full list of options, any given test will use only a subset of these variables.
mype: 8 mype_node: 0 device name: NVIDIA H200 bus id: 25 
Runtime options after parsing command line arguments 
min_size: 4, max_size: 33554432, step_factor: 2, iterations: 50, warmup iterations: 20, number of ctas: 32, threads per cta: 256 stride: 1, datatype: int, reduce_op: sum, threadgroup_scope: all_scopes, atomic_op: inc, dir: write, report_msgrate: 0, bidirectional: 0, putget_issue :on_stream, use_graph: 0, use_mmap: 0, mem_handle_type: 0, use_egm: 0
Note: Above is full list of options, any given test will use only a subset of these variables.
mype: 5 mype_node: 5 device name: NVIDIA H200 bus id: 174 
Runtime options after parsing command line arguments 
min_size: 4, max_size: 33554432, step_factor: 2, iterations: 50, warmup iterations: 20, number of ctas: 32, threads per cta: 256 stride: 1, datatype: int, reduce_op: sum, threadgroup_scope: all_scopes, atomic_op: inc, dir: write, report_msgrate: 0, bidirectional: 0, putget_issue :on_stream, use_graph: 0, use_mmap: 0, mem_handle_type: 0, use_egm: 0
Note: Above is full list of options, any given test will use only a subset of these variables.
mype: 10 mype_node: 2 device name: NVIDIA H200 bus id: 63 
Runtime options after parsing command line arguments 
min_size: 4, max_size: 33554432, step_factor: 2, iterations: 50, warmup iterations: 20, number of ctas: 32, threads per cta: 256 stride: 1, datatype: int, reduce_op: sum, threadgroup_scope: all_scopes, atomic_op: inc, dir: write, report_msgrate: 0, bidirectional: 0, putget_issue :on_stream, use_graph: 0, use_mmap: 0, mem_handle_type: 0, use_egm: 0
Note: Above is full list of options, any given test will use only a subset of these variables.
mype: 9 mype_node: 1 device name: NVIDIA H200 bus id: 45 
Runtime options after parsing command line arguments 
min_size: 4, max_size: 33554432, step_factor: 2, iterations: 50, warmup iterations: 20, number of ctas: 32, threads per cta: 256 stride: 1, datatype: int, reduce_op: sum, threadgroup_scope: all_scopes, atomic_op: inc, dir: write, report_msgrate: 0, bidirectional: 0, putget_issue :on_stream, use_graph: 0, use_mmap: 0, mem_handle_type: 0, use_egm: 0
Note: Above is full list of options, any given test will use only a subset of these variables.
mype: 12 mype_node: 4 device name: NVIDIA H200 bus id: 155 
33554432    4194304   64-bit    block     1243.337631       26.987        25.301      
Runtime options after parsing command line arguments 
min_size: 4, max_size: 33554432, step_factor: 2, iterations: 50, warmup iterations: 20, number of ctas: 32, threads per cta: 256 stride: 1, datatype: int, reduce_op: sum, threadgroup_scope: all_scopes, atomic_op: inc, dir: write, report_msgrate: 0, bidirectional: 0, putget_issue :on_stream, use_graph: 0, use_mmap: 0, mem_handle_type: 0, use_egm: 0
Note: Above is full list of options, any given test will use only a subset of these variables.
mype: 7 mype_node: 7 device name: NVIDIA H200 bus id: 228 
Runtime options after parsing command line arguments 
min_size: 4, max_size: 33554432, step_factor: 2, iterations: 50, warmup iterations: 20, number of ctas: 32, threads per cta: 256 stride: 1, datatype: int, reduce_op: sum, threadgroup_scope: all_scopes, atomic_op: inc, dir: write, report_msgrate: 0, bidirectional: 0, putget_issue :on_stream, use_graph: 0, use_mmap: 0, mem_handle_type: 0, use_egm: 0
Note: Above is full list of options, any given test will use only a subset of these variables.
mype: 14 mype_node: 6 device name: NVIDIA H200 bus id: 191 
Runtime options after parsing command line arguments 
min_size: 4, max_size: 33554432, step_factor: 2, iterations: 50, warmup iterations: 20, number of ctas: 32, threads per cta: 256 stride: 1, datatype: int, reduce_op: sum, threadgroup_scope: all_scopes, atomic_op: inc, dir: write, report_msgrate: 0, bidirectional: 0, putget_issue :on_stream, use_graph: 0, use_mmap: 0, mem_handle_type: 0, use_egm: 0
Note: Above is full list of options, any given test will use only a subset of these variables.
mype: 13 mype_node: 5 device name: NVIDIA H200 bus id: 174 
Runtime options after parsing command line arguments 
min_size: 4, max_size: 33554432, step_factor: 2, iterations: 50, warmup iterations: 20, number of ctas: 32, threads per cta: 256 stride: 1, datatype: int, reduce_op: sum, threadgroup_scope: all_scopes, atomic_op: inc, dir: write, report_msgrate: 0, bidirectional: 0, putget_issue :on_stream, use_graph: 0, use_mmap: 0, mem_handle_type: 0, use_egm: 0
Note: Above is full list of options, any given test will use only a subset of these variables.
mype: 15 mype_node: 7 device name: NVIDIA H200 bus id: 228 
