Runtime options after parsing command line arguments 
min_size: 4, max_size: 33554432, step_factor: 2, iterations: 50, warmup iterations: 20, number of ctas: 32, threads per cta: 256 stride: 1, datatype: int, reduce_op: sum, threadgroup_scope: all_scopes, atomic_op: inc, dir: write, report_msgrate: 0, bidirectional: 0, putget_issue :on_stream, use_graph: 0, use_mmap: 0, mem_handle_type: 0, use_egm: 0
Note: Above is full list of options, any given test will use only a subset of these variables.
NVSHMEM v3.3.9
mype: 0 mype_node: 0 device name: NVIDIA H200 bus id: 25 
Size(Bytes) 		 BWGB/sec
#shmem_st_bw
size(B)     scope     BW (GB/sec)     
4           None      0.003068        
8           None      0.006098        
16          None      0.012315        
32          None      0.024643        
64          None      0.048263        
128         None      0.097135        
256         None      0.195217        
512         None      0.386287        
1024        None      0.768123        
2048        None      1.520190        
4096        None      2.985075        
8192        None      6.156806        
16384       None      12.190476       
32768       None      23.209429       
65536       None      43.873180       
131072      None      79.349083       
262144      None      127.402794      
524288      None      186.012711      
1048576     None      242.402740      
2097152     None      284.123840      
4194304     None      311.631012      
8388608     None      328.007996      
16777216    None      336.889709      
33554432    None      335.413361      
Runtime options after parsing command line arguments 
min_size: 4, max_size: 33554432, step_factor: 2, iterations: 50, warmup iterations: 20, number of ctas: 32, threads per cta: 256 stride: 1, datatype: int, reduce_op: sum, threadgroup_scope: all_scopes, atomic_op: inc, dir: write, report_msgrate: 0, bidirectional: 0, putget_issue :on_stream, use_graph: 0, use_mmap: 0, mem_handle_type: 0, use_egm: 0
Note: Above is full list of options, any given test will use only a subset of these variables.
mype: 1 mype_node: 1 device name: NVIDIA H200 bus id: 45 
