Runtime options after parsing command line arguments 
min_size: 4, max_size: 33554432, step_factor: 2, iterations: 50, warmup iterations: 20, number of ctas: 32, threads per cta: 256 stride: 1, datatype: int, reduce_op: sum, threadgroup_scope: all_scopes, atomic_op: inc, dir: write, report_msgrate: 0, bidirectional: 0, putget_issue :on_stream, use_graph: 0, use_mmap: 0, mem_handle_type: 0, use_egm: 0
Note: Above is full list of options, any given test will use only a subset of these variables.
NVSHMEM v3.3.9
mype: 0 mype_node: 0 device name: NVIDIA H200 bus id: 25 
#bcast_device
size(B)     count     type      scope     latency(us)       algbw(GB/s)   busbw(GB/s) 
4           1         32-bit    thread    47.207041         0.000         0.000       
8           2         32-bit    thread    3.056640          0.003         0.003       
16          4         32-bit    thread    3.560320          0.004         0.004       
32          8         32-bit    thread    3.872000          0.008         0.008       
64          16        32-bit    thread    3.545600          0.018         0.018       
128         32        32-bit    thread    4.362880          0.029         0.029       
256         64        32-bit    thread    5.827840          0.044         0.044       
512         128       32-bit    thread    8.942080          0.057         0.057       
1024        256       32-bit    thread    15.041280         0.068         0.068       
#bcast_device
size(B)     count     type      scope     latency(us)       algbw(GB/s)   busbw(GB/s) 
4           1         32-bit    warp      20.446720         0.000         0.000       
8           2         32-bit    warp      2.894720          0.003         0.003       
16          4         32-bit    warp      2.724480          0.006         0.006       
32          8         32-bit    warp      2.726400          0.012         0.012       
64          16        32-bit    warp      2.729600          0.023         0.023       
128         32        32-bit    warp      2.732160          0.047         0.047       
256         64        32-bit    warp      2.727680          0.094         0.094       
512         128       32-bit    warp      2.880640          0.178         0.178       
1024        256       32-bit    warp      3.201280          0.320         0.320       
2048        512       32-bit    warp      3.711360          0.552         0.552       
4096        1024      32-bit    warp      4.853760          0.844         0.844       
8192        2048      32-bit    warp      13.706880         0.598         0.598       
#bcast_device
size(B)     count     type      scope     latency(us)       algbw(GB/s)   busbw(GB/s) 
4           1         32-bit    block     21.587200         0.000         0.000       
8           2         32-bit    block     3.553920          0.002         0.002       
16          4         32-bit    block     3.556480          0.004         0.004       
32          8         32-bit    block     3.560320          0.009         0.009       
64          16        32-bit    block     3.539200          0.018         0.018       
128         32        32-bit    block     3.532160          0.036         0.036       
256         64        32-bit    block     3.534720          0.072         0.072       
512         128       32-bit    block     3.381120          0.151         0.151       
1024        256       32-bit    block     3.544960          0.289         0.289       
2048        512       32-bit    block     3.537920          0.579         0.579       
4096        1024      32-bit    block     3.710080          1.104         1.104       
8192        2048      32-bit    block     4.846720          1.690         1.690       
16384       4096      32-bit    block     7.321600          2.238         2.238       
32768       8192      32-bit    block     31.247361         1.049         1.049       
65536       16384     32-bit    block     43.187842         1.517         1.517       
131072      32768     32-bit    block     68.268800         1.920         1.920       
262144      65536     32-bit    block     118.072958        2.220         2.220       
524288      131072    32-bit    block     215.566711        2.432         2.432       
1048576     262144    32-bit    block     411.014404        2.551         2.551       
2097152     524288    32-bit    block     802.935715        2.612         2.612       
4194304     1048576   32-bit    block     1586.407013       2.644         2.644       
8388608     2097152   32-bit    block     3153.443909       2.660         2.660       
16777216    4194304   32-bit    block     6482.379761       2.588         2.588       
33554432    8388608   32-bit    block     19976.834717      1.680         1.680       
#bcast_device
size(B)     count     type      scope     latency(us)       algbw(GB/s)   busbw(GB/s) 
8           1         64-bit    thread    22.219520         0.000         0.000       
16          2         64-bit    thread    3.061120          0.005         0.005       
32          4         64-bit    thread    3.235200          0.010         0.010       
64          8         64-bit    thread    3.560960          0.018         0.018       
128         16        64-bit    thread    4.376960          0.029         0.029       
256         32        64-bit    thread    5.839360          0.044         0.044       
512         64        64-bit    thread    8.792960          0.058         0.058       
1024        128       64-bit    thread    14.844800         0.069         0.069       
2048        256       64-bit    thread    26.823680         0.076         0.076       
#bcast_device
size(B)     count     type      scope     latency(us)       algbw(GB/s)   busbw(GB/s) 
8           1         64-bit    warp      19.806720         0.000         0.000       
16          2         64-bit    warp      2.725120          0.006         0.006       
32          4         64-bit    warp      2.740480          0.012         0.012       
64          8         64-bit    warp      2.842240          0.023         0.023       
128         16        64-bit    warp      2.728960          0.047         0.047       
256         32        64-bit    warp      2.725120          0.094         0.094       
512         64        64-bit    warp      2.880000          0.178         0.178       
1024        128       64-bit    warp      3.042560          0.337         0.337       
2048        256       64-bit    warp      3.585920          0.571         0.571       
4096        512       64-bit    warp      9.932800          0.412         0.412       
8192        1024      64-bit    warp      7.010560          1.169         1.169       
16384       2048      64-bit    warp      17.132159         0.956         0.956       
#bcast_device
size(B)     count     type      scope     latency(us)       algbw(GB/s)   busbw(GB/s) 
8           1         64-bit    block     20.503440         0.000         0.000       
16          2         64-bit    block     18.396159         0.001         0.001       
32          4         64-bit    block     4.017360          0.008         0.008       
64          8         64-bit    block     4.028960          0.016         0.016       
128         16        64-bit    block     4.027520          0.032         0.032       
256         32        64-bit    block     4.016400          0.064         0.064       
512         64        64-bit    block     4.030240          0.127         0.127       
1024        128       64-bit    block     4.019120          0.255         0.255       
2048        256       64-bit    block     4.029840          0.508         0.508       
4096        512       64-bit    block     4.110800          0.996         0.996       
8192        1024      64-bit    block     4.699760          1.743         1.743       
16384       2048      64-bit    block     5.800720          2.824         2.824       
32768       4096      64-bit    block     30.571599         1.072         1.072       
65536       8192      64-bit    block     42.715921         1.534         1.534       
131072      16384     64-bit    block     67.072563         1.954         1.954       
262144      32768     64-bit    block     115.976734        2.260         2.260       
524288      65536     64-bit    block     212.177601        2.471         2.471       
1048576     131072    64-bit    block     405.144081        2.588         2.588       
2097152     262144    64-bit    block     792.370758        2.647         2.647       
4194304     524288    64-bit    block     1563.672028       2.682         2.682       
8388608     1048576   64-bit    block     3110.022278       2.697         2.697       
16777216    2097152   64-bit    block     6396.525269       2.623         2.623       
33554432    4194304   64-bit    block     19777.615967      1.697         1.697       
Runtime options after parsing command line arguments 
min_size: 4, max_size: 33554432, step_factor: 2, iterations: 50, warmup iterations: 20, number of ctas: 32, threads per cta: 256 stride: 1, datatype: int, reduce_op: sum, threadgroup_scope: all_scopes, atomic_op: inc, dir: write, report_msgrate: 0, bidirectional: 0, putget_issue :on_stream, use_graph: 0, use_mmap: 0, mem_handle_type: 0, use_egm: 0
Note: Above is full list of options, any given test will use only a subset of these variables.
mype: 4 mype_node: 4 device name: NVIDIA H200 bus id: 155 
Runtime options after parsing command line arguments 
min_size: 4, max_size: 33554432, step_factor: 2, iterations: 50, warmup iterations: 20, number of ctas: 32, threads per cta: 256 stride: 1, datatype: int, reduce_op: sum, threadgroup_scope: all_scopes, atomic_op: inc, dir: write, report_msgrate: 0, bidirectional: 0, putget_issue :on_stream, use_graph: 0, use_mmap: 0, mem_handle_type: 0, use_egm: 0
Note: Above is full list of options, any given test will use only a subset of these variables.
mype: 7 mype_node: 7 device name: NVIDIA H200 bus id: 228 
Runtime options after parsing command line arguments 
min_size: 4, max_size: 33554432, step_factor: 2, iterations: 50, warmup iterations: 20, number of ctas: 32, threads per cta: 256 stride: 1, datatype: int, reduce_op: sum, threadgroup_scope: all_scopes, atomic_op: inc, dir: write, report_msgrate: 0, bidirectional: 0, putget_issue :on_stream, use_graph: 0, use_mmap: 0, mem_handle_type: 0, use_egm: 0
Note: Above is full list of options, any given test will use only a subset of these variables.
mype: 1 mype_node: 1 device name: NVIDIA H200 bus id: 45 
Runtime options after parsing command line arguments 
min_size: 4, max_size: 33554432, step_factor: 2, iterations: 50, warmup iterations: 20, number of ctas: 32, threads per cta: 256 stride: 1, datatype: int, reduce_op: sum, threadgroup_scope: all_scopes, atomic_op: inc, dir: write, report_msgrate: 0, bidirectional: 0, putget_issue :on_stream, use_graph: 0, use_mmap: 0, mem_handle_type: 0, use_egm: 0
Note: Above is full list of options, any given test will use only a subset of these variables.
mype: 6 mype_node: 6 device name: NVIDIA H200 bus id: 191 
Runtime options after parsing command line arguments 
min_size: 4, max_size: 33554432, step_factor: 2, iterations: 50, warmup iterations: 20, number of ctas: 32, threads per cta: 256 stride: 1, datatype: int, reduce_op: sum, threadgroup_scope: all_scopes, atomic_op: inc, dir: write, report_msgrate: 0, bidirectional: 0, putget_issue :on_stream, use_graph: 0, use_mmap: 0, mem_handle_type: 0, use_egm: 0
Note: Above is full list of options, any given test will use only a subset of these variables.
mype: 3 mype_node: 3 device name: NVIDIA H200 bus id: 102 
Runtime options after parsing command line arguments 
min_size: 4, max_size: 33554432, step_factor: 2, iterations: 50, warmup iterations: 20, number of ctas: 32, threads per cta: 256 stride: 1, datatype: int, reduce_op: sum, threadgroup_scope: all_scopes, atomic_op: inc, dir: write, report_msgrate: 0, bidirectional: 0, putget_issue :on_stream, use_graph: 0, use_mmap: 0, mem_handle_type: 0, use_egm: 0
Note: Above is full list of options, any given test will use only a subset of these variables.
mype: 2 mype_node: 2 device name: NVIDIA H200 bus id: 63 
Runtime options after parsing command line arguments 
min_size: 4, max_size: 33554432, step_factor: 2, iterations: 50, warmup iterations: 20, number of ctas: 32, threads per cta: 256 stride: 1, datatype: int, reduce_op: sum, threadgroup_scope: all_scopes, atomic_op: inc, dir: write, report_msgrate: 0, bidirectional: 0, putget_issue :on_stream, use_graph: 0, use_mmap: 0, mem_handle_type: 0, use_egm: 0
Note: Above is full list of options, any given test will use only a subset of these variables.
mype: 5 mype_node: 5 device name: NVIDIA H200 bus id: 174 
