Runtime options after parsing command line arguments 
min_size: 128, max_size: 268435456, step_factor: 2, iterations: 100, warmup iterations: 50, number of ctas: 32, threads per cta: 256 stride: 1, datatype: int, reduce_op: sum, threadgroup_scope: all_scopes, atomic_op: inc, dir: write, report_msgrate: 0, bidirectional: 0, putget_issue :on_stream, use_graph: 1, use_mmap: 0, mem_handle_type: 0, use_egm: 0
Note: Above is full list of options, any given test will use only a subset of these variables.
NVSHMEM v3.3.9
mype: 0 mype_node: 0 device name: NVIDIA H200 bus id: 25 
#alltoall_device
size(B)     count     type      scope     latency(us)       algbw(GB/s)   busbw(GB/s) 
128         32        32-bit    thread    45.884480         0.003         0.003       
256         64        32-bit    thread    46.259842         0.006         0.005       
512         128       32-bit    thread    49.951358         0.010         0.010       
1024        256       32-bit    thread    54.522238         0.019         0.018       
2048        512       32-bit    thread    54.043841         0.038         0.036       
4096        1024      32-bit    thread    59.683838         0.069         0.064       
8192        2048      32-bit    thread    70.993280         0.115         0.108       
16384       4096      32-bit    thread    93.439999         0.175         0.164       
#alltoall_device
size(B)     count     type      scope     latency(us)       algbw(GB/s)   busbw(GB/s) 
128         32        32-bit    warp      25.782399         0.005         0.005       
256         64        32-bit    warp      25.615361         0.010         0.009       
512         128       32-bit    warp      27.096641         0.019         0.018       
1024        256       32-bit    warp      27.244160         0.038         0.035       
2048        512       32-bit    warp      27.173760         0.075         0.071       
4096        1024      32-bit    warp      27.920640         0.147         0.138       
8192        2048      32-bit    warp      27.415040         0.299         0.280       
16384       4096      32-bit    warp      28.968320         0.566         0.530       
32768       8192      32-bit    warp      32.407999         1.011         0.948       
65536       16384     32-bit    warp      38.383999         1.707         1.601       
131072      32768     32-bit    warp      51.023359         2.569         2.408       
#alltoall_device
size(B)     count     type      scope     latency(us)       algbw(GB/s)   busbw(GB/s) 
128         32        32-bit    block     25.768960         0.005         0.005       
256         64        32-bit    block     26.591680         0.010         0.009       
512         128       32-bit    block     25.445759         0.020         0.019       
1024        256       32-bit    block     25.527041         0.040         0.038       
2048        512       32-bit    block     26.024640         0.079         0.074       
4096        1024      32-bit    block     25.774081         0.159         0.149       
8192        2048      32-bit    block     26.015680         0.315         0.295       
16384       4096      32-bit    block     25.613439         0.640         0.600       
32768       8192      32-bit    block     25.530879         1.283         1.203       
65536       16384     32-bit    block     25.856640         2.535         2.376       
131072      32768     32-bit    block     26.273279         4.989         4.677       
262144      65536     32-bit    block     31.837120         8.234         7.719       
524288      131072    32-bit    block     39.865601         13.151        12.329      
1048576     262144    32-bit    block     54.855680         19.115        17.920      
2097152     524288    32-bit    block     79.933758         26.236        24.596      
4194304     1048576   32-bit    block     129.822721        32.308        30.289      
8388608     2097152   32-bit    block     228.286400        36.746        34.449      
16777216    4194304   32-bit    block     429.095345        39.099        36.655      
33554432    8388608   32-bit    block     1265.474854       26.515        24.858      
67108864    16777216  32-bit    block     3459.670105       19.397        18.185      
134217728   33554432  32-bit    block     6887.444458       19.487        18.269      
268435456   67108864  32-bit    block     13699.768066      19.594        18.370      
#alltoall_device
size(B)     count     type      scope     latency(us)       algbw(GB/s)   busbw(GB/s) 
128         16        64-bit    thread    46.416960         0.003         0.003       
256         32        64-bit    thread    46.355839         0.006         0.005       
512         64        64-bit    thread    50.952640         0.010         0.009       
1024        128       64-bit    thread    52.075520         0.020         0.018       
2048        256       64-bit    thread    54.943681         0.037         0.035       
4096        512       64-bit    thread    60.099521         0.068         0.064       
8192        1024      64-bit    thread    70.830078         0.116         0.108       
16384       2048      64-bit    thread    93.453121         0.175         0.164       
32768       4096      64-bit    thread    139.244156        0.235         0.221       
#alltoall_device
size(B)     count     type      scope     latency(us)       algbw(GB/s)   busbw(GB/s) 
128         16        64-bit    warp      26.675839         0.005         0.004       
256         32        64-bit    warp      25.524480         0.010         0.009       
512         64        64-bit    warp      28.068800         0.018         0.017       
1024        128       64-bit    warp      27.834239         0.037         0.034       
2048        256       64-bit    warp      29.305921         0.070         0.066       
4096        512       64-bit    warp      27.739840         0.148         0.138       
8192        1024      64-bit    warp      27.573121         0.297         0.279       
16384       2048      64-bit    warp      29.373441         0.558         0.523       
32768       4096      64-bit    warp      32.252800         1.016         0.952       
65536       8192      64-bit    warp      38.400640         1.707         1.600       
131072      16384     64-bit    warp      50.923200         2.574         2.413       
262144      32768     64-bit    warp      76.324482         3.435         3.220       
#alltoall_device
size(B)     count     type      scope     latency(us)       algbw(GB/s)   busbw(GB/s) 
128         16        64-bit    block     26.026559         0.005         0.005       
256         32        64-bit    block     25.867200         0.010         0.009       
512         64        64-bit    block     25.776961         0.020         0.019       
1024        128       64-bit    block     25.454400         0.040         0.038       
2048        256       64-bit    block     25.608959         0.080         0.075       
4096        512       64-bit    block     25.523200         0.160         0.150       
8192        1024      64-bit    block     25.534720         0.321         0.301       
16384       2048      64-bit    block     25.520639         0.642         0.602       
32768       4096      64-bit    block     25.688000         1.276         1.196       
65536       8192      64-bit    block     25.860159         2.534         2.376       
131072      16384     64-bit    block     26.185920         5.005         4.693       
262144      32768     64-bit    block     31.507199         8.320         7.800       
524288      65536     64-bit    block     39.865601         13.151        12.329      
1048576     131072    64-bit    block     53.468480         19.611        18.385      
2097152     262144    64-bit    block     78.451200         26.732        25.061      
4194304     524288    64-bit    block     130.145597        32.228        30.214      
8388608     1048576   64-bit    block     227.063675        36.944        34.635      
16777216    2097152   64-bit    block     426.289291        39.356        36.897      
Runtime options after parsing command line arguments 
min_size: 128, max_size: 268435456, step_factor: 2, iterations: 100, warmup iterations: 50, number of ctas: 32, threads per cta: 256 stride: 1, datatype: int, reduce_op: sum, threadgroup_scope: all_scopes, atomic_op: inc, dir: write, report_msgrate: 0, bidirectional: 0, putget_issue :on_stream, use_graph: 1, use_mmap: 0, mem_handle_type: 0, use_egm: 0
Note: Above is full list of options, any given test will use only a subset of these variables.
mype: 12 mype_node: 4 device name: NVIDIA H200 bus id: 155 
Runtime options after parsing command line arguments 
min_size: 128, max_size: 268435456, step_factor: 2, iterations: 100, warmup iterations: 50, number of ctas: 32, threads per cta: 256 stride: 1, datatype: int, reduce_op: sum, threadgroup_scope: all_scopes, atomic_op: inc, dir: write, report_msgrate: 0, bidirectional: 0, putget_issue :on_stream, use_graph: 1, use_mmap: 0, mem_handle_type: 0, use_egm: 0
Note: Above is full list of options, any given test will use only a subset of these variables.
mype: 11 mype_node: 3 device name: NVIDIA H200 bus id: 102 
Runtime options after parsing command line arguments 
min_size: 128, max_size: 268435456, step_factor: 2, iterations: 100, warmup iterations: 50, number of ctas: 32, threads per cta: 256 stride: 1, datatype: int, reduce_op: sum, threadgroup_scope: all_scopes, atomic_op: inc, dir: write, report_msgrate: 0, bidirectional: 0, putget_issue :on_stream, use_graph: 1, use_mmap: 0, mem_handle_type: 0, use_egm: 0
Note: Above is full list of options, any given test will use only a subset of these variables.
mype: 10 mype_node: 2 device name: NVIDIA H200 bus id: 63 
Runtime options after parsing command line arguments 
min_size: 128, max_size: 268435456, step_factor: 2, iterations: 100, warmup iterations: 50, number of ctas: 32, threads per cta: 256 stride: 1, datatype: int, reduce_op: sum, threadgroup_scope: all_scopes, atomic_op: inc, dir: write, report_msgrate: 0, bidirectional: 0, putget_issue :on_stream, use_graph: 1, use_mmap: 0, mem_handle_type: 0, use_egm: 0
Note: Above is full list of options, any given test will use only a subset of these variables.
mype: 13 mype_node: 5 device name: NVIDIA H200 bus id: 174 
Runtime options after parsing command line arguments 
min_size: 128, max_size: 268435456, step_factor: 2, iterations: 100, warmup iterations: 50, number of ctas: 32, threads per cta: 256 stride: 1, datatype: int, reduce_op: sum, threadgroup_scope: all_scopes, atomic_op: inc, dir: write, report_msgrate: 0, bidirectional: 0, putget_issue :on_stream, use_graph: 1, use_mmap: 0, mem_handle_type: 0, use_egm: 0
Note: Above is full list of options, any given test will use only a subset of these variables.
mype: 14 mype_node: 6 device name: NVIDIA H200 bus id: 191 
Runtime options after parsing command line arguments 
min_size: 128, max_size: 268435456, step_factor: 2, iterations: 100, warmup iterations: 50, number of ctas: 32, threads per cta: 256 stride: 1, datatype: int, reduce_op: sum, threadgroup_scope: all_scopes, atomic_op: inc, dir: write, report_msgrate: 0, bidirectional: 0, putget_issue :on_stream, use_graph: 1, use_mmap: 0, mem_handle_type: 0, use_egm: 0
Note: Above is full list of options, any given test will use only a subset of these variables.
mype: 4 mype_node: 4 device name: NVIDIA H200 bus id: 155 
Runtime options after parsing command line arguments 
min_size: 128, max_size: 268435456, step_factor: 2, iterations: 100, warmup iterations: 50, number of ctas: 32, threads per cta: 256 stride: 1, datatype: int, reduce_op: sum, threadgroup_scope: all_scopes, atomic_op: inc, dir: write, report_msgrate: 0, bidirectional: 0, putget_issue :on_stream, use_graph: 1, use_mmap: 0, mem_handle_type: 0, use_egm: 0
Note: Above is full list of options, any given test will use only a subset of these variables.
mype: 9 mype_node: 1 device name: NVIDIA H200 bus id: 45 
Runtime options after parsing command line arguments 
min_size: 128, max_size: 268435456, step_factor: 2, iterations: 100, warmup iterations: 50, number of ctas: 32, threads per cta: 256 stride: 1, datatype: int, reduce_op: sum, threadgroup_scope: all_scopes, atomic_op: inc, dir: write, report_msgrate: 0, bidirectional: 0, putget_issue :on_stream, use_graph: 1, use_mmap: 0, mem_handle_type: 0, use_egm: 0
Note: Above is full list of options, any given test will use only a subset of these variables.
mype: 8 mype_node: 0 device name: NVIDIA H200 bus id: 25 
Runtime options after parsing command line arguments 
min_size: 128, max_size: 268435456, step_factor: 2, iterations: 100, warmup iterations: 50, number of ctas: 32, threads per cta: 256 stride: 1, datatype: int, reduce_op: sum, threadgroup_scope: all_scopes, atomic_op: inc, dir: write, report_msgrate: 0, bidirectional: 0, putget_issue :on_stream, use_graph: 1, use_mmap: 0, mem_handle_type: 0, use_egm: 0
Note: Above is full list of options, any given test will use only a subset of these variables.
mype: 1 mype_node: 1 device name: NVIDIA H200 bus id: 45 
Runtime options after parsing command line arguments 
min_size: 128, max_size: 268435456, step_factor: 2, iterations: 100, warmup iterations: 50, number of ctas: 32, threads per cta: 256 stride: 1, datatype: int, reduce_op: sum, threadgroup_scope: all_scopes, atomic_op: inc, dir: write, report_msgrate: 0, bidirectional: 0, putget_issue :on_stream, use_graph: 1, use_mmap: 0, mem_handle_type: 0, use_egm: 0
Note: Above is full list of options, any given test will use only a subset of these variables.
mype: 6 mype_node: 6 device name: NVIDIA H200 bus id: 191 
33554432    4194304   64-bit    block     1274.772186       26.322        24.677      
67108864    8388608   64-bit    block     3457.582397       19.409        18.196      
134217728   16777216  64-bit    block     6879.631958       19.509        18.290      
268435456   33554432  64-bit    block     13689.655762      19.609        18.383      
Runtime options after parsing command line arguments 
min_size: 128, max_size: 268435456, step_factor: 2, iterations: 100, warmup iterations: 50, number of ctas: 32, threads per cta: 256 stride: 1, datatype: int, reduce_op: sum, threadgroup_scope: all_scopes, atomic_op: inc, dir: write, report_msgrate: 0, bidirectional: 0, putget_issue :on_stream, use_graph: 1, use_mmap: 0, mem_handle_type: 0, use_egm: 0
Note: Above is full list of options, any given test will use only a subset of these variables.
mype: 3 mype_node: 3 device name: NVIDIA H200 bus id: 102 
Runtime options after parsing command line arguments 
min_size: 128, max_size: 268435456, step_factor: 2, iterations: 100, warmup iterations: 50, number of ctas: 32, threads per cta: 256 stride: 1, datatype: int, reduce_op: sum, threadgroup_scope: all_scopes, atomic_op: inc, dir: write, report_msgrate: 0, bidirectional: 0, putget_issue :on_stream, use_graph: 1, use_mmap: 0, mem_handle_type: 0, use_egm: 0
Note: Above is full list of options, any given test will use only a subset of these variables.
mype: 2 mype_node: 2 device name: NVIDIA H200 bus id: 63 
Runtime options after parsing command line arguments 
min_size: 128, max_size: 268435456, step_factor: 2, iterations: 100, warmup iterations: 50, number of ctas: 32, threads per cta: 256 stride: 1, datatype: int, reduce_op: sum, threadgroup_scope: all_scopes, atomic_op: inc, dir: write, report_msgrate: 0, bidirectional: 0, putget_issue :on_stream, use_graph: 1, use_mmap: 0, mem_handle_type: 0, use_egm: 0
Note: Above is full list of options, any given test will use only a subset of these variables.
mype: 5 mype_node: 5 device name: NVIDIA H200 bus id: 174 
Runtime options after parsing command line arguments 
min_size: 128, max_size: 268435456, step_factor: 2, iterations: 100, warmup iterations: 50, number of ctas: 32, threads per cta: 256 stride: 1, datatype: int, reduce_op: sum, threadgroup_scope: all_scopes, atomic_op: inc, dir: write, report_msgrate: 0, bidirectional: 0, putget_issue :on_stream, use_graph: 1, use_mmap: 0, mem_handle_type: 0, use_egm: 0
Note: Above is full list of options, any given test will use only a subset of these variables.
mype: 15 mype_node: 7 device name: NVIDIA H200 bus id: 228 
Runtime options after parsing command line arguments 
min_size: 128, max_size: 268435456, step_factor: 2, iterations: 100, warmup iterations: 50, number of ctas: 32, threads per cta: 256 stride: 1, datatype: int, reduce_op: sum, threadgroup_scope: all_scopes, atomic_op: inc, dir: write, report_msgrate: 0, bidirectional: 0, putget_issue :on_stream, use_graph: 1, use_mmap: 0, mem_handle_type: 0, use_egm: 0
Note: Above is full list of options, any given test will use only a subset of these variables.
mype: 7 mype_node: 7 device name: NVIDIA H200 bus id: 228 
