Runtime options after parsing command line arguments 
min_size: 4, max_size: 33554432, step_factor: 2, iterations: 50, warmup iterations: 20, number of ctas: 32, threads per cta: 256 stride: 1, datatype: int, reduce_op: sum, threadgroup_scope: all_scopes, atomic_op: inc, dir: write, report_msgrate: 0, bidirectional: 0, putget_issue :on_stream, use_graph: 0, use_mmap: 0, mem_handle_type: 0, use_egm: 0
Note: Above is full list of options, any given test will use only a subset of these variables.
NVSHMEM v3.3.9
mype: 0 mype_node: 0 device name: NVIDIA H200 bus id: 25 
#shmem_put_bw_uni
size(B)     scope     BW (GB/sec)     
4           None      0.002585        
8           None      0.005202        
16          None      0.010473        
32          None      0.020695        
64          None      0.041824        
128         None      0.082988        
256         None      0.142197        
512         None      0.294551        
1024        None      0.583516        
2048        None      1.177336        
4096        None      2.340037        
8192        None      4.705882        
16384       None      9.339657        
32768       None      18.692953       
65536       None      36.821289       
131072      None      71.284370       
262144      None      116.165619      
524288      None      177.200958      
1048576     None      235.233307      
2097152     None      273.226044      
4194304     None      282.373230      
8388608     None      294.974701      
16777216    None      299.661652      
33554432    None      303.368774      
Runtime options after parsing command line arguments 
min_size: 4, max_size: 33554432, step_factor: 2, iterations: 50, warmup iterations: 20, number of ctas: 32, threads per cta: 256 stride: 1, datatype: int, reduce_op: sum, threadgroup_scope: all_scopes, atomic_op: inc, dir: write, report_msgrate: 0, bidirectional: 0, putget_issue :on_stream, use_graph: 0, use_mmap: 0, mem_handle_type: 0, use_egm: 0
Note: Above is full list of options, any given test will use only a subset of these variables.
mype: 1 mype_node: 1 device name: NVIDIA H200 bus id: 45 
