Runtime options after parsing command line arguments 
min_size: 4, max_size: 33554432, step_factor: 2, iterations: 50, warmup iterations: 20, number of ctas: 32, threads per cta: 256 stride: 1, datatype: int, reduce_op: sum, threadgroup_scope: all_scopes, atomic_op: inc, dir: write, report_msgrate: 0, bidirectional: 0, putget_issue :on_stream, use_graph: 0, use_mmap: 0, mem_handle_type: 0, use_egm: 0
Note: Above is full list of options, any given test will use only a subset of these variables.
NVSHMEM v3.3.9
mype: 0 mype_node: 0 device name: NVIDIA H200 bus id: 25 
#alltoall_device
size(B)     count     type      scope     latency(us)       algbw(GB/s)   busbw(GB/s) 
32          8         32-bit    thread    8.863360          0.004         0.003       
64          16        32-bit    thread    8.632320          0.007         0.006       
128         32        32-bit    thread    8.636800          0.015         0.013       
256         64        32-bit    thread    9.442560          0.027         0.024       
512         128       32-bit    thread    10.768000         0.048         0.042       
1024        256       32-bit    thread    13.538560         0.076         0.066       
2048        512       32-bit    thread    19.440640         0.105         0.092       
4096        1024      32-bit    thread    30.597119         0.134         0.117       
8192        2048      32-bit    thread    53.193598         0.154         0.135       
#alltoall_device
size(B)     count     type      scope     latency(us)       algbw(GB/s)   busbw(GB/s) 
32          8         32-bit    warp      9.434240          0.003         0.003       
64          16        32-bit    warp      9.435520          0.007         0.006       
128         32        32-bit    warp      9.438720          0.014         0.012       
256         64        32-bit    warp      9.765120          0.026         0.023       
512         128       32-bit    warp      9.944320          0.051         0.045       
1024        256       32-bit    warp      9.934720          0.103         0.090       
2048        512       32-bit    warp      9.930880          0.206         0.180       
4096        1024      32-bit    warp      9.922560          0.413         0.361       
8192        2048      32-bit    warp      11.400321         0.719         0.629       
16384       4096      32-bit    warp      14.211839         1.153         1.009       
32768       8192      32-bit    warp      19.782400         1.656         1.449       
65536       16384     32-bit    warp      30.908160         2.120         1.855       
#alltoall_device
size(B)     count     type      scope     latency(us)       algbw(GB/s)   busbw(GB/s) 
32          8         32-bit    block     7.633280          0.004         0.004       
64          16        32-bit    block     7.631360          0.008         0.007       
128         32        32-bit    block     7.485440          0.017         0.015       
256         64        32-bit    block     7.975040          0.032         0.028       
512         128       32-bit    block     8.120320          0.063         0.055       
1024        256       32-bit    block     8.117760          0.126         0.110       
2048        512       32-bit    block     8.130560          0.252         0.220       
4096        1024      32-bit    block     8.133120          0.504         0.441       
8192        2048      32-bit    block     8.135040          1.007         0.881       
16384       4096      32-bit    block     8.122240          2.017         1.765       
32768       8192      32-bit    block     8.293120          3.951         3.457       
65536       16384     32-bit    block     9.922560          6.605         5.779       
131072      32768     32-bit    block     13.210239         9.922         8.682       
262144      65536     32-bit    block     19.443840         13.482        11.797      
524288      131072    32-bit    block     31.888001         16.442        14.386      
1048576     262144    32-bit    block     57.111039         18.360        16.065      
2097152     524288    32-bit    block     106.916475        19.615        17.163      
4194304     1048576   32-bit    block     206.218872        20.339        17.797      
8388608     2097152   32-bit    block     404.810867        20.722        18.132      
16777216    4194304   32-bit    block     886.326370        18.929        16.563      
33554432    8388608   32-bit    block     3218.386536       10.426        9.123       
#alltoall_device
size(B)     count     type      scope     latency(us)       algbw(GB/s)   busbw(GB/s) 
64          8         64-bit    thread    8.476160          0.008         0.007       
128         16        64-bit    thread    8.627840          0.015         0.013       
256         32        64-bit    thread    9.296640          0.028         0.024       
512         64        64-bit    thread    10.585600         0.048         0.042       
1024        128       64-bit    thread    13.376000         0.077         0.067       
2048        256       64-bit    thread    19.272960         0.106         0.093       
4096        512       64-bit    thread    30.424321         0.135         0.118       
8192        1024      64-bit    thread    53.023362         0.154         0.135       
16384       2048      64-bit    thread    99.225597         0.165         0.144       
#alltoall_device
size(B)     count     type      scope     latency(us)       algbw(GB/s)   busbw(GB/s) 
64          8         64-bit    warp      9.118080          0.007         0.006       
128         16        64-bit    warp      9.295360          0.014         0.012       
256         32        64-bit    warp      9.786880          0.026         0.023       
512         64        64-bit    warp      9.939200          0.052         0.045       
1024        128       64-bit    warp      9.943040          0.103         0.090       
2048        256       64-bit    warp      9.774720          0.210         0.183       
4096        512       64-bit    warp      9.927040          0.413         0.361       
8192        1024      64-bit    warp      11.248000         0.728         0.637       
16384       2048      64-bit    warp      14.049920         1.166         1.020       
32768       4096      64-bit    warp      19.761280         1.658         1.451       
65536       8192      64-bit    warp      30.896001         2.121         1.856       
131072      16384     64-bit    warp      53.340802         2.457         2.150       
#alltoall_device
size(B)     count     type      scope     latency(us)       algbw(GB/s)   busbw(GB/s) 
64          8         64-bit    block     7.484160          0.009         0.007       
128         16        64-bit    block     7.485440          0.017         0.015       
256         32        64-bit    block     7.965440          0.032         0.028       
512         64        64-bit    block     8.296320          0.062         0.054       
1024        128       64-bit    block     8.145920          0.126         0.110       
2048        256       64-bit    block     8.149120          0.251         0.220       
4096        512       64-bit    block     7.975040          0.514         0.449       
8192        1024      64-bit    block     8.143360          1.006         0.880       
16384       2048      64-bit    block     8.131200          2.015         1.763       
32768       4096      64-bit    block     8.296320          3.950         3.456       
65536       8192      64-bit    block     9.936640          6.595         5.771       
131072      16384     64-bit    block     13.040640         10.051        8.795       
262144      32768     64-bit    block     19.436800         13.487        11.801      
524288      65536     64-bit    block     31.886721         16.442        14.387      
1048576     131072    64-bit    block     56.954880         18.411        16.109      
2097152     262144    64-bit    block     106.920319        19.614        17.162      
4194304     524288    64-bit    block     206.214409        20.340        17.797      
Runtime options after parsing command line arguments 
min_size: 4, max_size: 33554432, step_factor: 2, iterations: 50, warmup iterations: 20, number of ctas: 32, threads per cta: 256 stride: 1, datatype: int, reduce_op: sum, threadgroup_scope: all_scopes, atomic_op: inc, dir: write, report_msgrate: 0, bidirectional: 0, putget_issue :on_stream, use_graph: 0, use_mmap: 0, mem_handle_type: 0, use_egm: 0
Note: Above is full list of options, any given test will use only a subset of these variables.
mype: 1 mype_node: 1 device name: NVIDIA H200 bus id: 45 
Runtime options after parsing command line arguments 
min_size: 4, max_size: 33554432, step_factor: 2, iterations: 50, warmup iterations: 20, number of ctas: 32, threads per cta: 256 stride: 1, datatype: int, reduce_op: sum, threadgroup_scope: all_scopes, atomic_op: inc, dir: write, report_msgrate: 0, bidirectional: 0, putget_issue :on_stream, use_graph: 0, use_mmap: 0, mem_handle_type: 0, use_egm: 0
Note: Above is full list of options, any given test will use only a subset of these variables.
mype: 4 mype_node: 4 device name: NVIDIA H200 bus id: 155 
Runtime options after parsing command line arguments 
min_size: 4, max_size: 33554432, step_factor: 2, iterations: 50, warmup iterations: 20, number of ctas: 32, threads per cta: 256 stride: 1, datatype: int, reduce_op: sum, threadgroup_scope: all_scopes, atomic_op: inc, dir: write, report_msgrate: 0, bidirectional: 0, putget_issue :on_stream, use_graph: 0, use_mmap: 0, mem_handle_type: 0, use_egm: 0
Note: Above is full list of options, any given test will use only a subset of these variables.
mype: 2 mype_node: 2 device name: NVIDIA H200 bus id: 63 
Runtime options after parsing command line arguments 
min_size: 4, max_size: 33554432, step_factor: 2, iterations: 50, warmup iterations: 20, number of ctas: 32, threads per cta: 256 stride: 1, datatype: int, reduce_op: sum, threadgroup_scope: all_scopes, atomic_op: inc, dir: write, report_msgrate: 0, bidirectional: 0, putget_issue :on_stream, use_graph: 0, use_mmap: 0, mem_handle_type: 0, use_egm: 0
Note: Above is full list of options, any given test will use only a subset of these variables.
mype: 5 mype_node: 5 device name: NVIDIA H200 bus id: 174 
Runtime options after parsing command line arguments 
min_size: 4, max_size: 33554432, step_factor: 2, iterations: 50, warmup iterations: 20, number of ctas: 32, threads per cta: 256 stride: 1, datatype: int, reduce_op: sum, threadgroup_scope: all_scopes, atomic_op: inc, dir: write, report_msgrate: 0, bidirectional: 0, putget_issue :on_stream, use_graph: 0, use_mmap: 0, mem_handle_type: 0, use_egm: 0
Note: Above is full list of options, any given test will use only a subset of these variables.
mype: 7 mype_node: 7 device name: NVIDIA H200 bus id: 228 
8388608     1048576   64-bit    block     404.641914        20.731        18.140      
16777216    2097152   64-bit    block     886.785889        18.919        16.554      
33554432    4194304   64-bit    block     3219.306946       10.423        9.120       
Runtime options after parsing command line arguments 
min_size: 4, max_size: 33554432, step_factor: 2, iterations: 50, warmup iterations: 20, number of ctas: 32, threads per cta: 256 stride: 1, datatype: int, reduce_op: sum, threadgroup_scope: all_scopes, atomic_op: inc, dir: write, report_msgrate: 0, bidirectional: 0, putget_issue :on_stream, use_graph: 0, use_mmap: 0, mem_handle_type: 0, use_egm: 0
Note: Above is full list of options, any given test will use only a subset of these variables.
mype: 6 mype_node: 6 device name: NVIDIA H200 bus id: 191 
Runtime options after parsing command line arguments 
min_size: 4, max_size: 33554432, step_factor: 2, iterations: 50, warmup iterations: 20, number of ctas: 32, threads per cta: 256 stride: 1, datatype: int, reduce_op: sum, threadgroup_scope: all_scopes, atomic_op: inc, dir: write, report_msgrate: 0, bidirectional: 0, putget_issue :on_stream, use_graph: 0, use_mmap: 0, mem_handle_type: 0, use_egm: 0
Note: Above is full list of options, any given test will use only a subset of these variables.
mype: 3 mype_node: 3 device name: NVIDIA H200 bus id: 102 
