Runtime options after parsing command line arguments 
min_size: 4, max_size: 33554432, step_factor: 2, iterations: 50, warmup iterations: 20, number of ctas: 32, threads per cta: 256 stride: 1, datatype: int, reduce_op: sum, threadgroup_scope: all_scopes, atomic_op: inc, dir: write, report_msgrate: 0, bidirectional: 0, putget_issue :on_stream, use_graph: 0, use_mmap: 0, mem_handle_type: 0, use_egm: 0
Note: Above is full list of options, any given test will use only a subset of these variables.
NVSHMEM v3.3.9
mype: 0 mype_node: 0 device name: NVIDIA H200 bus id: 25 
#bcast_device
size(B)     count     type      scope     latency(us)       algbw(GB/s)   busbw(GB/s) 
4           1         32-bit    thread    46.761599         0.000         0.000       
8           2         32-bit    thread    3.087360          0.003         0.003       
16          4         32-bit    thread    3.096320          0.005         0.005       
32          8         32-bit    thread    3.896320          0.008         0.008       
64          16        32-bit    thread    3.573760          0.018         0.018       
128         32        32-bit    thread    4.406400          0.029         0.029       
256         64        32-bit    thread    5.853440          0.044         0.044       
512         128       32-bit    thread    8.974720          0.057         0.057       
1024        256       32-bit    thread    15.029759         0.068         0.068       
#bcast_device
size(B)     count     type      scope     latency(us)       algbw(GB/s)   busbw(GB/s) 
4           1         32-bit    warp      19.975680         0.000         0.000       
8           2         32-bit    warp      2.984320          0.003         0.003       
16          4         32-bit    warp      2.747520          0.006         0.006       
32          8         32-bit    warp      2.744960          0.012         0.012       
64          16        32-bit    warp      2.758400          0.023         0.023       
128         32        32-bit    warp      2.761600          0.046         0.046       
256         64        32-bit    warp      2.747520          0.093         0.093       
512         128       32-bit    warp      2.903040          0.176         0.176       
1024        256       32-bit    warp      3.232640          0.317         0.317       
2048        512       32-bit    warp      3.736320          0.548         0.548       
4096        1024      32-bit    warp      4.892800          0.837         0.837       
8192        2048      32-bit    warp      13.775361         0.595         0.595       
#bcast_device
size(B)     count     type      scope     latency(us)       algbw(GB/s)   busbw(GB/s) 
4           1         32-bit    block     21.109760         0.000         0.000       
8           2         32-bit    block     3.583360          0.002         0.002       
16          4         32-bit    block     3.576960          0.004         0.004       
32          8         32-bit    block     3.573760          0.009         0.009       
64          16        32-bit    block     3.557120          0.018         0.018       
128         32        32-bit    block     3.571200          0.036         0.036       
256         64        32-bit    block     3.564800          0.072         0.072       
512         128       32-bit    block     3.470720          0.148         0.148       
1024        256       32-bit    block     3.577600          0.286         0.286       
2048        512       32-bit    block     3.574400          0.573         0.573       
4096        1024      32-bit    block     3.729920          1.098         1.098       
8192        2048      32-bit    block     4.892160          1.675         1.675       
16384       4096      32-bit    block     7.350400          2.229         2.229       
32768       8192      32-bit    block     31.278081         1.048         1.048       
65536       16384     32-bit    block     43.707519         1.499         1.499       
131072      32768     32-bit    block     68.787842         1.905         1.905       
262144      65536     32-bit    block     118.091516        2.220         2.220       
524288      131072    32-bit    block     217.708168        2.408         2.408       
1048576     262144    32-bit    block     417.630730        2.511         2.511       
2097152     524288    32-bit    block     816.224670        2.569         2.569       
4194304     1048576   32-bit    block     1614.169006       2.598         2.598       
8388608     2097152   32-bit    block     3212.870483       2.611         2.611       
16777216    4194304   32-bit    block     6588.217163       2.547         2.547       
33554432    8388608   32-bit    block     19712.685547      1.702         1.702       
#bcast_device
size(B)     count     type      scope     latency(us)       algbw(GB/s)   busbw(GB/s) 
8           1         64-bit    thread    21.752319         0.000         0.000       
16          2         64-bit    thread    3.064320          0.005         0.005       
32          4         64-bit    thread    3.274880          0.010         0.010       
64          8         64-bit    thread    3.546880          0.018         0.018       
128         16        64-bit    thread    4.357760          0.029         0.029       
256         32        64-bit    thread    5.828480          0.044         0.044       
512         64        64-bit    thread    8.780160          0.058         0.058       
1024        128       64-bit    thread    14.846081         0.069         0.069       
2048        256       64-bit    thread    26.960640         0.076         0.076       
#bcast_device
size(B)     count     type      scope     latency(us)       algbw(GB/s)   busbw(GB/s) 
8           1         64-bit    warp      19.454080         0.000         0.000       
16          2         64-bit    warp      2.723840          0.006         0.006       
32          4         64-bit    warp      2.725760          0.012         0.012       
64          8         64-bit    warp      2.718080          0.024         0.024       
128         16        64-bit    warp      2.737920          0.047         0.047       
256         32        64-bit    warp      2.720000          0.094         0.094       
512         64        64-bit    warp      2.883200          0.178         0.178       
1024        128       64-bit    warp      3.040640          0.337         0.337       
2048        256       64-bit    warp      3.697280          0.554         0.554       
4096        512       64-bit    warp      9.805440          0.418         0.418       
8192        1024      64-bit    warp      7.167360          1.143         1.143       
16384       2048      64-bit    warp      17.457920         0.938         0.938       
#bcast_device
size(B)     count     type      scope     latency(us)       algbw(GB/s)   busbw(GB/s) 
8           1         64-bit    block     20.109921         0.000         0.000       
16          2         64-bit    block     18.043759         0.001         0.001       
32          4         64-bit    block     4.001440          0.008         0.008       
64          8         64-bit    block     4.012720          0.016         0.016       
128         16        64-bit    block     4.003760          0.032         0.032       
256         32        64-bit    block     4.015040          0.064         0.064       
512         64        64-bit    block     4.005040          0.128         0.128       
1024        128       64-bit    block     3.995680          0.256         0.256       
2048        256       64-bit    block     4.011040          0.511         0.511       
4096        512       64-bit    block     4.088560          1.002         1.002       
8192        1024      64-bit    block     4.712480          1.738         1.738       
16384       2048      64-bit    block     5.717760          2.865         2.865       
32768       4096      64-bit    block     30.815039         1.063         1.063       
65536       8192      64-bit    block     42.917762         1.527         1.527       
Runtime options after parsing command line arguments 
min_size: 4, max_size: 33554432, step_factor: 2, iterations: 50, warmup iterations: 20, number of ctas: 32, threads per cta: 256 stride: 1, datatype: int, reduce_op: sum, threadgroup_scope: all_scopes, atomic_op: inc, dir: write, report_msgrate: 0, bidirectional: 0, putget_issue :on_stream, use_graph: 0, use_mmap: 0, mem_handle_type: 0, use_egm: 0
Note: Above is full list of options, any given test will use only a subset of these variables.
mype: 2 mype_node: 2 device name: NVIDIA H200 bus id: 63 
Runtime options after parsing command line arguments 
min_size: 4, max_size: 33554432, step_factor: 2, iterations: 50, warmup iterations: 20, number of ctas: 32, threads per cta: 256 stride: 1, datatype: int, reduce_op: sum, threadgroup_scope: all_scopes, atomic_op: inc, dir: write, report_msgrate: 0, bidirectional: 0, putget_issue :on_stream, use_graph: 0, use_mmap: 0, mem_handle_type: 0, use_egm: 0
Note: Above is full list of options, any given test will use only a subset of these variables.
mype: 3 mype_node: 3 device name: NVIDIA H200 bus id: 102 
131072      16384     64-bit    block     67.528400         1.941         1.941       
262144      32768     64-bit    block     116.120310        2.258         2.258       
524288      65536     64-bit    block     214.677353        2.442         2.442       
1048576     131072    64-bit    block     411.375961        2.549         2.549       
2097152     262144    64-bit    block     804.488525        2.607         2.607       
4194304     524288    64-bit    block     1591.259155       2.636         2.636       
8388608     1048576   64-bit    block     3165.067444       2.650         2.650       
16777216    2097152   64-bit    block     6495.860596       2.583         2.583       
33554432    4194304   64-bit    block     19503.464355      1.720         1.720       
Runtime options after parsing command line arguments 
min_size: 4, max_size: 33554432, step_factor: 2, iterations: 50, warmup iterations: 20, number of ctas: 32, threads per cta: 256 stride: 1, datatype: int, reduce_op: sum, threadgroup_scope: all_scopes, atomic_op: inc, dir: write, report_msgrate: 0, bidirectional: 0, putget_issue :on_stream, use_graph: 0, use_mmap: 0, mem_handle_type: 0, use_egm: 0
Note: Above is full list of options, any given test will use only a subset of these variables.
mype: 7 mype_node: 7 device name: NVIDIA H200 bus id: 228 
Runtime options after parsing command line arguments 
min_size: 4, max_size: 33554432, step_factor: 2, iterations: 50, warmup iterations: 20, number of ctas: 32, threads per cta: 256 stride: 1, datatype: int, reduce_op: sum, threadgroup_scope: all_scopes, atomic_op: inc, dir: write, report_msgrate: 0, bidirectional: 0, putget_issue :on_stream, use_graph: 0, use_mmap: 0, mem_handle_type: 0, use_egm: 0
Note: Above is full list of options, any given test will use only a subset of these variables.
mype: 4 mype_node: 4 device name: NVIDIA H200 bus id: 155 
Runtime options after parsing command line arguments 
min_size: 4, max_size: 33554432, step_factor: 2, iterations: 50, warmup iterations: 20, number of ctas: 32, threads per cta: 256 stride: 1, datatype: int, reduce_op: sum, threadgroup_scope: all_scopes, atomic_op: inc, dir: write, report_msgrate: 0, bidirectional: 0, putget_issue :on_stream, use_graph: 0, use_mmap: 0, mem_handle_type: 0, use_egm: 0
Note: Above is full list of options, any given test will use only a subset of these variables.
mype: 6 mype_node: 6 device name: NVIDIA H200 bus id: 191 
Runtime options after parsing command line arguments 
min_size: 4, max_size: 33554432, step_factor: 2, iterations: 50, warmup iterations: 20, number of ctas: 32, threads per cta: 256 stride: 1, datatype: int, reduce_op: sum, threadgroup_scope: all_scopes, atomic_op: inc, dir: write, report_msgrate: 0, bidirectional: 0, putget_issue :on_stream, use_graph: 0, use_mmap: 0, mem_handle_type: 0, use_egm: 0
Note: Above is full list of options, any given test will use only a subset of these variables.
mype: 5 mype_node: 5 device name: NVIDIA H200 bus id: 174 
Runtime options after parsing command line arguments 
min_size: 4, max_size: 33554432, step_factor: 2, iterations: 50, warmup iterations: 20, number of ctas: 32, threads per cta: 256 stride: 1, datatype: int, reduce_op: sum, threadgroup_scope: all_scopes, atomic_op: inc, dir: write, report_msgrate: 0, bidirectional: 0, putget_issue :on_stream, use_graph: 0, use_mmap: 0, mem_handle_type: 0, use_egm: 0
Note: Above is full list of options, any given test will use only a subset of these variables.
mype: 1 mype_node: 1 device name: NVIDIA H200 bus id: 45 
