Runtime options after parsing command line arguments 
min_size: 4, max_size: 33554432, step_factor: 2, iterations: 50, warmup iterations: 20, number of ctas: 32, threads per cta: 256 stride: 1, datatype: int, reduce_op: sum, threadgroup_scope: all_scopes, atomic_op: inc, dir: write, report_msgrate: 0, bidirectional: 0, putget_issue :on_stream, use_graph: 0, use_mmap: 0, mem_handle_type: 0, use_egm: 0
Note: Above is full list of options, any given test will use only a subset of these variables.
NVSHMEM v3.3.9
mype: 0 mype_node: 0 device name: NVIDIA H200 bus id: 25 
#shmem_get_bw_uni
size(B)     scope     BW (GB/sec)     
4           None      0.001858        
8           None      0.003790        
16          None      0.007551        
32          None      0.015101        
64          None      0.030469        
128         None      0.060938        
256         None      0.013642        
512         None      0.027547        
1024        None      0.054527        
2048        None      0.109424        
4096        None      0.217185        
8192        None      0.433516        
16384       None      0.872767        
32768       None      1.756914        
65536       None      3.452345        
131072      None      6.544804        
262144      None      12.829669       
524288      None      23.736671       
1048576     None      36.177353       
2097152     None      39.426788       
4194304     None      40.606220       
8388608     None      41.246147       
16777216    None      41.543690       
33554432    None      40.254353       
Runtime options after parsing command line arguments 
min_size: 4, max_size: 33554432, step_factor: 2, iterations: 50, warmup iterations: 20, number of ctas: 32, threads per cta: 256 stride: 1, datatype: int, reduce_op: sum, threadgroup_scope: all_scopes, atomic_op: inc, dir: write, report_msgrate: 0, bidirectional: 0, putget_issue :on_stream, use_graph: 0, use_mmap: 0, mem_handle_type: 0, use_egm: 0
Note: Above is full list of options, any given test will use only a subset of these variables.
mype: 1 mype_node: 0 device name: NVIDIA H200 bus id: 25 
