Runtime options after parsing command line arguments 
min_size: 4, max_size: 33554432, step_factor: 2, iterations: 50, warmup iterations: 20, number of ctas: 32, threads per cta: 256 stride: 1, datatype: int, reduce_op: sum, threadgroup_scope: all_scopes, atomic_op: inc, dir: write, report_msgrate: 0, bidirectional: 0, putget_issue :on_stream, use_graph: 0, use_mmap: 0, mem_handle_type: 0, use_egm: 0
Note: Above is full list of options, any given test will use only a subset of these variables.
NVSHMEM v3.3.9
mype: 0 mype_node: 0 device name: NVIDIA H200 bus id: 25 
#shmem_get_bw_uni
size(B)     scope     BW (GB/sec)     
4           None      0.001805        
8           None      0.003671        
16          None      0.007310        
32          None      0.014859        
64          None      0.029369        
128         None      0.058720        
256         None      0.026594        
512         None      0.051783        
1024        None      0.103768        
2048        None      0.211319        
4096        None      0.428008        
8192        None      0.866680        
16384       None      1.613818        
32768       None      3.280369        
65536       None      6.741721        
131072      None      13.562914       
262144      None      27.315773       
524288      None      45.112617       
1048576     None      47.567066       
2097152     None      48.086407       
4194304     None      48.319340       
8388608     None      48.453838       
16777216    None      48.517780       
33554432    None      48.546215       
Runtime options after parsing command line arguments 
min_size: 4, max_size: 33554432, step_factor: 2, iterations: 50, warmup iterations: 20, number of ctas: 32, threads per cta: 256 stride: 1, datatype: int, reduce_op: sum, threadgroup_scope: all_scopes, atomic_op: inc, dir: write, report_msgrate: 0, bidirectional: 0, putget_issue :on_stream, use_graph: 0, use_mmap: 0, mem_handle_type: 0, use_egm: 0
Note: Above is full list of options, any given test will use only a subset of these variables.
mype: 1 mype_node: 0 device name: NVIDIA H200 bus id: 25 
