Runtime options after parsing command line arguments 
min_size: 128, max_size: 2147483648, step_factor: 2, iterations: 100, warmup iterations: 50, number of ctas: 32, threads per cta: 256 stride: 1, datatype: int, reduce_op: sum, threadgroup_scope: all_scopes, atomic_op: inc, dir: write, report_msgrate: 0, bidirectional: 0, putget_issue :on_stream, use_graph: 1, use_mmap: 0, mem_handle_type: 0, use_egm: 0
Note: Above is full list of options, any given test will use only a subset of these variables.
mype: 7 mype_node: 7 device name: NVIDIA H200 bus id: 228 
Runtime options after parsing command line arguments 
min_size: 128, max_size: 2147483648, step_factor: 2, iterations: 100, warmup iterations: 50, number of ctas: 32, threads per cta: 256 stride: 1, datatype: int, reduce_op: sum, threadgroup_scope: all_scopes, atomic_op: inc, dir: write, report_msgrate: 0, bidirectional: 0, putget_issue :on_stream, use_graph: 1, use_mmap: 0, mem_handle_type: 0, use_egm: 0
Note: Above is full list of options, any given test will use only a subset of these variables.
mype: 3 mype_node: 3 device name: NVIDIA H200 bus id: 102 
Runtime options after parsing command line arguments 
min_size: 128, max_size: 2147483648, step_factor: 2, iterations: 100, warmup iterations: 50, number of ctas: 32, threads per cta: 256 stride: 1, datatype: int, reduce_op: sum, threadgroup_scope: all_scopes, atomic_op: inc, dir: write, report_msgrate: 0, bidirectional: 0, putget_issue :on_stream, use_graph: 1, use_mmap: 0, mem_handle_type: 0, use_egm: 0
Note: Above is full list of options, any given test will use only a subset of these variables.
mype: 5 mype_node: 5 device name: NVIDIA H200 bus id: 174 
Runtime options after parsing command line arguments 
min_size: 128, max_size: 2147483648, step_factor: 2, iterations: 100, warmup iterations: 50, number of ctas: 32, threads per cta: 256 stride: 1, datatype: int, reduce_op: sum, threadgroup_scope: all_scopes, atomic_op: inc, dir: write, report_msgrate: 0, bidirectional: 0, putget_issue :on_stream, use_graph: 1, use_mmap: 0, mem_handle_type: 0, use_egm: 0
Note: Above is full list of options, any given test will use only a subset of these variables.
mype: 2 mype_node: 2 device name: NVIDIA H200 bus id: 63 
Runtime options after parsing command line arguments 
min_size: 128, max_size: 2147483648, step_factor: 2, iterations: 100, warmup iterations: 50, number of ctas: 32, threads per cta: 256 stride: 1, datatype: int, reduce_op: sum, threadgroup_scope: all_scopes, atomic_op: inc, dir: write, report_msgrate: 0, bidirectional: 0, putget_issue :on_stream, use_graph: 1, use_mmap: 0, mem_handle_type: 0, use_egm: 0
Note: Above is full list of options, any given test will use only a subset of these variables.
mype: 1 mype_node: 1 device name: NVIDIA H200 bus id: 45 
Runtime options after parsing command line arguments 
min_size: 128, max_size: 2147483648, step_factor: 2, iterations: 100, warmup iterations: 50, number of ctas: 32, threads per cta: 256 stride: 1, datatype: int, reduce_op: sum, threadgroup_scope: all_scopes, atomic_op: inc, dir: write, report_msgrate: 0, bidirectional: 0, putget_issue :on_stream, use_graph: 1, use_mmap: 0, mem_handle_type: 0, use_egm: 0
Note: Above is full list of options, any given test will use only a subset of these variables.
NVSHMEM v3.3.9
mype: 0 mype_node: 0 device name: NVIDIA H200 bus id: 25 
#device_reduction
size(B)     count     type      redop     scope     latency(us)       algbw(GB/s)   busbw(GB/s) 
128         32        float     sum       b         3.848960          0.033         0.058       
256         64        float     sum       b         3.735680          0.069         0.120       
512         128       float     sum       b         3.749440          0.137         0.239       
1024        256       float     sum       b         3.739200          0.274         0.479       
2048        512       float     sum       b         3.826560          0.535         0.937       
4096        1024      float     sum       b         3.819840          1.072         1.877       
8192        2048      float     sum       b         4.956800          1.653         2.892       
16384       4096      float     sum       b         5.951040          2.753         4.818       
32768       8192      float     sum       b         6.038720          5.426         9.496       
65536       16384     float     sum       b         7.016320          9.341         16.346      
131072      32768     float     sum       b         9.148480          14.327        25.073      
262144      65536     float     sum       b         13.317120         19.685        34.448      
524288      131072    float     sum       b         21.517761         24.365        42.639      
1048576     262144    float     sum       b         38.067520         27.545        48.204      
2097152     524288    float     sum       b         70.830402         29.608        51.814      
4194304     1048576   float     sum       b         167.328968        25.066        43.866      
8388608     2097152   float     sum       b         340.426254        24.641        43.123      
16777216    4194304   float     sum       b         680.312958        24.661        43.157      
33554432    8388608   float     sum       b         1355.917816       24.747        43.307      
67108864    16777216  float     sum       b         2680.603943       25.035        43.811      
134217728   33554432  float     sum       b         5405.822144       24.828        43.450      
268435456   67108864  float     sum       b         10814.774170      24.821        43.437      
536870912   134217728  float     sum       b         21421.708984      25.062        43.859      
1073741824  268435456  float     sum       b         43036.464844      24.950        43.662      
Runtime options after parsing command line arguments 
min_size: 128, max_size: 2147483648, step_factor: 2, iterations: 100, warmup iterations: 50, number of ctas: 32, threads per cta: 256 stride: 1, datatype: int, reduce_op: sum, threadgroup_scope: all_scopes, atomic_op: inc, dir: write, report_msgrate: 0, bidirectional: 0, putget_issue :on_stream, use_graph: 1, use_mmap: 0, mem_handle_type: 0, use_egm: 0
Note: Above is full list of options, any given test will use only a subset of these variables.
mype: 4 mype_node: 4 device name: NVIDIA H200 bus id: 155 
Runtime options after parsing command line arguments 
min_size: 128, max_size: 2147483648, step_factor: 2, iterations: 100, warmup iterations: 50, number of ctas: 32, threads per cta: 256 stride: 1, datatype: int, reduce_op: sum, threadgroup_scope: all_scopes, atomic_op: inc, dir: write, report_msgrate: 0, bidirectional: 0, putget_issue :on_stream, use_graph: 1, use_mmap: 0, mem_handle_type: 0, use_egm: 0
Note: Above is full list of options, any given test will use only a subset of these variables.
mype: 6 mype_node: 6 device name: NVIDIA H200 bus id: 191 
