Runtime options after parsing command line arguments 
min_size: 4, max_size: 33554432, step_factor: 2, iterations: 10, warmup iterations: 2, number of ctas: 32, threads per cta: 256 stride: 1, datatype: int, reduce_op: sum, threadgroup_scope: all_scopes, atomic_op: inc, dir: write, report_msgrate: 0, bidirectional: 0, putget_issue :on_stream, use_graph: 0, use_mmap: 0, mem_handle_type: 0, use_egm: 0
Note: Above is full list of options, any given test will use only a subset of these variables.
NVSHMEM v3.3.9
mype: 0 mype_node: 0 device name: NVIDIA H200 bus id: 25 
#shmem_atomic_inc
size(B)     scope     BW (GB/sec)     
4           None      0.001662        
8           None      0.002505        
16          None      0.004299        
32          None      0.005546        
64          None      0.006437        
128         None      0.007152        
256         None      0.007510        
512         None      0.007784        
1024        None      0.007451        
2048        None      0.007321        
4096        None      0.007262        
8192        None      0.007243        
16384       None      0.007558        
32768       None      0.007476        
65536       None      0.007547        
131072      None      0.007527        
262144      None      0.007546        
524288      None      0.007535        
1048576     None      0.007539        
2097152     None      0.007541        
4194304     None      0.007540        
8388608     None      0.007536        
16777216    None      0.007533        
33554432    None      0.007544        
Runtime options after parsing command line arguments 
min_size: 4, max_size: 33554432, step_factor: 2, iterations: 10, warmup iterations: 2, number of ctas: 32, threads per cta: 256 stride: 1, datatype: int, reduce_op: sum, threadgroup_scope: all_scopes, atomic_op: inc, dir: write, report_msgrate: 0, bidirectional: 0, putget_issue :on_stream, use_graph: 0, use_mmap: 0, mem_handle_type: 0, use_egm: 0
Note: Above is full list of options, any given test will use only a subset of these variables.
mype: 1 mype_node: 0 device name: NVIDIA H200 bus id: 25 
