Runtime options after parsing command line arguments 
min_size: 128, max_size: 16777216, step_factor: 2, iterations: 10, warmup iterations: 3, number of ctas: 32, threads per cta: 256 stride: 1, datatype: float, reduce_op: sum, threadgroup_scope: all_scopes, atomic_op: inc, dir: write, report_msgrate: 0, bidirectional: 0, putget_issue :on_stream, use_graph: 1, use_mmap: 0, mem_handle_type: 0, use_egm: 0
Note: Above is full list of options, any given test will use only a subset of these variables.
mype: 8 mype_node: 0 device name: NVIDIA H200 bus id: 25 
Runtime options after parsing command line arguments 
min_size: 128, max_size: 16777216, step_factor: 2, iterations: 10, warmup iterations: 3, number of ctas: 32, threads per cta: 256 stride: 1, datatype: float, reduce_op: sum, threadgroup_scope: all_scopes, atomic_op: inc, dir: write, report_msgrate: 0, bidirectional: 0, putget_issue :on_stream, use_graph: 1, use_mmap: 0, mem_handle_type: 0, use_egm: 0
Note: Above is full list of options, any given test will use only a subset of these variables.
NVSHMEM v3.3.9
mype: 0 mype_node: 0 device name: NVIDIA H200 bus id: 25 
#reduction_on_stream
size(B)     count     type      redop     latency(us)       min_lat(us)       max_lat(us)       algbw(GB/s)   busbw(GB/s) 
128         32        float     sum       41.115079         41.115            41.115            0.003         0.006       
256         64        float     sum       64.051695         64.052            64.052            0.004         0.007       
512         128       float     sum       109.124929        109.125           109.125           0.005         0.009       
1024        256       float     sum       202.385217        202.385           202.385           0.005         0.009       
2048        512       float     sum       394.823372        394.823           394.823           0.005         0.010       
4096        1024      float     sum       47.239386         47.239            47.239            0.087         0.163       
8192        2048      float     sum       52.445538         52.446            52.446            0.156         0.293       
16384       4096      float     sum       616.339684        616.340           616.340           0.027         0.050       
32768       8192      float     sum       1113.998771       1113.999          1113.999          0.029         0.055       
65536       16384     float     sum       2214.774132       2214.774          2214.774          0.030         0.055       
131072      32768     float     sum       4427.790642       4427.791          4427.791          0.030         0.056       
262144      65536     float     sum       8865.836143       8865.836          8865.836          0.030         0.055       
524288      131072    float     sum       17812.313080      17812.313         17812.313         0.029         0.055       
1048576     262144    float     sum       35502.548218      35502.548         35502.548         0.030         0.055       
2097152     524288    float     sum       70882.759094      70882.759         70882.759         0.030         0.055       
4194304     1048576   float     sum       141780.746460     141780.746        141780.746        0.030         0.055       
8388608     2097152   float     sum       283509.307861     283509.308        283509.308        0.030         0.055       
16777216    4194304   float     sum       568679.443359     568679.443        568679.443        0.030         0.055       
Runtime options after parsing command line arguments 
min_size: 128, max_size: 16777216, step_factor: 2, iterations: 10, warmup iterations: 3, number of ctas: 32, threads per cta: 256 stride: 1, datatype: float, reduce_op: sum, threadgroup_scope: all_scopes, atomic_op: inc, dir: write, report_msgrate: 0, bidirectional: 0, putget_issue :on_stream, use_graph: 1, use_mmap: 0, mem_handle_type: 0, use_egm: 0
Note: Above is full list of options, any given test will use only a subset of these variables.
mype: 11 mype_node: 3 device name: NVIDIA H200 bus id: 102 
Runtime options after parsing command line arguments 
min_size: 128, max_size: 16777216, step_factor: 2, iterations: 10, warmup iterations: 3, number of ctas: 32, threads per cta: 256 stride: 1, datatype: float, reduce_op: sum, threadgroup_scope: all_scopes, atomic_op: inc, dir: write, report_msgrate: 0, bidirectional: 0, putget_issue :on_stream, use_graph: 1, use_mmap: 0, mem_handle_type: 0, use_egm: 0
Note: Above is full list of options, any given test will use only a subset of these variables.
mype: 2 mype_node: 2 device name: NVIDIA H200 bus id: 63 
Runtime options after parsing command line arguments 
min_size: 128, max_size: 16777216, step_factor: 2, iterations: 10, warmup iterations: 3, number of ctas: 32, threads per cta: 256 stride: 1, datatype: float, reduce_op: sum, threadgroup_scope: all_scopes, atomic_op: inc, dir: write, report_msgrate: 0, bidirectional: 0, putget_issue :on_stream, use_graph: 1, use_mmap: 0, mem_handle_type: 0, use_egm: 0
Note: Above is full list of options, any given test will use only a subset of these variables.
mype: 15 mype_node: 7 device name: NVIDIA H200 bus id: 228 
Runtime options after parsing command line arguments 
min_size: 128, max_size: 16777216, step_factor: 2, iterations: 10, warmup iterations: 3, number of ctas: 32, threads per cta: 256 stride: 1, datatype: float, reduce_op: sum, threadgroup_scope: all_scopes, atomic_op: inc, dir: write, report_msgrate: 0, bidirectional: 0, putget_issue :on_stream, use_graph: 1, use_mmap: 0, mem_handle_type: 0, use_egm: 0
Note: Above is full list of options, any given test will use only a subset of these variables.
mype: 6 mype_node: 6 device name: NVIDIA H200 bus id: 191 
Runtime options after parsing command line arguments 
min_size: 128, max_size: 16777216, step_factor: 2, iterations: 10, warmup iterations: 3, number of ctas: 32, threads per cta: 256 stride: 1, datatype: float, reduce_op: sum, threadgroup_scope: all_scopes, atomic_op: inc, dir: write, report_msgrate: 0, bidirectional: 0, putget_issue :on_stream, use_graph: 1, use_mmap: 0, mem_handle_type: 0, use_egm: 0
Note: Above is full list of options, any given test will use only a subset of these variables.
mype: 14 mype_node: 6 device name: NVIDIA H200 bus id: 191 
Runtime options after parsing command line arguments 
min_size: 128, max_size: 16777216, step_factor: 2, iterations: 10, warmup iterations: 3, number of ctas: 32, threads per cta: 256 stride: 1, datatype: float, reduce_op: sum, threadgroup_scope: all_scopes, atomic_op: inc, dir: write, report_msgrate: 0, bidirectional: 0, putget_issue :on_stream, use_graph: 1, use_mmap: 0, mem_handle_type: 0, use_egm: 0
Note: Above is full list of options, any given test will use only a subset of these variables.
mype: 13 mype_node: 5 device name: NVIDIA H200 bus id: 174 
Runtime options after parsing command line arguments 
min_size: 128, max_size: 16777216, step_factor: 2, iterations: 10, warmup iterations: 3, number of ctas: 32, threads per cta: 256 stride: 1, datatype: float, reduce_op: sum, threadgroup_scope: all_scopes, atomic_op: inc, dir: write, report_msgrate: 0, bidirectional: 0, putget_issue :on_stream, use_graph: 1, use_mmap: 0, mem_handle_type: 0, use_egm: 0
Note: Above is full list of options, any given test will use only a subset of these variables.
mype: 12 mype_node: 4 device name: NVIDIA H200 bus id: 155 
Runtime options after parsing command line arguments 
min_size: 128, max_size: 16777216, step_factor: 2, iterations: 10, warmup iterations: 3, number of ctas: 32, threads per cta: 256 stride: 1, datatype: float, reduce_op: sum, threadgroup_scope: all_scopes, atomic_op: inc, dir: write, report_msgrate: 0, bidirectional: 0, putget_issue :on_stream, use_graph: 1, use_mmap: 0, mem_handle_type: 0, use_egm: 0
Note: Above is full list of options, any given test will use only a subset of these variables.
mype: 5 mype_node: 5 device name: NVIDIA H200 bus id: 174 
Runtime options after parsing command line arguments 
min_size: 128, max_size: 16777216, step_factor: 2, iterations: 10, warmup iterations: 3, number of ctas: 32, threads per cta: 256 stride: 1, datatype: float, reduce_op: sum, threadgroup_scope: all_scopes, atomic_op: inc, dir: write, report_msgrate: 0, bidirectional: 0, putget_issue :on_stream, use_graph: 1, use_mmap: 0, mem_handle_type: 0, use_egm: 0
Note: Above is full list of options, any given test will use only a subset of these variables.
mype: 10 mype_node: 2 device name: NVIDIA H200 bus id: 63 
Runtime options after parsing command line arguments 
min_size: 128, max_size: 16777216, step_factor: 2, iterations: 10, warmup iterations: 3, number of ctas: 32, threads per cta: 256 stride: 1, datatype: float, reduce_op: sum, threadgroup_scope: all_scopes, atomic_op: inc, dir: write, report_msgrate: 0, bidirectional: 0, putget_issue :on_stream, use_graph: 1, use_mmap: 0, mem_handle_type: 0, use_egm: 0
Note: Above is full list of options, any given test will use only a subset of these variables.
mype: 1 mype_node: 1 device name: NVIDIA H200 bus id: 45 
Runtime options after parsing command line arguments 
min_size: 128, max_size: 16777216, step_factor: 2, iterations: 10, warmup iterations: 3, number of ctas: 32, threads per cta: 256 stride: 1, datatype: float, reduce_op: sum, threadgroup_scope: all_scopes, atomic_op: inc, dir: write, report_msgrate: 0, bidirectional: 0, putget_issue :on_stream, use_graph: 1, use_mmap: 0, mem_handle_type: 0, use_egm: 0
Note: Above is full list of options, any given test will use only a subset of these variables.
mype: 9 mype_node: 1 device name: NVIDIA H200 bus id: 45 
Runtime options after parsing command line arguments 
min_size: 128, max_size: 16777216, step_factor: 2, iterations: 10, warmup iterations: 3, number of ctas: 32, threads per cta: 256 stride: 1, datatype: float, reduce_op: sum, threadgroup_scope: all_scopes, atomic_op: inc, dir: write, report_msgrate: 0, bidirectional: 0, putget_issue :on_stream, use_graph: 1, use_mmap: 0, mem_handle_type: 0, use_egm: 0
Note: Above is full list of options, any given test will use only a subset of these variables.
mype: 4 mype_node: 4 device name: NVIDIA H200 bus id: 155 
Runtime options after parsing command line arguments 
min_size: 128, max_size: 16777216, step_factor: 2, iterations: 10, warmup iterations: 3, number of ctas: 32, threads per cta: 256 stride: 1, datatype: float, reduce_op: sum, threadgroup_scope: all_scopes, atomic_op: inc, dir: write, report_msgrate: 0, bidirectional: 0, putget_issue :on_stream, use_graph: 1, use_mmap: 0, mem_handle_type: 0, use_egm: 0
Note: Above is full list of options, any given test will use only a subset of these variables.
mype: 3 mype_node: 3 device name: NVIDIA H200 bus id: 102 
Runtime options after parsing command line arguments 
min_size: 128, max_size: 16777216, step_factor: 2, iterations: 10, warmup iterations: 3, number of ctas: 32, threads per cta: 256 stride: 1, datatype: float, reduce_op: sum, threadgroup_scope: all_scopes, atomic_op: inc, dir: write, report_msgrate: 0, bidirectional: 0, putget_issue :on_stream, use_graph: 1, use_mmap: 0, mem_handle_type: 0, use_egm: 0
Note: Above is full list of options, any given test will use only a subset of these variables.
mype: 7 mype_node: 7 device name: NVIDIA H200 bus id: 228 
