Runtime options after parsing command line arguments 
min_size: 4, max_size: 33554432, step_factor: 2, iterations: 50, warmup iterations: 20, number of ctas: 32, threads per cta: 256 stride: 1, datatype: int, reduce_op: sum, threadgroup_scope: all_scopes, atomic_op: inc, dir: write, report_msgrate: 0, bidirectional: 0, putget_issue :on_stream, use_graph: 0, use_mmap: 0, mem_handle_type: 0, use_egm: 0
Note: Above is full list of options, any given test will use only a subset of these variables.
NVSHMEM v3.3.9
mype: 0 mype_node: 0 device name: NVIDIA H200 bus id: 25 
#fcollect_device
size(B)     count     type      scope     latency(us)       algbw(GB/s)   busbw(GB/s) 
32          8         32-bit    thread    6.101120          0.005         0.005       
64          16        32-bit    thread    6.020480          0.011         0.009       
128         32        32-bit    thread    6.047360          0.021         0.019       
256         64        32-bit    thread    6.031360          0.042         0.037       
512         128       32-bit    thread    6.196480          0.083         0.072       
1024        256       32-bit    thread    6.503680          0.157         0.138       
2048        512       32-bit    thread    7.166720          0.286         0.250       
4096        1024      32-bit    thread    8.746880          0.468         0.410       
8192        2048      32-bit    thread    11.280640         0.726         0.635       
#fcollect_device
size(B)     count     type      scope     latency(us)       algbw(GB/s)   busbw(GB/s) 
32          8         32-bit    warp      7.355520          0.004         0.004       
64          16        32-bit    warp      6.838400          0.009         0.008       
128         32        32-bit    warp      6.840960          0.019         0.016       
256         64        32-bit    warp      7.013760          0.036         0.032       
512         128       32-bit    warp      7.020160          0.073         0.064       
1024        256       32-bit    warp      7.024000          0.146         0.128       
2048        512       32-bit    warp      6.016000          0.340         0.298       
4096        1024      32-bit    warp      8.482560          0.483         0.423       
8192        2048      32-bit    warp      16.339840         0.501         0.439       
16384       4096      32-bit    warp      27.012479         0.607         0.531       
32768       8192      32-bit    warp      8.343680          3.927         3.436       
65536       16384     32-bit    warp      9.798400          6.688         5.852       
#fcollect_device
size(B)     count     type      scope     latency(us)       algbw(GB/s)   busbw(GB/s) 
32          8         32-bit    block     5.528960          0.006         0.005       
64          16        32-bit    block     3.064320          0.021         0.018       
128         32        32-bit    block     3.082240          0.042         0.036       
256         64        32-bit    block     3.088000          0.083         0.073       
512         128       32-bit    block     3.063040          0.167         0.146       
1024        256       32-bit    block     3.085440          0.332         0.290       
2048        512       32-bit    block     3.239040          0.632         0.553       
4096        1024      32-bit    block     3.567360          1.148         1.005       
8192        2048      32-bit    block     5.050880          1.622         1.419       
16384       4096      32-bit    block     7.173120          2.284         1.999       
32768       8192      32-bit    block     5.368320          6.104         5.341       
65536       16384     32-bit    block     5.705600          11.486        10.050      
131072      32768     32-bit    block     6.190720          21.172        18.526      
262144      65536     32-bit    block     7.014400          37.372        32.701      
524288      131072    32-bit    block     8.815360          59.474        52.040      
1048576     262144    32-bit    block     12.078080         86.816        75.964      
2097152     524288    32-bit    block     18.315520         114.501       100.189     
4194304     1048576   32-bit    block     30.952320         135.509       118.570     
8388608     2097152   32-bit    block     57.221761         146.598       128.273     
16777216    4194304   32-bit    block     106.451836        157.604       137.903     
33554432    8388608   32-bit    block     206.706562        162.329       142.038     
#fcollect_device
size(B)     count     type      scope     latency(us)       algbw(GB/s)   busbw(GB/s) 
64          8         64-bit    thread    6.017920          0.011         0.009       
128         16        64-bit    thread    6.191360          0.021         0.018       
256         32        64-bit    thread    6.034560          0.042         0.037       
512         64        64-bit    thread    6.178560          0.083         0.073       
1024        128       64-bit    thread    6.519680          0.157         0.137       
2048        256       64-bit    thread    7.180800          0.285         0.250       
4096        512       64-bit    thread    8.641920          0.474         0.415       
8192        1024      64-bit    thread    11.433600         0.716         0.627       
16384       2048      64-bit    thread    16.998399         0.964         0.843       
#fcollect_device
size(B)     count     type      scope     latency(us)       algbw(GB/s)   busbw(GB/s) 
64          8         64-bit    warp      7.329280          0.009         0.008       
128         16        64-bit    warp      6.849920          0.019         0.016       
256         32        64-bit    warp      7.012480          0.037         0.032       
512         64        64-bit    warp      7.010560          0.073         0.064       
1024        128       64-bit    warp      6.997760          0.146         0.128       
2048        256       64-bit    warp      6.021760          0.340         0.298       
4096        512       64-bit    warp      8.467840          0.484         0.423       
8192        1024      64-bit    warp      16.362240         0.501         0.438       
16384       2048      64-bit    warp      27.322240         0.600         0.525       
32768       4096      64-bit    warp      8.474880          3.866         3.383       
65536       8192      64-bit    warp      9.959040          6.581         5.758       
131072      16384     64-bit    warp      12.735360         10.292        9.005       
#fcollect_device
size(B)     count     type      scope     latency(us)       algbw(GB/s)   busbw(GB/s) 
64          8         64-bit    block     5.542400          0.012         0.010       
128         16        64-bit    block     3.095040          0.041         0.036       
256         32        64-bit    block     3.226880          0.079         0.069       
512         64        64-bit    block     3.242880          0.158         0.138       
1024        128       64-bit    block     3.235840          0.316         0.277       
2048        256       64-bit    block     3.417600          0.599         0.524       
4096        512       64-bit    block     3.574400          1.146         1.003       
8192        1024      64-bit    block     5.114880          1.602         1.401       
16384       2048      64-bit    block     7.169280          2.285         2.000       
32768       4096      64-bit    block     5.541120          5.914         5.174       
65536       8192      64-bit    block     5.860480          11.183        9.785       
131072      16384     64-bit    block     6.360320          20.608        18.032      
262144      32768     64-bit    block     7.157120          36.627        32.049      
524288      65536     64-bit    block     8.974080          58.422        51.120      
1048576     131072    64-bit    block     12.103040         86.637        75.808      
2097152     262144    64-bit    block     18.489600         113.423       99.245      
4194304     524288    64-bit    block     31.084800         134.931       118.065     
Runtime options after parsing command line arguments 
min_size: 4, max_size: 33554432, step_factor: 2, iterations: 50, warmup iterations: 20, number of ctas: 32, threads per cta: 256 stride: 1, datatype: int, reduce_op: sum, threadgroup_scope: all_scopes, atomic_op: inc, dir: write, report_msgrate: 0, bidirectional: 0, putget_issue :on_stream, use_graph: 0, use_mmap: 0, mem_handle_type: 0, use_egm: 0
Note: Above is full list of options, any given test will use only a subset of these variables.
mype: 1 mype_node: 1 device name: NVIDIA H200 bus id: 45 
Runtime options after parsing command line arguments 
min_size: 4, max_size: 33554432, step_factor: 2, iterations: 50, warmup iterations: 20, number of ctas: 32, threads per cta: 256 stride: 1, datatype: int, reduce_op: sum, threadgroup_scope: all_scopes, atomic_op: inc, dir: write, report_msgrate: 0, bidirectional: 0, putget_issue :on_stream, use_graph: 0, use_mmap: 0, mem_handle_type: 0, use_egm: 0
Note: Above is full list of options, any given test will use only a subset of these variables.
mype: 4 mype_node: 4 device name: NVIDIA H200 bus id: 155 
8388608     1048576   64-bit    block     56.389122         148.763       130.168     
16777216    2097152   64-bit    block     106.489601        157.548       137.854     
Runtime options after parsing command line arguments 
min_size: 4, max_size: 33554432, step_factor: 2, iterations: 50, warmup iterations: 20, number of ctas: 32, threads per cta: 256 stride: 1, datatype: int, reduce_op: sum, threadgroup_scope: all_scopes, atomic_op: inc, dir: write, report_msgrate: 0, bidirectional: 0, putget_issue :on_stream, use_graph: 0, use_mmap: 0, mem_handle_type: 0, use_egm: 0
Note: Above is full list of options, any given test will use only a subset of these variables.
mype: 3 mype_node: 3 device name: NVIDIA H200 bus id: 102 
Runtime options after parsing command line arguments 
min_size: 4, max_size: 33554432, step_factor: 2, iterations: 50, warmup iterations: 20, number of ctas: 32, threads per cta: 256 stride: 1, datatype: int, reduce_op: sum, threadgroup_scope: all_scopes, atomic_op: inc, dir: write, report_msgrate: 0, bidirectional: 0, putget_issue :on_stream, use_graph: 0, use_mmap: 0, mem_handle_type: 0, use_egm: 0
Note: Above is full list of options, any given test will use only a subset of these variables.
mype: 5 mype_node: 5 device name: NVIDIA H200 bus id: 174 
Runtime options after parsing command line arguments 
min_size: 4, max_size: 33554432, step_factor: 2, iterations: 50, warmup iterations: 20, number of ctas: 32, threads per cta: 256 stride: 1, datatype: int, reduce_op: sum, threadgroup_scope: all_scopes, atomic_op: inc, dir: write, report_msgrate: 0, bidirectional: 0, putget_issue :on_stream, use_graph: 0, use_mmap: 0, mem_handle_type: 0, use_egm: 0
Note: Above is full list of options, any given test will use only a subset of these variables.
mype: 6 mype_node: 6 device name: NVIDIA H200 bus id: 191 
Runtime options after parsing command line arguments 
min_size: 4, max_size: 33554432, step_factor: 2, iterations: 50, warmup iterations: 20, number of ctas: 32, threads per cta: 256 stride: 1, datatype: int, reduce_op: sum, threadgroup_scope: all_scopes, atomic_op: inc, dir: write, report_msgrate: 0, bidirectional: 0, putget_issue :on_stream, use_graph: 0, use_mmap: 0, mem_handle_type: 0, use_egm: 0
Note: Above is full list of options, any given test will use only a subset of these variables.
mype: 7 mype_node: 7 device name: NVIDIA H200 bus id: 228 
Runtime options after parsing command line arguments 
min_size: 4, max_size: 33554432, step_factor: 2, iterations: 50, warmup iterations: 20, number of ctas: 32, threads per cta: 256 stride: 1, datatype: int, reduce_op: sum, threadgroup_scope: all_scopes, atomic_op: inc, dir: write, report_msgrate: 0, bidirectional: 0, putget_issue :on_stream, use_graph: 0, use_mmap: 0, mem_handle_type: 0, use_egm: 0
Note: Above is full list of options, any given test will use only a subset of these variables.
mype: 2 mype_node: 2 device name: NVIDIA H200 bus id: 63 
