Runtime options after parsing command line arguments 
min_size: 4, max_size: 33554432, step_factor: 2, iterations: 50, warmup iterations: 20, number of ctas: 32, threads per cta: 256 stride: 1, datatype: int, reduce_op: sum, threadgroup_scope: all_scopes, atomic_op: inc, dir: write, report_msgrate: 0, bidirectional: 0, putget_issue :on_stream, use_graph: 0, use_mmap: 0, mem_handle_type: 0, use_egm: 0
Note: Above is full list of options, any given test will use only a subset of these variables.
NVSHMEM v3.3.9
mype: 0 mype_node: 0 device name: NVIDIA H200 bus id: 25 
#shmem_g_bw
size(B)     scope     BW (GB/sec)     
4           None      0.000251        
8           None      0.000486        
16          None      0.000856        
32          None      0.002132        
64          None      0.004149        
128         None      0.007475        
256         None      0.013043        
512         None      0.026173        
1024        None      0.044428        
2048        None      0.066103        
4096        None      0.094731        
8192        None      0.125191        
16384       None      0.162550        
32768       None      0.194489        
65536       None      0.209702        
131072      None      0.219777        
262144      None      0.224141        
524288      None      0.226945        
1048576     None      0.227905        
2097152     None      0.227489        
4194304     None      0.227363        
8388608     None      0.227477        
16777216    None      0.224710        
33554432    None      0.223878        
Runtime options after parsing command line arguments 
min_size: 4, max_size: 33554432, step_factor: 2, iterations: 50, warmup iterations: 20, number of ctas: 32, threads per cta: 256 stride: 1, datatype: int, reduce_op: sum, threadgroup_scope: all_scopes, atomic_op: inc, dir: write, report_msgrate: 0, bidirectional: 0, putget_issue :on_stream, use_graph: 0, use_mmap: 0, mem_handle_type: 0, use_egm: 0
Note: Above is full list of options, any given test will use only a subset of these variables.
mype: 1 mype_node: 0 device name: NVIDIA H200 bus id: 25 
