Runtime options after parsing command line arguments 
min_size: 128, max_size: 268435456, step_factor: 2, iterations: 100, warmup iterations: 50, number of ctas: 32, threads per cta: 256 stride: 1, datatype: int, reduce_op: sum, threadgroup_scope: all_scopes, atomic_op: inc, dir: write, report_msgrate: 0, bidirectional: 0, putget_issue :on_stream, use_graph: 1, use_mmap: 0, mem_handle_type: 0, use_egm: 0
Note: Above is full list of options, any given test will use only a subset of these variables.
NVSHMEM v3.3.9
mype: 0 mype_node: 0 device name: NVIDIA H200 bus id: 25 
#alltoall_device
size(B)     count     type      scope     latency(us)       algbw(GB/s)   busbw(GB/s) 
128         32        32-bit    thread    46.300478         0.003         0.003       
256         64        32-bit    thread    46.265922         0.006         0.005       
512         128       32-bit    thread    50.538878         0.010         0.009       
1024        256       32-bit    thread    51.831040         0.020         0.019       
2048        512       32-bit    thread    54.916482         0.037         0.035       
4096        1024      32-bit    thread    62.732482         0.065         0.061       
8192        2048      32-bit    thread    71.908159         0.114         0.107       
16384       4096      32-bit    thread    94.190722         0.174         0.163       
#alltoall_device
size(B)     count     type      scope     latency(us)       algbw(GB/s)   busbw(GB/s) 
128         32        32-bit    warp      25.790401         0.005         0.005       
256         64        32-bit    warp      25.628159         0.010         0.009       
512         128       32-bit    warp      27.761281         0.018         0.017       
1024        256       32-bit    warp      27.918720         0.037         0.034       
2048        512       32-bit    warp      27.932160         0.073         0.069       
4096        1024      32-bit    warp      30.794880         0.133         0.125       
8192        2048      32-bit    warp      28.348479         0.289         0.271       
16384       4096      32-bit    warp      30.209279         0.542         0.508       
32768       8192      32-bit    warp      32.665920         1.003         0.940       
65536       16384     32-bit    warp      38.567359         1.699         1.593       
131072      32768     32-bit    warp      51.019840         2.569         2.408       
#alltoall_device
size(B)     count     type      scope     latency(us)       algbw(GB/s)   busbw(GB/s) 
128         32        32-bit    block     25.875840         0.005         0.005       
256         64        32-bit    block     27.347200         0.009         0.009       
512         128       32-bit    block     25.698559         0.020         0.019       
1024        256       32-bit    block     25.618560         0.040         0.037       
2048        512       32-bit    block     26.123841         0.078         0.073       
4096        1024      32-bit    block     26.038079         0.157         0.147       
8192        2048      32-bit    block     26.935680         0.304         0.285       
16384       4096      32-bit    block     27.016001         0.606         0.569       
32768       8192      32-bit    block     26.136320         1.254         1.175       
65536       16384     32-bit    block     26.279039         2.494         2.338       
131072      32768     32-bit    block     26.123519         5.017         4.704       
262144      65536     32-bit    block     31.359999         8.359         7.837       
524288      131072    32-bit    block     40.131521         13.064        12.248      
1048576     262144    32-bit    block     53.225598         19.701        18.469      
2097152     524288    32-bit    block     80.099840         26.182        24.545      
4194304     1048576   32-bit    block     130.659523        32.101        30.095      
8388608     2097152   32-bit    block     230.506248        36.392        34.118      
16777216    4194304   32-bit    block     431.871376        38.848        36.420      
33554432    8388608   32-bit    block     1273.778915       26.342        24.696      
67108864    16777216  32-bit    block     3461.451721       19.387        18.176      
134217728   33554432  32-bit    block     6891.625366       19.475        18.258      
268435456   67108864  32-bit    block     13697.753906      19.597        18.372      
#alltoall_device
size(B)     count     type      scope     latency(us)       algbw(GB/s)   busbw(GB/s) 
128         16        64-bit    thread    46.028481         0.003         0.003       
256         32        64-bit    thread    46.033921         0.006         0.005       
512         64        64-bit    thread    50.137281         0.010         0.010       
1024        128       64-bit    thread    51.605759         0.020         0.019       
2048        256       64-bit    thread    54.381118         0.038         0.035       
4096        512       64-bit    thread    60.034242         0.068         0.064       
8192        1024      64-bit    thread    71.334720         0.115         0.108       
16384       2048      64-bit    thread    93.960962         0.174         0.163       
32768       4096      64-bit    thread    139.652796        0.235         0.220       
#alltoall_device
size(B)     count     type      scope     latency(us)       algbw(GB/s)   busbw(GB/s) 
128         16        64-bit    warp      25.958400         0.005         0.005       
256         32        64-bit    warp      25.875521         0.010         0.009       
512         64        64-bit    warp      27.844801         0.018         0.017       
1024        128       64-bit    warp      28.585601         0.036         0.034       
2048        256       64-bit    warp      28.914559         0.071         0.066       
4096        512       64-bit    warp      27.676480         0.148         0.139       
8192        1024      64-bit    warp      27.671039         0.296         0.278       
16384       2048      64-bit    warp      29.470720         0.556         0.521       
32768       4096      64-bit    warp      32.263999         1.016         0.952       
65536       8192      64-bit    warp      38.330240         1.710         1.603       
131072      16384     64-bit    warp      51.097598         2.565         2.405       
262144      32768     64-bit    warp      76.583681         3.423         3.209       
#alltoall_device
size(B)     count     type      scope     latency(us)       algbw(GB/s)   busbw(GB/s) 
128         16        64-bit    block     26.128321         0.005         0.005       
256         32        64-bit    block     25.876801         0.010         0.009       
512         64        64-bit    block     25.948479         0.020         0.018       
1024        128       64-bit    block     25.536959         0.040         0.038       
2048        256       64-bit    block     25.541761         0.080         0.075       
4096        512       64-bit    block     25.685120         0.159         0.150       
8192        1024      64-bit    block     25.637760         0.320         0.300       
16384       2048      64-bit    block     25.790081         0.635         0.596       
32768       4096      64-bit    block     25.737920         1.273         1.194       
65536       8192      64-bit    block     25.947521         2.526         2.368       
131072      16384     64-bit    block     26.952960         4.863         4.559       
262144      32768     64-bit    block     31.367681         8.357         7.835       
524288      65536     64-bit    block     40.126719         13.066        12.249      
1048576     131072    64-bit    block     52.664318         19.911        18.666      
2097152     262144    64-bit    block     79.039998         26.533        24.874      
4194304     524288    64-bit    block     129.940157        32.279        30.261      
8388608     1048576   64-bit    block     228.308792        36.742        34.446      
16777216    2097152   64-bit    block     426.469421        39.340        36.881      
33554432    4194304   64-bit    block     1274.486694       26.328        24.682      
67108864    8388608   64-bit    block     3457.913513       19.407        18.194      
134217728   16777216  64-bit    block     6886.548462       19.490        18.272      
268435456   33554432  64-bit    block     13686.442871      19.613        18.387      
Runtime options after parsing command line arguments 
min_size: 128, max_size: 268435456, step_factor: 2, iterations: 100, warmup iterations: 50, number of ctas: 32, threads per cta: 256 stride: 1, datatype: int, reduce_op: sum, threadgroup_scope: all_scopes, atomic_op: inc, dir: write, report_msgrate: 0, bidirectional: 0, putget_issue :on_stream, use_graph: 1, use_mmap: 0, mem_handle_type: 0, use_egm: 0
Note: Above is full list of options, any given test will use only a subset of these variables.
mype: 10 mype_node: 2 device name: NVIDIA H200 bus id: 63 
Runtime options after parsing command line arguments 
min_size: 128, max_size: 268435456, step_factor: 2, iterations: 100, warmup iterations: 50, number of ctas: 32, threads per cta: 256 stride: 1, datatype: int, reduce_op: sum, threadgroup_scope: all_scopes, atomic_op: inc, dir: write, report_msgrate: 0, bidirectional: 0, putget_issue :on_stream, use_graph: 1, use_mmap: 0, mem_handle_type: 0, use_egm: 0
Note: Above is full list of options, any given test will use only a subset of these variables.
mype: 9 mype_node: 1 device name: NVIDIA H200 bus id: 45 
Runtime options after parsing command line arguments 
min_size: 128, max_size: 268435456, step_factor: 2, iterations: 100, warmup iterations: 50, number of ctas: 32, threads per cta: 256 stride: 1, datatype: int, reduce_op: sum, threadgroup_scope: all_scopes, atomic_op: inc, dir: write, report_msgrate: 0, bidirectional: 0, putget_issue :on_stream, use_graph: 1, use_mmap: 0, mem_handle_type: 0, use_egm: 0
Note: Above is full list of options, any given test will use only a subset of these variables.
mype: 3 mype_node: 3 device name: NVIDIA H200 bus id: 102 
Runtime options after parsing command line arguments 
min_size: 128, max_size: 268435456, step_factor: 2, iterations: 100, warmup iterations: 50, number of ctas: 32, threads per cta: 256 stride: 1, datatype: int, reduce_op: sum, threadgroup_scope: all_scopes, atomic_op: inc, dir: write, report_msgrate: 0, bidirectional: 0, putget_issue :on_stream, use_graph: 1, use_mmap: 0, mem_handle_type: 0, use_egm: 0
Note: Above is full list of options, any given test will use only a subset of these variables.
mype: 5 mype_node: 5 device name: NVIDIA H200 bus id: 174 
Runtime options after parsing command line arguments 
min_size: 128, max_size: 268435456, step_factor: 2, iterations: 100, warmup iterations: 50, number of ctas: 32, threads per cta: 256 stride: 1, datatype: int, reduce_op: sum, threadgroup_scope: all_scopes, atomic_op: inc, dir: write, report_msgrate: 0, bidirectional: 0, putget_issue :on_stream, use_graph: 1, use_mmap: 0, mem_handle_type: 0, use_egm: 0
Note: Above is full list of options, any given test will use only a subset of these variables.
mype: 11 mype_node: 3 device name: NVIDIA H200 bus id: 102 
Runtime options after parsing command line arguments 
min_size: 128, max_size: 268435456, step_factor: 2, iterations: 100, warmup iterations: 50, number of ctas: 32, threads per cta: 256 stride: 1, datatype: int, reduce_op: sum, threadgroup_scope: all_scopes, atomic_op: inc, dir: write, report_msgrate: 0, bidirectional: 0, putget_issue :on_stream, use_graph: 1, use_mmap: 0, mem_handle_type: 0, use_egm: 0
Note: Above is full list of options, any given test will use only a subset of these variables.
mype: 8 mype_node: 0 device name: NVIDIA H200 bus id: 25 
Runtime options after parsing command line arguments 
min_size: 128, max_size: 268435456, step_factor: 2, iterations: 100, warmup iterations: 50, number of ctas: 32, threads per cta: 256 stride: 1, datatype: int, reduce_op: sum, threadgroup_scope: all_scopes, atomic_op: inc, dir: write, report_msgrate: 0, bidirectional: 0, putget_issue :on_stream, use_graph: 1, use_mmap: 0, mem_handle_type: 0, use_egm: 0
Note: Above is full list of options, any given test will use only a subset of these variables.
mype: 13 mype_node: 5 device name: NVIDIA H200 bus id: 174 
Runtime options after parsing command line arguments 
min_size: 128, max_size: 268435456, step_factor: 2, iterations: 100, warmup iterations: 50, number of ctas: 32, threads per cta: 256 stride: 1, datatype: int, reduce_op: sum, threadgroup_scope: all_scopes, atomic_op: inc, dir: write, report_msgrate: 0, bidirectional: 0, putget_issue :on_stream, use_graph: 1, use_mmap: 0, mem_handle_type: 0, use_egm: 0
Note: Above is full list of options, any given test will use only a subset of these variables.
mype: 6 mype_node: 6 device name: NVIDIA H200 bus id: 191 
Runtime options after parsing command line arguments 
min_size: 128, max_size: 268435456, step_factor: 2, iterations: 100, warmup iterations: 50, number of ctas: 32, threads per cta: 256 stride: 1, datatype: int, reduce_op: sum, threadgroup_scope: all_scopes, atomic_op: inc, dir: write, report_msgrate: 0, bidirectional: 0, putget_issue :on_stream, use_graph: 1, use_mmap: 0, mem_handle_type: 0, use_egm: 0
Note: Above is full list of options, any given test will use only a subset of these variables.
mype: 7 mype_node: 7 device name: NVIDIA H200 bus id: 228 
Runtime options after parsing command line arguments 
min_size: 128, max_size: 268435456, step_factor: 2, iterations: 100, warmup iterations: 50, number of ctas: 32, threads per cta: 256 stride: 1, datatype: int, reduce_op: sum, threadgroup_scope: all_scopes, atomic_op: inc, dir: write, report_msgrate: 0, bidirectional: 0, putget_issue :on_stream, use_graph: 1, use_mmap: 0, mem_handle_type: 0, use_egm: 0
Note: Above is full list of options, any given test will use only a subset of these variables.
mype: 14 mype_node: 6 device name: NVIDIA H200 bus id: 191 
Runtime options after parsing command line arguments 
min_size: 128, max_size: 268435456, step_factor: 2, iterations: 100, warmup iterations: 50, number of ctas: 32, threads per cta: 256 stride: 1, datatype: int, reduce_op: sum, threadgroup_scope: all_scopes, atomic_op: inc, dir: write, report_msgrate: 0, bidirectional: 0, putget_issue :on_stream, use_graph: 1, use_mmap: 0, mem_handle_type: 0, use_egm: 0
Note: Above is full list of options, any given test will use only a subset of these variables.
mype: 15 mype_node: 7 device name: NVIDIA H200 bus id: 228 
Runtime options after parsing command line arguments 
min_size: 128, max_size: 268435456, step_factor: 2, iterations: 100, warmup iterations: 50, number of ctas: 32, threads per cta: 256 stride: 1, datatype: int, reduce_op: sum, threadgroup_scope: all_scopes, atomic_op: inc, dir: write, report_msgrate: 0, bidirectional: 0, putget_issue :on_stream, use_graph: 1, use_mmap: 0, mem_handle_type: 0, use_egm: 0
Note: Above is full list of options, any given test will use only a subset of these variables.
mype: 2 mype_node: 2 device name: NVIDIA H200 bus id: 63 
Runtime options after parsing command line arguments 
min_size: 128, max_size: 268435456, step_factor: 2, iterations: 100, warmup iterations: 50, number of ctas: 32, threads per cta: 256 stride: 1, datatype: int, reduce_op: sum, threadgroup_scope: all_scopes, atomic_op: inc, dir: write, report_msgrate: 0, bidirectional: 0, putget_issue :on_stream, use_graph: 1, use_mmap: 0, mem_handle_type: 0, use_egm: 0
Note: Above is full list of options, any given test will use only a subset of these variables.
mype: 1 mype_node: 1 device name: NVIDIA H200 bus id: 45 
Runtime options after parsing command line arguments 
min_size: 128, max_size: 268435456, step_factor: 2, iterations: 100, warmup iterations: 50, number of ctas: 32, threads per cta: 256 stride: 1, datatype: int, reduce_op: sum, threadgroup_scope: all_scopes, atomic_op: inc, dir: write, report_msgrate: 0, bidirectional: 0, putget_issue :on_stream, use_graph: 1, use_mmap: 0, mem_handle_type: 0, use_egm: 0
Note: Above is full list of options, any given test will use only a subset of these variables.
mype: 12 mype_node: 4 device name: NVIDIA H200 bus id: 155 
Runtime options after parsing command line arguments 
min_size: 128, max_size: 268435456, step_factor: 2, iterations: 100, warmup iterations: 50, number of ctas: 32, threads per cta: 256 stride: 1, datatype: int, reduce_op: sum, threadgroup_scope: all_scopes, atomic_op: inc, dir: write, report_msgrate: 0, bidirectional: 0, putget_issue :on_stream, use_graph: 1, use_mmap: 0, mem_handle_type: 0, use_egm: 0
Note: Above is full list of options, any given test will use only a subset of these variables.
mype: 4 mype_node: 4 device name: NVIDIA H200 bus id: 155 
