Runtime options after parsing command line arguments 
min_size: 128, max_size: 268435456, step_factor: 2, iterations: 100, warmup iterations: 50, number of ctas: 32, threads per cta: 256 stride: 1, datatype: int, reduce_op: sum, threadgroup_scope: all_scopes, atomic_op: inc, dir: write, report_msgrate: 0, bidirectional: 0, putget_issue :on_stream, use_graph: 1, use_mmap: 0, mem_handle_type: 0, use_egm: 0
Note: Above is full list of options, any given test will use only a subset of these variables.
NVSHMEM v3.3.9
mype: 0 mype_node: 0 device name: NVIDIA H200 bus id: 25 
#alltoall_device
size(B)     count     type      scope     latency(us)       algbw(GB/s)   busbw(GB/s) 
128         32        32-bit    thread    45.627198         0.003         0.003       
256         64        32-bit    thread    45.356798         0.006         0.005       
512         128       32-bit    thread    49.860482         0.010         0.010       
1024        256       32-bit    thread    51.167040         0.020         0.019       
2048        512       32-bit    thread    54.055042         0.038         0.036       
4096        1024      32-bit    thread    61.491518         0.067         0.062       
8192        2048      32-bit    thread    70.755839         0.116         0.109       
16384       4096      32-bit    thread    93.196163         0.176         0.165       
#alltoall_device
size(B)     count     type      scope     latency(us)       algbw(GB/s)   busbw(GB/s) 
128         32        32-bit    warp      25.852160         0.005         0.005       
256         64        32-bit    warp      25.688319         0.010         0.009       
512         128       32-bit    warp      27.003520         0.019         0.018       
1024        256       32-bit    warp      27.333760         0.037         0.035       
2048        512       32-bit    warp      27.406080         0.075         0.070       
4096        1024      32-bit    warp      27.820799         0.147         0.138       
8192        2048      32-bit    warp      27.330239         0.300         0.281       
16384       4096      32-bit    warp      28.720000         0.570         0.535       
32768       8192      32-bit    warp      32.158720         1.019         0.955       
65536       16384     32-bit    warp      38.143361         1.718         1.611       
131072      32768     32-bit    warp      50.848322         2.578         2.417       
#alltoall_device
size(B)     count     type      scope     latency(us)       algbw(GB/s)   busbw(GB/s) 
128         32        32-bit    block     25.855680         0.005         0.005       
256         64        32-bit    block     26.014719         0.010         0.009       
512         128       32-bit    block     25.440960         0.020         0.019       
1024        256       32-bit    block     25.363519         0.040         0.038       
2048        512       32-bit    block     25.937600         0.079         0.074       
4096        1024      32-bit    block     25.689600         0.159         0.149       
8192        2048      32-bit    block     25.524800         0.321         0.301       
16384       4096      32-bit    block     25.613761         0.640         0.600       
32768       8192      32-bit    block     25.611839         1.279         1.199       
65536       16384     32-bit    block     25.943360         2.526         2.368       
131072      32768     32-bit    block     26.271679         4.989         4.677       
262144      65536     32-bit    block     31.348481         8.362         7.840       
524288      131072    32-bit    block     39.536321         13.261        12.432      
1048576     262144    32-bit    block     53.382721         19.643        18.415      
2097152     524288    32-bit    block     78.954878         26.561        24.901      
4194304     1048576   32-bit    block     129.591036        32.366        30.343      
8388608     2097152   32-bit    block     228.111687        36.774        34.476      
16777216    4194304   32-bit    block     429.392967        39.072        36.630      
33554432    8388608   32-bit    block     1265.387192       26.517        24.860      
67108864    16777216  32-bit    block     3461.564026       19.387        18.175      
134217728   33554432  32-bit    block     6887.381592       19.487        18.270      
268435456   67108864  32-bit    block     13698.834229      19.595        18.371      
#alltoall_device
size(B)     count     type      scope     latency(us)       algbw(GB/s)   busbw(GB/s) 
128         16        64-bit    thread    45.055361         0.003         0.003       
256         32        64-bit    thread    45.120001         0.006         0.005       
512         64        64-bit    thread    49.556799         0.010         0.010       
1024        128       64-bit    thread    51.176000         0.020         0.019       
2048        256       64-bit    thread    54.035521         0.038         0.036       
4096        512       64-bit    thread    59.521918         0.069         0.065       
8192        1024      64-bit    thread    71.321602         0.115         0.108       
16384       2048      64-bit    thread    93.111362         0.176         0.165       
32768       4096      64-bit    thread    139.233284        0.235         0.221       
#alltoall_device
size(B)     count     type      scope     latency(us)       algbw(GB/s)   busbw(GB/s) 
128         16        64-bit    warp      25.933759         0.005         0.005       
256         32        64-bit    warp      25.532160         0.010         0.009       
512         64        64-bit    warp      27.172480         0.019         0.018       
1024        128       64-bit    warp      27.667520         0.037         0.035       
2048        256       64-bit    warp      28.320000         0.072         0.068       
4096        512       64-bit    warp      27.245760         0.150         0.141       
8192        1024      64-bit    warp      27.166080         0.302         0.283       
16384       2048      64-bit    warp      29.047041         0.564         0.529       
32768       4096      64-bit    warp      32.009599         1.024         0.960       
65536       8192      64-bit    warp      37.991040         1.725         1.617       
131072      16384     64-bit    warp      50.846081         2.578         2.417       
262144      32768     64-bit    warp      75.822721         3.457         3.241       
#alltoall_device
size(B)     count     type      scope     latency(us)       algbw(GB/s)   busbw(GB/s) 
128         16        64-bit    block     26.032319         0.005         0.005       
256         32        64-bit    block     25.939519         0.010         0.009       
512         64        64-bit    block     25.548480         0.020         0.019       
1024        128       64-bit    block     25.451839         0.040         0.038       
2048        256       64-bit    block     25.367680         0.081         0.076       
4096        512       64-bit    block     25.611520         0.160         0.150       
8192        1024      64-bit    block     25.626240         0.320         0.300       
16384       2048      64-bit    block     25.614719         0.640         0.600       
32768       4096      64-bit    block     25.701120         1.275         1.195       
65536       8192      64-bit    block     25.694399         2.551         2.391       
131072      16384     64-bit    block     26.351359         4.974         4.663       
262144      32768     64-bit    block     31.422400         8.343         7.821       
524288      65536     64-bit    block     39.285121         13.346        12.512      
1048576     131072    64-bit    block     53.387518         19.641        18.413      
2097152     262144    64-bit    block     78.530240         26.705        25.036      
4194304     524288    64-bit    block     128.670721        32.597        30.560      
8388608     1048576   64-bit    block     226.807671        36.986        34.674      
16777216    2097152   64-bit    block     425.960007        39.387        36.925      
Runtime options after parsing command line arguments 
min_size: 128, max_size: 268435456, step_factor: 2, iterations: 100, warmup iterations: 50, number of ctas: 32, threads per cta: 256 stride: 1, datatype: int, reduce_op: sum, threadgroup_scope: all_scopes, atomic_op: inc, dir: write, report_msgrate: 0, bidirectional: 0, putget_issue :on_stream, use_graph: 1, use_mmap: 0, mem_handle_type: 0, use_egm: 0
Note: Above is full list of options, any given test will use only a subset of these variables.
mype: 14 mype_node: 6 device name: NVIDIA H200 bus id: 191 
33554432    4194304   64-bit    block     1277.918091       26.257        24.616      
67108864    8388608   64-bit    block     3457.694092       19.409        18.196      
134217728   16777216  64-bit    block     6879.597778       19.510        18.290      
268435456   33554432  64-bit    block     13687.194824      19.612        18.386      
Runtime options after parsing command line arguments 
min_size: 128, max_size: 268435456, step_factor: 2, iterations: 100, warmup iterations: 50, number of ctas: 32, threads per cta: 256 stride: 1, datatype: int, reduce_op: sum, threadgroup_scope: all_scopes, atomic_op: inc, dir: write, report_msgrate: 0, bidirectional: 0, putget_issue :on_stream, use_graph: 1, use_mmap: 0, mem_handle_type: 0, use_egm: 0
Note: Above is full list of options, any given test will use only a subset of these variables.
mype: 2 mype_node: 2 device name: NVIDIA H200 bus id: 63 
Runtime options after parsing command line arguments 
min_size: 128, max_size: 268435456, step_factor: 2, iterations: 100, warmup iterations: 50, number of ctas: 32, threads per cta: 256 stride: 1, datatype: int, reduce_op: sum, threadgroup_scope: all_scopes, atomic_op: inc, dir: write, report_msgrate: 0, bidirectional: 0, putget_issue :on_stream, use_graph: 1, use_mmap: 0, mem_handle_type: 0, use_egm: 0
Note: Above is full list of options, any given test will use only a subset of these variables.
mype: 3 mype_node: 3 device name: NVIDIA H200 bus id: 102 
Runtime options after parsing command line arguments 
min_size: 128, max_size: 268435456, step_factor: 2, iterations: 100, warmup iterations: 50, number of ctas: 32, threads per cta: 256 stride: 1, datatype: int, reduce_op: sum, threadgroup_scope: all_scopes, atomic_op: inc, dir: write, report_msgrate: 0, bidirectional: 0, putget_issue :on_stream, use_graph: 1, use_mmap: 0, mem_handle_type: 0, use_egm: 0
Note: Above is full list of options, any given test will use only a subset of these variables.
mype: 6 mype_node: 6 device name: NVIDIA H200 bus id: 191 
Runtime options after parsing command line arguments 
min_size: 128, max_size: 268435456, step_factor: 2, iterations: 100, warmup iterations: 50, number of ctas: 32, threads per cta: 256 stride: 1, datatype: int, reduce_op: sum, threadgroup_scope: all_scopes, atomic_op: inc, dir: write, report_msgrate: 0, bidirectional: 0, putget_issue :on_stream, use_graph: 1, use_mmap: 0, mem_handle_type: 0, use_egm: 0
Note: Above is full list of options, any given test will use only a subset of these variables.
mype: 1 mype_node: 1 device name: NVIDIA H200 bus id: 45 
Runtime options after parsing command line arguments 
min_size: 128, max_size: 268435456, step_factor: 2, iterations: 100, warmup iterations: 50, number of ctas: 32, threads per cta: 256 stride: 1, datatype: int, reduce_op: sum, threadgroup_scope: all_scopes, atomic_op: inc, dir: write, report_msgrate: 0, bidirectional: 0, putget_issue :on_stream, use_graph: 1, use_mmap: 0, mem_handle_type: 0, use_egm: 0
Note: Above is full list of options, any given test will use only a subset of these variables.
mype: 4 mype_node: 4 device name: NVIDIA H200 bus id: 155 
Runtime options after parsing command line arguments 
min_size: 128, max_size: 268435456, step_factor: 2, iterations: 100, warmup iterations: 50, number of ctas: 32, threads per cta: 256 stride: 1, datatype: int, reduce_op: sum, threadgroup_scope: all_scopes, atomic_op: inc, dir: write, report_msgrate: 0, bidirectional: 0, putget_issue :on_stream, use_graph: 1, use_mmap: 0, mem_handle_type: 0, use_egm: 0
Note: Above is full list of options, any given test will use only a subset of these variables.
mype: 8 mype_node: 0 device name: NVIDIA H200 bus id: 25 
Runtime options after parsing command line arguments 
min_size: 128, max_size: 268435456, step_factor: 2, iterations: 100, warmup iterations: 50, number of ctas: 32, threads per cta: 256 stride: 1, datatype: int, reduce_op: sum, threadgroup_scope: all_scopes, atomic_op: inc, dir: write, report_msgrate: 0, bidirectional: 0, putget_issue :on_stream, use_graph: 1, use_mmap: 0, mem_handle_type: 0, use_egm: 0
Note: Above is full list of options, any given test will use only a subset of these variables.
mype: 7 mype_node: 7 device name: NVIDIA H200 bus id: 228 
Runtime options after parsing command line arguments 
min_size: 128, max_size: 268435456, step_factor: 2, iterations: 100, warmup iterations: 50, number of ctas: 32, threads per cta: 256 stride: 1, datatype: int, reduce_op: sum, threadgroup_scope: all_scopes, atomic_op: inc, dir: write, report_msgrate: 0, bidirectional: 0, putget_issue :on_stream, use_graph: 1, use_mmap: 0, mem_handle_type: 0, use_egm: 0
Note: Above is full list of options, any given test will use only a subset of these variables.
mype: 9 mype_node: 1 device name: NVIDIA H200 bus id: 45 
Runtime options after parsing command line arguments 
min_size: 128, max_size: 268435456, step_factor: 2, iterations: 100, warmup iterations: 50, number of ctas: 32, threads per cta: 256 stride: 1, datatype: int, reduce_op: sum, threadgroup_scope: all_scopes, atomic_op: inc, dir: write, report_msgrate: 0, bidirectional: 0, putget_issue :on_stream, use_graph: 1, use_mmap: 0, mem_handle_type: 0, use_egm: 0
Note: Above is full list of options, any given test will use only a subset of these variables.
mype: 11 mype_node: 3 device name: NVIDIA H200 bus id: 102 
Runtime options after parsing command line arguments 
min_size: 128, max_size: 268435456, step_factor: 2, iterations: 100, warmup iterations: 50, number of ctas: 32, threads per cta: 256 stride: 1, datatype: int, reduce_op: sum, threadgroup_scope: all_scopes, atomic_op: inc, dir: write, report_msgrate: 0, bidirectional: 0, putget_issue :on_stream, use_graph: 1, use_mmap: 0, mem_handle_type: 0, use_egm: 0
Note: Above is full list of options, any given test will use only a subset of these variables.
mype: 13 mype_node: 5 device name: NVIDIA H200 bus id: 174 
Runtime options after parsing command line arguments 
min_size: 128, max_size: 268435456, step_factor: 2, iterations: 100, warmup iterations: 50, number of ctas: 32, threads per cta: 256 stride: 1, datatype: int, reduce_op: sum, threadgroup_scope: all_scopes, atomic_op: inc, dir: write, report_msgrate: 0, bidirectional: 0, putget_issue :on_stream, use_graph: 1, use_mmap: 0, mem_handle_type: 0, use_egm: 0
Note: Above is full list of options, any given test will use only a subset of these variables.
mype: 12 mype_node: 4 device name: NVIDIA H200 bus id: 155 
Runtime options after parsing command line arguments 
min_size: 128, max_size: 268435456, step_factor: 2, iterations: 100, warmup iterations: 50, number of ctas: 32, threads per cta: 256 stride: 1, datatype: int, reduce_op: sum, threadgroup_scope: all_scopes, atomic_op: inc, dir: write, report_msgrate: 0, bidirectional: 0, putget_issue :on_stream, use_graph: 1, use_mmap: 0, mem_handle_type: 0, use_egm: 0
Note: Above is full list of options, any given test will use only a subset of these variables.
mype: 5 mype_node: 5 device name: NVIDIA H200 bus id: 174 
Runtime options after parsing command line arguments 
min_size: 128, max_size: 268435456, step_factor: 2, iterations: 100, warmup iterations: 50, number of ctas: 32, threads per cta: 256 stride: 1, datatype: int, reduce_op: sum, threadgroup_scope: all_scopes, atomic_op: inc, dir: write, report_msgrate: 0, bidirectional: 0, putget_issue :on_stream, use_graph: 1, use_mmap: 0, mem_handle_type: 0, use_egm: 0
Note: Above is full list of options, any given test will use only a subset of these variables.
mype: 15 mype_node: 7 device name: NVIDIA H200 bus id: 228 
Runtime options after parsing command line arguments 
min_size: 128, max_size: 268435456, step_factor: 2, iterations: 100, warmup iterations: 50, number of ctas: 32, threads per cta: 256 stride: 1, datatype: int, reduce_op: sum, threadgroup_scope: all_scopes, atomic_op: inc, dir: write, report_msgrate: 0, bidirectional: 0, putget_issue :on_stream, use_graph: 1, use_mmap: 0, mem_handle_type: 0, use_egm: 0
Note: Above is full list of options, any given test will use only a subset of these variables.
mype: 10 mype_node: 2 device name: NVIDIA H200 bus id: 63 
