Runtime options after parsing command line arguments 
min_size: 128, max_size: 268435456, step_factor: 2, iterations: 20, warmup iterations: 5, number of ctas: 32, threads per cta: 256 stride: 1, datatype: int, reduce_op: sum, threadgroup_scope: all_scopes, atomic_op: inc, dir: write, report_msgrate: 0, bidirectional: 0, putget_issue :on_stream, use_graph: 1, use_mmap: 0, mem_handle_type: 0, use_egm: 0
Note: Above is full list of options, any given test will use only a subset of these variables.
mype: 4 mype_node: 4 device name: NVIDIA H200 bus id: 155 
Runtime options after parsing command line arguments 
min_size: 128, max_size: 268435456, step_factor: 2, iterations: 20, warmup iterations: 5, number of ctas: 32, threads per cta: 256 stride: 1, datatype: int, reduce_op: sum, threadgroup_scope: all_scopes, atomic_op: inc, dir: write, report_msgrate: 0, bidirectional: 0, putget_issue :on_stream, use_graph: 1, use_mmap: 0, mem_handle_type: 0, use_egm: 0
Note: Above is full list of options, any given test will use only a subset of these variables.
mype: 6 mype_node: 6 device name: NVIDIA H200 bus id: 191 
Runtime options after parsing command line arguments 
min_size: 128, max_size: 268435456, step_factor: 2, iterations: 20, warmup iterations: 5, number of ctas: 32, threads per cta: 256 stride: 1, datatype: int, reduce_op: sum, threadgroup_scope: all_scopes, atomic_op: inc, dir: write, report_msgrate: 0, bidirectional: 0, putget_issue :on_stream, use_graph: 1, use_mmap: 0, mem_handle_type: 0, use_egm: 0
Note: Above is full list of options, any given test will use only a subset of these variables.
mype: 1 mype_node: 1 device name: NVIDIA H200 bus id: 45 
Runtime options after parsing command line arguments 
min_size: 128, max_size: 268435456, step_factor: 2, iterations: 20, warmup iterations: 5, number of ctas: 32, threads per cta: 256 stride: 1, datatype: int, reduce_op: sum, threadgroup_scope: all_scopes, atomic_op: inc, dir: write, report_msgrate: 0, bidirectional: 0, putget_issue :on_stream, use_graph: 1, use_mmap: 0, mem_handle_type: 0, use_egm: 0
Note: Above is full list of options, any given test will use only a subset of these variables.
NVSHMEM v3.3.9
mype: 0 mype_node: 0 device name: NVIDIA H200 bus id: 25 
#reduction_on_stream
size(B)     count     type      redop     latency(us)       min_lat(us)       max_lat(us)       algbw(GB/s)   busbw(GB/s) 
128         32        int       sum       7.788800          7.789             7.789             0.016         0.029       
256         64        int       sum       7.674880          7.675             7.675             0.033         0.058       
512         128       int       sum       8.069120          8.069             8.069             0.063         0.111       
1024        256       int       sum       9.667840          9.668             9.668             0.106         0.185       
2048        512       int       sum       12.421120         12.421            12.421            0.165         0.289       
4096        1024      int       sum       17.690880         17.691            17.691            0.232         0.405       
8192        2048      int       sum       21.794559         21.795            21.795            0.376         0.658       
16384       4096      int       sum       57.182722         57.183            57.183            0.287         0.501       
32768       8192      int       sum       105.520636        105.521           105.521           0.311         0.543       
65536       16384     int       sum       206.583038        206.583           206.583           0.317         0.555       
131072      32768     int       sum       409.653783        409.654           409.654           0.320         0.560       
262144      65536     int       sum       60.258560         60.259            60.259            4.350         7.613       
524288      131072    int       sum       110.260479        110.260           110.260           4.755         8.321       
1048576     262144    int       sum       216.115206        216.115           216.115           4.852         8.491       
2097152     524288    int       sum       430.688024        430.688           430.688           4.869         8.521       
4194304     1048576   int       sum       862.186193        862.186           862.186           4.865         8.513       
8388608     2097152   int       sum       1735.823393       1735.823          1735.823          4.833         8.457       
16777216    4194304   int       sum       3498.615026       3498.615          3498.615          4.795         8.392       
33554432    8388608   int       sum       7646.114349       7646.114          7646.114          4.388         7.680       
67108864    16777216  int       sum       15292.143822      15292.144         15292.144         4.388         7.680       
134217728   33554432  int       sum       30567.327499      30567.327         30567.327         4.391         7.684       
268435456   67108864  int       sum       61127.372742      61127.373         61127.373         4.391         7.685       
Runtime options after parsing command line arguments 
min_size: 128, max_size: 268435456, step_factor: 2, iterations: 20, warmup iterations: 5, number of ctas: 32, threads per cta: 256 stride: 1, datatype: int, reduce_op: sum, threadgroup_scope: all_scopes, atomic_op: inc, dir: write, report_msgrate: 0, bidirectional: 0, putget_issue :on_stream, use_graph: 1, use_mmap: 0, mem_handle_type: 0, use_egm: 0
Note: Above is full list of options, any given test will use only a subset of these variables.
mype: 2 mype_node: 2 device name: NVIDIA H200 bus id: 63 
Runtime options after parsing command line arguments 
min_size: 128, max_size: 268435456, step_factor: 2, iterations: 20, warmup iterations: 5, number of ctas: 32, threads per cta: 256 stride: 1, datatype: int, reduce_op: sum, threadgroup_scope: all_scopes, atomic_op: inc, dir: write, report_msgrate: 0, bidirectional: 0, putget_issue :on_stream, use_graph: 1, use_mmap: 0, mem_handle_type: 0, use_egm: 0
Note: Above is full list of options, any given test will use only a subset of these variables.
mype: 3 mype_node: 3 device name: NVIDIA H200 bus id: 102 
Runtime options after parsing command line arguments 
min_size: 128, max_size: 268435456, step_factor: 2, iterations: 20, warmup iterations: 5, number of ctas: 32, threads per cta: 256 stride: 1, datatype: int, reduce_op: sum, threadgroup_scope: all_scopes, atomic_op: inc, dir: write, report_msgrate: 0, bidirectional: 0, putget_issue :on_stream, use_graph: 1, use_mmap: 0, mem_handle_type: 0, use_egm: 0
Note: Above is full list of options, any given test will use only a subset of these variables.
mype: 5 mype_node: 5 device name: NVIDIA H200 bus id: 174 
Runtime options after parsing command line arguments 
min_size: 128, max_size: 268435456, step_factor: 2, iterations: 20, warmup iterations: 5, number of ctas: 32, threads per cta: 256 stride: 1, datatype: int, reduce_op: sum, threadgroup_scope: all_scopes, atomic_op: inc, dir: write, report_msgrate: 0, bidirectional: 0, putget_issue :on_stream, use_graph: 1, use_mmap: 0, mem_handle_type: 0, use_egm: 0
Note: Above is full list of options, any given test will use only a subset of these variables.
mype: 7 mype_node: 7 device name: NVIDIA H200 bus id: 228 
