Runtime options after parsing command line arguments 
min_size: 4, max_size: 33554432, step_factor: 2, iterations: 50, warmup iterations: 20, number of ctas: 32, threads per cta: 256 stride: 1, datatype: int, reduce_op: sum, threadgroup_scope: all_scopes, atomic_op: inc, dir: write, report_msgrate: 0, bidirectional: 0, putget_issue :on_stream, use_graph: 0, use_mmap: 0, mem_handle_type: 0, use_egm: 0
Note: Above is full list of options, any given test will use only a subset of these variables.
NVSHMEM v3.3.9
mype: 0 mype_node: 0 device name: NVIDIA H200 bus id: 25 
#shmem_get_bw_uni
size(B)     scope     BW (GB/sec)     
4           None      0.001868        
8           None      0.003819        
16          None      0.007596        
32          None      0.015110        
64          None      0.030404        
128         None      0.061013        
256         None      0.013625        
512         None      0.027529        
1024        None      0.054392        
2048        None      0.108855        
4096        None      0.216641        
8192        None      0.433663        
16384       None      0.871371        
32768       None      1.758242        
65536       None      3.457941        
131072      None      6.524579        
262144      None      12.815218       
524288      None      23.769041       
1048576     None      36.246185       
2097152     None      39.391716       
4194304     None      40.584087       
8388608     None      41.233944       
16777216    None      41.515659       
33554432    None      40.272072       
Runtime options after parsing command line arguments 
min_size: 4, max_size: 33554432, step_factor: 2, iterations: 50, warmup iterations: 20, number of ctas: 32, threads per cta: 256 stride: 1, datatype: int, reduce_op: sum, threadgroup_scope: all_scopes, atomic_op: inc, dir: write, report_msgrate: 0, bidirectional: 0, putget_issue :on_stream, use_graph: 0, use_mmap: 0, mem_handle_type: 0, use_egm: 0
Note: Above is full list of options, any given test will use only a subset of these variables.
mype: 1 mype_node: 0 device name: NVIDIA H200 bus id: 25 
