Runtime options after parsing command line arguments 
min_size: 4, max_size: 33554432, step_factor: 2, iterations: 50, warmup iterations: 20, number of ctas: 32, threads per cta: 256 stride: 1, datatype: int, reduce_op: sum, threadgroup_scope: all_scopes, atomic_op: inc, dir: write, report_msgrate: 0, bidirectional: 0, putget_issue :on_stream, use_graph: 0, use_mmap: 0, mem_handle_type: 0, use_egm: 0
Note: Above is full list of options, any given test will use only a subset of these variables.
NVSHMEM v3.3.9
mype: 0 mype_node: 0 device name: NVIDIA H200 bus id: 25 
#shmem_p_bw
size(B)     scope     BW (GB/sec)     
4           None      0.002950        
8           None      0.005961        
16          None      0.012066        
32          None      0.023764        
64          None      0.047824        
128         None      0.097135        
256         None      0.193611        
512         None      0.381134        
1024        None      0.750117        
2048        None      1.530368        
4096        None      2.992053        
8192        None      6.040585        
16384       None      10.760824       
32768       None      21.861658       
65536       None      38.525208       
131072      None      63.190372       
262144      None      92.795654       
524288      None      119.121719      
1048576     None      141.253555      
2097152     None      155.056076      
4194304     None      163.114136      
8388608     None      168.172546      
16777216    None      170.546753      
33554432    None      171.591095      
Runtime options after parsing command line arguments 
min_size: 4, max_size: 33554432, step_factor: 2, iterations: 50, warmup iterations: 20, number of ctas: 32, threads per cta: 256 stride: 1, datatype: int, reduce_op: sum, threadgroup_scope: all_scopes, atomic_op: inc, dir: write, report_msgrate: 0, bidirectional: 0, putget_issue :on_stream, use_graph: 0, use_mmap: 0, mem_handle_type: 0, use_egm: 0
Note: Above is full list of options, any given test will use only a subset of these variables.
mype: 1 mype_node: 1 device name: NVIDIA H200 bus id: 45 
