Runtime options after parsing command line arguments 
min_size: 128, max_size: 268435456, step_factor: 2, iterations: 20, warmup iterations: 5, number of ctas: 32, threads per cta: 256 stride: 1, datatype: int, reduce_op: sum, threadgroup_scope: all_scopes, atomic_op: inc, dir: write, report_msgrate: 0, bidirectional: 0, putget_issue :on_stream, use_graph: 1, use_mmap: 0, mem_handle_type: 0, use_egm: 0
Note: Above is full list of options, any given test will use only a subset of these variables.
NVSHMEM v3.3.9
mype: 0 mype_node: 0 device name: NVIDIA H200 bus id: 25 
#reduction_on_stream
size(B)     count     type      redop     latency(us)       min_lat(us)       max_lat(us)       algbw(GB/s)   busbw(GB/s) 
128         32        int       sum       7.665920          7.666             7.666             0.017         0.029       
256         64        int       sum       7.680000          7.680             7.680             0.033         0.058       
512         128       int       sum       8.032000          8.032             8.032             0.064         0.112       
1024        256       int       sum       9.820160          9.820             9.820             0.104         0.182       
2048        512       int       sum       12.335360         12.335            12.335            0.166         0.291       
4096        1024      int       sum       17.690880         17.691            17.691            0.232         0.405       
8192        2048      int       sum       21.784320         21.784            21.784            0.376         0.658       
16384       4096      int       sum       57.177600         57.178            57.178            0.287         0.501       
32768       8192      int       sum       105.547525        105.548           105.548           0.310         0.543       
65536       16384     int       sum       206.426889        206.427           206.427           0.317         0.556       
131072      32768     int       sum       409.259528        409.260           409.260           0.320         0.560       
262144      65536     int       sum       60.495362         60.495            60.495            4.333         7.583       
524288      131072    int       sum       110.216960        110.217           110.217           4.757         8.325       
1048576     262144    int       sum       215.887353        215.887           215.887           4.857         8.500       
2097152     524288    int       sum       429.957122        429.957           429.957           4.878         8.536       
4194304     1048576   int       sum       860.871673        860.872           860.872           4.872         8.526       
8388608     2097152   int       sum       1734.174609       1734.175          1734.175          4.837         8.465       
16777216    4194304   int       sum       3500.546455       3500.546          3500.546          4.793         8.387       
33554432    8388608   int       sum       7647.107601       7647.108          7647.108          4.388         7.679       
67108864    16777216  int       sum       15289.834023      15289.834         15289.834         4.389         7.681       
134217728   33554432  int       sum       30555.011749      30555.012         30555.012         4.393         7.687       
268435456   67108864  int       sum       61116.508484      61116.508         61116.508         4.392         7.686       
Runtime options after parsing command line arguments 
min_size: 128, max_size: 268435456, step_factor: 2, iterations: 20, warmup iterations: 5, number of ctas: 32, threads per cta: 256 stride: 1, datatype: int, reduce_op: sum, threadgroup_scope: all_scopes, atomic_op: inc, dir: write, report_msgrate: 0, bidirectional: 0, putget_issue :on_stream, use_graph: 1, use_mmap: 0, mem_handle_type: 0, use_egm: 0
Note: Above is full list of options, any given test will use only a subset of these variables.
mype: 2 mype_node: 2 device name: NVIDIA H200 bus id: 63 
Runtime options after parsing command line arguments 
min_size: 128, max_size: 268435456, step_factor: 2, iterations: 20, warmup iterations: 5, number of ctas: 32, threads per cta: 256 stride: 1, datatype: int, reduce_op: sum, threadgroup_scope: all_scopes, atomic_op: inc, dir: write, report_msgrate: 0, bidirectional: 0, putget_issue :on_stream, use_graph: 1, use_mmap: 0, mem_handle_type: 0, use_egm: 0
Note: Above is full list of options, any given test will use only a subset of these variables.
mype: 4 mype_node: 4 device name: NVIDIA H200 bus id: 155 
Runtime options after parsing command line arguments 
min_size: 128, max_size: 268435456, step_factor: 2, iterations: 20, warmup iterations: 5, number of ctas: 32, threads per cta: 256 stride: 1, datatype: int, reduce_op: sum, threadgroup_scope: all_scopes, atomic_op: inc, dir: write, report_msgrate: 0, bidirectional: 0, putget_issue :on_stream, use_graph: 1, use_mmap: 0, mem_handle_type: 0, use_egm: 0
Note: Above is full list of options, any given test will use only a subset of these variables.
mype: 1 mype_node: 1 device name: NVIDIA H200 bus id: 45 
Runtime options after parsing command line arguments 
min_size: 128, max_size: 268435456, step_factor: 2, iterations: 20, warmup iterations: 5, number of ctas: 32, threads per cta: 256 stride: 1, datatype: int, reduce_op: sum, threadgroup_scope: all_scopes, atomic_op: inc, dir: write, report_msgrate: 0, bidirectional: 0, putget_issue :on_stream, use_graph: 1, use_mmap: 0, mem_handle_type: 0, use_egm: 0
Note: Above is full list of options, any given test will use only a subset of these variables.
mype: 7 mype_node: 7 device name: NVIDIA H200 bus id: 228 
Runtime options after parsing command line arguments 
min_size: 128, max_size: 268435456, step_factor: 2, iterations: 20, warmup iterations: 5, number of ctas: 32, threads per cta: 256 stride: 1, datatype: int, reduce_op: sum, threadgroup_scope: all_scopes, atomic_op: inc, dir: write, report_msgrate: 0, bidirectional: 0, putget_issue :on_stream, use_graph: 1, use_mmap: 0, mem_handle_type: 0, use_egm: 0
Note: Above is full list of options, any given test will use only a subset of these variables.
mype: 6 mype_node: 6 device name: NVIDIA H200 bus id: 191 
Runtime options after parsing command line arguments 
min_size: 128, max_size: 268435456, step_factor: 2, iterations: 20, warmup iterations: 5, number of ctas: 32, threads per cta: 256 stride: 1, datatype: int, reduce_op: sum, threadgroup_scope: all_scopes, atomic_op: inc, dir: write, report_msgrate: 0, bidirectional: 0, putget_issue :on_stream, use_graph: 1, use_mmap: 0, mem_handle_type: 0, use_egm: 0
Note: Above is full list of options, any given test will use only a subset of these variables.
mype: 3 mype_node: 3 device name: NVIDIA H200 bus id: 102 
Runtime options after parsing command line arguments 
min_size: 128, max_size: 268435456, step_factor: 2, iterations: 20, warmup iterations: 5, number of ctas: 32, threads per cta: 256 stride: 1, datatype: int, reduce_op: sum, threadgroup_scope: all_scopes, atomic_op: inc, dir: write, report_msgrate: 0, bidirectional: 0, putget_issue :on_stream, use_graph: 1, use_mmap: 0, mem_handle_type: 0, use_egm: 0
Note: Above is full list of options, any given test will use only a subset of these variables.
mype: 5 mype_node: 5 device name: NVIDIA H200 bus id: 174 
