Runtime options after parsing command line arguments 
min_size: 4, max_size: 33554432, step_factor: 2, iterations: 50, warmup iterations: 20, number of ctas: 32, threads per cta: 256 stride: 1, datatype: int, reduce_op: sum, threadgroup_scope: all_scopes, atomic_op: inc, dir: write, report_msgrate: 0, bidirectional: 0, putget_issue :on_stream, use_graph: 0, use_mmap: 0, mem_handle_type: 0, use_egm: 0
Note: Above is full list of options, any given test will use only a subset of these variables.
NVSHMEM v3.3.9
mype: 0 mype_node: 0 device name: NVIDIA H200 bus id: 25 
#shmem_get_bw_uni
size(B)     scope     BW (GB/sec)     
4           None      0.002509        
8           None      0.005161        
16          None      0.010382        
32          None      0.020585        
64          None      0.041288        
128         None      0.082884        
256         None      0.102171        
512         None      0.209369        
1024        None      0.419177        
2048        None      0.845443        
4096        None      1.688209        
8192        None      3.358698        
16384       None      6.657997        
32768       None      13.267686       
65536       None      25.950331       
131072      None      49.528412       
262144      None      71.746368       
524288      None      94.193398       
1048576     None      112.674507      
2097152     None      124.906609      
4194304     None      132.473572      
8388608     None      137.031494      
16777216    None      139.487274      
33554432    None      140.831268      
Runtime options after parsing command line arguments 
min_size: 4, max_size: 33554432, step_factor: 2, iterations: 50, warmup iterations: 20, number of ctas: 32, threads per cta: 256 stride: 1, datatype: int, reduce_op: sum, threadgroup_scope: all_scopes, atomic_op: inc, dir: write, report_msgrate: 0, bidirectional: 0, putget_issue :on_stream, use_graph: 0, use_mmap: 0, mem_handle_type: 0, use_egm: 0
Note: Above is full list of options, any given test will use only a subset of these variables.
mype: 1 mype_node: 1 device name: NVIDIA H200 bus id: 45 
