Runtime options after parsing command line arguments 
min_size: 4, max_size: 33554432, step_factor: 2, iterations: 50, warmup iterations: 20, number of ctas: 32, threads per cta: 256 stride: 1, datatype: int, reduce_op: sum, threadgroup_scope: all_scopes, atomic_op: inc, dir: write, report_msgrate: 0, bidirectional: 0, putget_issue :on_stream, use_graph: 0, use_mmap: 0, mem_handle_type: 0, use_egm: 0
Note: Above is full list of options, any given test will use only a subset of these variables.
NVSHMEM v3.3.9
mype: 0 mype_node: 0 device name: NVIDIA H200 bus id: 25 
#shmem_atomic_inc
size(B)     scope     BW (GB/sec)     
4           None      0.003145        
8           None      0.004130        
16          None      0.008317        
32          None      0.016464        
64          None      0.032916        
128         None      0.064725        
256         None      0.128700        
512         None      0.257069        
1024        None      0.515963        
2048        None      1.024656        
4096        None      2.096299        
8192        None      4.155844        
16384       None      7.975078        
32768       None      15.311004       
65536       None      29.854229       
131072      None      54.686249       
262144      None      93.944946       
524288      None      146.599854      
1048576     None      198.545792      
2097152     None      255.162750      
4194304     None      271.528015      
8388608     None      279.358032      
16777216    None      281.617889      
33554432    None      286.608948      
Runtime options after parsing command line arguments 
min_size: 4, max_size: 33554432, step_factor: 2, iterations: 50, warmup iterations: 20, number of ctas: 32, threads per cta: 256 stride: 1, datatype: int, reduce_op: sum, threadgroup_scope: all_scopes, atomic_op: inc, dir: write, report_msgrate: 0, bidirectional: 0, putget_issue :on_stream, use_graph: 0, use_mmap: 0, mem_handle_type: 0, use_egm: 0
Note: Above is full list of options, any given test will use only a subset of these variables.
mype: 1 mype_node: 1 device name: NVIDIA H200 bus id: 45 
