Runtime options after parsing command line arguments 
min_size: 4, max_size: 33554432, step_factor: 2, iterations: 50, warmup iterations: 20, number of ctas: 32, threads per cta: 256 stride: 1, datatype: int, reduce_op: sum, threadgroup_scope: all_scopes, atomic_op: inc, dir: write, report_msgrate: 0, bidirectional: 0, putget_issue :on_stream, use_graph: 0, use_mmap: 0, mem_handle_type: 0, use_egm: 0
Note: Above is full list of options, any given test will use only a subset of these variables.
NVSHMEM v3.3.9
mype: 0 mype_node: 0 device name: NVIDIA H200 bus id: 25 
#alltoall_device
size(B)     count     type      scope     latency(us)       algbw(GB/s)   busbw(GB/s) 
64          16        32-bit    thread    45.736318         0.001         0.001       
128         32        32-bit    thread    45.815039         0.003         0.003       
256         64        32-bit    thread    45.669761         0.006         0.005       
512         128       32-bit    thread    49.579520         0.010         0.010       
1024        256       32-bit    thread    50.787840         0.020         0.019       
2048        512       32-bit    thread    53.672318         0.038         0.036       
4096        1024      32-bit    thread    59.242239         0.069         0.065       
8192        2048      32-bit    thread    70.544000         0.116         0.109       
16384       4096      32-bit    thread    92.861443         0.176         0.165       
#alltoall_device
size(B)     count     type      scope     latency(us)       algbw(GB/s)   busbw(GB/s) 
64          16        32-bit    warp      25.829120         0.002         0.002       
128         32        32-bit    warp      26.647680         0.005         0.005       
256         64        32-bit    warp      26.152959         0.010         0.009       
512         128       32-bit    warp      28.295040         0.018         0.017       
1024        256       32-bit    warp      28.636799         0.036         0.034       
2048        512       32-bit    warp      29.447041         0.070         0.065       
4096        1024      32-bit    warp      27.795839         0.147         0.138       
8192        2048      32-bit    warp      27.943680         0.293         0.275       
16384       4096      32-bit    warp      29.587200         0.554         0.519       
32768       8192      32-bit    warp      32.547841         1.007         0.944       
65536       16384     32-bit    warp      38.606720         1.698         1.591       
131072      32768     32-bit    warp      51.065602         2.567         2.406       
#alltoall_device
size(B)     count     type      scope     latency(us)       algbw(GB/s)   busbw(GB/s) 
64          16        32-bit    block     26.990080         0.002         0.002       
128         32        32-bit    block     25.678079         0.005         0.005       
256         64        32-bit    block     25.833600         0.010         0.009       
512         128       32-bit    block     25.677440         0.020         0.019       
1024        256       32-bit    block     25.978241         0.039         0.037       
2048        512       32-bit    block     25.675521         0.080         0.075       
4096        1024      32-bit    block     25.813119         0.159         0.149       
8192        2048      32-bit    block     25.675521         0.319         0.299       
16384       4096      32-bit    block     26.653440         0.615         0.576       
32768       8192      32-bit    block     25.656321         1.277         1.197       
65536       16384     32-bit    block     25.993600         2.521         2.364       
131072      32768     32-bit    block     26.968319         4.860         4.556       
262144      65536     32-bit    block     32.065921         8.175         7.664       
524288      131072    32-bit    block     39.751041         13.189        12.365      
1048576     262144    32-bit    block     54.484482         19.245        18.043      
2097152     524288    32-bit    block     78.749442         26.631        24.966      
4194304     1048576   32-bit    block     129.040003        32.504        30.472      
8388608     2097152   32-bit    block     289.778557        28.948        27.139      
16777216    4194304   32-bit    block     428.220787        39.179        36.730      
33554432    8388608   32-bit    block     1245.302429       26.945        25.261      
#alltoall_device
size(B)     count     type      scope     latency(us)       algbw(GB/s)   busbw(GB/s) 
128         16        64-bit    thread    44.326401         0.003         0.003       
256         32        64-bit    thread    44.517760         0.006         0.005       
512         64        64-bit    thread    49.925122         0.010         0.010       
1024        128       64-bit    thread    49.906559         0.021         0.019       
2048        256       64-bit    thread    52.536960         0.039         0.037       
4096        512       64-bit    thread    58.420482         0.070         0.066       
8192        1024      64-bit    thread    69.391999         0.118         0.111       
16384       2048      64-bit    thread    91.361284         0.179         0.168       
32768       4096      64-bit    thread    136.431360        0.240         0.225       
#alltoall_device
size(B)     count     type      scope     latency(us)       algbw(GB/s)   busbw(GB/s) 
128         16        64-bit    warp      25.995519         0.005         0.005       
256         32        64-bit    warp      25.660801         0.010         0.009       
512         64        64-bit    warp      27.620480         0.019         0.017       
1024        128       64-bit    warp      27.465601         0.037         0.035       
2048        256       64-bit    warp      27.823360         0.074         0.069       
4096        512       64-bit    warp      27.615359         0.148         0.139       
8192        1024      64-bit    warp      27.960320         0.293         0.275       
16384       2048      64-bit    warp      29.256959         0.560         0.525       
32768       4096      64-bit    warp      32.894080         0.996         0.934       
65536       8192      64-bit    warp      38.600960         1.698         1.592       
131072      16384     64-bit    warp      51.056638         2.567         2.407       
262144      32768     64-bit    warp      75.967999         3.451         3.235       
#alltoall_device
size(B)     count     type      scope     latency(us)       algbw(GB/s)   busbw(GB/s) 
128         16        64-bit    block     25.992961         0.005         0.005       
256         32        64-bit    block     25.992320         0.010         0.009       
512         64        64-bit    block     25.659521         0.020         0.019       
1024        128       64-bit    block     26.807680         0.038         0.036       
2048        256       64-bit    block     25.829120         0.079         0.074       
4096        512       64-bit    block     25.515521         0.161         0.150       
8192        1024      64-bit    block     25.504000         0.321         0.301       
16384       2048      64-bit    block     25.678079         0.638         0.598       
32768       4096      64-bit    block     26.146560         1.253         1.175       
65536       8192      64-bit    block     26.485119         2.474         2.320       
131072      16384     64-bit    block     26.821120         4.887         4.581       
262144      32768     64-bit    block     31.898241         8.218         7.705       
524288      65536     64-bit    block     39.589760         13.243        12.415      
1048576     131072    64-bit    block     53.833599         19.478        18.261      
2097152     262144    64-bit    block     78.426242         26.740        25.069      
4194304     524288    64-bit    block     127.457924        32.907        30.851      
8388608     1048576   64-bit    block     226.540165        37.029        34.715      
16777216    2097152   64-bit    block     425.779839        39.404        36.941      
33554432    4194304   64-bit    block     1242.515869       27.005        25.317      
Runtime options after parsing command line arguments 
min_size: 4, max_size: 33554432, step_factor: 2, iterations: 50, warmup iterations: 20, number of ctas: 32, threads per cta: 256 stride: 1, datatype: int, reduce_op: sum, threadgroup_scope: all_scopes, atomic_op: inc, dir: write, report_msgrate: 0, bidirectional: 0, putget_issue :on_stream, use_graph: 0, use_mmap: 0, mem_handle_type: 0, use_egm: 0
Note: Above is full list of options, any given test will use only a subset of these variables.
mype: 3 mype_node: 3 device name: NVIDIA H200 bus id: 102 
Runtime options after parsing command line arguments 
min_size: 4, max_size: 33554432, step_factor: 2, iterations: 50, warmup iterations: 20, number of ctas: 32, threads per cta: 256 stride: 1, datatype: int, reduce_op: sum, threadgroup_scope: all_scopes, atomic_op: inc, dir: write, report_msgrate: 0, bidirectional: 0, putget_issue :on_stream, use_graph: 0, use_mmap: 0, mem_handle_type: 0, use_egm: 0
Note: Above is full list of options, any given test will use only a subset of these variables.
mype: 4 mype_node: 4 device name: NVIDIA H200 bus id: 155 
Runtime options after parsing command line arguments 
min_size: 4, max_size: 33554432, step_factor: 2, iterations: 50, warmup iterations: 20, number of ctas: 32, threads per cta: 256 stride: 1, datatype: int, reduce_op: sum, threadgroup_scope: all_scopes, atomic_op: inc, dir: write, report_msgrate: 0, bidirectional: 0, putget_issue :on_stream, use_graph: 0, use_mmap: 0, mem_handle_type: 0, use_egm: 0
Note: Above is full list of options, any given test will use only a subset of these variables.
mype: 5 mype_node: 5 device name: NVIDIA H200 bus id: 174 
Runtime options after parsing command line arguments 
min_size: 4, max_size: 33554432, step_factor: 2, iterations: 50, warmup iterations: 20, number of ctas: 32, threads per cta: 256 stride: 1, datatype: int, reduce_op: sum, threadgroup_scope: all_scopes, atomic_op: inc, dir: write, report_msgrate: 0, bidirectional: 0, putget_issue :on_stream, use_graph: 0, use_mmap: 0, mem_handle_type: 0, use_egm: 0
Note: Above is full list of options, any given test will use only a subset of these variables.
mype: 2 mype_node: 2 device name: NVIDIA H200 bus id: 63 
Runtime options after parsing command line arguments 
min_size: 4, max_size: 33554432, step_factor: 2, iterations: 50, warmup iterations: 20, number of ctas: 32, threads per cta: 256 stride: 1, datatype: int, reduce_op: sum, threadgroup_scope: all_scopes, atomic_op: inc, dir: write, report_msgrate: 0, bidirectional: 0, putget_issue :on_stream, use_graph: 0, use_mmap: 0, mem_handle_type: 0, use_egm: 0
Note: Above is full list of options, any given test will use only a subset of these variables.
mype: 7 mype_node: 7 device name: NVIDIA H200 bus id: 228 
Runtime options after parsing command line arguments 
min_size: 4, max_size: 33554432, step_factor: 2, iterations: 50, warmup iterations: 20, number of ctas: 32, threads per cta: 256 stride: 1, datatype: int, reduce_op: sum, threadgroup_scope: all_scopes, atomic_op: inc, dir: write, report_msgrate: 0, bidirectional: 0, putget_issue :on_stream, use_graph: 0, use_mmap: 0, mem_handle_type: 0, use_egm: 0
Note: Above is full list of options, any given test will use only a subset of these variables.
mype: 13 mype_node: 5 device name: NVIDIA H200 bus id: 174 
Runtime options after parsing command line arguments 
min_size: 4, max_size: 33554432, step_factor: 2, iterations: 50, warmup iterations: 20, number of ctas: 32, threads per cta: 256 stride: 1, datatype: int, reduce_op: sum, threadgroup_scope: all_scopes, atomic_op: inc, dir: write, report_msgrate: 0, bidirectional: 0, putget_issue :on_stream, use_graph: 0, use_mmap: 0, mem_handle_type: 0, use_egm: 0
Note: Above is full list of options, any given test will use only a subset of these variables.
mype: 9 mype_node: 1 device name: NVIDIA H200 bus id: 45 
Runtime options after parsing command line arguments 
min_size: 4, max_size: 33554432, step_factor: 2, iterations: 50, warmup iterations: 20, number of ctas: 32, threads per cta: 256 stride: 1, datatype: int, reduce_op: sum, threadgroup_scope: all_scopes, atomic_op: inc, dir: write, report_msgrate: 0, bidirectional: 0, putget_issue :on_stream, use_graph: 0, use_mmap: 0, mem_handle_type: 0, use_egm: 0
Note: Above is full list of options, any given test will use only a subset of these variables.
mype: 1 mype_node: 1 device name: NVIDIA H200 bus id: 45 
Runtime options after parsing command line arguments 
min_size: 4, max_size: 33554432, step_factor: 2, iterations: 50, warmup iterations: 20, number of ctas: 32, threads per cta: 256 stride: 1, datatype: int, reduce_op: sum, threadgroup_scope: all_scopes, atomic_op: inc, dir: write, report_msgrate: 0, bidirectional: 0, putget_issue :on_stream, use_graph: 0, use_mmap: 0, mem_handle_type: 0, use_egm: 0
Note: Above is full list of options, any given test will use only a subset of these variables.
mype: 12 mype_node: 4 device name: NVIDIA H200 bus id: 155 
Runtime options after parsing command line arguments 
min_size: 4, max_size: 33554432, step_factor: 2, iterations: 50, warmup iterations: 20, number of ctas: 32, threads per cta: 256 stride: 1, datatype: int, reduce_op: sum, threadgroup_scope: all_scopes, atomic_op: inc, dir: write, report_msgrate: 0, bidirectional: 0, putget_issue :on_stream, use_graph: 0, use_mmap: 0, mem_handle_type: 0, use_egm: 0
Note: Above is full list of options, any given test will use only a subset of these variables.
mype: 6 mype_node: 6 device name: NVIDIA H200 bus id: 191 
Runtime options after parsing command line arguments 
min_size: 4, max_size: 33554432, step_factor: 2, iterations: 50, warmup iterations: 20, number of ctas: 32, threads per cta: 256 stride: 1, datatype: int, reduce_op: sum, threadgroup_scope: all_scopes, atomic_op: inc, dir: write, report_msgrate: 0, bidirectional: 0, putget_issue :on_stream, use_graph: 0, use_mmap: 0, mem_handle_type: 0, use_egm: 0
Note: Above is full list of options, any given test will use only a subset of these variables.
mype: 11 mype_node: 3 device name: NVIDIA H200 bus id: 102 
Runtime options after parsing command line arguments 
min_size: 4, max_size: 33554432, step_factor: 2, iterations: 50, warmup iterations: 20, number of ctas: 32, threads per cta: 256 stride: 1, datatype: int, reduce_op: sum, threadgroup_scope: all_scopes, atomic_op: inc, dir: write, report_msgrate: 0, bidirectional: 0, putget_issue :on_stream, use_graph: 0, use_mmap: 0, mem_handle_type: 0, use_egm: 0
Note: Above is full list of options, any given test will use only a subset of these variables.
mype: 10 mype_node: 2 device name: NVIDIA H200 bus id: 63 
Runtime options after parsing command line arguments 
min_size: 4, max_size: 33554432, step_factor: 2, iterations: 50, warmup iterations: 20, number of ctas: 32, threads per cta: 256 stride: 1, datatype: int, reduce_op: sum, threadgroup_scope: all_scopes, atomic_op: inc, dir: write, report_msgrate: 0, bidirectional: 0, putget_issue :on_stream, use_graph: 0, use_mmap: 0, mem_handle_type: 0, use_egm: 0
Note: Above is full list of options, any given test will use only a subset of these variables.
mype: 8 mype_node: 0 device name: NVIDIA H200 bus id: 25 
Runtime options after parsing command line arguments 
min_size: 4, max_size: 33554432, step_factor: 2, iterations: 50, warmup iterations: 20, number of ctas: 32, threads per cta: 256 stride: 1, datatype: int, reduce_op: sum, threadgroup_scope: all_scopes, atomic_op: inc, dir: write, report_msgrate: 0, bidirectional: 0, putget_issue :on_stream, use_graph: 0, use_mmap: 0, mem_handle_type: 0, use_egm: 0
Note: Above is full list of options, any given test will use only a subset of these variables.
mype: 14 mype_node: 6 device name: NVIDIA H200 bus id: 191 
Runtime options after parsing command line arguments 
min_size: 4, max_size: 33554432, step_factor: 2, iterations: 50, warmup iterations: 20, number of ctas: 32, threads per cta: 256 stride: 1, datatype: int, reduce_op: sum, threadgroup_scope: all_scopes, atomic_op: inc, dir: write, report_msgrate: 0, bidirectional: 0, putget_issue :on_stream, use_graph: 0, use_mmap: 0, mem_handle_type: 0, use_egm: 0
Note: Above is full list of options, any given test will use only a subset of these variables.
mype: 15 mype_node: 7 device name: NVIDIA H200 bus id: 228 
