Runtime options after parsing command line arguments 
min_size: 4, max_size: 33554432, step_factor: 2, iterations: 50, warmup iterations: 20, number of ctas: 32, threads per cta: 256 stride: 1, datatype: int, reduce_op: sum, threadgroup_scope: all_scopes, atomic_op: inc, dir: write, report_msgrate: 0, bidirectional: 0, putget_issue :on_stream, use_graph: 0, use_mmap: 0, mem_handle_type: 0, use_egm: 0
Note: Above is full list of options, any given test will use only a subset of these variables.
NVSHMEM v3.3.9
mype: 0 mype_node: 0 device name: NVIDIA H200 bus id: 25 
Size(Bytes) 		 BWGB/sec
#shmem_st_bw
size(B)     scope     BW (GB/sec)     
4           None      0.003079        
8           None      0.006115        
16          None      0.012333        
32          None      0.024498        
64          None      0.049044        
128         None      0.097276        
256         None      0.197824        
512         None      0.390625        
1024        None      0.780869        
2048        None      1.525990        
4096        None      3.050524        
8192        None      6.057737        
16384       None      12.018780       
32768       None      22.358080       
65536       None      43.816856       
131072      None      78.497505       
262144      None      128.280609      
524288      None      186.097229      
1048576     None      242.474472      
2097152     None      284.469147      
4194304     None      311.512512      
8388608     None      327.581726      
16777216    None      335.840942      
33554432    None      336.213501      
Runtime options after parsing command line arguments 
min_size: 4, max_size: 33554432, step_factor: 2, iterations: 50, warmup iterations: 20, number of ctas: 32, threads per cta: 256 stride: 1, datatype: int, reduce_op: sum, threadgroup_scope: all_scopes, atomic_op: inc, dir: write, report_msgrate: 0, bidirectional: 0, putget_issue :on_stream, use_graph: 0, use_mmap: 0, mem_handle_type: 0, use_egm: 0
Note: Above is full list of options, any given test will use only a subset of these variables.
mype: 1 mype_node: 1 device name: NVIDIA H200 bus id: 45 
