Runtime options after parsing command line arguments 
min_size: 4, max_size: 33554432, step_factor: 2, iterations: 20, warmup iterations: 5, number of ctas: 64, threads per cta: 1024 stride: 1, datatype: int, reduce_op: sum, threadgroup_scope: all_scopes, atomic_op: inc, dir: write, report_msgrate: 0, bidirectional: 0, putget_issue :on_stream, use_graph: 0, use_mmap: 0, mem_handle_type: 0, use_egm: 0
Note: Above is full list of options, any given test will use only a subset of these variables.
NVSHMEM v3.3.9
mype: 0 mype_node: 0 device name: NVIDIA H200 bus id: 25 
#shmem_put_bw_uni
size(B)     scope     BW (GB/sec)     
4           None      0.000559        
8           None      0.001171        
16          None      0.002333        
32          None      0.004667        
64          None      0.009348        
128         None      0.018480        
256         None      0.037209        
512         None      0.033970        
1024        None      0.068107        
2048        None      0.136272        
4096        None      0.274237        
8192        None      0.543640        
16384       None      1.101075        
32768       None      2.183369        
65536       None      4.340822        
131072      None      8.844742        
262144      None      17.508015       
524288      None      32.533756       
1048576     None      38.095684       
2097152     None      43.487724       
4194304     None      45.686401       
8388608     None      46.874622       
16777216    None      47.627472       
33554432    None      48.032394       
Runtime options after parsing command line arguments 
min_size: 4, max_size: 33554432, step_factor: 2, iterations: 20, warmup iterations: 5, number of ctas: 64, threads per cta: 1024 stride: 1, datatype: int, reduce_op: sum, threadgroup_scope: all_scopes, atomic_op: inc, dir: write, report_msgrate: 0, bidirectional: 0, putget_issue :on_stream, use_graph: 0, use_mmap: 0, mem_handle_type: 0, use_egm: 0
Note: Above is full list of options, any given test will use only a subset of these variables.
mype: 1 mype_node: 0 device name: NVIDIA H200 bus id: 25 
