Runtime options after parsing command line arguments 
min_size: 4, max_size: 33554432, step_factor: 2, iterations: 50, warmup iterations: 20, number of ctas: 32, threads per cta: 256 stride: 1, datatype: int, reduce_op: sum, threadgroup_scope: all_scopes, atomic_op: inc, dir: write, report_msgrate: 0, bidirectional: 0, putget_issue :on_stream, use_graph: 0, use_mmap: 0, mem_handle_type: 0, use_egm: 0
Note: Above is full list of options, any given test will use only a subset of these variables.
NVSHMEM v3.3.9
mype: 0 mype_node: 0 device name: NVIDIA H200 bus id: 25 
#shmem_p_bw
size(B)     scope     BW (GB/sec)     
4           None      0.002938        
8           None      0.005984        
16          None      0.011899        
32          None      0.023878        
64          None      0.047059        
128         None      0.094251        
256         None      0.187617        
512         None      0.374883        
1024        None      0.751174        
2048        None      1.531833        
4096        None      3.084337        
8192        None      6.144983        
16384       None      11.521152       
32768       None      21.676544       
65536       None      38.251778       
131072      None      62.976627       
262144      None      92.377090       
524288      None      119.923882      
1048576     None      140.901276      
2097152     None      155.519699      
4194304     None      163.856384      
8388608     None      168.702866      
16777216    None      171.330338      
33554432    None      172.378113      
Runtime options after parsing command line arguments 
min_size: 4, max_size: 33554432, step_factor: 2, iterations: 50, warmup iterations: 20, number of ctas: 32, threads per cta: 256 stride: 1, datatype: int, reduce_op: sum, threadgroup_scope: all_scopes, atomic_op: inc, dir: write, report_msgrate: 0, bidirectional: 0, putget_issue :on_stream, use_graph: 0, use_mmap: 0, mem_handle_type: 0, use_egm: 0
Note: Above is full list of options, any given test will use only a subset of these variables.
mype: 1 mype_node: 1 device name: NVIDIA H200 bus id: 45 
