Runtime options after parsing command line arguments 
min_size: 4, max_size: 33554432, step_factor: 2, iterations: 50, warmup iterations: 20, number of ctas: 32, threads per cta: 256 stride: 1, datatype: int, reduce_op: sum, threadgroup_scope: all_scopes, atomic_op: inc, dir: write, report_msgrate: 0, bidirectional: 0, putget_issue :on_stream, use_graph: 0, use_mmap: 0, mem_handle_type: 0, use_egm: 0
Note: Above is full list of options, any given test will use only a subset of these variables.
NVSHMEM v3.3.9
mype: 0 mype_node: 0 device name: NVIDIA H200 bus id: 25 
#alltoall_device
size(B)     count     type      scope     latency(us)       algbw(GB/s)   busbw(GB/s) 
64          16        32-bit    thread    45.749121         0.001         0.001       
128         32        32-bit    thread    45.346560         0.003         0.003       
256         64        32-bit    thread    45.866880         0.006         0.005       
512         128       32-bit    thread    49.773440         0.010         0.010       
1024        256       32-bit    thread    50.945282         0.020         0.019       
2048        512       32-bit    thread    53.709440         0.038         0.036       
4096        1024      32-bit    thread    59.613438         0.069         0.064       
8192        2048      32-bit    thread    70.520320         0.116         0.109       
16384       4096      32-bit    thread    92.889605         0.176         0.165       
#alltoall_device
size(B)     count     type      scope     latency(us)       algbw(GB/s)   busbw(GB/s) 
64          16        32-bit    warp      26.511359         0.002         0.002       
128         32        32-bit    warp      27.330561         0.005         0.004       
256         64        32-bit    warp      26.822400         0.010         0.009       
512         128       32-bit    warp      27.815039         0.018         0.017       
1024        256       32-bit    warp      27.999361         0.037         0.034       
2048        512       32-bit    warp      29.312000         0.070         0.066       
4096        1024      32-bit    warp      27.814400         0.147         0.138       
8192        2048      32-bit    warp      27.640960         0.296         0.278       
16384       4096      32-bit    warp      29.456000         0.556         0.521       
32768       8192      32-bit    warp      32.419200         1.011         0.948       
65536       16384     32-bit    warp      38.818560         1.688         1.583       
131072      32768     32-bit    warp      50.943360         2.573         2.412       
#alltoall_device
size(B)     count     type      scope     latency(us)       algbw(GB/s)   busbw(GB/s) 
64          16        32-bit    block     27.814400         0.002         0.002       
128         32        32-bit    block     25.852799         0.005         0.005       
256         64        32-bit    block     25.864320         0.010         0.009       
512         128       32-bit    block     25.524480         0.020         0.019       
1024        256       32-bit    block     25.843201         0.040         0.037       
2048        512       32-bit    block     25.690241         0.080         0.075       
4096        1024      32-bit    block     25.683200         0.159         0.150       
8192        2048      32-bit    block     25.863681         0.317         0.297       
16384       4096      32-bit    block     25.544960         0.641         0.601       
32768       8192      32-bit    block     25.684481         1.276         1.196       
65536       16384     32-bit    block     25.683839         2.552         2.392       
131072      32768     32-bit    block     26.681600         4.912         4.605       
262144      65536     32-bit    block     32.245121         8.130         7.622       
524288      131072    32-bit    block     39.324801         13.332        12.499      
1048576     262144    32-bit    block     53.864322         19.467        18.250      
2097152     524288    32-bit    block     78.129282         26.842        25.164      
4194304     1048576   32-bit    block     128.415356        32.662        30.621      
8388608     2097152   32-bit    block     228.034554        36.787        34.487      
16777216    4194304   32-bit    block     428.586884        39.145        36.699      
33554432    8388608   32-bit    block     1243.931503       26.975        25.289      
#alltoall_device
size(B)     count     type      scope     latency(us)       algbw(GB/s)   busbw(GB/s) 
128         16        64-bit    thread    44.022398         0.003         0.003       
256         32        64-bit    thread    44.390402         0.006         0.005       
512         64        64-bit    thread    50.269442         0.010         0.010       
1024        128       64-bit    thread    50.125442         0.020         0.019       
2048        256       64-bit    thread    52.551041         0.039         0.037       
4096        512       64-bit    thread    94.360962         0.043         0.041       
8192        1024      64-bit    thread    69.597440         0.118         0.110       
16384       2048      64-bit    thread    91.400318         0.179         0.168       
32768       4096      64-bit    thread    136.789122        0.240         0.225       
#alltoall_device
size(B)     count     type      scope     latency(us)       algbw(GB/s)   busbw(GB/s) 
128         16        64-bit    warp      25.698559         0.005         0.005       
256         32        64-bit    warp      25.521281         0.010         0.009       
512         64        64-bit    warp      27.327361         0.019         0.018       
1024        128       64-bit    warp      27.336960         0.037         0.035       
2048        256       64-bit    warp      27.759359         0.074         0.069       
4096        512       64-bit    warp      27.555840         0.149         0.139       
8192        1024      64-bit    warp      28.971519         0.283         0.265       
16384       2048      64-bit    warp      29.118080         0.563         0.528       
32768       4096      64-bit    warp      32.915840         0.996         0.933       
65536       8192      64-bit    warp      38.483200         1.703         1.597       
131072      16384     64-bit    warp      50.599041         2.590         2.429       
262144      32768     64-bit    warp      75.816960         3.458         3.241       
#alltoall_device
size(B)     count     type      scope     latency(us)       algbw(GB/s)   busbw(GB/s) 
128         16        64-bit    block     26.024320         0.005         0.005       
256         32        64-bit    block     26.200321         0.010         0.009       
512         64        64-bit    block     25.688961         0.020         0.019       
1024        128       64-bit    block     26.007040         0.039         0.037       
2048        256       64-bit    block     25.502720         0.080         0.075       
4096        512       64-bit    block     25.686400         0.159         0.149       
8192        1024      64-bit    block     25.521920         0.321         0.301       
16384       2048      64-bit    block     25.847681         0.634         0.594       
32768       4096      64-bit    block     25.943680         1.263         1.184       
65536       8192      64-bit    block     26.020479         2.519         2.361       
131072      16384     64-bit    block     28.654721         4.574         4.288       
262144      32768     64-bit    block     31.937921         8.208         7.695       
524288      65536     64-bit    block     39.775360         13.181        12.357      
1048576     131072    64-bit    block     53.551359         19.581        18.357      
2097152     262144    64-bit    block     78.775039         26.622        24.958      
4194304     524288    64-bit    block     128.449278        32.653        30.613      
8388608     1048576   64-bit    block     226.913929        36.968        34.658      
16777216    2097152   64-bit    block     425.784302        39.403        36.940      
Runtime options after parsing command line arguments 
min_size: 4, max_size: 33554432, step_factor: 2, iterations: 50, warmup iterations: 20, number of ctas: 32, threads per cta: 256 stride: 1, datatype: int, reduce_op: sum, threadgroup_scope: all_scopes, atomic_op: inc, dir: write, report_msgrate: 0, bidirectional: 0, putget_issue :on_stream, use_graph: 0, use_mmap: 0, mem_handle_type: 0, use_egm: 0
Note: Above is full list of options, any given test will use only a subset of these variables.
mype: 13 mype_node: 5 device name: NVIDIA H200 bus id: 174 
Runtime options after parsing command line arguments 
min_size: 4, max_size: 33554432, step_factor: 2, iterations: 50, warmup iterations: 20, number of ctas: 32, threads per cta: 256 stride: 1, datatype: int, reduce_op: sum, threadgroup_scope: all_scopes, atomic_op: inc, dir: write, report_msgrate: 0, bidirectional: 0, putget_issue :on_stream, use_graph: 0, use_mmap: 0, mem_handle_type: 0, use_egm: 0
Note: Above is full list of options, any given test will use only a subset of these variables.
mype: 9 mype_node: 1 device name: NVIDIA H200 bus id: 45 
Runtime options after parsing command line arguments 
min_size: 4, max_size: 33554432, step_factor: 2, iterations: 50, warmup iterations: 20, number of ctas: 32, threads per cta: 256 stride: 1, datatype: int, reduce_op: sum, threadgroup_scope: all_scopes, atomic_op: inc, dir: write, report_msgrate: 0, bidirectional: 0, putget_issue :on_stream, use_graph: 0, use_mmap: 0, mem_handle_type: 0, use_egm: 0
Note: Above is full list of options, any given test will use only a subset of these variables.
mype: 10 mype_node: 2 device name: NVIDIA H200 bus id: 63 
Runtime options after parsing command line arguments 
min_size: 4, max_size: 33554432, step_factor: 2, iterations: 50, warmup iterations: 20, number of ctas: 32, threads per cta: 256 stride: 1, datatype: int, reduce_op: sum, threadgroup_scope: all_scopes, atomic_op: inc, dir: write, report_msgrate: 0, bidirectional: 0, putget_issue :on_stream, use_graph: 0, use_mmap: 0, mem_handle_type: 0, use_egm: 0
Note: Above is full list of options, any given test will use only a subset of these variables.
mype: 11 mype_node: 3 device name: NVIDIA H200 bus id: 102 
Runtime options after parsing command line arguments 
min_size: 4, max_size: 33554432, step_factor: 2, iterations: 50, warmup iterations: 20, number of ctas: 32, threads per cta: 256 stride: 1, datatype: int, reduce_op: sum, threadgroup_scope: all_scopes, atomic_op: inc, dir: write, report_msgrate: 0, bidirectional: 0, putget_issue :on_stream, use_graph: 0, use_mmap: 0, mem_handle_type: 0, use_egm: 0
Note: Above is full list of options, any given test will use only a subset of these variables.
mype: 12 mype_node: 4 device name: NVIDIA H200 bus id: 155 
Runtime options after parsing command line arguments 
min_size: 4, max_size: 33554432, step_factor: 2, iterations: 50, warmup iterations: 20, number of ctas: 32, threads per cta: 256 stride: 1, datatype: int, reduce_op: sum, threadgroup_scope: all_scopes, atomic_op: inc, dir: write, report_msgrate: 0, bidirectional: 0, putget_issue :on_stream, use_graph: 0, use_mmap: 0, mem_handle_type: 0, use_egm: 0
Note: Above is full list of options, any given test will use only a subset of these variables.
mype: 1 mype_node: 1 device name: NVIDIA H200 bus id: 45 
Runtime options after parsing command line arguments 
min_size: 4, max_size: 33554432, step_factor: 2, iterations: 50, warmup iterations: 20, number of ctas: 32, threads per cta: 256 stride: 1, datatype: int, reduce_op: sum, threadgroup_scope: all_scopes, atomic_op: inc, dir: write, report_msgrate: 0, bidirectional: 0, putget_issue :on_stream, use_graph: 0, use_mmap: 0, mem_handle_type: 0, use_egm: 0
Note: Above is full list of options, any given test will use only a subset of these variables.
mype: 4 mype_node: 4 device name: NVIDIA H200 bus id: 155 
Runtime options after parsing command line arguments 
min_size: 4, max_size: 33554432, step_factor: 2, iterations: 50, warmup iterations: 20, number of ctas: 32, threads per cta: 256 stride: 1, datatype: int, reduce_op: sum, threadgroup_scope: all_scopes, atomic_op: inc, dir: write, report_msgrate: 0, bidirectional: 0, putget_issue :on_stream, use_graph: 0, use_mmap: 0, mem_handle_type: 0, use_egm: 0
Note: Above is full list of options, any given test will use only a subset of these variables.
mype: 14 mype_node: 6 device name: NVIDIA H200 bus id: 191 
Runtime options after parsing command line arguments 
min_size: 4, max_size: 33554432, step_factor: 2, iterations: 50, warmup iterations: 20, number of ctas: 32, threads per cta: 256 stride: 1, datatype: int, reduce_op: sum, threadgroup_scope: all_scopes, atomic_op: inc, dir: write, report_msgrate: 0, bidirectional: 0, putget_issue :on_stream, use_graph: 0, use_mmap: 0, mem_handle_type: 0, use_egm: 0
Note: Above is full list of options, any given test will use only a subset of these variables.
mype: 15 mype_node: 7 device name: NVIDIA H200 bus id: 228 
Runtime options after parsing command line arguments 
min_size: 4, max_size: 33554432, step_factor: 2, iterations: 50, warmup iterations: 20, number of ctas: 32, threads per cta: 256 stride: 1, datatype: int, reduce_op: sum, threadgroup_scope: all_scopes, atomic_op: inc, dir: write, report_msgrate: 0, bidirectional: 0, putget_issue :on_stream, use_graph: 0, use_mmap: 0, mem_handle_type: 0, use_egm: 0
Note: Above is full list of options, any given test will use only a subset of these variables.
mype: 2 mype_node: 2 device name: NVIDIA H200 bus id: 63 
33554432    4194304   64-bit    block     1242.887650       26.997        25.310      
Runtime options after parsing command line arguments 
min_size: 4, max_size: 33554432, step_factor: 2, iterations: 50, warmup iterations: 20, number of ctas: 32, threads per cta: 256 stride: 1, datatype: int, reduce_op: sum, threadgroup_scope: all_scopes, atomic_op: inc, dir: write, report_msgrate: 0, bidirectional: 0, putget_issue :on_stream, use_graph: 0, use_mmap: 0, mem_handle_type: 0, use_egm: 0
Note: Above is full list of options, any given test will use only a subset of these variables.
mype: 7 mype_node: 7 device name: NVIDIA H200 bus id: 228 
Runtime options after parsing command line arguments 
min_size: 4, max_size: 33554432, step_factor: 2, iterations: 50, warmup iterations: 20, number of ctas: 32, threads per cta: 256 stride: 1, datatype: int, reduce_op: sum, threadgroup_scope: all_scopes, atomic_op: inc, dir: write, report_msgrate: 0, bidirectional: 0, putget_issue :on_stream, use_graph: 0, use_mmap: 0, mem_handle_type: 0, use_egm: 0
Note: Above is full list of options, any given test will use only a subset of these variables.
mype: 5 mype_node: 5 device name: NVIDIA H200 bus id: 174 
Runtime options after parsing command line arguments 
min_size: 4, max_size: 33554432, step_factor: 2, iterations: 50, warmup iterations: 20, number of ctas: 32, threads per cta: 256 stride: 1, datatype: int, reduce_op: sum, threadgroup_scope: all_scopes, atomic_op: inc, dir: write, report_msgrate: 0, bidirectional: 0, putget_issue :on_stream, use_graph: 0, use_mmap: 0, mem_handle_type: 0, use_egm: 0
Note: Above is full list of options, any given test will use only a subset of these variables.
mype: 8 mype_node: 0 device name: NVIDIA H200 bus id: 25 
Runtime options after parsing command line arguments 
min_size: 4, max_size: 33554432, step_factor: 2, iterations: 50, warmup iterations: 20, number of ctas: 32, threads per cta: 256 stride: 1, datatype: int, reduce_op: sum, threadgroup_scope: all_scopes, atomic_op: inc, dir: write, report_msgrate: 0, bidirectional: 0, putget_issue :on_stream, use_graph: 0, use_mmap: 0, mem_handle_type: 0, use_egm: 0
Note: Above is full list of options, any given test will use only a subset of these variables.
mype: 3 mype_node: 3 device name: NVIDIA H200 bus id: 102 
Runtime options after parsing command line arguments 
min_size: 4, max_size: 33554432, step_factor: 2, iterations: 50, warmup iterations: 20, number of ctas: 32, threads per cta: 256 stride: 1, datatype: int, reduce_op: sum, threadgroup_scope: all_scopes, atomic_op: inc, dir: write, report_msgrate: 0, bidirectional: 0, putget_issue :on_stream, use_graph: 0, use_mmap: 0, mem_handle_type: 0, use_egm: 0
Note: Above is full list of options, any given test will use only a subset of these variables.
mype: 6 mype_node: 6 device name: NVIDIA H200 bus id: 191 
