Runtime options after parsing command line arguments 
min_size: 4, max_size: 33554432, step_factor: 2, iterations: 10, warmup iterations: 2, number of ctas: 32, threads per cta: 256 stride: 1, datatype: int, reduce_op: sum, threadgroup_scope: all_scopes, atomic_op: inc, dir: write, report_msgrate: 0, bidirectional: 0, putget_issue :on_stream, use_graph: 0, use_mmap: 0, mem_handle_type: 0, use_egm: 0
Note: Above is full list of options, any given test will use only a subset of these variables.
NVSHMEM v3.3.9
mype: 0 mype_node: 0 device name: NVIDIA H200 bus id: 25 
#shmem_g_bw
size(B)     scope     BW (GB/sec)     
4           None      0.000240        
8           None      0.000442        
16          None      0.000750        
32          None      0.002037        
64          None      0.003627        
128         None      0.006547        
256         None      0.010235        
512         None      0.014283        
1024        None      0.015052        
2048        None      0.015527        
4096        None      0.017224        
8192        None      0.018028        
16384       None      0.020412        
32768       None      0.019900        
65536       None      0.019767        
131072      None      0.020062        
262144      None      0.020120        
524288      None      0.020280        
1048576     None      0.020299        
2097152     None      0.020403        
4194304     None      0.020324        
8388608     None      0.020352        
16777216    None      0.020336        
33554432    None      0.020288        
Runtime options after parsing command line arguments 
min_size: 4, max_size: 33554432, step_factor: 2, iterations: 10, warmup iterations: 2, number of ctas: 32, threads per cta: 256 stride: 1, datatype: int, reduce_op: sum, threadgroup_scope: all_scopes, atomic_op: inc, dir: write, report_msgrate: 0, bidirectional: 0, putget_issue :on_stream, use_graph: 0, use_mmap: 0, mem_handle_type: 0, use_egm: 0
Note: Above is full list of options, any given test will use only a subset of these variables.
mype: 1 mype_node: 0 device name: NVIDIA H200 bus id: 25 
