Runtime options after parsing command line arguments 
min_size: 128, max_size: 268435456, step_factor: 2, iterations: 10, warmup iterations: 3, number of ctas: 32, threads per cta: 256 stride: 1, datatype: int, reduce_op: sum, threadgroup_scope: all_scopes, atomic_op: inc, dir: write, report_msgrate: 0, bidirectional: 0, putget_issue :on_stream, use_graph: 1, use_mmap: 0, mem_handle_type: 0, use_egm: 0
Note: Above is full list of options, any given test will use only a subset of these variables.
NVSHMEM v3.3.9
mype: 0 mype_node: 0 device name: NVIDIA H200 bus id: 25 
#device_reduction
size(B)     count     type      redop     scope     latency(us)       algbw(GB/s)   busbw(GB/s) 
128         32        int32     sum       t         18.796800         0.007         0.012       
256         64        int32     sum       t         27.619201         0.009         0.016       
512         128       int32     sum       t         44.038400         0.012         0.020       
1024        256       int32     sum       t         77.152002         0.013         0.023       
#device_reduction
size(B)     count     type      redop     scope     latency(us)       algbw(GB/s)   busbw(GB/s) 
128         32        int32     prod      t         18.537600         0.007         0.012       
256         64        int32     prod      t         27.542400         0.009         0.016       
512         128       int32     prod      t         43.948799         0.012         0.020       
1024        256       int32     prod      t         77.203202         0.013         0.023       
#device_reduction
size(B)     count     type      redop     scope     latency(us)       algbw(GB/s)   busbw(GB/s) 
128         32        int32     and       t         18.528000         0.007         0.012       
256         64        int32     and       t         27.584001         0.009         0.016       
512         128       int32     and       t         43.952000         0.012         0.020       
1024        256       int32     and       t         76.646399         0.013         0.023       
#device_reduction
size(B)     count     type      redop     scope     latency(us)       algbw(GB/s)   busbw(GB/s) 
128         32        int32     or        t         19.366400         0.007         0.012       
256         64        int32     or        t         27.558401         0.009         0.016       
512         128       int32     or        t         43.219200         0.012         0.021       
1024        256       int32     or        t         76.656002         0.013         0.023       
#device_reduction
size(B)     count     type      redop     scope     latency(us)       algbw(GB/s)   busbw(GB/s) 
128         32        int32     xor       t         19.353600         0.007         0.012       
256         64        int32     xor       t         27.520001         0.009         0.016       
512         128       int32     xor       t         43.974400         0.012         0.020       
1024        256       int32     xor       t         76.735997         0.013         0.023       
#device_reduction
size(B)     count     type      redop     scope     latency(us)       algbw(GB/s)   busbw(GB/s) 
128         32        int32     min       t         19.283199         0.007         0.012       
256         64        int32     min       t         27.516800         0.009         0.016       
512         128       int32     min       t         43.881601         0.012         0.020       
1024        256       int32     min       t         77.475202         0.013         0.023       
#device_reduction
size(B)     count     type      redop     scope     latency(us)       algbw(GB/s)   busbw(GB/s) 
128         32        int32     max       t         18.537600         0.007         0.012       
256         64        int32     max       t         27.465600         0.009         0.016       
512         128       int32     max       t         43.900800         0.012         0.020       
1024        256       int32     max       t         76.697600         0.013         0.023       
#device_reduction
size(B)     count     type      redop     scope     latency(us)       algbw(GB/s)   busbw(GB/s) 
128         16        int64     sum       t         16.889600         0.008         0.013       
256         32        int64     sum       t         23.497599         0.011         0.019       
512         64        int64     sum       t         34.947199         0.015         0.026       
1024        128       int64     sum       t         58.704001         0.017         0.031       
2048        256       int64     sum       t         107.843196        0.019         0.033       
#device_reduction
size(B)     count     type      redop     scope     latency(us)       algbw(GB/s)   busbw(GB/s) 
128         16        int64     prod      t         16.844800         0.008         0.013       
256         32        int64     prod      t         22.672001         0.011         0.020       
512         64        int64     prod      t         35.676801         0.014         0.025       
1024        128       int64     prod      t         59.468800         0.017         0.030       
2048        256       int64     prod      t         109.443200        0.019         0.033       
#device_reduction
size(B)     count     type      redop     scope     latency(us)       algbw(GB/s)   busbw(GB/s) 
128         16        int64     and       t         16.032000         0.008         0.014       
256         32        int64     and       t         22.662400         0.011         0.020       
512         64        int64     and       t         34.115201         0.015         0.026       
1024        128       int64     and       t         57.929599         0.018         0.031       
2048        256       int64     and       t         106.236804        0.019         0.034       
#device_reduction
size(B)     count     type      redop     scope     latency(us)       algbw(GB/s)   busbw(GB/s) 
128         16        int64     or        t         16.844800         0.008         0.013       
256         32        int64     or        t         22.598401         0.011         0.020       
512         64        int64     or        t         34.092799         0.015         0.026       
1024        128       int64     or        t         57.888001         0.018         0.031       
2048        256       int64     or        t         105.455995        0.019         0.034       
#device_reduction
size(B)     count     type      redop     scope     latency(us)       algbw(GB/s)   busbw(GB/s) 
128         16        int64     xor       t         16.844800         0.008         0.013       
256         32        int64     xor       t         22.572801         0.011         0.020       
512         64        int64     xor       t         34.112000         0.015         0.026       
1024        128       int64     xor       t         57.846397         0.018         0.031       
2048        256       int64     xor       t         105.420804        0.019         0.034       
#device_reduction
size(B)     count     type      redop     scope     latency(us)       algbw(GB/s)   busbw(GB/s) 
128         16        int64     min       t         16.886400         0.008         0.013       
256         32        int64     min       t         22.601600         0.011         0.020       
512         64        int64     min       t         35.718399         0.014         0.025       
1024        128       int64     min       t         60.310400         0.017         0.030       
2048        256       int64     min       t         110.297596        0.019         0.032       
#device_reduction
size(B)     count     type      redop     scope     latency(us)       algbw(GB/s)   busbw(GB/s) 
128         16        int64     max       t         16.832000         0.008         0.013       
256         32        int64     max       t         23.385599         0.011         0.019       
512         64        int64     max       t         34.908801         0.015         0.026       
1024        128       int64     max       t         60.288000         0.017         0.030       
2048        256       int64     max       t         110.332799        0.019         0.032       
#device_reduction
size(B)     count     type      redop     scope     latency(us)       algbw(GB/s)   busbw(GB/s) 
128         32        int32     sum       w         11.990400         0.011         0.019       
256         64        int32     sum       w         12.831999         0.020         0.035       
512         128       int32     sum       w         15.222400         0.034         0.059       
1024        256       int32     sum       w         18.550400         0.055         0.097       
2048        512       int32     sum       w         26.761600         0.077         0.134       
4096        1024      int32     sum       w         42.352000         0.097         0.169       
8192        2048      int32     sum       w         71.763200         0.114         0.200       
#device_reduction
size(B)     count     type      redop     scope     latency(us)       algbw(GB/s)   busbw(GB/s) 
128         32        int32     prod      w         12.739199         0.010         0.018       
256         64        int32     prod      w         12.774400         0.020         0.035       
512         128       int32     prod      w         14.486399         0.035         0.062       
1024        256       int32     prod      w         18.524800         0.055         0.097       
2048        512       int32     prod      w         26.752001         0.077         0.134       
4096        1024      int32     prod      w         43.100801         0.095         0.166       
8192        2048      int32     prod      w         71.801603         0.114         0.200       
#device_reduction
size(B)     count     type      redop     scope     latency(us)       algbw(GB/s)   busbw(GB/s) 
128         32        int32     and       w         11.964800         0.011         0.019       
256         64        int32     and       w         12.793601         0.020         0.035       
512         128       int32     and       w         15.228800         0.034         0.059       
1024        256       int32     and       w         18.569601         0.055         0.097       
2048        512       int32     and       w         27.513599         0.074         0.130       
4096        1024      int32     and       w         42.313600         0.097         0.169       
8192        2048      int32     and       w         71.727997         0.114         0.200       
#device_reduction
size(B)     count     type      redop     scope     latency(us)       algbw(GB/s)   busbw(GB/s) 
128         32        int32     or        w         11.968000         0.011         0.019       
256         64        int32     or        w         12.796800         0.020         0.035       
512         128       int32     or        w         14.470400         0.035         0.062       
1024        256       int32     or        w         18.550400         0.055         0.097       
2048        512       int32     or        w         26.758400         0.077         0.134       
4096        1024      int32     or        w         42.268801         0.097         0.170       
8192        2048      int32     or        w         71.727997         0.114         0.200       
#device_reduction
size(B)     count     type      redop     scope     latency(us)       algbw(GB/s)   busbw(GB/s) 
128         32        int32     xor       w         11.987200         0.011         0.019       
256         64        int32     xor       w         12.812801         0.020         0.035       
512         128       int32     xor       w         15.206400         0.034         0.059       
1024        256       int32     xor       w         18.566400         0.055         0.097       
2048        512       int32     xor       w         26.704001         0.077         0.134       
4096        1024      int32     xor       w         42.291200         0.097         0.169       
8192        2048      int32     xor       w         71.756798         0.114         0.200       
#device_reduction
size(B)     count     type      redop     scope     latency(us)       algbw(GB/s)   busbw(GB/s) 
128         32        int32     min       w         12.748800         0.010         0.018       
256         64        int32     min       w         12.784000         0.020         0.035       
512         128       int32     min       w         15.212800         0.034         0.059       
1024        256       int32     min       w         18.544000         0.055         0.097       
2048        512       int32     min       w         27.580801         0.074         0.130       
4096        1024      int32     min       w         42.307201         0.097         0.169       
8192        2048      int32     min       w         71.888000         0.114         0.199       
#device_reduction
size(B)     count     type      redop     scope     latency(us)       algbw(GB/s)   busbw(GB/s) 
128         32        int32     max       w         11.920000         0.011         0.019       
256         64        int32     max       w         12.860800         0.020         0.035       
512         128       int32     max       w         15.321600         0.033         0.058       
1024        256       int32     max       w         18.553600         0.055         0.097       
2048        512       int32     max       w         27.507201         0.074         0.130       
4096        1024      int32     max       w         42.291200         0.097         0.169       
8192        2048      int32     max       w         71.872002         0.114         0.199       
#device_reduction
size(B)     count     type      redop     scope     latency(us)       algbw(GB/s)   busbw(GB/s) 
128         16        int64     sum       w         11.996800         0.011         0.019       
256         32        int64     sum       w         11.964800         0.021         0.037       
512         64        int64     sum       w         12.736000         0.040         0.070       
1024        128       int64     sum       w         15.248001         0.067         0.118       
2048        256       int64     sum       w         19.449601         0.105         0.184       
4096        512       int64     sum       w         27.612799         0.148         0.260       
8192        1024      int64     sum       w         43.065599         0.190         0.333       
16384       2048      int64     sum       w         75.078398         0.218         0.382       
#device_reduction
size(B)     count     type      redop     scope     latency(us)       algbw(GB/s)   busbw(GB/s) 
128         16        int64     prod      w         12.896000         0.010         0.017       
256         32        int64     prod      w         12.006400         0.021         0.037       
512         64        int64     prod      w         12.857600         0.040         0.070       
1024        128       int64     prod      w         15.270400         0.067         0.117       
2048        256       int64     prod      w         19.334400         0.106         0.185       
4096        512       int64     prod      w         27.532801         0.149         0.260       
8192        1024      int64     prod      w         42.307201         0.194         0.339       
16384       2048      int64     prod      w         74.211198         0.221         0.386       
#device_reduction
size(B)     count     type      redop     scope     latency(us)       algbw(GB/s)   busbw(GB/s) 
128         16        int64     and       w         12.787201         0.010         0.018       
256         32        int64     and       w         11.984000         0.021         0.037       
512         64        int64     and       w         12.848000         0.040         0.070       
1024        128       int64     and       w         15.308800         0.067         0.117       
2048        256       int64     and       w         19.379200         0.106         0.185       
4096        512       int64     and       w         27.555200         0.149         0.260       
8192        1024      int64     and       w         42.252800         0.194         0.339       
16384       2048      int64     and       w         73.475200         0.223         0.390       
#device_reduction
size(B)     count     type      redop     scope     latency(us)       algbw(GB/s)   busbw(GB/s) 
128         16        int64     or        w         11.900800         0.011         0.019       
256         32        int64     or        w         11.939200         0.021         0.038       
512         64        int64     or        w         12.777600         0.040         0.070       
1024        128       int64     or        w         15.257600         0.067         0.117       
2048        256       int64     or        w         19.401599         0.106         0.185       
4096        512       int64     or        w         27.564800         0.149         0.260       
8192        1024      int64     or        w         42.310399         0.194         0.339       
16384       2048      int64     or        w         73.433602         0.223         0.390       
#device_reduction
size(B)     count     type      redop     scope     latency(us)       algbw(GB/s)   busbw(GB/s) 
128         16        int64     xor       w         11.958400         0.011         0.019       
256         32        int64     xor       w         12.009600         0.021         0.037       
512         64        int64     xor       w         12.880000         0.040         0.070       
1024        128       int64     xor       w         15.248001         0.067         0.118       
2048        256       int64     xor       w         19.286400         0.106         0.186       
4096        512       int64     xor       w         27.545601         0.149         0.260       
8192        1024      int64     xor       w         42.332801         0.194         0.339       
16384       2048      int64     xor       w         73.561603         0.223         0.390       
#device_reduction
size(B)     count     type      redop     scope     latency(us)       algbw(GB/s)   busbw(GB/s) 
128         16        int64     min       w         12.758400         0.010         0.018       
256         32        int64     min       w         11.923200         0.021         0.038       
512         64        int64     min       w         12.816000         0.040         0.070       
1024        128       int64     min       w         15.344000         0.067         0.117       
2048        256       int64     min       w         19.427200         0.105         0.184       
4096        512       int64     min       w         27.487999         0.149         0.261       
8192        1024      int64     min       w         43.088001         0.190         0.333       
16384       2048      int64     min       w         75.049597         0.218         0.382       
#device_reduction
size(B)     count     type      redop     scope     latency(us)       algbw(GB/s)   busbw(GB/s) 
128         16        int64     max       w         11.952000         0.011         0.019       
256         32        int64     max       w         12.054400         0.021         0.037       
512         64        int64     max       w         12.764800         0.040         0.070       
1024        128       int64     max       w         15.212800         0.067         0.118       
2048        256       int64     max       w         19.363201         0.106         0.185       
4096        512       int64     max       w         27.555200         0.149         0.260       
8192        1024      int64     max       w         43.075201         0.190         0.333       
16384       2048      int64     max       w         75.078398         0.218         0.382       
#device_reduction
size(B)     count     type      redop     scope     latency(us)       algbw(GB/s)   busbw(GB/s) 
128         32        int32     sum       b         6.307200          0.020         0.036       
256         64        int32     sum       b         6.275200          0.041         0.071       
512         128       int32     sum       b         6.355200          0.081         0.141       
1024        256       int32     sum       b         7.916800          0.129         0.226       
2048        512       int32     sum       b         11.129600         0.184         0.322       
4096        1024      int32     sum       b         16.835199         0.243         0.426       
8192        2048      int32     sum       b         21.011201         0.390         0.682       
16384       4096      int32     sum       b         56.275201         0.291         0.509       
32768       8192      int32     sum       b         104.560006        0.313         0.548       
65536       16384     int32     sum       b         205.382395        0.319         0.558       
131072      32768     int32     sum       b         408.454418        0.321         0.562       
262144      65536     int32     sum       b         811.590385        0.323         0.565       
524288      131072    int32     sum       b         1619.337654       0.324         0.567       
1048576     262144    int32     sum       b         3231.481552       0.324         0.568       
2097152     524288    int32     sum       b         6459.839630       0.325         0.568       
4194304     1048576   int32     sum       b         12911.120605      0.325         0.569       
8388608     2097152   int32     sum       b         25815.942383      0.325         0.569       
16777216    4194304   int32     sum       b         53582.073975      0.313         0.548       
33554432    8388608   int32     sum       b         112829.370117     0.297         0.520       
67108864    16777216  int32     sum       b         226532.885742     0.296         0.518       
134217728   33554432  int32     sum       b         452939.453125     0.296         0.519       
#device_reduction
size(B)     count     type      redop     scope     latency(us)       algbw(GB/s)   busbw(GB/s) 
128         32        int32     prod      b         6.444800          0.020         0.035       
256         64        int32     prod      b         6.377600          0.040         0.070       
512         128       int32     prod      b         7.209600          0.071         0.124       
1024        256       int32     prod      b         7.872000          0.130         0.228       
2048        512       int32     prod      b         11.088000         0.185         0.323       
4096        1024      int32     prod      b         16.908801         0.242         0.424       
8192        2048      int32     prod      b         21.078400         0.389         0.680       
16384       4096      int32     prod      b         56.176001         0.292         0.510       
32768       8192      int32     prod      b         104.560006        0.313         0.548       
65536       16384     int32     prod      b         205.328012        0.319         0.559       
131072      32768     int32     prod      b         409.382391        0.320         0.560       
262144      65536     int32     prod      b         812.307167        0.323         0.565       
524288      131072    int32     prod      b         1620.876884       0.323         0.566       
1048576     262144    int32     prod      b         3234.688187       0.324         0.567       
2097152     524288    int32     prod      b         6464.131165       0.324         0.568       
4194304     1048576   int32     prod      b         12921.856689      0.325         0.568       
8388608     2097152   int32     prod      b         25850.741577      0.325         0.568       
16777216    4194304   int32     prod      b         53603.698730      0.313         0.548       
33554432    8388608   int32     prod      b         112915.551758     0.297         0.520       
67108864    16777216  int32     prod      b         226703.198242     0.296         0.518       
134217728   33554432  int32     prod      b         453276.904297     0.296         0.518       
#device_reduction
size(B)     count     type      redop     scope     latency(us)       algbw(GB/s)   busbw(GB/s) 
128         32        int32     and       b         6.460800          0.020         0.035       
256         64        int32     and       b         6.416000          0.040         0.070       
512         128       int32     and       b         6.377600          0.080         0.140       
1024        256       int32     and       b         8.688000          0.118         0.206       
2048        512       int32     and       b         11.248000         0.182         0.319       
4096        1024      int32     and       b         16.896001         0.242         0.424       
8192        2048      int32     and       b         21.801600         0.376         0.658       
16384       4096      int32     and       b         56.224000         0.291         0.510       
32768       8192      int32     and       b         104.534400        0.313         0.549       
65536       16384     int32     and       b         205.369592        0.319         0.558       
131072      32768     int32     and       b         408.447981        0.321         0.562       
262144      65536     int32     and       b         811.468792        0.323         0.565       
524288      131072    int32     and       b         1620.089531       0.324         0.566       
1048576     262144    int32     and       b         3230.678558       0.325         0.568       
2097152     524288    int32     and       b         6459.394836       0.325         0.568       
4194304     1048576   int32     and       b         12913.580322      0.325         0.568       
8388608     2097152   int32     and       b         25824.160767      0.325         0.568       
16777216    4194304   int32     and       b         53586.779785      0.313         0.548       
33554432    8388608   int32     and       b         112842.492676     0.297         0.520       
67108864    16777216  int32     and       b         226579.370117     0.296         0.518       
134217728   33554432  int32     and       b         453077.246094     0.296         0.518       
#device_reduction
size(B)     count     type      redop     scope     latency(us)       algbw(GB/s)   busbw(GB/s) 
128         32        int32     or        b         6.528000          0.020         0.034       
256         64        int32     or        b         6.396800          0.040         0.070       
512         128       int32     or        b         6.304000          0.081         0.142       
1024        256       int32     or        b         7.945600          0.129         0.226       
2048        512       int32     or        b         11.161600         0.183         0.321       
4096        1024      int32     or        b         16.832000         0.243         0.426       
8192        2048      int32     or        b         21.785600         0.376         0.658       
16384       4096      int32     or        b         56.191999         0.292         0.510       
32768       8192      int32     or        b         104.518402        0.314         0.549       
65536       16384     int32     or        b         205.257607        0.319         0.559       
131072      32768     int32     or        b         407.561588        0.322         0.563       
262144      65536     int32     or        b         811.635208        0.323         0.565       
524288      131072    int32     or        b         1619.411278       0.324         0.567       
1048576     262144    int32     or        b         3228.963089       0.325         0.568       
2097152     524288    int32     or        b         6454.953766       0.325         0.569       
4194304     1048576   int32     or        b         12905.416870      0.325         0.569       
8388608     2097152   int32     or        b         25800.469971      0.325         0.569       
16777216    4194304   int32     or        b         53538.659668      0.313         0.548       
33554432    8388608   int32     or        b         112767.797852     0.298         0.521       
67108864    16777216  int32     or        b         226376.196289     0.296         0.519       
134217728   33554432  int32     or        b         452588.134766     0.297         0.519       
#device_reduction
size(B)     count     type      redop     scope     latency(us)       algbw(GB/s)   busbw(GB/s) 
128         32        int32     xor       b         6.473600          0.020         0.035       
256         64        int32     xor       b         7.084800          0.036         0.063       
512         128       int32     xor       b         6.329600          0.081         0.142       
1024        256       int32     xor       b         7.923200          0.129         0.226       
2048        512       int32     xor       b         11.187200         0.183         0.320       
4096        1024      int32     xor       b         16.944000         0.242         0.423       
8192        2048      int32     xor       b         21.036801         0.389         0.681       
16384       4096      int32     xor       b         56.224000         0.291         0.510       
32768       8192      int32     xor       b         104.496002        0.314         0.549       
65536       16384     int32     xor       b         205.244803        0.319         0.559       
131072      32768     int32     xor       b         407.651186        0.322         0.563       
262144      65536     int32     xor       b         811.523247        0.323         0.565       
524288      131072    int32     xor       b         1619.209671       0.324         0.567       
1048576     262144    int32     xor       b         3231.465530       0.324         0.568       
2097152     524288    int32     xor       b         6456.739044       0.325         0.568       
4194304     1048576   int32     xor       b         12906.988525      0.325         0.569       
8388608     2097152   int32     xor       b         25811.242676      0.325         0.569       
16777216    4194304   int32     xor       b         53537.817383      0.313         0.548       
33554432    8388608   int32     xor       b         112754.492188     0.298         0.521       
67108864    16777216  int32     xor       b         226409.155273     0.296         0.519       
134217728   33554432  int32     xor       b         452880.664062     0.296         0.519       
#device_reduction
size(B)     count     type      redop     scope     latency(us)       algbw(GB/s)   busbw(GB/s) 
128         32        int32     min       b         6.457600          0.020         0.035       
256         64        int32     min       b         6.329600          0.040         0.071       
512         128       int32     min       b         6.265600          0.082         0.143       
1024        256       int32     min       b         7.971200          0.128         0.225       
2048        512       int32     min       b         11.196800         0.183         0.320       
4096        1024      int32     min       b         16.841599         0.243         0.426       
8192        2048      int32     min       b         21.024001         0.390         0.682       
16384       4096      int32     min       b         56.166399         0.292         0.510       
32768       8192      int32     min       b         104.540801        0.313         0.549       
65536       16384     int32     min       b         205.385590        0.319         0.558       
131072      32768     int32     min       b         408.435202        0.321         0.562       
262144      65536     int32     min       b         811.484814        0.323         0.565       
524288      131072    int32     min       b         1619.257545       0.324         0.567       
1048576     262144    int32     min       b         3230.665588       0.325         0.568       
2097152     524288    int32     min       b         6457.619476       0.325         0.568       
4194304     1048576   int32     min       b         12909.484863      0.325         0.569       
8388608     2097152   int32     min       b         25816.912842      0.325         0.569       
16777216    4194304   int32     min       b         53583.691406      0.313         0.548       
33554432    8388608   int32     min       b         112840.405273     0.297         0.520       
67108864    16777216  int32     min       b         226502.050781     0.296         0.518       
134217728   33554432  int32     min       b         452804.931641     0.296         0.519       
#device_reduction
size(B)     count     type      redop     scope     latency(us)       algbw(GB/s)   busbw(GB/s) 
128         32        int32     max       b         6.480000          0.020         0.035       
256         64        int32     max       b         6.233600          0.041         0.072       
512         128       int32     max       b         6.275200          0.082         0.143       
1024        256       int32     max       b         8.092800          0.127         0.221       
2048        512       int32     max       b         11.145600         0.184         0.322       
4096        1024      int32     max       b         16.912000         0.242         0.424       
8192        2048      int32     max       b         21.001600         0.390         0.683       
16384       4096      int32     max       b         56.195199         0.292         0.510       
32768       8192      int32     max       b         104.563200        0.313         0.548       
65536       16384     int32     max       b         205.235195        0.319         0.559       
131072      32768     int32     max       b         408.393621        0.321         0.562       
262144      65536     int32     max       b         811.561584        0.323         0.565       
524288      131072    int32     max       b         1620.159912       0.324         0.566       
1048576     262144    int32     max       b         3230.668640       0.325         0.568       
2097152     524288    int32     max       b         6459.072113       0.325         0.568       
4194304     1048576   int32     max       b         12912.786865      0.325         0.568       
8388608     2097152   int32     max       b         25821.691895      0.325         0.569       
16777216    4194304   int32     max       b         53579.144287      0.313         0.548       
33554432    8388608   int32     max       b         112846.948242     0.297         0.520       
67108864    16777216  int32     max       b         226545.996094     0.296         0.518       
134217728   33554432  int32     max       b         452951.855469     0.296         0.519       
#device_reduction
size(B)     count     type      redop     scope     latency(us)       algbw(GB/s)   busbw(GB/s) 
128         16        int64     sum       b         6.332800          0.020         0.035       
256         32        int64     sum       b         6.419200          0.040         0.070       
512         64        int64     sum       b         6.243200          0.082         0.144       
1024        128       int64     sum       b         7.888000          0.130         0.227       
2048        256       int64     sum       b         10.332800         0.198         0.347       
4096        512       int64     sum       b         15.286399         0.268         0.469       
8192        1024      int64     sum       b         17.776000         0.461         0.806       
16384       2048      int64     sum       b         21.862400         0.749         1.311       
32768       4096      int64     sum       b         80.012798         0.410         0.717       
65536       8192      int64     sum       b         156.991994        0.417         0.731       
131072      16384     int64     sum       b         311.033607        0.421         0.737       
262144      32768     int64     sum       b         615.721607        0.426         0.745       
524288      65536     int64     sum       b         1227.715206       0.427         0.747       
1048576     131072    int64     sum       b         2449.974442       0.428         0.749       
2097152     262144    int64     sum       b         4896.025467       0.428         0.750       
4194304     524288    int64     sum       b         9788.365173       0.428         0.750       
8388608     1048576   int64     sum       b         19571.321106      0.429         0.750       
16777216    2097152   int64     sum       b         40573.245239      0.414         0.724       
33554432    4194304   int64     sum       b         85043.811035      0.395         0.690       
67108864    8388608   int64     sum       b         170571.813965     0.393         0.689       
134217728   16777216  int64     sum       b         341156.933594     0.393         0.688       
#device_reduction
size(B)     count     type      redop     scope     latency(us)       algbw(GB/s)   busbw(GB/s) 
128         16        int64     prod      b         6.531200          0.020         0.034       
256         32        int64     prod      b         6.281600          0.041         0.071       
512         64        int64     prod      b         6.192000          0.083         0.145       
1024        128       int64     prod      b         7.878400          0.130         0.227       
2048        256       int64     prod      b         10.409600         0.197         0.344       
4096        512       int64     prod      b         15.292799         0.268         0.469       
8192        1024      int64     prod      b         17.756800         0.461         0.807       
16384       2048      int64     prod      b         22.640000         0.724         1.266       
32768       4096      int64     prod      b         79.958397         0.410         0.717       
65536       8192      int64     prod      b         157.100797        0.417         0.730       
131072      16384     int64     prod      b         311.843204        0.420         0.736       
262144      32768     int64     prod      b         619.011211        0.423         0.741       
524288      65536     int64     prod      b         1233.423996       0.425         0.744       
1048576     131072    int64     prod      b         2461.401558       0.426         0.746       
2097152     262144    int64     prod      b         4920.636749       0.426         0.746       
4194304     524288    int64     prod      b         9844.818878       0.426         0.746       
8388608     1048576   int64     prod      b         19667.231750      0.427         0.746       
16777216    2097152   int64     prod      b         40758.081055      0.412         0.720       
33554432    4194304   int64     prod      b         85373.724365      0.393         0.688       
67108864    8388608   int64     prod      b         171250.097656     0.392         0.686       
134217728   16777216  int64     prod      b         342419.653320     0.392         0.686       
#device_reduction
size(B)     count     type      redop     scope     latency(us)       algbw(GB/s)   busbw(GB/s) 
128         16        int64     and       b         6.371200          0.020         0.035       
256         32        int64     and       b         6.304000          0.041         0.071       
512         64        int64     and       b         6.243200          0.082         0.144       
1024        128       int64     and       b         7.984000          0.128         0.224       
2048        256       int64     and       b         10.288000         0.199         0.348       
4096        512       int64     and       b         15.257600         0.268         0.470       
8192        1024      int64     and       b         17.689601         0.463         0.810       
16384       2048      int64     and       b         21.817601         0.751         1.314       
32768       4096      int64     and       b         79.193598         0.414         0.724       
65536       8192      int64     and       b         155.305600        0.422         0.738       
131072      16384     int64     and       b         307.728004        0.426         0.745       
262144      32768     int64     and       b         610.822392        0.429         0.751       
524288      65536     int64     and       b         1217.823982       0.431         0.753       
1048576     131072    int64     and       b         2433.539200       0.431         0.754       
2097152     262144    int64     and       b         4859.145737       0.432         0.755       
4194304     524288    int64     and       b         9715.436554       0.432         0.756       
8388608     1048576   int64     and       b         19425.372314      0.432         0.756       
16777216    2097152   int64     and       b         40293.618774      0.416         0.729       
33554432    4194304   int64     and       b         84446.539307      0.397         0.695       
67108864    8388608   int64     and       b         169439.282227     0.396         0.693       
134217728   16777216  int64     and       b         338757.666016     0.396         0.693       
#device_reduction
size(B)     count     type      redop     scope     latency(us)       algbw(GB/s)   busbw(GB/s) 
128         16        int64     or        b         6.416000          0.020         0.035       
256         32        int64     or        b         6.320000          0.041         0.071       
512         64        int64     or        b         6.313600          0.081         0.142       
1024        128       int64     or        b         7.833600          0.131         0.229       
2048        256       int64     or        b         10.304000         0.199         0.348       
4096        512       int64     or        b         15.238400         0.269         0.470       
8192        1024      int64     or        b         16.947199         0.483         0.846       
16384       2048      int64     or        b         21.836799         0.750         1.313       
32768       4096      int64     or        b         79.136002         0.414         0.725       
65536       8192      int64     or        b         155.305600        0.422         0.738       
131072      16384     int64     or        b         307.823992        0.426         0.745       
262144      32768     int64     or        b         610.950422        0.429         0.751       
524288      65536     int64     or        b         1218.633556       0.430         0.753       
1048576     131072    int64     or        b         2431.878471       0.431         0.755       
2097152     262144    int64     or        b         4861.638260       0.431         0.755       
4194304     524288    int64     or        b         9715.420532       0.432         0.756       
8388608     1048576   int64     or        b         19427.142334      0.432         0.756       
16777216    2097152   int64     or        b         40304.306030      0.416         0.728       
33554432    4194304   int64     or        b         84460.699463      0.397         0.695       
67108864    8388608   int64     or        b         169438.122559     0.396         0.693       
134217728   16777216  int64     or        b         338667.333984     0.396         0.694       
#device_reduction
size(B)     count     type      redop     scope     latency(us)       algbw(GB/s)   busbw(GB/s) 
128         16        int64     xor       b         6.419200          0.020         0.035       
256         32        int64     xor       b         6.435200          0.040         0.070       
512         64        int64     xor       b         6.307200          0.081         0.142       
1024        128       int64     xor       b         7.900800          0.130         0.227       
2048        256       int64     xor       b         10.332800         0.198         0.347       
4096        512       int64     xor       b         15.283200         0.268         0.469       
8192        1024      int64     xor       b         17.683201         0.463         0.811       
16384       2048      int64     xor       b         21.820800         0.751         1.314       
32768       4096      int64     xor       b         79.289597         0.413         0.723       
65536       8192      int64     xor       b         154.512000        0.424         0.742       
131072      16384     int64     xor       b         307.814407        0.426         0.745       
262144      32768     int64     xor       b         610.822392        0.429         0.751       
524288      65536     int64     xor       b         1216.150379       0.431         0.754       
1048576     131072    int64     xor       b         2429.523277       0.432         0.755       
2097152     262144    int64     xor       b         4856.771088       0.432         0.756       
4194304     524288    int64     xor       b         9706.361389       0.432         0.756       
8388608     1048576   int64     xor       b         19404.978943      0.432         0.757       
16777216    2097152   int64     xor       b         40257.559204      0.417         0.729       
33554432    4194304   int64     xor       b         84389.709473      0.398         0.696       
67108864    8388608   int64     xor       b         169227.941895     0.397         0.694       
134217728   16777216  int64     xor       b         338545.483398     0.396         0.694       
#device_reduction
size(B)     count     type      redop     scope     latency(us)       algbw(GB/s)   busbw(GB/s) 
128         16        int64     min       b         6.412800          0.020         0.035       
256         32        int64     min       b         6.256000          0.041         0.072       
512         64        int64     min       b         6.313600          0.081         0.142       
1024        128       int64     min       b         7.939200          0.129         0.226       
2048        256       int64     min       b         10.275200         0.199         0.349       
4096        512       int64     min       b         15.244800         0.269         0.470       
8192        1024      int64     min       b         17.734399         0.462         0.808       
16384       2048      int64     min       b         22.623999         0.724         1.267       
32768       4096      int64     min       b         80.035198         0.409         0.716       
65536       8192      int64     min       b         156.963205        0.418         0.731       
131072      16384     int64     min       b         311.756802        0.420         0.736       
262144      32768     int64     min       b         618.988800        0.424         0.741       
524288      65536     int64     min       b         1232.627201       0.425         0.744       
1048576     131072    int64     min       b         2463.129616       0.426         0.745       
2097152     262144    int64     min       b         4915.785599       0.427         0.747       
4194304     524288    int64     min       b         9828.425598       0.427         0.747       
8388608     1048576   int64     min       b         19650.799561      0.427         0.747       
16777216    2097152   int64     min       b         40736.093140      0.412         0.721       
33554432    4194304   int64     min       b         85341.528320      0.393         0.688       
67108864    8388608   int64     min       b         171081.262207     0.392         0.686       
134217728   16777216  int64     min       b         342247.143555     0.392         0.686       
#device_reduction
size(B)     count     type      redop     scope     latency(us)       algbw(GB/s)   busbw(GB/s) 
128         16        int64     max       b         6.412800          0.020         0.035       
256         32        int64     max       b         6.473600          0.040         0.069       
512         64        int64     max       b         7.129600          0.072         0.126       
1024        128       int64     max       b         7.872000          0.130         0.228       
2048        256       int64     max       b         10.329600         0.198         0.347       
4096        512       int64     max       b         15.292799         0.268         0.469       
8192        1024      int64     max       b         17.747200         0.462         0.808       
16384       2048      int64     max       b         21.820800         0.751         1.314       
32768       4096      int64     max       b         79.983997         0.410         0.717       
65536       8192      int64     max       b         157.030404        0.417         0.730       
Runtime options after parsing command line arguments 
min_size: 128, max_size: 268435456, step_factor: 2, iterations: 10, warmup iterations: 3, number of ctas: 32, threads per cta: 256 stride: 1, datatype: int, reduce_op: sum, threadgroup_scope: all_scopes, atomic_op: inc, dir: write, report_msgrate: 0, bidirectional: 0, putget_issue :on_stream, use_graph: 1, use_mmap: 0, mem_handle_type: 0, use_egm: 0
Note: Above is full list of options, any given test will use only a subset of these variables.
mype: 7 mype_node: 7 device name: NVIDIA H200 bus id: 228 
Runtime options after parsing command line arguments 
min_size: 128, max_size: 268435456, step_factor: 2, iterations: 10, warmup iterations: 3, number of ctas: 32, threads per cta: 256 stride: 1, datatype: int, reduce_op: sum, threadgroup_scope: all_scopes, atomic_op: inc, dir: write, report_msgrate: 0, bidirectional: 0, putget_issue :on_stream, use_graph: 1, use_mmap: 0, mem_handle_type: 0, use_egm: 0
Note: Above is full list of options, any given test will use only a subset of these variables.
mype: 1 mype_node: 1 device name: NVIDIA H200 bus id: 45 
Runtime options after parsing command line arguments 
min_size: 128, max_size: 268435456, step_factor: 2, iterations: 10, warmup iterations: 3, number of ctas: 32, threads per cta: 256 stride: 1, datatype: int, reduce_op: sum, threadgroup_scope: all_scopes, atomic_op: inc, dir: write, report_msgrate: 0, bidirectional: 0, putget_issue :on_stream, use_graph: 1, use_mmap: 0, mem_handle_type: 0, use_egm: 0
Note: Above is full list of options, any given test will use only a subset of these variables.
mype: 6 mype_node: 6 device name: NVIDIA H200 bus id: 191 
Runtime options after parsing command line arguments 
min_size: 128, max_size: 268435456, step_factor: 2, iterations: 10, warmup iterations: 3, number of ctas: 32, threads per cta: 256 stride: 1, datatype: int, reduce_op: sum, threadgroup_scope: all_scopes, atomic_op: inc, dir: write, report_msgrate: 0, bidirectional: 0, putget_issue :on_stream, use_graph: 1, use_mmap: 0, mem_handle_type: 0, use_egm: 0
Note: Above is full list of options, any given test will use only a subset of these variables.
mype: 5 mype_node: 5 device name: NVIDIA H200 bus id: 174 
Runtime options after parsing command line arguments 
min_size: 128, max_size: 268435456, step_factor: 2, iterations: 10, warmup iterations: 3, number of ctas: 32, threads per cta: 256 stride: 1, datatype: int, reduce_op: sum, threadgroup_scope: all_scopes, atomic_op: inc, dir: write, report_msgrate: 0, bidirectional: 0, putget_issue :on_stream, use_graph: 1, use_mmap: 0, mem_handle_type: 0, use_egm: 0
Note: Above is full list of options, any given test will use only a subset of these variables.
mype: 2 mype_node: 2 device name: NVIDIA H200 bus id: 63 
Runtime options after parsing command line arguments 
min_size: 128, max_size: 268435456, step_factor: 2, iterations: 10, warmup iterations: 3, number of ctas: 32, threads per cta: 256 stride: 1, datatype: int, reduce_op: sum, threadgroup_scope: all_scopes, atomic_op: inc, dir: write, report_msgrate: 0, bidirectional: 0, putget_issue :on_stream, use_graph: 1, use_mmap: 0, mem_handle_type: 0, use_egm: 0
Note: Above is full list of options, any given test will use only a subset of these variables.
mype: 3 mype_node: 3 device name: NVIDIA H200 bus id: 102 
131072      16384     int64     max       b         311.756802        0.420         0.736       
262144      32768     int64     max       b         618.275213        0.424         0.742       
524288      65536     int64     max       b         1235.068798       0.425         0.743       
1048576     131072    int64     max       b         2461.382484       0.426         0.746       
2097152     262144    int64     max       b         4919.007874       0.426         0.746       
4194304     524288    int64     max       b         9831.906891       0.427         0.747       
8388608     1048576   int64     max       b         19656.544495      0.427         0.747       
16777216    2097152   int64     max       b         40746.661377      0.412         0.721       
33554432    4194304   int64     max       b         85371.209717      0.393         0.688       
67108864    8388608   int64     max       b         171203.649902     0.392         0.686       
134217728   16777216  int64     max       b         342301.098633     0.392         0.686       
Runtime options after parsing command line arguments 
min_size: 128, max_size: 268435456, step_factor: 2, iterations: 10, warmup iterations: 3, number of ctas: 32, threads per cta: 256 stride: 1, datatype: int, reduce_op: sum, threadgroup_scope: all_scopes, atomic_op: inc, dir: write, report_msgrate: 0, bidirectional: 0, putget_issue :on_stream, use_graph: 1, use_mmap: 0, mem_handle_type: 0, use_egm: 0
Note: Above is full list of options, any given test will use only a subset of these variables.
mype: 4 mype_node: 4 device name: NVIDIA H200 bus id: 155 
