Runtime options after parsing command line arguments 
min_size: 4, max_size: 33554432, step_factor: 2, iterations: 20, warmup iterations: 5, number of ctas: 64, threads per cta: 1024 stride: 1, datatype: int, reduce_op: sum, threadgroup_scope: all_scopes, atomic_op: inc, dir: write, report_msgrate: 0, bidirectional: 0, putget_issue :on_stream, use_graph: 0, use_mmap: 0, mem_handle_type: 0, use_egm: 0
Note: Above is full list of options, any given test will use only a subset of these variables.
NVSHMEM v3.3.9
mype: 0 mype_node: 0 device name: NVIDIA H200 bus id: 25 
#shmem_get_bw_uni
size(B)     scope     BW (GB/sec)     
4           None      0.000593        
8           None      0.001193        
16          None      0.002402        
32          None      0.004781        
64          None      0.009438        
128         None      0.018868        
256         None      0.038122        
512         None      0.034734        
1024        None      0.071159        
2048        None      0.139662        
4096        None      0.282031        
8192        None      0.564623        
16384       None      1.120228        
32768       None      2.241681        
65536       None      4.469664        
131072      None      8.876369        
262144      None      18.180204       
524288      None      31.534983       
1048576     None      38.806252       
2097152     None      43.246666       
4194304     None      46.604206       
8388608     None      47.275318       
16777216    None      47.893520       
33554432    None      48.225693       
Runtime options after parsing command line arguments 
min_size: 4, max_size: 33554432, step_factor: 2, iterations: 20, warmup iterations: 5, number of ctas: 64, threads per cta: 1024 stride: 1, datatype: int, reduce_op: sum, threadgroup_scope: all_scopes, atomic_op: inc, dir: write, report_msgrate: 0, bidirectional: 0, putget_issue :on_stream, use_graph: 0, use_mmap: 0, mem_handle_type: 0, use_egm: 0
Note: Above is full list of options, any given test will use only a subset of these variables.
mype: 1 mype_node: 0 device name: NVIDIA H200 bus id: 25 
