Runtime options after parsing command line arguments 
min_size: 4, max_size: 33554432, step_factor: 2, iterations: 50, warmup iterations: 20, number of ctas: 32, threads per cta: 256 stride: 1, datatype: int, reduce_op: sum, threadgroup_scope: all_scopes, atomic_op: inc, dir: write, report_msgrate: 0, bidirectional: 0, putget_issue :on_stream, use_graph: 0, use_mmap: 0, mem_handle_type: 0, use_egm: 0
Note: Above is full list of options, any given test will use only a subset of these variables.
NVSHMEM v3.3.9
mype: 0 mype_node: 0 device name: NVIDIA H200 bus id: 25 
#shmem_atomic_inc
size(B)     scope     BW (GB/sec)     
4           None      0.003168        
8           None      0.004120        
16          None      0.008292        
32          None      0.016480        
64          None      0.032862        
128         None      0.064767        
256         None      0.128742        
512         None      0.257815        
1024        None      0.517297        
2048        None      1.032258        
4096        None      2.090137        
8192        None      4.174820        
16384       None      8.052847        
32768       None      15.477629       
65536       None      30.251110       
131072      None      55.895199       
262144      None      94.160919       
524288      None      147.683426      
1048576     None      200.342361      
2097152     None      253.347778      
4194304     None      278.154572      
8388608     None      284.784363      
16777216    None      282.628937      
33554432    None      286.830017      
Runtime options after parsing command line arguments 
min_size: 4, max_size: 33554432, step_factor: 2, iterations: 50, warmup iterations: 20, number of ctas: 32, threads per cta: 256 stride: 1, datatype: int, reduce_op: sum, threadgroup_scope: all_scopes, atomic_op: inc, dir: write, report_msgrate: 0, bidirectional: 0, putget_issue :on_stream, use_graph: 0, use_mmap: 0, mem_handle_type: 0, use_egm: 0
Note: Above is full list of options, any given test will use only a subset of these variables.
mype: 1 mype_node: 1 device name: NVIDIA H200 bus id: 45 
