Runtime options after parsing command line arguments 
min_size: 4, max_size: 33554432, step_factor: 2, iterations: 50, warmup iterations: 20, number of ctas: 32, threads per cta: 256 stride: 1, datatype: int, reduce_op: sum, threadgroup_scope: all_scopes, atomic_op: inc, dir: write, report_msgrate: 0, bidirectional: 0, putget_issue :on_stream, use_graph: 0, use_mmap: 0, mem_handle_type: 0, use_egm: 0
Note: Above is full list of options, any given test will use only a subset of these variables.
NVSHMEM v3.3.9
mype: 0 mype_node: 0 device name: NVIDIA H200 bus id: 25 
#bcast_device
size(B)     count     type      scope     latency(us)       algbw(GB/s)   busbw(GB/s) 
4           1         32-bit    thread    38.283520         0.000         0.000       
8           2         32-bit    thread    3.579520          0.002         0.002       
16          4         32-bit    thread    3.592960          0.004         0.004       
32          8         32-bit    thread    3.897600          0.008         0.008       
64          16        32-bit    thread    3.567360          0.018         0.018       
128         32        32-bit    thread    4.337920          0.030         0.030       
256         64        32-bit    thread    5.866240          0.044         0.044       
512         128       32-bit    thread    8.970240          0.057         0.057       
1024        256       32-bit    thread    14.867200         0.069         0.069       
#bcast_device
size(B)     count     type      scope     latency(us)       algbw(GB/s)   busbw(GB/s) 
4           1         32-bit    warp      19.645441         0.000         0.000       
8           2         32-bit    warp      2.919040          0.003         0.003       
16          4         32-bit    warp      2.749440          0.006         0.006       
32          8         32-bit    warp      2.753920          0.012         0.012       
64          16        32-bit    warp      2.757760          0.023         0.023       
128         32        32-bit    warp      2.767360          0.046         0.046       
256         64        32-bit    warp      2.730880          0.094         0.094       
512         128       32-bit    warp      2.924160          0.175         0.175       
1024        256       32-bit    warp      3.240960          0.316         0.316       
2048        512       32-bit    warp      3.751680          0.546         0.546       
4096        1024      32-bit    warp      4.894080          0.837         0.837       
8192        2048      32-bit    warp      13.720959         0.597         0.597       
#bcast_device
size(B)     count     type      scope     latency(us)       algbw(GB/s)   busbw(GB/s) 
4           1         32-bit    block     20.797441         0.000         0.000       
8           2         32-bit    block     3.596800          0.002         0.002       
16          4         32-bit    block     3.589120          0.004         0.004       
32          8         32-bit    block     3.576960          0.009         0.009       
64          16        32-bit    block     3.560960          0.018         0.018       
128         32        32-bit    block     3.560320          0.036         0.036       
256         64        32-bit    block     3.571200          0.072         0.072       
512         128       32-bit    block     3.422080          0.150         0.150       
1024        256       32-bit    block     3.590400          0.285         0.285       
2048        512       32-bit    block     3.706240          0.553         0.553       
4096        1024      32-bit    block     3.729280          1.098         1.098       
8192        2048      32-bit    block     4.878720          1.679         1.679       
16384       4096      32-bit    block     7.349760          2.229         2.229       
32768       8192      32-bit    block     30.940161         1.059         1.059       
65536       16384     32-bit    block     43.214078         1.517         1.517       
131072      32768     32-bit    block     68.121600         1.924         1.924       
262144      65536     32-bit    block     118.095999        2.220         2.220       
524288      131072    32-bit    block     216.911354        2.417         2.417       
1048576     262144    32-bit    block     417.268486        2.513         2.513       
2097152     524288    32-bit    block     815.895691        2.570         2.570       
4194304     1048576   32-bit    block     1613.612213       2.599         2.599       
8388608     2097152   32-bit    block     3210.032043       2.613         2.613       
16777216    4194304   32-bit    block     6580.563354       2.550         2.550       
33554432    8388608   32-bit    block     19513.209229      1.720         1.720       
#bcast_device
size(B)     count     type      scope     latency(us)       algbw(GB/s)   busbw(GB/s) 
8           1         64-bit    thread    21.440639         0.000         0.000       
16          2         64-bit    thread    3.099520          0.005         0.005       
32          4         64-bit    thread    3.335040          0.010         0.010       
64          8         64-bit    thread    3.578880          0.018         0.018       
128         16        64-bit    thread    4.393600          0.029         0.029       
256         32        64-bit    thread    5.870720          0.044         0.044       
512         64        64-bit    thread    8.810240          0.058         0.058       
1024        128       64-bit    thread    14.874880         0.069         0.069       
2048        256       64-bit    thread    26.837759         0.076         0.076       
#bcast_device
size(B)     count     type      scope     latency(us)       algbw(GB/s)   busbw(GB/s) 
8           1         64-bit    warp      19.151360         0.000         0.000       
16          2         64-bit    warp      2.748800          0.006         0.006       
32          4         64-bit    warp      2.753920          0.012         0.012       
64          8         64-bit    warp      2.748160          0.023         0.023       
128         16        64-bit    warp      2.748800          0.047         0.047       
256         32        64-bit    warp      2.750080          0.093         0.093       
512         64        64-bit    warp      2.746880          0.186         0.186       
1024        128       64-bit    warp      3.068160          0.334         0.334       
2048        256       64-bit    warp      3.727360          0.549         0.549       
4096        512       64-bit    warp      9.793920          0.418         0.418       
8192        1024      64-bit    warp      7.191040          1.139         1.139       
16384       2048      64-bit    warp      17.322240         0.946         0.946       
#bcast_device
size(B)     count     type      scope     latency(us)       algbw(GB/s)   busbw(GB/s) 
8           1         64-bit    block     19.742240         0.000         0.000       
16          2         64-bit    block     4.032480          0.004         0.004       
32          4         64-bit    block     4.031360          0.008         0.008       
64          8         64-bit    block     4.053680          0.016         0.016       
128         16        64-bit    block     4.035840          0.032         0.032       
256         32        64-bit    block     3.997600          0.064         0.064       
512         64        64-bit    block     4.020640          0.127         0.127       
1024        128       64-bit    block     3.995760          0.256         0.256       
2048        256       64-bit    block     4.056960          0.505         0.505       
4096        512       64-bit    block     4.809600          0.852         0.852       
8192        1024      64-bit    block     5.530800          1.481         1.481       
16384       2048      64-bit    block     8.207440          1.996         1.996       
32768       4096      64-bit    block     30.300241         1.081         1.081       
65536       8192      64-bit    block     42.545919         1.540         1.540       
131072      16384     64-bit    block     67.173996         1.951         1.951       
262144      32768     64-bit    block     116.266642        2.255         2.255       
524288      65536     64-bit    block     213.859520        2.452         2.452       
1048576     131072    64-bit    block     410.797348        2.553         2.553       
2097152     262144    64-bit    block     804.085083        2.608         2.608       
4194304     524288    64-bit    block     1590.442352       2.637         2.637       
8388608     1048576   64-bit    block     3163.267822       2.652         2.652       
16777216    2097152   64-bit    block     6487.969971       2.586         2.586       
33554432    4194304   64-bit    block     19309.230957      1.738         1.738       
Runtime options after parsing command line arguments 
min_size: 4, max_size: 33554432, step_factor: 2, iterations: 50, warmup iterations: 20, number of ctas: 32, threads per cta: 256 stride: 1, datatype: int, reduce_op: sum, threadgroup_scope: all_scopes, atomic_op: inc, dir: write, report_msgrate: 0, bidirectional: 0, putget_issue :on_stream, use_graph: 0, use_mmap: 0, mem_handle_type: 0, use_egm: 0
Note: Above is full list of options, any given test will use only a subset of these variables.
mype: 7 mype_node: 7 device name: NVIDIA H200 bus id: 228 
Runtime options after parsing command line arguments 
min_size: 4, max_size: 33554432, step_factor: 2, iterations: 50, warmup iterations: 20, number of ctas: 32, threads per cta: 256 stride: 1, datatype: int, reduce_op: sum, threadgroup_scope: all_scopes, atomic_op: inc, dir: write, report_msgrate: 0, bidirectional: 0, putget_issue :on_stream, use_graph: 0, use_mmap: 0, mem_handle_type: 0, use_egm: 0
Note: Above is full list of options, any given test will use only a subset of these variables.
mype: 4 mype_node: 4 device name: NVIDIA H200 bus id: 155 
Runtime options after parsing command line arguments 
min_size: 4, max_size: 33554432, step_factor: 2, iterations: 50, warmup iterations: 20, number of ctas: 32, threads per cta: 256 stride: 1, datatype: int, reduce_op: sum, threadgroup_scope: all_scopes, atomic_op: inc, dir: write, report_msgrate: 0, bidirectional: 0, putget_issue :on_stream, use_graph: 0, use_mmap: 0, mem_handle_type: 0, use_egm: 0
Note: Above is full list of options, any given test will use only a subset of these variables.
mype: 3 mype_node: 3 device name: NVIDIA H200 bus id: 102 
Runtime options after parsing command line arguments 
min_size: 4, max_size: 33554432, step_factor: 2, iterations: 50, warmup iterations: 20, number of ctas: 32, threads per cta: 256 stride: 1, datatype: int, reduce_op: sum, threadgroup_scope: all_scopes, atomic_op: inc, dir: write, report_msgrate: 0, bidirectional: 0, putget_issue :on_stream, use_graph: 0, use_mmap: 0, mem_handle_type: 0, use_egm: 0
Note: Above is full list of options, any given test will use only a subset of these variables.
mype: 6 mype_node: 6 device name: NVIDIA H200 bus id: 191 
Runtime options after parsing command line arguments 
min_size: 4, max_size: 33554432, step_factor: 2, iterations: 50, warmup iterations: 20, number of ctas: 32, threads per cta: 256 stride: 1, datatype: int, reduce_op: sum, threadgroup_scope: all_scopes, atomic_op: inc, dir: write, report_msgrate: 0, bidirectional: 0, putget_issue :on_stream, use_graph: 0, use_mmap: 0, mem_handle_type: 0, use_egm: 0
Note: Above is full list of options, any given test will use only a subset of these variables.
mype: 1 mype_node: 1 device name: NVIDIA H200 bus id: 45 
Runtime options after parsing command line arguments 
min_size: 4, max_size: 33554432, step_factor: 2, iterations: 50, warmup iterations: 20, number of ctas: 32, threads per cta: 256 stride: 1, datatype: int, reduce_op: sum, threadgroup_scope: all_scopes, atomic_op: inc, dir: write, report_msgrate: 0, bidirectional: 0, putget_issue :on_stream, use_graph: 0, use_mmap: 0, mem_handle_type: 0, use_egm: 0
Note: Above is full list of options, any given test will use only a subset of these variables.
mype: 5 mype_node: 5 device name: NVIDIA H200 bus id: 174 
Runtime options after parsing command line arguments 
min_size: 4, max_size: 33554432, step_factor: 2, iterations: 50, warmup iterations: 20, number of ctas: 32, threads per cta: 256 stride: 1, datatype: int, reduce_op: sum, threadgroup_scope: all_scopes, atomic_op: inc, dir: write, report_msgrate: 0, bidirectional: 0, putget_issue :on_stream, use_graph: 0, use_mmap: 0, mem_handle_type: 0, use_egm: 0
Note: Above is full list of options, any given test will use only a subset of these variables.
mype: 2 mype_node: 2 device name: NVIDIA H200 bus id: 63 
