Runtime options after parsing command line arguments 
min_size: 4, max_size: 33554432, step_factor: 2, iterations: 50, warmup iterations: 20, number of ctas: 32, threads per cta: 256 stride: 1, datatype: int, reduce_op: sum, threadgroup_scope: all_scopes, atomic_op: inc, dir: write, report_msgrate: 0, bidirectional: 0, putget_issue :on_stream, use_graph: 0, use_mmap: 0, mem_handle_type: 0, use_egm: 0
Note: Above is full list of options, any given test will use only a subset of these variables.
NVSHMEM v3.3.9
mype: 0 mype_node: 0 device name: NVIDIA H200 bus id: 25 
#alltoall_device
size(B)     count     type      scope     latency(us)       algbw(GB/s)   busbw(GB/s) 
64          16        32-bit    thread    46.406398         0.001         0.001       
128         32        32-bit    thread    46.165762         0.003         0.003       
256         64        32-bit    thread    47.171202         0.005         0.005       
512         128       32-bit    thread    50.426879         0.010         0.010       
1024        256       32-bit    thread    51.437440         0.020         0.019       
2048        512       32-bit    thread    54.393601         0.038         0.035       
4096        1024      32-bit    thread    61.429119         0.067         0.063       
8192        2048      32-bit    thread    70.920320         0.116         0.108       
16384       4096      32-bit    thread    94.358397         0.174         0.163       
#alltoall_device
size(B)     count     type      scope     latency(us)       algbw(GB/s)   busbw(GB/s) 
64          16        32-bit    warp      26.515839         0.002         0.002       
128         32        32-bit    warp      26.679680         0.005         0.004       
256         64        32-bit    warp      26.993279         0.009         0.009       
512         128       32-bit    warp      28.335359         0.018         0.017       
1024        256       32-bit    warp      28.498559         0.036         0.034       
2048        512       32-bit    warp      29.642880         0.069         0.065       
4096        1024      32-bit    warp      27.506559         0.149         0.140       
8192        2048      32-bit    warp      27.801600         0.295         0.276       
16384       4096      32-bit    warp      29.441280         0.556         0.522       
32768       8192      32-bit    warp      32.455680         1.010         0.947       
65536       16384     32-bit    warp      38.486400         1.703         1.596       
131072      32768     32-bit    warp      51.278081         2.556         2.396       
#alltoall_device
size(B)     count     type      scope     latency(us)       algbw(GB/s)   busbw(GB/s) 
64          16        32-bit    block     27.654400         0.002         0.002       
128         32        32-bit    block     26.526079         0.005         0.005       
256         64        32-bit    block     26.551681         0.010         0.009       
512         128       32-bit    block     26.036479         0.020         0.018       
1024        256       32-bit    block     26.180480         0.039         0.037       
2048        512       32-bit    block     26.028161         0.079         0.074       
4096        1024      32-bit    block     26.350081         0.155         0.146       
8192        2048      32-bit    block     26.519041         0.309         0.290       
16384       4096      32-bit    block     26.376319         0.621         0.582       
32768       8192      32-bit    block     26.177280         1.252         1.174       
65536       16384     32-bit    block     26.509440         2.472         2.318       
131072      32768     32-bit    block     27.321601         4.797         4.498       
262144      65536     32-bit    block     31.944959         8.206         7.693       
524288      131072    32-bit    block     39.963520         13.119        12.299      
1048576     262144    32-bit    block     54.368639         19.286        18.081      
2097152     524288    32-bit    block     79.914241         26.243        24.602      
4194304     1048576   32-bit    block     129.385595        32.417        30.391      
8388608     2097152   32-bit    block     230.839043        36.340        34.068      
16777216    4194304   32-bit    block     429.731216        39.041        36.601      
33554432    8388608   32-bit    block     1246.293106       26.923        25.241      
#alltoall_device
size(B)     count     type      scope     latency(us)       algbw(GB/s)   busbw(GB/s) 
128         16        64-bit    thread    45.498881         0.003         0.003       
256         32        64-bit    thread    45.854082         0.006         0.005       
512         64        64-bit    thread    50.204802         0.010         0.010       
1024        128       64-bit    thread    51.261439         0.020         0.019       
2048        256       64-bit    thread    54.192638         0.038         0.035       
4096        512       64-bit    thread    59.441280         0.069         0.065       
8192        1024      64-bit    thread    72.384000         0.113         0.106       
16384       2048      64-bit    thread    93.701124         0.175         0.164       
32768       4096      64-bit    thread    139.409924        0.235         0.220       
#alltoall_device
size(B)     count     type      scope     latency(us)       algbw(GB/s)   busbw(GB/s) 
128         16        64-bit    warp      26.514561         0.005         0.005       
256         32        64-bit    warp      26.177280         0.010         0.009       
512         64        64-bit    warp      27.494400         0.019         0.017       
1024        128       64-bit    warp      27.516160         0.037         0.035       
2048        256       64-bit    warp      29.657600         0.069         0.065       
4096        512       64-bit    warp      27.484801         0.149         0.140       
8192        1024      64-bit    warp      27.818880         0.294         0.276       
16384       2048      64-bit    warp      29.122560         0.563         0.527       
32768       4096      64-bit    warp      34.075520         0.962         0.902       
65536       8192      64-bit    warp      38.483200         1.703         1.597       
131072      16384     64-bit    warp      51.408639         2.550         2.390       
262144      32768     64-bit    warp      76.311040         3.435         3.221       
#alltoall_device
size(B)     count     type      scope     latency(us)       algbw(GB/s)   busbw(GB/s) 
128         16        64-bit    block     26.684799         0.005         0.004       
256         32        64-bit    block     27.998719         0.009         0.009       
512         64        64-bit    block     26.196480         0.020         0.018       
1024        128       64-bit    block     26.503680         0.039         0.036       
2048        256       64-bit    block     26.187520         0.078         0.073       
4096        512       64-bit    block     26.344321         0.155         0.146       
8192        1024      64-bit    block     26.186881         0.313         0.293       
16384       2048      64-bit    block     26.513281         0.618         0.579       
32768       4096      64-bit    block     27.491200         1.192         1.117       
65536       8192      64-bit    block     26.678400         2.457         2.303       
131072      16384     64-bit    block     27.347200         4.793         4.493       
262144      32768     64-bit    block     31.589761         8.298         7.780       
524288      65536     64-bit    block     39.770880         13.183        12.359      
1048576     131072    64-bit    block     53.710718         19.523        18.302      
2097152     262144    64-bit    block     78.303361         26.782        25.109      
4194304     524288    64-bit    block     129.902716        32.288        30.270      
8388608     1048576   64-bit    block     227.086086        36.940        34.631      
16777216    2097152   64-bit    block     426.463356        39.340        36.882      
Runtime options after parsing command line arguments 
min_size: 4, max_size: 33554432, step_factor: 2, iterations: 50, warmup iterations: 20, number of ctas: 32, threads per cta: 256 stride: 1, datatype: int, reduce_op: sum, threadgroup_scope: all_scopes, atomic_op: inc, dir: write, report_msgrate: 0, bidirectional: 0, putget_issue :on_stream, use_graph: 0, use_mmap: 0, mem_handle_type: 0, use_egm: 0
Note: Above is full list of options, any given test will use only a subset of these variables.
mype: 15 mype_node: 7 device name: NVIDIA H200 bus id: 228 
Runtime options after parsing command line arguments 
min_size: 4, max_size: 33554432, step_factor: 2, iterations: 50, warmup iterations: 20, number of ctas: 32, threads per cta: 256 stride: 1, datatype: int, reduce_op: sum, threadgroup_scope: all_scopes, atomic_op: inc, dir: write, report_msgrate: 0, bidirectional: 0, putget_issue :on_stream, use_graph: 0, use_mmap: 0, mem_handle_type: 0, use_egm: 0
Note: Above is full list of options, any given test will use only a subset of these variables.
mype: 12 mype_node: 4 device name: NVIDIA H200 bus id: 155 
33554432    4194304   64-bit    block     1242.687378       27.002        25.314      
Runtime options after parsing command line arguments 
min_size: 4, max_size: 33554432, step_factor: 2, iterations: 50, warmup iterations: 20, number of ctas: 32, threads per cta: 256 stride: 1, datatype: int, reduce_op: sum, threadgroup_scope: all_scopes, atomic_op: inc, dir: write, report_msgrate: 0, bidirectional: 0, putget_issue :on_stream, use_graph: 0, use_mmap: 0, mem_handle_type: 0, use_egm: 0
Note: Above is full list of options, any given test will use only a subset of these variables.
mype: 4 mype_node: 4 device name: NVIDIA H200 bus id: 155 
Runtime options after parsing command line arguments 
min_size: 4, max_size: 33554432, step_factor: 2, iterations: 50, warmup iterations: 20, number of ctas: 32, threads per cta: 256 stride: 1, datatype: int, reduce_op: sum, threadgroup_scope: all_scopes, atomic_op: inc, dir: write, report_msgrate: 0, bidirectional: 0, putget_issue :on_stream, use_graph: 0, use_mmap: 0, mem_handle_type: 0, use_egm: 0
Note: Above is full list of options, any given test will use only a subset of these variables.
mype: 10 mype_node: 2 device name: NVIDIA H200 bus id: 63 
Runtime options after parsing command line arguments 
min_size: 4, max_size: 33554432, step_factor: 2, iterations: 50, warmup iterations: 20, number of ctas: 32, threads per cta: 256 stride: 1, datatype: int, reduce_op: sum, threadgroup_scope: all_scopes, atomic_op: inc, dir: write, report_msgrate: 0, bidirectional: 0, putget_issue :on_stream, use_graph: 0, use_mmap: 0, mem_handle_type: 0, use_egm: 0
Note: Above is full list of options, any given test will use only a subset of these variables.
mype: 11 mype_node: 3 device name: NVIDIA H200 bus id: 102 
Runtime options after parsing command line arguments 
min_size: 4, max_size: 33554432, step_factor: 2, iterations: 50, warmup iterations: 20, number of ctas: 32, threads per cta: 256 stride: 1, datatype: int, reduce_op: sum, threadgroup_scope: all_scopes, atomic_op: inc, dir: write, report_msgrate: 0, bidirectional: 0, putget_issue :on_stream, use_graph: 0, use_mmap: 0, mem_handle_type: 0, use_egm: 0
Note: Above is full list of options, any given test will use only a subset of these variables.
mype: 9 mype_node: 1 device name: NVIDIA H200 bus id: 45 
Runtime options after parsing command line arguments 
min_size: 4, max_size: 33554432, step_factor: 2, iterations: 50, warmup iterations: 20, number of ctas: 32, threads per cta: 256 stride: 1, datatype: int, reduce_op: sum, threadgroup_scope: all_scopes, atomic_op: inc, dir: write, report_msgrate: 0, bidirectional: 0, putget_issue :on_stream, use_graph: 0, use_mmap: 0, mem_handle_type: 0, use_egm: 0
Note: Above is full list of options, any given test will use only a subset of these variables.
mype: 8 mype_node: 0 device name: NVIDIA H200 bus id: 25 
Runtime options after parsing command line arguments 
min_size: 4, max_size: 33554432, step_factor: 2, iterations: 50, warmup iterations: 20, number of ctas: 32, threads per cta: 256 stride: 1, datatype: int, reduce_op: sum, threadgroup_scope: all_scopes, atomic_op: inc, dir: write, report_msgrate: 0, bidirectional: 0, putget_issue :on_stream, use_graph: 0, use_mmap: 0, mem_handle_type: 0, use_egm: 0
Note: Above is full list of options, any given test will use only a subset of these variables.
mype: 6 mype_node: 6 device name: NVIDIA H200 bus id: 191 
Runtime options after parsing command line arguments 
min_size: 4, max_size: 33554432, step_factor: 2, iterations: 50, warmup iterations: 20, number of ctas: 32, threads per cta: 256 stride: 1, datatype: int, reduce_op: sum, threadgroup_scope: all_scopes, atomic_op: inc, dir: write, report_msgrate: 0, bidirectional: 0, putget_issue :on_stream, use_graph: 0, use_mmap: 0, mem_handle_type: 0, use_egm: 0
Note: Above is full list of options, any given test will use only a subset of these variables.
mype: 3 mype_node: 3 device name: NVIDIA H200 bus id: 102 
Runtime options after parsing command line arguments 
min_size: 4, max_size: 33554432, step_factor: 2, iterations: 50, warmup iterations: 20, number of ctas: 32, threads per cta: 256 stride: 1, datatype: int, reduce_op: sum, threadgroup_scope: all_scopes, atomic_op: inc, dir: write, report_msgrate: 0, bidirectional: 0, putget_issue :on_stream, use_graph: 0, use_mmap: 0, mem_handle_type: 0, use_egm: 0
Note: Above is full list of options, any given test will use only a subset of these variables.
mype: 7 mype_node: 7 device name: NVIDIA H200 bus id: 228 
Runtime options after parsing command line arguments 
min_size: 4, max_size: 33554432, step_factor: 2, iterations: 50, warmup iterations: 20, number of ctas: 32, threads per cta: 256 stride: 1, datatype: int, reduce_op: sum, threadgroup_scope: all_scopes, atomic_op: inc, dir: write, report_msgrate: 0, bidirectional: 0, putget_issue :on_stream, use_graph: 0, use_mmap: 0, mem_handle_type: 0, use_egm: 0
Note: Above is full list of options, any given test will use only a subset of these variables.
mype: 2 mype_node: 2 device name: NVIDIA H200 bus id: 63 
Runtime options after parsing command line arguments 
min_size: 4, max_size: 33554432, step_factor: 2, iterations: 50, warmup iterations: 20, number of ctas: 32, threads per cta: 256 stride: 1, datatype: int, reduce_op: sum, threadgroup_scope: all_scopes, atomic_op: inc, dir: write, report_msgrate: 0, bidirectional: 0, putget_issue :on_stream, use_graph: 0, use_mmap: 0, mem_handle_type: 0, use_egm: 0
Note: Above is full list of options, any given test will use only a subset of these variables.
mype: 5 mype_node: 5 device name: NVIDIA H200 bus id: 174 
Runtime options after parsing command line arguments 
min_size: 4, max_size: 33554432, step_factor: 2, iterations: 50, warmup iterations: 20, number of ctas: 32, threads per cta: 256 stride: 1, datatype: int, reduce_op: sum, threadgroup_scope: all_scopes, atomic_op: inc, dir: write, report_msgrate: 0, bidirectional: 0, putget_issue :on_stream, use_graph: 0, use_mmap: 0, mem_handle_type: 0, use_egm: 0
Note: Above is full list of options, any given test will use only a subset of these variables.
mype: 13 mype_node: 5 device name: NVIDIA H200 bus id: 174 
Runtime options after parsing command line arguments 
min_size: 4, max_size: 33554432, step_factor: 2, iterations: 50, warmup iterations: 20, number of ctas: 32, threads per cta: 256 stride: 1, datatype: int, reduce_op: sum, threadgroup_scope: all_scopes, atomic_op: inc, dir: write, report_msgrate: 0, bidirectional: 0, putget_issue :on_stream, use_graph: 0, use_mmap: 0, mem_handle_type: 0, use_egm: 0
Note: Above is full list of options, any given test will use only a subset of these variables.
mype: 14 mype_node: 6 device name: NVIDIA H200 bus id: 191 
Runtime options after parsing command line arguments 
min_size: 4, max_size: 33554432, step_factor: 2, iterations: 50, warmup iterations: 20, number of ctas: 32, threads per cta: 256 stride: 1, datatype: int, reduce_op: sum, threadgroup_scope: all_scopes, atomic_op: inc, dir: write, report_msgrate: 0, bidirectional: 0, putget_issue :on_stream, use_graph: 0, use_mmap: 0, mem_handle_type: 0, use_egm: 0
Note: Above is full list of options, any given test will use only a subset of these variables.
mype: 1 mype_node: 1 device name: NVIDIA H200 bus id: 45 
