Runtime options after parsing command line arguments 
min_size: 4, max_size: 33554432, step_factor: 2, iterations: 50, warmup iterations: 20, number of ctas: 32, threads per cta: 256 stride: 1, datatype: int, reduce_op: sum, threadgroup_scope: all_scopes, atomic_op: inc, dir: write, report_msgrate: 0, bidirectional: 0, putget_issue :on_stream, use_graph: 0, use_mmap: 0, mem_handle_type: 0, use_egm: 0
Note: Above is full list of options, any given test will use only a subset of these variables.
NVSHMEM v3.3.9
mype: 0 mype_node: 0 device name: NVIDIA H200 bus id: 25 
#fcollect_device
size(B)     count     type      scope     latency(us)       algbw(GB/s)   busbw(GB/s) 
32          8         32-bit    thread    6.071680          0.005         0.005       
64          16        32-bit    thread    5.993600          0.011         0.009       
128         32        32-bit    thread    6.007680          0.021         0.019       
256         64        32-bit    thread    6.000640          0.043         0.037       
512         128       32-bit    thread    6.177920          0.083         0.073       
1024        256       32-bit    thread    6.497920          0.158         0.138       
2048        512       32-bit    thread    7.310720          0.280         0.245       
4096        1024      32-bit    thread    8.631040          0.475         0.415       
8192        2048      32-bit    thread    11.236480         0.729         0.638       
#fcollect_device
size(B)     count     type      scope     latency(us)       algbw(GB/s)   busbw(GB/s) 
32          8         32-bit    warp      7.311360          0.004         0.004       
64          16        32-bit    warp      6.824320          0.009         0.008       
128         32        32-bit    warp      6.814720          0.019         0.016       
256         64        32-bit    warp      6.986240          0.037         0.032       
512         128       32-bit    warp      6.985600          0.073         0.064       
1024        256       32-bit    warp      6.997760          0.146         0.128       
2048        512       32-bit    warp      6.161920          0.332         0.291       
4096        1024      32-bit    warp      8.618880          0.475         0.416       
8192        2048      32-bit    warp      16.312320         0.502         0.439       
16384       4096      32-bit    warp      26.980481         0.607         0.531       
32768       8192      32-bit    warp      8.474240          3.867         3.383       
65536       16384     32-bit    warp      9.772800          6.706         5.868       
#fcollect_device
size(B)     count     type      scope     latency(us)       algbw(GB/s)   busbw(GB/s) 
32          8         32-bit    block     5.501440          0.006         0.005       
64          16        32-bit    block     3.044480          0.021         0.018       
128         32        32-bit    block     3.216000          0.040         0.035       
256         64        32-bit    block     3.068800          0.083         0.073       
512         128       32-bit    block     3.045120          0.168         0.147       
1024        256       32-bit    block     3.044480          0.336         0.294       
2048        512       32-bit    block     35.003519         0.059         0.051       
4096        1024      32-bit    block     3.548800          1.154         1.010       
8192        2048      32-bit    block     5.029760          1.629         1.425       
16384       4096      32-bit    block     7.313920          2.240         1.960       
32768       8192      32-bit    block     5.507200          5.950         5.206       
65536       16384     32-bit    block     5.662080          11.575        10.128      
131072      32768     32-bit    block     6.160000          21.278        18.618      
262144      65536     32-bit    block     6.995840          37.471        32.787      
524288      131072    32-bit    block     8.785280          59.678        52.218      
1048576     262144    32-bit    block     11.887360         88.209        77.183      
2097152     524288    32-bit    block     18.288000         114.674       100.339     
4194304     1048576   32-bit    block     30.917120         135.663       118.705     
8388608     2097152   32-bit    block     56.134400         149.438       130.758     
16777216    4194304   32-bit    block     106.424961        157.644       137.938     
33554432    8388608   32-bit    block     206.858883        162.209       141.933     
#fcollect_device
size(B)     count     type      scope     latency(us)       algbw(GB/s)   busbw(GB/s) 
64          8         64-bit    thread    5.990400          0.011         0.009       
128         16        64-bit    thread    25.585921         0.005         0.004       
256         32        64-bit    thread    6.023040          0.043         0.037       
512         64        64-bit    thread    6.311040          0.081         0.071       
1024        128       64-bit    thread    6.654720          0.154         0.135       
2048        256       64-bit    thread    7.297280          0.281         0.246       
4096        512       64-bit    thread    8.638720          0.474         0.415       
8192        1024      64-bit    thread    11.407360         0.718         0.628       
16384       2048      64-bit    thread    16.981760         0.965         0.844       
#fcollect_device
size(B)     count     type      scope     latency(us)       algbw(GB/s)   busbw(GB/s) 
64          8         64-bit    warp      7.290240          0.009         0.008       
128         16        64-bit    warp      6.817280          0.019         0.016       
256         32        64-bit    warp      6.998400          0.037         0.032       
512         64        64-bit    warp      6.982400          0.073         0.064       
1024        128       64-bit    warp      6.986240          0.147         0.128       
2048        256       64-bit    warp      5.989760          0.342         0.299       
4096        512       64-bit    warp      8.452480          0.485         0.424       
8192        1024      64-bit    warp      16.337920         0.501         0.439       
16384       2048      64-bit    warp      27.306240         0.600         0.525       
32768       4096      64-bit    warp      8.456320          3.875         3.391       
65536       8192      64-bit    warp      9.918080          6.608         5.782       
131072      16384     64-bit    warp      12.707840         10.314        9.025       
#fcollect_device
size(B)     count     type      scope     latency(us)       algbw(GB/s)   busbw(GB/s) 
64          8         64-bit    block     5.513600          0.012         0.010       
128         16        64-bit    block     3.074560          0.042         0.036       
256         32        64-bit    block     3.208320          0.080         0.070       
512         64        64-bit    block     3.219840          0.159         0.139       
1024        128       64-bit    block     3.217280          0.318         0.278       
2048        256       64-bit    block     3.228800          0.634         0.555       
4096        512       64-bit    block     3.552640          1.153         1.009       
8192        1024      64-bit    block     4.880000          1.679         1.469       
16384       2048      64-bit    block     7.307520          2.242         1.962       
32768       4096      64-bit    block     5.686400          5.763         5.042       
65536       8192      64-bit    block     5.840640          11.221        9.818       
131072      16384     64-bit    block     6.330880          20.704        18.116      
262144      32768     64-bit    block     7.306240          35.879        31.395      
524288      65536     64-bit    block     8.947840          58.594        51.270      
1048576     131072    64-bit    block     12.222080         85.794        75.069      
2097152     262144    64-bit    block     18.460160         113.604       99.404      
4194304     524288    64-bit    block     31.056640         135.053       118.172     
8388608     1048576   64-bit    block     56.316800         148.954       130.335     
16777216    2097152   64-bit    block     106.584320        157.408       137.732     
Runtime options after parsing command line arguments 
min_size: 4, max_size: 33554432, step_factor: 2, iterations: 50, warmup iterations: 20, number of ctas: 32, threads per cta: 256 stride: 1, datatype: int, reduce_op: sum, threadgroup_scope: all_scopes, atomic_op: inc, dir: write, report_msgrate: 0, bidirectional: 0, putget_issue :on_stream, use_graph: 0, use_mmap: 0, mem_handle_type: 0, use_egm: 0
Note: Above is full list of options, any given test will use only a subset of these variables.
mype: 7 mype_node: 7 device name: NVIDIA H200 bus id: 228 
Runtime options after parsing command line arguments 
min_size: 4, max_size: 33554432, step_factor: 2, iterations: 50, warmup iterations: 20, number of ctas: 32, threads per cta: 256 stride: 1, datatype: int, reduce_op: sum, threadgroup_scope: all_scopes, atomic_op: inc, dir: write, report_msgrate: 0, bidirectional: 0, putget_issue :on_stream, use_graph: 0, use_mmap: 0, mem_handle_type: 0, use_egm: 0
Note: Above is full list of options, any given test will use only a subset of these variables.
mype: 5 mype_node: 5 device name: NVIDIA H200 bus id: 174 
Runtime options after parsing command line arguments 
min_size: 4, max_size: 33554432, step_factor: 2, iterations: 50, warmup iterations: 20, number of ctas: 32, threads per cta: 256 stride: 1, datatype: int, reduce_op: sum, threadgroup_scope: all_scopes, atomic_op: inc, dir: write, report_msgrate: 0, bidirectional: 0, putget_issue :on_stream, use_graph: 0, use_mmap: 0, mem_handle_type: 0, use_egm: 0
Note: Above is full list of options, any given test will use only a subset of these variables.
mype: 6 mype_node: 6 device name: NVIDIA H200 bus id: 191 
Runtime options after parsing command line arguments 
min_size: 4, max_size: 33554432, step_factor: 2, iterations: 50, warmup iterations: 20, number of ctas: 32, threads per cta: 256 stride: 1, datatype: int, reduce_op: sum, threadgroup_scope: all_scopes, atomic_op: inc, dir: write, report_msgrate: 0, bidirectional: 0, putget_issue :on_stream, use_graph: 0, use_mmap: 0, mem_handle_type: 0, use_egm: 0
Note: Above is full list of options, any given test will use only a subset of these variables.
mype: 4 mype_node: 4 device name: NVIDIA H200 bus id: 155 
Runtime options after parsing command line arguments 
min_size: 4, max_size: 33554432, step_factor: 2, iterations: 50, warmup iterations: 20, number of ctas: 32, threads per cta: 256 stride: 1, datatype: int, reduce_op: sum, threadgroup_scope: all_scopes, atomic_op: inc, dir: write, report_msgrate: 0, bidirectional: 0, putget_issue :on_stream, use_graph: 0, use_mmap: 0, mem_handle_type: 0, use_egm: 0
Note: Above is full list of options, any given test will use only a subset of these variables.
mype: 3 mype_node: 3 device name: NVIDIA H200 bus id: 102 
Runtime options after parsing command line arguments 
min_size: 4, max_size: 33554432, step_factor: 2, iterations: 50, warmup iterations: 20, number of ctas: 32, threads per cta: 256 stride: 1, datatype: int, reduce_op: sum, threadgroup_scope: all_scopes, atomic_op: inc, dir: write, report_msgrate: 0, bidirectional: 0, putget_issue :on_stream, use_graph: 0, use_mmap: 0, mem_handle_type: 0, use_egm: 0
Note: Above is full list of options, any given test will use only a subset of these variables.
mype: 1 mype_node: 1 device name: NVIDIA H200 bus id: 45 
Runtime options after parsing command line arguments 
min_size: 4, max_size: 33554432, step_factor: 2, iterations: 50, warmup iterations: 20, number of ctas: 32, threads per cta: 256 stride: 1, datatype: int, reduce_op: sum, threadgroup_scope: all_scopes, atomic_op: inc, dir: write, report_msgrate: 0, bidirectional: 0, putget_issue :on_stream, use_graph: 0, use_mmap: 0, mem_handle_type: 0, use_egm: 0
Note: Above is full list of options, any given test will use only a subset of these variables.
mype: 2 mype_node: 2 device name: NVIDIA H200 bus id: 63 
