Runtime options after parsing command line arguments 
min_size: 4, max_size: 33554432, step_factor: 2, iterations: 20, warmup iterations: 5, number of ctas: 64, threads per cta: 1024 stride: 1, datatype: int, reduce_op: sum, threadgroup_scope: all_scopes, atomic_op: inc, dir: write, report_msgrate: 0, bidirectional: 0, putget_issue :on_stream, use_graph: 0, use_mmap: 0, mem_handle_type: 0, use_egm: 0
Note: Above is full list of options, any given test will use only a subset of these variables.
NVSHMEM v3.3.9
mype: 0 mype_node: 0 device name: NVIDIA H200 bus id: 25 
#shmem_g_bw
size(B)     scope     BW (GB/sec)     
4           None      0.000182        
8           None      0.000350        
16          None      0.000675        
32          None      0.001564        
64          None      0.002957        
128         None      0.005649        
256         None      0.010190        
512         None      0.017277        
1024        None      0.023044        
2048        None      0.044641        
4096        None      0.086647        
8192        None      0.169604        
16384       None      0.340245        
32768       None      0.611471        
65536       None      0.689237        
131072      None      0.945445        
262144      None      1.024602        
524288      None      1.105388        
1048576     None      1.169400        
2097152     None      1.200965        
4194304     None      1.220085        
8388608     None      1.229176        
16777216    None      1.258969        
33554432    None      1.263269        
Runtime options after parsing command line arguments 
min_size: 4, max_size: 33554432, step_factor: 2, iterations: 20, warmup iterations: 5, number of ctas: 64, threads per cta: 1024 stride: 1, datatype: int, reduce_op: sum, threadgroup_scope: all_scopes, atomic_op: inc, dir: write, report_msgrate: 0, bidirectional: 0, putget_issue :on_stream, use_graph: 0, use_mmap: 0, mem_handle_type: 0, use_egm: 0
Note: Above is full list of options, any given test will use only a subset of these variables.
mype: 1 mype_node: 0 device name: NVIDIA H200 bus id: 25 
