Runtime options after parsing command line arguments 
min_size: 4, max_size: 33554432, step_factor: 2, iterations: 50, warmup iterations: 20, number of ctas: 32, threads per cta: 256 stride: 1, datatype: int, reduce_op: sum, threadgroup_scope: all_scopes, atomic_op: inc, dir: write, report_msgrate: 0, bidirectional: 0, putget_issue :on_stream, use_graph: 0, use_mmap: 0, mem_handle_type: 0, use_egm: 0
Note: Above is full list of options, any given test will use only a subset of these variables.
NVSHMEM v3.3.9
mype: 0 mype_node: 0 device name: NVIDIA H200 bus id: 25 
#fcollect_device
size(B)     count     type      scope     latency(us)       algbw(GB/s)   busbw(GB/s) 
64          16        32-bit    thread    57.784319         0.001         0.001       
128         32        32-bit    thread    57.313919         0.002         0.002       
256         64        32-bit    thread    57.152638         0.004         0.004       
512         128       32-bit    thread    57.130880         0.009         0.008       
1024        256       32-bit    thread    57.741442         0.018         0.017       
2048        512       32-bit    thread    58.765440         0.035         0.033       
4096        1024      32-bit    thread    60.083842         0.068         0.064       
8192        2048      32-bit    thread    63.860478         0.128         0.120       
16384       4096      32-bit    thread    72.538881         0.226         0.212       
#fcollect_device
size(B)     count     type      scope     latency(us)       algbw(GB/s)   busbw(GB/s) 
64          16        32-bit    warp      59.140482         0.001         0.001       
128         32        32-bit    warp      15.527040         0.008         0.008       
256         64        32-bit    warp      15.692160         0.016         0.015       
512         128       32-bit    warp      15.678080         0.033         0.031       
1024        256       32-bit    warp      15.877120         0.064         0.060       
2048        512       32-bit    warp      17.038720         0.120         0.113       
4096        1024      32-bit    warp      15.838079         0.259         0.242       
8192        2048      32-bit    warp      18.974720         0.432         0.405       
16384       4096      32-bit    warp      30.105600         0.544         0.510       
32768       8192      32-bit    warp      50.778241         0.645         0.605       
65536       16384     32-bit    warp      61.240320         1.070         1.003       
131072      32768     32-bit    warp      64.993281         2.017         1.891       
#fcollect_device
size(B)     count     type      scope     latency(us)       algbw(GB/s)   busbw(GB/s) 
64          16        32-bit    block     61.074562         0.001         0.001       
128         32        32-bit    block     13.416960         0.010         0.009       
256         64        32-bit    block     13.244160         0.019         0.018       
512         128       32-bit    block     13.217920         0.039         0.036       
1024        256       32-bit    block     13.203200         0.078         0.073       
2048        512       32-bit    block     13.373441         0.153         0.144       
4096        1024      32-bit    block     13.544960         0.302         0.284       
8192        2048      32-bit    block     13.865600         0.591         0.554       
16384       4096      32-bit    block     16.492800         0.993         0.931       
32768       8192      32-bit    block     17.632000         1.858         1.742       
65536       16384     32-bit    block     61.057281         1.073         1.006       
131072      32768     32-bit    block     62.858238         2.085         1.955       
262144      65536     32-bit    block     63.026562         4.159         3.899       
524288      131072    32-bit    block     65.658879         7.985         7.486       
1048576     262144    32-bit    block     72.678399         14.428        13.526      
Runtime options after parsing command line arguments 
min_size: 4, max_size: 33554432, step_factor: 2, iterations: 50, warmup iterations: 20, number of ctas: 32, threads per cta: 256 stride: 1, datatype: int, reduce_op: sum, threadgroup_scope: all_scopes, atomic_op: inc, dir: write, report_msgrate: 0, bidirectional: 0, putget_issue :on_stream, use_graph: 0, use_mmap: 0, mem_handle_type: 0, use_egm: 0
Note: Above is full list of options, any given test will use only a subset of these variables.
mype: 10 mype_node: 2 device name: NVIDIA H200 bus id: 63 
Runtime options after parsing command line arguments 
min_size: 4, max_size: 33554432, step_factor: 2, iterations: 50, warmup iterations: 20, number of ctas: 32, threads per cta: 256 stride: 1, datatype: int, reduce_op: sum, threadgroup_scope: all_scopes, atomic_op: inc, dir: write, report_msgrate: 0, bidirectional: 0, putget_issue :on_stream, use_graph: 0, use_mmap: 0, mem_handle_type: 0, use_egm: 0
Note: Above is full list of options, any given test will use only a subset of these variables.
mype: 11 mype_node: 3 device name: NVIDIA H200 bus id: 102 
2097152     524288    32-bit    block     104.947205        19.983        18.734      
4194304     1048576   32-bit    block     182.291203        23.009        21.571      
8388608     2097152   32-bit    block     319.425278        26.262        24.620      
16777216    4194304   32-bit    block     603.372154        27.806        26.068      
33554432    8388608   32-bit    block     1174.345627       28.573        26.787      
#fcollect_device
size(B)     count     type      scope     latency(us)       algbw(GB/s)   busbw(GB/s) 
128         16        64-bit    thread    56.793599         0.002         0.002       
256         32        64-bit    thread    56.622081         0.005         0.004       
512         64        64-bit    thread    57.949438         0.009         0.008       
1024        128       64-bit    thread    57.626882         0.018         0.017       
2048        256       64-bit    thread    58.419838         0.035         0.033       
4096        512       64-bit    thread    59.728642         0.069         0.064       
8192        1024      64-bit    thread    63.326082         0.129         0.121       
16384       2048      64-bit    thread    72.372479         0.226         0.212       
32768       4096      64-bit    thread    93.342724         0.351         0.329       
#fcollect_device
size(B)     count     type      scope     latency(us)       algbw(GB/s)   busbw(GB/s) 
128         16        64-bit    warp      58.911362         0.002         0.002       
256         32        64-bit    warp      15.172480         0.017         0.016       
512         64        64-bit    warp      15.165440         0.034         0.032       
1024        128       64-bit    warp      15.514240         0.066         0.062       
2048        256       64-bit    warp      15.515521         0.132         0.124       
4096        512       64-bit    warp      15.826560         0.259         0.243       
8192        1024      64-bit    warp      19.422081         0.422         0.395       
16384       2048      64-bit    warp      30.076799         0.545         0.511       
32768       4096      64-bit    warp      51.049600         0.642         0.602       
65536       8192      64-bit    warp      62.038398         1.056         0.990       
131072      16384     64-bit    warp      64.486399         2.033         1.906       
262144      32768     64-bit    warp      72.013440         3.640         3.413       
#fcollect_device
size(B)     count     type      scope     latency(us)       algbw(GB/s)   busbw(GB/s) 
128         16        64-bit    block     60.542722         0.002         0.002       
256         32        64-bit    block     13.873920         0.018         0.017       
512         64        64-bit    block     13.702400         0.037         0.035       
1024        128       64-bit    block     13.686399         0.075         0.070       
Runtime options after parsing command line arguments 
min_size: 4, max_size: 33554432, step_factor: 2, iterations: 50, warmup iterations: 20, number of ctas: 32, threads per cta: 256 stride: 1, datatype: int, reduce_op: sum, threadgroup_scope: all_scopes, atomic_op: inc, dir: write, report_msgrate: 0, bidirectional: 0, putget_issue :on_stream, use_graph: 0, use_mmap: 0, mem_handle_type: 0, use_egm: 0
Note: Above is full list of options, any given test will use only a subset of these variables.
mype: 14 mype_node: 6 device name: NVIDIA H200 bus id: 191 
2048        256       64-bit    block     13.536640         0.151         0.142       
4096        512       64-bit    block     13.715841         0.299         0.280       
8192        1024      64-bit    block     14.197119         0.577         0.541       
16384       2048      64-bit    block     15.824000         1.035         0.971       
32768       4096      64-bit    block     17.790080         1.842         1.727       
65536       8192      64-bit    block     61.047678         1.074         1.006       
131072      16384     64-bit    block     62.046719         2.112         1.980       
262144      32768     64-bit    block     62.867198         4.170         3.909       
524288      65536     64-bit    block     65.800958         7.968         7.470       
1048576     131072    64-bit    block     73.342719         14.297        13.403      
2097152     262144    64-bit    block     105.779200        19.826        18.587      
Runtime options after parsing command line arguments 
min_size: 4, max_size: 33554432, step_factor: 2, iterations: 50, warmup iterations: 20, number of ctas: 32, threads per cta: 256 stride: 1, datatype: int, reduce_op: sum, threadgroup_scope: all_scopes, atomic_op: inc, dir: write, report_msgrate: 0, bidirectional: 0, putget_issue :on_stream, use_graph: 0, use_mmap: 0, mem_handle_type: 0, use_egm: 0
Note: Above is full list of options, any given test will use only a subset of these variables.
mype: 13 mype_node: 5 device name: NVIDIA H200 bus id: 174 
4194304     524288    64-bit    block     182.487049        22.984        21.548      
8388608     1048576   64-bit    block     319.445114        26.260        24.619      
Runtime options after parsing command line arguments 
min_size: 4, max_size: 33554432, step_factor: 2, iterations: 50, warmup iterations: 20, number of ctas: 32, threads per cta: 256 stride: 1, datatype: int, reduce_op: sum, threadgroup_scope: all_scopes, atomic_op: inc, dir: write, report_msgrate: 0, bidirectional: 0, putget_issue :on_stream, use_graph: 0, use_mmap: 0, mem_handle_type: 0, use_egm: 0
Note: Above is full list of options, any given test will use only a subset of these variables.
mype: 9 mype_node: 1 device name: NVIDIA H200 bus id: 45 
16777216    2097152   64-bit    block     603.529587        27.798        26.061      
Runtime options after parsing command line arguments 
min_size: 4, max_size: 33554432, step_factor: 2, iterations: 50, warmup iterations: 20, number of ctas: 32, threads per cta: 256 stride: 1, datatype: int, reduce_op: sum, threadgroup_scope: all_scopes, atomic_op: inc, dir: write, report_msgrate: 0, bidirectional: 0, putget_issue :on_stream, use_graph: 0, use_mmap: 0, mem_handle_type: 0, use_egm: 0
Note: Above is full list of options, any given test will use only a subset of these variables.
mype: 12 mype_node: 4 device name: NVIDIA H200 bus id: 155 
Runtime options after parsing command line arguments 
min_size: 4, max_size: 33554432, step_factor: 2, iterations: 50, warmup iterations: 20, number of ctas: 32, threads per cta: 256 stride: 1, datatype: int, reduce_op: sum, threadgroup_scope: all_scopes, atomic_op: inc, dir: write, report_msgrate: 0, bidirectional: 0, putget_issue :on_stream, use_graph: 0, use_mmap: 0, mem_handle_type: 0, use_egm: 0
Note: Above is full list of options, any given test will use only a subset of these variables.
mype: 7 mype_node: 7 device name: NVIDIA H200 bus id: 228 
Runtime options after parsing command line arguments 
min_size: 4, max_size: 33554432, step_factor: 2, iterations: 50, warmup iterations: 20, number of ctas: 32, threads per cta: 256 stride: 1, datatype: int, reduce_op: sum, threadgroup_scope: all_scopes, atomic_op: inc, dir: write, report_msgrate: 0, bidirectional: 0, putget_issue :on_stream, use_graph: 0, use_mmap: 0, mem_handle_type: 0, use_egm: 0
Note: Above is full list of options, any given test will use only a subset of these variables.
mype: 6 mype_node: 6 device name: NVIDIA H200 bus id: 191 
Runtime options after parsing command line arguments 
min_size: 4, max_size: 33554432, step_factor: 2, iterations: 50, warmup iterations: 20, number of ctas: 32, threads per cta: 256 stride: 1, datatype: int, reduce_op: sum, threadgroup_scope: all_scopes, atomic_op: inc, dir: write, report_msgrate: 0, bidirectional: 0, putget_issue :on_stream, use_graph: 0, use_mmap: 0, mem_handle_type: 0, use_egm: 0
Note: Above is full list of options, any given test will use only a subset of these variables.
mype: 3 mype_node: 3 device name: NVIDIA H200 bus id: 102 
Runtime options after parsing command line arguments 
min_size: 4, max_size: 33554432, step_factor: 2, iterations: 50, warmup iterations: 20, number of ctas: 32, threads per cta: 256 stride: 1, datatype: int, reduce_op: sum, threadgroup_scope: all_scopes, atomic_op: inc, dir: write, report_msgrate: 0, bidirectional: 0, putget_issue :on_stream, use_graph: 0, use_mmap: 0, mem_handle_type: 0, use_egm: 0
Note: Above is full list of options, any given test will use only a subset of these variables.
mype: 4 mype_node: 4 device name: NVIDIA H200 bus id: 155 
Runtime options after parsing command line arguments 
min_size: 4, max_size: 33554432, step_factor: 2, iterations: 50, warmup iterations: 20, number of ctas: 32, threads per cta: 256 stride: 1, datatype: int, reduce_op: sum, threadgroup_scope: all_scopes, atomic_op: inc, dir: write, report_msgrate: 0, bidirectional: 0, putget_issue :on_stream, use_graph: 0, use_mmap: 0, mem_handle_type: 0, use_egm: 0
Note: Above is full list of options, any given test will use only a subset of these variables.
mype: 5 mype_node: 5 device name: NVIDIA H200 bus id: 174 
Runtime options after parsing command line arguments 
min_size: 4, max_size: 33554432, step_factor: 2, iterations: 50, warmup iterations: 20, number of ctas: 32, threads per cta: 256 stride: 1, datatype: int, reduce_op: sum, threadgroup_scope: all_scopes, atomic_op: inc, dir: write, report_msgrate: 0, bidirectional: 0, putget_issue :on_stream, use_graph: 0, use_mmap: 0, mem_handle_type: 0, use_egm: 0
Note: Above is full list of options, any given test will use only a subset of these variables.
mype: 1 mype_node: 1 device name: NVIDIA H200 bus id: 45 
Runtime options after parsing command line arguments 
min_size: 4, max_size: 33554432, step_factor: 2, iterations: 50, warmup iterations: 20, number of ctas: 32, threads per cta: 256 stride: 1, datatype: int, reduce_op: sum, threadgroup_scope: all_scopes, atomic_op: inc, dir: write, report_msgrate: 0, bidirectional: 0, putget_issue :on_stream, use_graph: 0, use_mmap: 0, mem_handle_type: 0, use_egm: 0
Note: Above is full list of options, any given test will use only a subset of these variables.
mype: 2 mype_node: 2 device name: NVIDIA H200 bus id: 63 
Runtime options after parsing command line arguments 
min_size: 4, max_size: 33554432, step_factor: 2, iterations: 50, warmup iterations: 20, number of ctas: 32, threads per cta: 256 stride: 1, datatype: int, reduce_op: sum, threadgroup_scope: all_scopes, atomic_op: inc, dir: write, report_msgrate: 0, bidirectional: 0, putget_issue :on_stream, use_graph: 0, use_mmap: 0, mem_handle_type: 0, use_egm: 0
Note: Above is full list of options, any given test will use only a subset of these variables.
mype: 8 mype_node: 0 device name: NVIDIA H200 bus id: 25 
Runtime options after parsing command line arguments 
min_size: 4, max_size: 33554432, step_factor: 2, iterations: 50, warmup iterations: 20, number of ctas: 32, threads per cta: 256 stride: 1, datatype: int, reduce_op: sum, threadgroup_scope: all_scopes, atomic_op: inc, dir: write, report_msgrate: 0, bidirectional: 0, putget_issue :on_stream, use_graph: 0, use_mmap: 0, mem_handle_type: 0, use_egm: 0
Note: Above is full list of options, any given test will use only a subset of these variables.
mype: 15 mype_node: 7 device name: NVIDIA H200 bus id: 228 
