Runtime options after parsing command line arguments 
min_size: 4, max_size: 33554432, step_factor: 2, iterations: 50, warmup iterations: 20, number of ctas: 32, threads per cta: 256 stride: 1, datatype: int, reduce_op: sum, threadgroup_scope: all_scopes, atomic_op: inc, dir: write, report_msgrate: 0, bidirectional: 0, putget_issue :on_stream, use_graph: 0, use_mmap: 0, mem_handle_type: 0, use_egm: 0
Note: Above is full list of options, any given test will use only a subset of these variables.
NVSHMEM v3.3.9
mype: 0 mype_node: 0 device name: NVIDIA H200 bus id: 25 
Size(Bytes) 		 BWGB/sec
#shmem_st_bw
size(B)     scope     BW (GB/sec)     
4           None      0.003076        
8           None      0.006050        
16          None      0.012346        
32          None      0.024331        
64          None      0.049213        
128         None      0.097513        
256         None      0.195217        
512         None      0.387409        
1024        None      0.771828        
2048        None      1.515152        
4096        None      3.054893        
8192        None      6.183575        
16384       None      12.115475       
32768       None      22.328827       
65536       None      43.798115       
131072      None      79.042839       
262144      None      127.402794      
524288      None      185.970490      
1048576     None      241.794556      
2097152     None      283.631958      
4194304     None      310.391205      
8388608     None      327.565369      
16777216    None      336.457336      
33554432    None      340.437927      
Runtime options after parsing command line arguments 
min_size: 4, max_size: 33554432, step_factor: 2, iterations: 50, warmup iterations: 20, number of ctas: 32, threads per cta: 256 stride: 1, datatype: int, reduce_op: sum, threadgroup_scope: all_scopes, atomic_op: inc, dir: write, report_msgrate: 0, bidirectional: 0, putget_issue :on_stream, use_graph: 0, use_mmap: 0, mem_handle_type: 0, use_egm: 0
Note: Above is full list of options, any given test will use only a subset of these variables.
mype: 1 mype_node: 1 device name: NVIDIA H200 bus id: 45 
