Runtime options after parsing command line arguments 
min_size: 4, max_size: 33554432, step_factor: 2, iterations: 50, warmup iterations: 20, number of ctas: 32, threads per cta: 256 stride: 1, datatype: int, reduce_op: sum, threadgroup_scope: all_scopes, atomic_op: inc, dir: write, report_msgrate: 0, bidirectional: 0, putget_issue :on_stream, use_graph: 0, use_mmap: 0, mem_handle_type: 0, use_egm: 0
Note: Above is full list of options, any given test will use only a subset of these variables.
NVSHMEM v3.3.9
mype: 0 mype_node: 0 device name: NVIDIA H200 bus id: 25 
Size(Bytes) 		 BWGB/sec
#shmem_st_bw
size(B)     scope     BW (GB/sec)     
4           None      0.003059        
8           None      0.005825        
16          None      0.011553        
32          None      0.023041        
64          None      0.046147        
128         None      0.092379        
256         None      0.185014        
512         None      0.367985        
1024        None      0.734956        
2048        None      1.461855        
4096        None      2.941176        
8192        None      5.820827        
16384       None      11.578471       
32768       None      21.993126       
65536       None      43.445057       
131072      None      77.781998       
262144      None      126.147209      
524288      None      183.924561      
1048576     None      239.042892      
2097152     None      281.778320      
4194304     None      309.804291      
8388608     None      325.895721      
16777216    None      334.503876      
33554432    None      332.866455      
Runtime options after parsing command line arguments 
min_size: 4, max_size: 33554432, step_factor: 2, iterations: 50, warmup iterations: 20, number of ctas: 32, threads per cta: 256 stride: 1, datatype: int, reduce_op: sum, threadgroup_scope: all_scopes, atomic_op: inc, dir: write, report_msgrate: 0, bidirectional: 0, putget_issue :on_stream, use_graph: 0, use_mmap: 0, mem_handle_type: 0, use_egm: 0
Note: Above is full list of options, any given test will use only a subset of these variables.
mype: 1 mype_node: 1 device name: NVIDIA H200 bus id: 45 
