Runtime options after parsing command line arguments 
min_size: 128, max_size: 16777216, step_factor: 2, iterations: 10, warmup iterations: 3, number of ctas: 32, threads per cta: 256 stride: 1, datatype: int, reduce_op: sum, threadgroup_scope: all_scopes, atomic_op: inc, dir: write, report_msgrate: 0, bidirectional: 0, putget_issue :on_stream, use_graph: 1, use_mmap: 0, mem_handle_type: 0, use_egm: 0
Note: Above is full list of options, any given test will use only a subset of these variables.
mype: 1 mype_node: 1 device name: NVIDIA H200 bus id: 45 
Runtime options after parsing command line arguments 
min_size: 128, max_size: 16777216, step_factor: 2, iterations: 10, warmup iterations: 3, number of ctas: 32, threads per cta: 256 stride: 1, datatype: int, reduce_op: sum, threadgroup_scope: all_scopes, atomic_op: inc, dir: write, report_msgrate: 0, bidirectional: 0, putget_issue :on_stream, use_graph: 1, use_mmap: 0, mem_handle_type: 0, use_egm: 0
Note: Above is full list of options, any given test will use only a subset of these variables.
mype: 5 mype_node: 5 device name: NVIDIA H200 bus id: 174 
Runtime options after parsing command line arguments 
min_size: 128, max_size: 16777216, step_factor: 2, iterations: 10, warmup iterations: 3, number of ctas: 32, threads per cta: 256 stride: 1, datatype: int, reduce_op: sum, threadgroup_scope: all_scopes, atomic_op: inc, dir: write, report_msgrate: 0, bidirectional: 0, putget_issue :on_stream, use_graph: 1, use_mmap: 0, mem_handle_type: 0, use_egm: 0
Note: Above is full list of options, any given test will use only a subset of these variables.
mype: 6 mype_node: 6 device name: NVIDIA H200 bus id: 191 
Runtime options after parsing command line arguments 
min_size: 128, max_size: 16777216, step_factor: 2, iterations: 10, warmup iterations: 3, number of ctas: 32, threads per cta: 256 stride: 1, datatype: int, reduce_op: sum, threadgroup_scope: all_scopes, atomic_op: inc, dir: write, report_msgrate: 0, bidirectional: 0, putget_issue :on_stream, use_graph: 1, use_mmap: 0, mem_handle_type: 0, use_egm: 0
Note: Above is full list of options, any given test will use only a subset of these variables.
NVSHMEM v3.3.9
mype: 0 mype_node: 0 device name: NVIDIA H200 bus id: 25 
#reduction_on_stream
size(B)     count     type      redop     latency(us)       min_lat(us)       max_lat(us)       algbw(GB/s)   busbw(GB/s) 
128         32        int       sum       8.615385          8.615             8.615             0.015         0.026       
256         64        int       sum       7.852308          7.852             7.852             0.033         0.057       
512         128       int       sum       8.174769          8.175             8.175             0.063         0.110       
1024        256       int       sum       9.814153          9.814             9.814             0.104         0.183       
2048        512       int       sum       12.536615         12.537            12.537            0.163         0.286       
4096        1024      int       sum       17.600000         17.600            17.600            0.233         0.407       
8192        2048      int       sum       21.897845         21.898            21.898            0.374         0.655       
16384       4096      int       sum       56.974769         56.975            56.975            0.288         0.503       
32768       8192      int       sum       105.046153        105.046           105.046           0.312         0.546       
65536       16384     int       sum       205.385849        205.386           205.386           0.319         0.558       
131072      32768     int       sum       408.317536        408.318           408.318           0.321         0.562       
262144      65536     int       sum       60.273230         60.273            60.273            4.349         7.611       
524288      131072    int       sum       110.720001        110.720           110.720           4.735         8.287       
1048576     262144    int       sum       217.021540        217.022           217.022           4.832         8.455       
2097152     524288    int       sum       428.312629        428.313           428.313           4.896         8.569       
4194304     1048576   int       sum       862.926781        862.927           862.927           4.861         8.506       
8388608     2097152   int       sum       1729.511380       1729.511          1729.511          4.850         8.488       
16777216    4194304   int       sum       3539.842367       3539.842          3539.842          4.740         8.294       
Runtime options after parsing command line arguments 
min_size: 128, max_size: 16777216, step_factor: 2, iterations: 10, warmup iterations: 3, number of ctas: 32, threads per cta: 256 stride: 1, datatype: int, reduce_op: sum, threadgroup_scope: all_scopes, atomic_op: inc, dir: write, report_msgrate: 0, bidirectional: 0, putget_issue :on_stream, use_graph: 1, use_mmap: 0, mem_handle_type: 0, use_egm: 0
Note: Above is full list of options, any given test will use only a subset of these variables.
mype: 4 mype_node: 4 device name: NVIDIA H200 bus id: 155 
Runtime options after parsing command line arguments 
min_size: 128, max_size: 16777216, step_factor: 2, iterations: 10, warmup iterations: 3, number of ctas: 32, threads per cta: 256 stride: 1, datatype: int, reduce_op: sum, threadgroup_scope: all_scopes, atomic_op: inc, dir: write, report_msgrate: 0, bidirectional: 0, putget_issue :on_stream, use_graph: 1, use_mmap: 0, mem_handle_type: 0, use_egm: 0
Note: Above is full list of options, any given test will use only a subset of these variables.
mype: 2 mype_node: 2 device name: NVIDIA H200 bus id: 63 
Runtime options after parsing command line arguments 
min_size: 128, max_size: 16777216, step_factor: 2, iterations: 10, warmup iterations: 3, number of ctas: 32, threads per cta: 256 stride: 1, datatype: int, reduce_op: sum, threadgroup_scope: all_scopes, atomic_op: inc, dir: write, report_msgrate: 0, bidirectional: 0, putget_issue :on_stream, use_graph: 1, use_mmap: 0, mem_handle_type: 0, use_egm: 0
Note: Above is full list of options, any given test will use only a subset of these variables.
mype: 3 mype_node: 3 device name: NVIDIA H200 bus id: 102 
Runtime options after parsing command line arguments 
min_size: 128, max_size: 16777216, step_factor: 2, iterations: 10, warmup iterations: 3, number of ctas: 32, threads per cta: 256 stride: 1, datatype: int, reduce_op: sum, threadgroup_scope: all_scopes, atomic_op: inc, dir: write, report_msgrate: 0, bidirectional: 0, putget_issue :on_stream, use_graph: 1, use_mmap: 0, mem_handle_type: 0, use_egm: 0
Note: Above is full list of options, any given test will use only a subset of these variables.
mype: 7 mype_node: 7 device name: NVIDIA H200 bus id: 228 
