Runtime options after parsing command line arguments 
min_size: 4, max_size: 33554432, step_factor: 2, iterations: 50, warmup iterations: 20, number of ctas: 32, threads per cta: 256 stride: 1, datatype: int, reduce_op: sum, threadgroup_scope: all_scopes, atomic_op: inc, dir: write, report_msgrate: 0, bidirectional: 0, putget_issue :on_stream, use_graph: 0, use_mmap: 0, mem_handle_type: 0, use_egm: 0
Note: Above is full list of options, any given test will use only a subset of these variables.
NVSHMEM v3.3.9
mype: 0 mype_node: 0 device name: NVIDIA H200 bus id: 25 
#shmem_atomic_inc
size(B)     scope     BW (GB/sec)     
4           None      0.003144        
8           None      0.004237        
16          None      0.008547        
32          None      0.016932        
64          None      0.033580        
128         None      0.066401        
256         None      0.132100        
512         None      0.262467        
1024        None      0.526489        
2048        None      1.051939        
4096        None      2.135469        
8192        None      4.265245        
16384       None      8.255402        
32768       None      15.773260       
65536       None      29.416834       
131072      None      55.546516       
262144      None      94.508537       
524288      None      148.137421      
1048576     None      201.698868      
2097152     None      256.541138      
4194304     None      268.304260      
8388608     None      269.075378      
16777216    None      271.241425      
33554432    None      274.202057      
Runtime options after parsing command line arguments 
min_size: 4, max_size: 33554432, step_factor: 2, iterations: 50, warmup iterations: 20, number of ctas: 32, threads per cta: 256 stride: 1, datatype: int, reduce_op: sum, threadgroup_scope: all_scopes, atomic_op: inc, dir: write, report_msgrate: 0, bidirectional: 0, putget_issue :on_stream, use_graph: 0, use_mmap: 0, mem_handle_type: 0, use_egm: 0
Note: Above is full list of options, any given test will use only a subset of these variables.
mype: 1 mype_node: 1 device name: NVIDIA H200 bus id: 45 
