Runtime options after parsing command line arguments 
min_size: 128, max_size: 16777216, step_factor: 2, iterations: 10, warmup iterations: 3, number of ctas: 32, threads per cta: 256 stride: 1, datatype: int, reduce_op: sum, threadgroup_scope: all_scopes, atomic_op: inc, dir: write, report_msgrate: 0, bidirectional: 0, putget_issue :on_stream, use_graph: 1, use_mmap: 0, mem_handle_type: 0, use_egm: 0
Note: Above is full list of options, any given test will use only a subset of these variables.
mype: 4 mype_node: 4 device name: NVIDIA H200 bus id: 155 
Runtime options after parsing command line arguments 
min_size: 128, max_size: 16777216, step_factor: 2, iterations: 10, warmup iterations: 3, number of ctas: 32, threads per cta: 256 stride: 1, datatype: int, reduce_op: sum, threadgroup_scope: all_scopes, atomic_op: inc, dir: write, report_msgrate: 0, bidirectional: 0, putget_issue :on_stream, use_graph: 1, use_mmap: 0, mem_handle_type: 0, use_egm: 0
Note: Above is full list of options, any given test will use only a subset of these variables.
mype: 5 mype_node: 5 device name: NVIDIA H200 bus id: 174 
Runtime options after parsing command line arguments 
min_size: 128, max_size: 16777216, step_factor: 2, iterations: 10, warmup iterations: 3, number of ctas: 32, threads per cta: 256 stride: 1, datatype: int, reduce_op: sum, threadgroup_scope: all_scopes, atomic_op: inc, dir: write, report_msgrate: 0, bidirectional: 0, putget_issue :on_stream, use_graph: 1, use_mmap: 0, mem_handle_type: 0, use_egm: 0
Note: Above is full list of options, any given test will use only a subset of these variables.
mype: 6 mype_node: 6 device name: NVIDIA H200 bus id: 191 
Runtime options after parsing command line arguments 
min_size: 128, max_size: 16777216, step_factor: 2, iterations: 10, warmup iterations: 3, number of ctas: 32, threads per cta: 256 stride: 1, datatype: int, reduce_op: sum, threadgroup_scope: all_scopes, atomic_op: inc, dir: write, report_msgrate: 0, bidirectional: 0, putget_issue :on_stream, use_graph: 1, use_mmap: 0, mem_handle_type: 0, use_egm: 0
Note: Above is full list of options, any given test will use only a subset of these variables.
mype: 3 mype_node: 3 device name: NVIDIA H200 bus id: 102 
Runtime options after parsing command line arguments 
min_size: 128, max_size: 16777216, step_factor: 2, iterations: 10, warmup iterations: 3, number of ctas: 32, threads per cta: 256 stride: 1, datatype: int, reduce_op: sum, threadgroup_scope: all_scopes, atomic_op: inc, dir: write, report_msgrate: 0, bidirectional: 0, putget_issue :on_stream, use_graph: 1, use_mmap: 0, mem_handle_type: 0, use_egm: 0
Note: Above is full list of options, any given test will use only a subset of these variables.
mype: 2 mype_node: 2 device name: NVIDIA H200 bus id: 63 
Runtime options after parsing command line arguments 
min_size: 128, max_size: 16777216, step_factor: 2, iterations: 10, warmup iterations: 3, number of ctas: 32, threads per cta: 256 stride: 1, datatype: int, reduce_op: sum, threadgroup_scope: all_scopes, atomic_op: inc, dir: write, report_msgrate: 0, bidirectional: 0, putget_issue :on_stream, use_graph: 1, use_mmap: 0, mem_handle_type: 0, use_egm: 0
Note: Above is full list of options, any given test will use only a subset of these variables.
mype: 1 mype_node: 1 device name: NVIDIA H200 bus id: 45 
Runtime options after parsing command line arguments 
min_size: 128, max_size: 16777216, step_factor: 2, iterations: 10, warmup iterations: 3, number of ctas: 32, threads per cta: 256 stride: 1, datatype: int, reduce_op: sum, threadgroup_scope: all_scopes, atomic_op: inc, dir: write, report_msgrate: 0, bidirectional: 0, putget_issue :on_stream, use_graph: 1, use_mmap: 0, mem_handle_type: 0, use_egm: 0
Note: Above is full list of options, any given test will use only a subset of these variables.
NVSHMEM v3.3.9
mype: 0 mype_node: 0 device name: NVIDIA H200 bus id: 25 
#reduction_on_stream
size(B)     count     type      redop     latency(us)       min_lat(us)       max_lat(us)       algbw(GB/s)   busbw(GB/s) 
128         32        int       sum       8.113231          8.113             8.113             0.016         0.028       
256         64        int       sum       7.889231          7.889             7.889             0.032         0.057       
512         128       int       sum       8.214154          8.214             8.214             0.062         0.109       
1024        256       int       sum       9.796923          9.797             9.797             0.105         0.183       
2048        512       int       sum       12.620308         12.620            12.620            0.162         0.284       
4096        1024      int       sum       17.632000         17.632            17.632            0.232         0.407       
8192        2048      int       sum       21.902770         21.903            21.903            0.374         0.655       
16384       4096      int       sum       57.019077         57.019            57.019            0.287         0.503       
32768       8192      int       sum       105.105236        105.105           105.105           0.312         0.546       
65536       16384     int       sum       207.908928        207.909           207.909           0.315         0.552       
131072      32768     int       sum       407.832623        407.833           407.833           0.321         0.562       
262144      65536     int       sum       60.573537         60.574            60.574            4.328         7.573       
524288      131072    int       sum       110.486150        110.486           110.486           4.745         8.304       
1048576     262144    int       sum       216.728613        216.729           216.729           4.838         8.467       
2097152     524288    int       sum       428.140312        428.140           428.140           4.898         8.572       
4194304     1048576   int       sum       860.649824        860.650           860.650           4.873         8.528       
8388608     2097152   int       sum       1731.586456       1731.586          1731.586          4.844         8.478       
16777216    4194304   int       sum       3537.823915       3537.824          3537.824          4.742         8.299       
Runtime options after parsing command line arguments 
min_size: 128, max_size: 16777216, step_factor: 2, iterations: 10, warmup iterations: 3, number of ctas: 32, threads per cta: 256 stride: 1, datatype: int, reduce_op: sum, threadgroup_scope: all_scopes, atomic_op: inc, dir: write, report_msgrate: 0, bidirectional: 0, putget_issue :on_stream, use_graph: 1, use_mmap: 0, mem_handle_type: 0, use_egm: 0
Note: Above is full list of options, any given test will use only a subset of these variables.
mype: 7 mype_node: 7 device name: NVIDIA H200 bus id: 228 
