Runtime options after parsing command line arguments 
min_size: 128, max_size: 268435456, step_factor: 2, iterations: 100, warmup iterations: 50, number of ctas: 32, threads per cta: 256 stride: 1, datatype: int, reduce_op: sum, threadgroup_scope: all_scopes, atomic_op: inc, dir: write, report_msgrate: 0, bidirectional: 0, putget_issue :on_stream, use_graph: 1, use_mmap: 0, mem_handle_type: 0, use_egm: 0
Note: Above is full list of options, any given test will use only a subset of these variables.
mype: 5 mype_node: 5 device name: NVIDIA H200 bus id: 174 
Runtime options after parsing command line arguments 
min_size: 128, max_size: 268435456, step_factor: 2, iterations: 100, warmup iterations: 50, number of ctas: 32, threads per cta: 256 stride: 1, datatype: int, reduce_op: sum, threadgroup_scope: all_scopes, atomic_op: inc, dir: write, report_msgrate: 0, bidirectional: 0, putget_issue :on_stream, use_graph: 1, use_mmap: 0, mem_handle_type: 0, use_egm: 0
Note: Above is full list of options, any given test will use only a subset of these variables.
mype: 3 mype_node: 3 device name: NVIDIA H200 bus id: 102 
Runtime options after parsing command line arguments 
min_size: 128, max_size: 268435456, step_factor: 2, iterations: 100, warmup iterations: 50, number of ctas: 32, threads per cta: 256 stride: 1, datatype: int, reduce_op: sum, threadgroup_scope: all_scopes, atomic_op: inc, dir: write, report_msgrate: 0, bidirectional: 0, putget_issue :on_stream, use_graph: 1, use_mmap: 0, mem_handle_type: 0, use_egm: 0
Note: Above is full list of options, any given test will use only a subset of these variables.
mype: 14 mype_node: 6 device name: NVIDIA H200 bus id: 191 
Runtime options after parsing command line arguments 
min_size: 128, max_size: 268435456, step_factor: 2, iterations: 100, warmup iterations: 50, number of ctas: 32, threads per cta: 256 stride: 1, datatype: int, reduce_op: sum, threadgroup_scope: all_scopes, atomic_op: inc, dir: write, report_msgrate: 0, bidirectional: 0, putget_issue :on_stream, use_graph: 1, use_mmap: 0, mem_handle_type: 0, use_egm: 0
Note: Above is full list of options, any given test will use only a subset of these variables.
mype: 7 mype_node: 7 device name: NVIDIA H200 bus id: 228 
Runtime options after parsing command line arguments 
min_size: 128, max_size: 268435456, step_factor: 2, iterations: 100, warmup iterations: 50, number of ctas: 32, threads per cta: 256 stride: 1, datatype: int, reduce_op: sum, threadgroup_scope: all_scopes, atomic_op: inc, dir: write, report_msgrate: 0, bidirectional: 0, putget_issue :on_stream, use_graph: 1, use_mmap: 0, mem_handle_type: 0, use_egm: 0
Note: Above is full list of options, any given test will use only a subset of these variables.
NVSHMEM v3.3.9
mype: 0 mype_node: 0 device name: NVIDIA H200 bus id: 25 
#alltoall_on_stream
size(B)     count     type      latency(us)       min_lat(us)       max_lat(us)       algbw(GB/s)   busbw(GB/s) 
128         32        int       34.693122         34.693            34.693            0.004         0.003       
256         64        int       30.433919         30.434            30.434            0.008         0.008       
512         128       int       28.794879         28.795            28.795            0.018         0.017       
1024        256       int       27.906131         27.906            27.906            0.037         0.034       
2048        512       int       22.696747         22.697            22.697            0.090         0.085       
4096        1024      int       27.682345         27.682            27.682            0.148         0.139       
8192        2048      int       27.543465         27.543            27.543            0.297         0.279       
16384       4096      int       28.520320         28.520            28.520            0.574         0.539       
32768       8192      int       27.992748         27.993            27.993            1.171         1.097       
65536       16384     int       28.273281         28.273            28.273            2.318         2.173       
131072      32768     int       28.222933         28.223            28.223            4.644         4.354       
262144      65536     int       29.397974         29.398            29.398            8.917         8.360       
524288      131072    int       35.878189         35.878            35.878            14.613        13.700      
1048576     262144    int       42.792961         42.793            42.793            24.503        22.972      
2097152     524288    int       54.619733         54.620            54.620            38.396        35.996      
4194304     1048576   int       79.842769         79.843            79.843            52.532        49.249      
8388608     2097152   int       126.470834        126.471           126.471           66.328        62.183      
16777216    4194304   int       218.474656        218.475           218.475           76.793        71.993      
33554432    8388608   int       436.986446        436.986           436.986           76.786        71.987      
67108864    16777216  int       972.578347        972.578           972.578           69.001        64.688      
Runtime options after parsing command line arguments 
min_size: 128, max_size: 268435456, step_factor: 2, iterations: 100, warmup iterations: 50, number of ctas: 32, threads per cta: 256 stride: 1, datatype: int, reduce_op: sum, threadgroup_scope: all_scopes, atomic_op: inc, dir: write, report_msgrate: 0, bidirectional: 0, putget_issue :on_stream, use_graph: 1, use_mmap: 0, mem_handle_type: 0, use_egm: 0
Note: Above is full list of options, any given test will use only a subset of these variables.
mype: 10 mype_node: 2 device name: NVIDIA H200 bus id: 63 
134217728   33554432  int       1868.813038       1868.813          1868.813          71.820        67.331      
268435456   67108864  int       3655.340910       3655.341          3655.341          73.437        68.847      
Runtime options after parsing command line arguments 
min_size: 128, max_size: 268435456, step_factor: 2, iterations: 100, warmup iterations: 50, number of ctas: 32, threads per cta: 256 stride: 1, datatype: int, reduce_op: sum, threadgroup_scope: all_scopes, atomic_op: inc, dir: write, report_msgrate: 0, bidirectional: 0, putget_issue :on_stream, use_graph: 1, use_mmap: 0, mem_handle_type: 0, use_egm: 0
Note: Above is full list of options, any given test will use only a subset of these variables.
mype: 13 mype_node: 5 device name: NVIDIA H200 bus id: 174 
Runtime options after parsing command line arguments 
min_size: 128, max_size: 268435456, step_factor: 2, iterations: 100, warmup iterations: 50, number of ctas: 32, threads per cta: 256 stride: 1, datatype: int, reduce_op: sum, threadgroup_scope: all_scopes, atomic_op: inc, dir: write, report_msgrate: 0, bidirectional: 0, putget_issue :on_stream, use_graph: 1, use_mmap: 0, mem_handle_type: 0, use_egm: 0
Note: Above is full list of options, any given test will use only a subset of these variables.
mype: 6 mype_node: 6 device name: NVIDIA H200 bus id: 191 
Runtime options after parsing command line arguments 
min_size: 128, max_size: 268435456, step_factor: 2, iterations: 100, warmup iterations: 50, number of ctas: 32, threads per cta: 256 stride: 1, datatype: int, reduce_op: sum, threadgroup_scope: all_scopes, atomic_op: inc, dir: write, report_msgrate: 0, bidirectional: 0, putget_issue :on_stream, use_graph: 1, use_mmap: 0, mem_handle_type: 0, use_egm: 0
Note: Above is full list of options, any given test will use only a subset of these variables.
mype: 11 mype_node: 3 device name: NVIDIA H200 bus id: 102 
Runtime options after parsing command line arguments 
min_size: 128, max_size: 268435456, step_factor: 2, iterations: 100, warmup iterations: 50, number of ctas: 32, threads per cta: 256 stride: 1, datatype: int, reduce_op: sum, threadgroup_scope: all_scopes, atomic_op: inc, dir: write, report_msgrate: 0, bidirectional: 0, putget_issue :on_stream, use_graph: 1, use_mmap: 0, mem_handle_type: 0, use_egm: 0
Note: Above is full list of options, any given test will use only a subset of these variables.
mype: 1 mype_node: 1 device name: NVIDIA H200 bus id: 45 
Runtime options after parsing command line arguments 
min_size: 128, max_size: 268435456, step_factor: 2, iterations: 100, warmup iterations: 50, number of ctas: 32, threads per cta: 256 stride: 1, datatype: int, reduce_op: sum, threadgroup_scope: all_scopes, atomic_op: inc, dir: write, report_msgrate: 0, bidirectional: 0, putget_issue :on_stream, use_graph: 1, use_mmap: 0, mem_handle_type: 0, use_egm: 0
Note: Above is full list of options, any given test will use only a subset of these variables.
mype: 2 mype_node: 2 device name: NVIDIA H200 bus id: 63 
Runtime options after parsing command line arguments 
min_size: 128, max_size: 268435456, step_factor: 2, iterations: 100, warmup iterations: 50, number of ctas: 32, threads per cta: 256 stride: 1, datatype: int, reduce_op: sum, threadgroup_scope: all_scopes, atomic_op: inc, dir: write, report_msgrate: 0, bidirectional: 0, putget_issue :on_stream, use_graph: 1, use_mmap: 0, mem_handle_type: 0, use_egm: 0
Note: Above is full list of options, any given test will use only a subset of these variables.
mype: 4 mype_node: 4 device name: NVIDIA H200 bus id: 155 
Runtime options after parsing command line arguments 
min_size: 128, max_size: 268435456, step_factor: 2, iterations: 100, warmup iterations: 50, number of ctas: 32, threads per cta: 256 stride: 1, datatype: int, reduce_op: sum, threadgroup_scope: all_scopes, atomic_op: inc, dir: write, report_msgrate: 0, bidirectional: 0, putget_issue :on_stream, use_graph: 1, use_mmap: 0, mem_handle_type: 0, use_egm: 0
Note: Above is full list of options, any given test will use only a subset of these variables.
mype: 9 mype_node: 1 device name: NVIDIA H200 bus id: 45 
Runtime options after parsing command line arguments 
min_size: 128, max_size: 268435456, step_factor: 2, iterations: 100, warmup iterations: 50, number of ctas: 32, threads per cta: 256 stride: 1, datatype: int, reduce_op: sum, threadgroup_scope: all_scopes, atomic_op: inc, dir: write, report_msgrate: 0, bidirectional: 0, putget_issue :on_stream, use_graph: 1, use_mmap: 0, mem_handle_type: 0, use_egm: 0
Note: Above is full list of options, any given test will use only a subset of these variables.
mype: 8 mype_node: 0 device name: NVIDIA H200 bus id: 25 
Runtime options after parsing command line arguments 
min_size: 128, max_size: 268435456, step_factor: 2, iterations: 100, warmup iterations: 50, number of ctas: 32, threads per cta: 256 stride: 1, datatype: int, reduce_op: sum, threadgroup_scope: all_scopes, atomic_op: inc, dir: write, report_msgrate: 0, bidirectional: 0, putget_issue :on_stream, use_graph: 1, use_mmap: 0, mem_handle_type: 0, use_egm: 0
Note: Above is full list of options, any given test will use only a subset of these variables.
mype: 12 mype_node: 4 device name: NVIDIA H200 bus id: 155 
Runtime options after parsing command line arguments 
min_size: 128, max_size: 268435456, step_factor: 2, iterations: 100, warmup iterations: 50, number of ctas: 32, threads per cta: 256 stride: 1, datatype: int, reduce_op: sum, threadgroup_scope: all_scopes, atomic_op: inc, dir: write, report_msgrate: 0, bidirectional: 0, putget_issue :on_stream, use_graph: 1, use_mmap: 0, mem_handle_type: 0, use_egm: 0
Note: Above is full list of options, any given test will use only a subset of these variables.
mype: 15 mype_node: 7 device name: NVIDIA H200 bus id: 228 
