Runtime options after parsing command line arguments 
min_size: 128, max_size: 1073741824, step_factor: 2, iterations: 50, warmup iterations: 20, number of ctas: 32, threads per cta: 256 stride: 1, datatype: float, reduce_op: sum, threadgroup_scope: all_scopes, atomic_op: inc, dir: write, report_msgrate: 0, bidirectional: 0, putget_issue :on_stream, use_graph: 1, use_mmap: 0, mem_handle_type: 0, use_egm: 0
Note: Above is full list of options, any given test will use only a subset of these variables.
mype: 2 mype_node: 2 device name: NVIDIA H200 bus id: 63 
Runtime options after parsing command line arguments 
min_size: 128, max_size: 1073741824, step_factor: 2, iterations: 50, warmup iterations: 20, number of ctas: 32, threads per cta: 256 stride: 1, datatype: float, reduce_op: sum, threadgroup_scope: all_scopes, atomic_op: inc, dir: write, report_msgrate: 0, bidirectional: 0, putget_issue :on_stream, use_graph: 1, use_mmap: 0, mem_handle_type: 0, use_egm: 0
Note: Above is full list of options, any given test will use only a subset of these variables.
mype: 7 mype_node: 7 device name: NVIDIA H200 bus id: 228 
Runtime options after parsing command line arguments 
min_size: 128, max_size: 1073741824, step_factor: 2, iterations: 50, warmup iterations: 20, number of ctas: 32, threads per cta: 256 stride: 1, datatype: float, reduce_op: sum, threadgroup_scope: all_scopes, atomic_op: inc, dir: write, report_msgrate: 0, bidirectional: 0, putget_issue :on_stream, use_graph: 1, use_mmap: 0, mem_handle_type: 0, use_egm: 0
Note: Above is full list of options, any given test will use only a subset of these variables.
mype: 1 mype_node: 1 device name: NVIDIA H200 bus id: 45 
Runtime options after parsing command line arguments 
min_size: 128, max_size: 1073741824, step_factor: 2, iterations: 50, warmup iterations: 20, number of ctas: 32, threads per cta: 256 stride: 1, datatype: float, reduce_op: sum, threadgroup_scope: all_scopes, atomic_op: inc, dir: write, report_msgrate: 0, bidirectional: 0, putget_issue :on_stream, use_graph: 1, use_mmap: 0, mem_handle_type: 0, use_egm: 0
Note: Above is full list of options, any given test will use only a subset of these variables.
NVSHMEM v3.3.9
mype: 0 mype_node: 0 device name: NVIDIA H200 bus id: 25 
#reduction_on_stream
size(B)     count     type      redop     latency(us)       min_lat(us)       max_lat(us)       algbw(GB/s)   busbw(GB/s) 
128         32        float     sum       4.900571          4.901             4.901             0.026         0.046       
256         64        float     sum       4.660571          4.661             4.661             0.055         0.096       
512         128       float     sum       4.666515          4.667             4.667             0.110         0.192       
1024        256       float     sum       4.682514          4.683             4.683             0.219         0.383       
2048        512       float     sum       4.687086          4.687             4.687             0.437         0.765       
4096        1024      float     sum       5.100800          5.101             5.101             0.803         1.405       
8192        2048      float     sum       6.127543          6.128             6.128             1.337         2.340       
16384       4096      float     sum       6.623086          6.623             6.623             2.474         4.329       
32768       8192      float     sum       6.645486          6.645             6.645             4.931         8.629       
65536       16384     float     sum       7.722514          7.723             7.723             8.486         14.851      
131072      32768     float     sum       9.844114          9.844             9.844             13.315        23.301      
262144      65536     float     sum       8.037485          8.037             8.037             32.615        57.077      
524288      131072    float     sum       9.032228          9.032             9.032             58.046        101.581     
1048576     262144    float     sum       11.136457         11.136            11.136            94.157        164.775     
2097152     524288    float     sum       15.299657         15.300            15.300            137.072       239.876     
4194304     1048576   float     sum       24.479086         24.479            24.479            171.342       299.849     
8388608     2097152   float     sum       39.910857         39.911            39.911            210.184       367.821     
16777216    4194304   float     sum       72.271548         72.272            72.272            232.141       406.247     
33554432    8388608   float     sum       135.063767        135.064           135.064           248.434       434.760     
67108864    16777216  float     sum       264.463991        264.464           264.464           253.754       444.070     
134217728   33554432  float     sum       516.717672        516.718           516.718           259.751       454.564     
268435456   67108864  float     sum       1024.829745       1024.830          1024.830          261.932       458.381     
536870912   134217728  float     sum       2042.857647       2042.858          2042.858          262.804       459.907     
1073741824  268435456  float     sum       4063.099384       4063.099          4063.099          264.267       462.467     
Runtime options after parsing command line arguments 
min_size: 128, max_size: 1073741824, step_factor: 2, iterations: 50, warmup iterations: 20, number of ctas: 32, threads per cta: 256 stride: 1, datatype: float, reduce_op: sum, threadgroup_scope: all_scopes, atomic_op: inc, dir: write, report_msgrate: 0, bidirectional: 0, putget_issue :on_stream, use_graph: 1, use_mmap: 0, mem_handle_type: 0, use_egm: 0
Note: Above is full list of options, any given test will use only a subset of these variables.
mype: 5 mype_node: 5 device name: NVIDIA H200 bus id: 174 
Runtime options after parsing command line arguments 
min_size: 128, max_size: 1073741824, step_factor: 2, iterations: 50, warmup iterations: 20, number of ctas: 32, threads per cta: 256 stride: 1, datatype: float, reduce_op: sum, threadgroup_scope: all_scopes, atomic_op: inc, dir: write, report_msgrate: 0, bidirectional: 0, putget_issue :on_stream, use_graph: 1, use_mmap: 0, mem_handle_type: 0, use_egm: 0
Note: Above is full list of options, any given test will use only a subset of these variables.
mype: 4 mype_node: 4 device name: NVIDIA H200 bus id: 155 
Runtime options after parsing command line arguments 
min_size: 128, max_size: 1073741824, step_factor: 2, iterations: 50, warmup iterations: 20, number of ctas: 32, threads per cta: 256 stride: 1, datatype: float, reduce_op: sum, threadgroup_scope: all_scopes, atomic_op: inc, dir: write, report_msgrate: 0, bidirectional: 0, putget_issue :on_stream, use_graph: 1, use_mmap: 0, mem_handle_type: 0, use_egm: 0
Note: Above is full list of options, any given test will use only a subset of these variables.
mype: 6 mype_node: 6 device name: NVIDIA H200 bus id: 191 
Runtime options after parsing command line arguments 
min_size: 128, max_size: 1073741824, step_factor: 2, iterations: 50, warmup iterations: 20, number of ctas: 32, threads per cta: 256 stride: 1, datatype: float, reduce_op: sum, threadgroup_scope: all_scopes, atomic_op: inc, dir: write, report_msgrate: 0, bidirectional: 0, putget_issue :on_stream, use_graph: 1, use_mmap: 0, mem_handle_type: 0, use_egm: 0
Note: Above is full list of options, any given test will use only a subset of these variables.
mype: 3 mype_node: 3 device name: NVIDIA H200 bus id: 102 
