Runtime options after parsing command line arguments 
min_size: 4, max_size: 33554432, step_factor: 2, iterations: 50, warmup iterations: 20, number of ctas: 32, threads per cta: 256 stride: 1, datatype: int, reduce_op: sum, threadgroup_scope: all_scopes, atomic_op: inc, dir: write, report_msgrate: 0, bidirectional: 0, putget_issue :on_stream, use_graph: 0, use_mmap: 0, mem_handle_type: 0, use_egm: 0
Note: Above is full list of options, any given test will use only a subset of these variables.
NVSHMEM v3.3.9
mype: 0 mype_node: 0 device name: NVIDIA H200 bus id: 25 
#bcast_device
size(B)     count     type      scope     latency(us)       algbw(GB/s)   busbw(GB/s) 
4           1         32-bit    thread    77.377281         0.000         0.000       
8           2         32-bit    thread    4.574080          0.002         0.002       
16          4         32-bit    thread    4.119680          0.004         0.004       
32          8         32-bit    thread    3.438720          0.009         0.009       
64          16        32-bit    thread    3.600000          0.018         0.018       
128         32        32-bit    thread    4.407040          0.029         0.029       
256         64        32-bit    thread    5.888640          0.043         0.043       
512         128       32-bit    thread    8.859520          0.058         0.058       
1024        256       32-bit    thread    15.048960         0.068         0.068       
#bcast_device
size(B)     count     type      scope     latency(us)       algbw(GB/s)   busbw(GB/s) 
4           1         32-bit    warp      32.275200         0.000         0.000       
8           2         32-bit    warp      2.917760          0.003         0.003       
16          4         32-bit    warp      2.752640          0.006         0.006       
32          8         32-bit    warp      2.757120          0.012         0.012       
64          16        32-bit    warp      2.755840          0.023         0.023       
128         32        32-bit    warp      2.757760          0.046         0.046       
256         64        32-bit    warp      2.751360          0.093         0.093       
512         128       32-bit    warp      2.903680          0.176         0.176       
1024        256       32-bit    warp      3.240320          0.316         0.316       
2048        512       32-bit    warp      3.749760          0.546         0.546       
4096        1024      32-bit    warp      4.899840          0.836         0.836       
8192        2048      32-bit    warp      21.789441         0.376         0.376       
#bcast_device
size(B)     count     type      scope     latency(us)       algbw(GB/s)   busbw(GB/s) 
4           1         32-bit    block     32.101760         0.000         0.000       
8           2         32-bit    block     3.571200          0.002         0.002       
16          4         32-bit    block     3.584640          0.004         0.004       
32          8         32-bit    block     3.587840          0.009         0.009       
64          16        32-bit    block     3.569920          0.018         0.018       
128         32        32-bit    block     3.567360          0.036         0.036       
256         64        32-bit    block     3.569280          0.072         0.072       
512         128       32-bit    block     3.420160          0.150         0.150       
1024        256       32-bit    block     3.584640          0.286         0.286       
2048        512       32-bit    block     3.566080          0.574         0.574       
4096        1024      32-bit    block     3.733120          1.097         1.097       
8192        2048      32-bit    block     7.666560          1.069         1.069       
16384       4096      32-bit    block     11.606400         1.412         1.412       
32768       8192      32-bit    block     44.042878         0.744         0.744       
65536       16384     32-bit    block     57.310081         1.144         1.144       
131072      32768     32-bit    block     85.169277         1.539         1.539       
262144      65536     32-bit    block     138.895359        1.887         1.887       
524288      131072    32-bit    block     247.336311        2.120         2.120       
1048576     262144    32-bit    block     462.472954        2.267         2.267       
2097152     524288    32-bit    block     893.692169        2.347         2.347       
4194304     1048576   32-bit    block     1757.957764       2.386         2.386       
8388608     2097152   32-bit    block     3485.217285       2.407         2.407       
16777216    4194304   32-bit    block     7300.581055       2.298         2.298       
33554432    8388608   32-bit    block     21590.468750      1.554         1.554       
#bcast_device
size(B)     count     type      scope     latency(us)       algbw(GB/s)   busbw(GB/s) 
8           1         64-bit    thread    53.723521         0.000         0.000       
16          2         64-bit    thread    3.125120          0.005         0.005       
32          4         64-bit    thread    3.247360          0.010         0.010       
64          8         64-bit    thread    3.603840          0.018         0.018       
128         16        64-bit    thread    4.412160          0.029         0.029       
256         32        64-bit    thread    5.864320          0.044         0.044       
512         64        64-bit    thread    8.849280          0.058         0.058       
1024        128       64-bit    thread    14.891520         0.069         0.069       
2048        256       64-bit    thread    26.843519         0.076         0.076       
#bcast_device
size(B)     count     type      scope     latency(us)       algbw(GB/s)   busbw(GB/s) 
8           1         64-bit    warp      31.287041         0.000         0.000       
16          2         64-bit    warp      2.753920          0.006         0.006       
32          4         64-bit    warp      2.756480          0.012         0.012       
64          8         64-bit    warp      2.746880          0.023         0.023       
128         16        64-bit    warp      2.768000          0.046         0.046       
256         32        64-bit    warp      2.756480          0.093         0.093       
512         64        64-bit    warp      2.751360          0.186         0.186       
1024        128       64-bit    warp      3.088000          0.332         0.332       
2048        256       64-bit    warp      3.731840          0.549         0.549       
4096        512       64-bit    warp      17.344000         0.236         0.236       
8192        1024      64-bit    warp      7.034240          1.165         1.165       
16384       2048      64-bit    warp      23.052161         0.711         0.711       
#bcast_device
size(B)     count     type      scope     latency(us)       algbw(GB/s)   busbw(GB/s) 
8           1         64-bit    block     30.893440         0.000         0.000       
16          2         64-bit    block     6.265120          0.003         0.003       
32          4         64-bit    block     6.290680          0.005         0.005       
64          8         64-bit    block     6.416800          0.010         0.010       
128         16        64-bit    block     6.369680          0.020         0.020       
256         32        64-bit    block     6.274200          0.041         0.041       
512         64        64-bit    block     6.285599          0.081         0.081       
1024        128       64-bit    block     6.395720          0.160         0.160       
2048        256       64-bit    block     6.339920          0.323         0.323       
4096        512       64-bit    block     8.372280          0.489         0.489       
8192        1024      64-bit    block     7.700160          1.064         1.064       
16384       2048      64-bit    block     10.982560         1.492         1.492       
32768       4096      64-bit    block     42.588921         0.769         0.769       
65536       8192      64-bit    block     55.694842         1.177         1.177       
Runtime options after parsing command line arguments 
min_size: 4, max_size: 33554432, step_factor: 2, iterations: 50, warmup iterations: 20, number of ctas: 32, threads per cta: 256 stride: 1, datatype: int, reduce_op: sum, threadgroup_scope: all_scopes, atomic_op: inc, dir: write, report_msgrate: 0, bidirectional: 0, putget_issue :on_stream, use_graph: 0, use_mmap: 0, mem_handle_type: 0, use_egm: 0
Note: Above is full list of options, any given test will use only a subset of these variables.
mype: 3 mype_node: 3 device name: NVIDIA H200 bus id: 102 
Runtime options after parsing command line arguments 
min_size: 4, max_size: 33554432, step_factor: 2, iterations: 50, warmup iterations: 20, number of ctas: 32, threads per cta: 256 stride: 1, datatype: int, reduce_op: sum, threadgroup_scope: all_scopes, atomic_op: inc, dir: write, report_msgrate: 0, bidirectional: 0, putget_issue :on_stream, use_graph: 0, use_mmap: 0, mem_handle_type: 0, use_egm: 0
Note: Above is full list of options, any given test will use only a subset of these variables.
mype: 1 mype_node: 1 device name: NVIDIA H200 bus id: 45 
Runtime options after parsing command line arguments 
min_size: 4, max_size: 33554432, step_factor: 2, iterations: 50, warmup iterations: 20, number of ctas: 32, threads per cta: 256 stride: 1, datatype: int, reduce_op: sum, threadgroup_scope: all_scopes, atomic_op: inc, dir: write, report_msgrate: 0, bidirectional: 0, putget_issue :on_stream, use_graph: 0, use_mmap: 0, mem_handle_type: 0, use_egm: 0
Note: Above is full list of options, any given test will use only a subset of these variables.
mype: 8 mype_node: 0 device name: NVIDIA H200 bus id: 25 
Runtime options after parsing command line arguments 
min_size: 4, max_size: 33554432, step_factor: 2, iterations: 50, warmup iterations: 20, number of ctas: 32, threads per cta: 256 stride: 1, datatype: int, reduce_op: sum, threadgroup_scope: all_scopes, atomic_op: inc, dir: write, report_msgrate: 0, bidirectional: 0, putget_issue :on_stream, use_graph: 0, use_mmap: 0, mem_handle_type: 0, use_egm: 0
Note: Above is full list of options, any given test will use only a subset of these variables.
mype: 4 mype_node: 4 device name: NVIDIA H200 bus id: 155 
131072      16384     64-bit    block     82.922840         1.581         1.581       
262144      32768     64-bit    block     136.453724        1.921         1.921       
524288      65536     64-bit    block     243.459835        2.153         2.153       
1048576     131072    64-bit    block     455.542603        2.302         2.302       
2097152     262144    64-bit    block     880.136414        2.383         2.383       
4194304     524288    64-bit    block     1731.683044       2.422         2.422       
8388608     1048576   64-bit    block     3433.737793       2.443         2.443       
16777216    2097152   64-bit    block     7191.679688       2.333         2.333       
33554432    4194304   64-bit    block     21316.096191      1.574         1.574       
Runtime options after parsing command line arguments 
min_size: 4, max_size: 33554432, step_factor: 2, iterations: 50, warmup iterations: 20, number of ctas: 32, threads per cta: 256 stride: 1, datatype: int, reduce_op: sum, threadgroup_scope: all_scopes, atomic_op: inc, dir: write, report_msgrate: 0, bidirectional: 0, putget_issue :on_stream, use_graph: 0, use_mmap: 0, mem_handle_type: 0, use_egm: 0
Note: Above is full list of options, any given test will use only a subset of these variables.
mype: 7 mype_node: 7 device name: NVIDIA H200 bus id: 228 
Runtime options after parsing command line arguments 
min_size: 4, max_size: 33554432, step_factor: 2, iterations: 50, warmup iterations: 20, number of ctas: 32, threads per cta: 256 stride: 1, datatype: int, reduce_op: sum, threadgroup_scope: all_scopes, atomic_op: inc, dir: write, report_msgrate: 0, bidirectional: 0, putget_issue :on_stream, use_graph: 0, use_mmap: 0, mem_handle_type: 0, use_egm: 0
Note: Above is full list of options, any given test will use only a subset of these variables.
mype: 15 mype_node: 7 device name: NVIDIA H200 bus id: 228 
Runtime options after parsing command line arguments 
min_size: 4, max_size: 33554432, step_factor: 2, iterations: 50, warmup iterations: 20, number of ctas: 32, threads per cta: 256 stride: 1, datatype: int, reduce_op: sum, threadgroup_scope: all_scopes, atomic_op: inc, dir: write, report_msgrate: 0, bidirectional: 0, putget_issue :on_stream, use_graph: 0, use_mmap: 0, mem_handle_type: 0, use_egm: 0
Note: Above is full list of options, any given test will use only a subset of these variables.
mype: 6 mype_node: 6 device name: NVIDIA H200 bus id: 191 
Runtime options after parsing command line arguments 
min_size: 4, max_size: 33554432, step_factor: 2, iterations: 50, warmup iterations: 20, number of ctas: 32, threads per cta: 256 stride: 1, datatype: int, reduce_op: sum, threadgroup_scope: all_scopes, atomic_op: inc, dir: write, report_msgrate: 0, bidirectional: 0, putget_issue :on_stream, use_graph: 0, use_mmap: 0, mem_handle_type: 0, use_egm: 0
Note: Above is full list of options, any given test will use only a subset of these variables.
mype: 2 mype_node: 2 device name: NVIDIA H200 bus id: 63 
Runtime options after parsing command line arguments 
min_size: 4, max_size: 33554432, step_factor: 2, iterations: 50, warmup iterations: 20, number of ctas: 32, threads per cta: 256 stride: 1, datatype: int, reduce_op: sum, threadgroup_scope: all_scopes, atomic_op: inc, dir: write, report_msgrate: 0, bidirectional: 0, putget_issue :on_stream, use_graph: 0, use_mmap: 0, mem_handle_type: 0, use_egm: 0
Note: Above is full list of options, any given test will use only a subset of these variables.
mype: 5 mype_node: 5 device name: NVIDIA H200 bus id: 174 
Runtime options after parsing command line arguments 
min_size: 4, max_size: 33554432, step_factor: 2, iterations: 50, warmup iterations: 20, number of ctas: 32, threads per cta: 256 stride: 1, datatype: int, reduce_op: sum, threadgroup_scope: all_scopes, atomic_op: inc, dir: write, report_msgrate: 0, bidirectional: 0, putget_issue :on_stream, use_graph: 0, use_mmap: 0, mem_handle_type: 0, use_egm: 0
Note: Above is full list of options, any given test will use only a subset of these variables.
mype: 9 mype_node: 1 device name: NVIDIA H200 bus id: 45 
Runtime options after parsing command line arguments 
min_size: 4, max_size: 33554432, step_factor: 2, iterations: 50, warmup iterations: 20, number of ctas: 32, threads per cta: 256 stride: 1, datatype: int, reduce_op: sum, threadgroup_scope: all_scopes, atomic_op: inc, dir: write, report_msgrate: 0, bidirectional: 0, putget_issue :on_stream, use_graph: 0, use_mmap: 0, mem_handle_type: 0, use_egm: 0
Note: Above is full list of options, any given test will use only a subset of these variables.
mype: 13 mype_node: 5 device name: NVIDIA H200 bus id: 174 
Runtime options after parsing command line arguments 
min_size: 4, max_size: 33554432, step_factor: 2, iterations: 50, warmup iterations: 20, number of ctas: 32, threads per cta: 256 stride: 1, datatype: int, reduce_op: sum, threadgroup_scope: all_scopes, atomic_op: inc, dir: write, report_msgrate: 0, bidirectional: 0, putget_issue :on_stream, use_graph: 0, use_mmap: 0, mem_handle_type: 0, use_egm: 0
Note: Above is full list of options, any given test will use only a subset of these variables.
mype: 10 mype_node: 2 device name: NVIDIA H200 bus id: 63 
Runtime options after parsing command line arguments 
min_size: 4, max_size: 33554432, step_factor: 2, iterations: 50, warmup iterations: 20, number of ctas: 32, threads per cta: 256 stride: 1, datatype: int, reduce_op: sum, threadgroup_scope: all_scopes, atomic_op: inc, dir: write, report_msgrate: 0, bidirectional: 0, putget_issue :on_stream, use_graph: 0, use_mmap: 0, mem_handle_type: 0, use_egm: 0
Note: Above is full list of options, any given test will use only a subset of these variables.
mype: 11 mype_node: 3 device name: NVIDIA H200 bus id: 102 
Runtime options after parsing command line arguments 
min_size: 4, max_size: 33554432, step_factor: 2, iterations: 50, warmup iterations: 20, number of ctas: 32, threads per cta: 256 stride: 1, datatype: int, reduce_op: sum, threadgroup_scope: all_scopes, atomic_op: inc, dir: write, report_msgrate: 0, bidirectional: 0, putget_issue :on_stream, use_graph: 0, use_mmap: 0, mem_handle_type: 0, use_egm: 0
Note: Above is full list of options, any given test will use only a subset of these variables.
mype: 14 mype_node: 6 device name: NVIDIA H200 bus id: 191 
Runtime options after parsing command line arguments 
min_size: 4, max_size: 33554432, step_factor: 2, iterations: 50, warmup iterations: 20, number of ctas: 32, threads per cta: 256 stride: 1, datatype: int, reduce_op: sum, threadgroup_scope: all_scopes, atomic_op: inc, dir: write, report_msgrate: 0, bidirectional: 0, putget_issue :on_stream, use_graph: 0, use_mmap: 0, mem_handle_type: 0, use_egm: 0
Note: Above is full list of options, any given test will use only a subset of these variables.
mype: 12 mype_node: 4 device name: NVIDIA H200 bus id: 155 
