Runtime options after parsing command line arguments 
min_size: 4, max_size: 33554432, step_factor: 2, iterations: 50, warmup iterations: 20, number of ctas: 32, threads per cta: 256 stride: 1, datatype: int, reduce_op: sum, threadgroup_scope: all_scopes, atomic_op: inc, dir: write, report_msgrate: 0, bidirectional: 0, putget_issue :on_stream, use_graph: 0, use_mmap: 0, mem_handle_type: 0, use_egm: 0
Note: Above is full list of options, any given test will use only a subset of these variables.
NVSHMEM v3.3.9
mype: 0 mype_node: 0 device name: NVIDIA H200 bus id: 25 
#shmem_p_bw
size(B)     scope     BW (GB/sec)     
4           None      0.000691        
8           None      0.001347        
16          None      0.002605        
32          None      0.004922        
64          None      0.008485        
128         None      0.017593        
256         None      0.035103        
512         None      0.061321        
1024        None      0.099938        
2048        None      0.201018        
4096        None      0.353747        
8192        None      0.543086        
16384       None      0.806172        
32768       None      1.066689        
65536       None      1.258650        
131072      None      1.365743        
262144      None      1.363220        
524288      None      1.364033        
1048576     None      1.358090        
2097152     None      1.354986        
4194304     None      1.358912        
8388608     None      1.357956        
16777216    None      1.356019        
33554432    None      1.355426        
Runtime options after parsing command line arguments 
min_size: 4, max_size: 33554432, step_factor: 2, iterations: 50, warmup iterations: 20, number of ctas: 32, threads per cta: 256 stride: 1, datatype: int, reduce_op: sum, threadgroup_scope: all_scopes, atomic_op: inc, dir: write, report_msgrate: 0, bidirectional: 0, putget_issue :on_stream, use_graph: 0, use_mmap: 0, mem_handle_type: 0, use_egm: 0
Note: Above is full list of options, any given test will use only a subset of these variables.
mype: 1 mype_node: 0 device name: NVIDIA H200 bus id: 25 
