Runtime options after parsing command line arguments 
min_size: 4, max_size: 4194304, step_factor: 2, iterations: 50, warmup iterations: 20, number of ctas: 32, threads per cta: 256 stride: 1, datatype: int, reduce_op: sum, threadgroup_scope: all_scopes, atomic_op: inc, dir: write, report_msgrate: 0, bidirectional: 0, putget_issue :on_stream, use_graph: 0, use_mmap: 0, mem_handle_type: 0, use_egm: 0
Note: Above is full list of options, any given test will use only a subset of these variables.
NVSHMEM v3.3.9
mype: 0 mype_node: 0 device name: NVIDIA H200 bus id: 25 
#shmem_g_bw
size(B)     scope     BW (GB/sec)     
4           None      0.000369        
8           None      0.000637        
16          None      0.000753        
32          None      0.003249        
64          None      0.005415        
128         None      0.009268        
256         None      0.013341        
512         None      0.014359        
1024        None      0.014945        
2048        None      0.015270        
4096        None      0.017931        
8192        None      0.017637        
16384       None      0.019909        
32768       None      0.019295        
65536       None      0.019391        
131072      None      0.019617        
262144      None      0.019685        
524288      None      0.019799        
1048576     None      0.019831        
2097152     None      0.019822        
4194304     None      0.019968        
Runtime options after parsing command line arguments 
min_size: 4, max_size: 4194304, step_factor: 2, iterations: 50, warmup iterations: 20, number of ctas: 32, threads per cta: 256 stride: 1, datatype: int, reduce_op: sum, threadgroup_scope: all_scopes, atomic_op: inc, dir: write, report_msgrate: 0, bidirectional: 0, putget_issue :on_stream, use_graph: 0, use_mmap: 0, mem_handle_type: 0, use_egm: 0
Note: Above is full list of options, any given test will use only a subset of these variables.
mype: 1 mype_node: 0 device name: NVIDIA H200 bus id: 25 
