Runtime options after parsing command line arguments 
min_size: 4, max_size: 33554432, step_factor: 2, iterations: 50, warmup iterations: 20, number of ctas: 32, threads per cta: 256 stride: 1, datatype: int, reduce_op: sum, threadgroup_scope: all_scopes, atomic_op: inc, dir: write, report_msgrate: 0, bidirectional: 0, putget_issue :on_stream, use_graph: 0, use_mmap: 0, mem_handle_type: 0, use_egm: 0
Note: Above is full list of options, any given test will use only a subset of these variables.
NVSHMEM v3.3.9
mype: 0 mype_node: 0 device name: NVIDIA H200 bus id: 25 
#bcast_device
size(B)     count     type      scope     latency(us)       algbw(GB/s)   busbw(GB/s) 
4           1         32-bit    thread    38.345599         0.000         0.000       
8           2         32-bit    thread    3.538560          0.002         0.002       
16          4         32-bit    thread    3.548800          0.005         0.005       
32          8         32-bit    thread    3.861120          0.008         0.008       
64          16        32-bit    thread    3.535360          0.018         0.018       
128         32        32-bit    thread    4.357760          0.029         0.029       
256         64        32-bit    thread    5.827200          0.044         0.044       
512         128       32-bit    thread    8.948480          0.057         0.057       
1024        256       32-bit    thread    15.004801         0.068         0.068       
#bcast_device
size(B)     count     type      scope     latency(us)       algbw(GB/s)   busbw(GB/s) 
4           1         32-bit    warp      19.605761         0.000         0.000       
8           2         32-bit    warp      2.885760          0.003         0.003       
16          4         32-bit    warp      2.723840          0.006         0.006       
32          8         32-bit    warp      2.708480          0.012         0.012       
64          16        32-bit    warp      2.718720          0.024         0.024       
128         32        32-bit    warp      2.718720          0.047         0.047       
256         64        32-bit    warp      2.724480          0.094         0.094       
512         128       32-bit    warp      2.885120          0.177         0.177       
1024        256       32-bit    warp      3.204480          0.320         0.320       
2048        512       32-bit    warp      3.713920          0.551         0.551       
4096        1024      32-bit    warp      4.979840          0.823         0.823       
8192        2048      32-bit    warp      13.689600         0.598         0.598       
#bcast_device
size(B)     count     type      scope     latency(us)       algbw(GB/s)   busbw(GB/s) 
4           1         32-bit    block     20.763519         0.000         0.000       
8           2         32-bit    block     3.548800          0.002         0.002       
16          4         32-bit    block     3.538560          0.005         0.005       
32          8         32-bit    block     3.546880          0.009         0.009       
64          16        32-bit    block     3.537280          0.018         0.018       
128         32        32-bit    block     3.649280          0.035         0.035       
256         64        32-bit    block     3.536640          0.072         0.072       
512         128       32-bit    block     3.376640          0.152         0.152       
1024        256       32-bit    block     3.541120          0.289         0.289       
2048        512       32-bit    block     3.541120          0.578         0.578       
4096        1024      32-bit    block     3.701120          1.107         1.107       
8192        2048      32-bit    block     4.867840          1.683         1.683       
16384       4096      32-bit    block     7.304960          2.243         2.243       
32768       8192      32-bit    block     30.732160         1.066         1.066       
65536       16384     32-bit    block     43.189120         1.517         1.517       
131072      32768     32-bit    block     68.088961         1.925         1.925       
262144      65536     32-bit    block     118.213120        2.218         2.218       
524288      131072    32-bit    block     217.022076        2.416         2.416       
1048576     262144    32-bit    block     416.910095        2.515         2.515       
2097152     524288    32-bit    block     814.890213        2.574         2.574       
4194304     1048576   32-bit    block     1613.598785       2.599         2.599       
8388608     2097152   32-bit    block     3208.058777       2.615         2.615       
16777216    4194304   32-bit    block     6578.615112       2.550         2.550       
33554432    8388608   32-bit    block     19502.064209      1.721         1.721       
#bcast_device
size(B)     count     type      scope     latency(us)       algbw(GB/s)   busbw(GB/s) 
8           1         64-bit    thread    21.409919         0.000         0.000       
16          2         64-bit    thread    3.071360          0.005         0.005       
32          4         64-bit    thread    3.194240          0.010         0.010       
64          8         64-bit    thread    3.544320          0.018         0.018       
128         16        64-bit    thread    4.362240          0.029         0.029       
256         32        64-bit    thread    5.840000          0.044         0.044       
512         64        64-bit    thread    8.783360          0.058         0.058       
1024        128       64-bit    thread    14.829440         0.069         0.069       
2048        256       64-bit    thread    26.966400         0.076         0.076       
#bcast_device
size(B)     count     type      scope     latency(us)       algbw(GB/s)   busbw(GB/s) 
8           1         64-bit    warp      19.113600         0.000         0.000       
16          2         64-bit    warp      2.718080          0.006         0.006       
32          4         64-bit    warp      2.722560          0.012         0.012       
64          8         64-bit    warp      2.705920          0.024         0.024       
128         16        64-bit    warp      2.735360          0.047         0.047       
256         32        64-bit    warp      2.718080          0.094         0.094       
512         64        64-bit    warp      2.879360          0.178         0.178       
1024        128       64-bit    warp      3.034880          0.337         0.337       
2048        256       64-bit    warp      3.696000          0.554         0.554       
4096        512       64-bit    warp      9.762560          0.420         0.420       
8192        1024      64-bit    warp      7.137920          1.148         1.148       
16384       2048      64-bit    warp      17.132800         0.956         0.956       
#bcast_device
size(B)     count     type      scope     latency(us)       algbw(GB/s)   busbw(GB/s) 
8           1         64-bit    block     19.757440         0.000         0.000       
16          2         64-bit    block     4.188480          0.004         0.004       
32          4         64-bit    block     3.958240          0.008         0.008       
64          8         64-bit    block     4.095680          0.016         0.016       
128         16        64-bit    block     4.022720          0.032         0.032       
256         32        64-bit    block     4.012240          0.064         0.064       
512         64        64-bit    block     4.005680          0.128         0.128       
1024        128       64-bit    block     4.005680          0.256         0.256       
2048        256       64-bit    block     4.033040          0.508         0.508       
4096        512       64-bit    block     4.740160          0.864         0.864       
8192        1024      64-bit    block     5.520080          1.484         1.484       
16384       2048      64-bit    block     8.074240          2.029         2.029       
32768       4096      64-bit    block     30.243201         1.083         1.083       
65536       8192      64-bit    block     42.540398         1.541         1.541       
131072      16384     64-bit    block     67.068162         1.954         1.954       
262144      32768     64-bit    block     116.216078        2.256         2.256       
524288      65536     64-bit    block     213.787842        2.452         2.452       
1048576     131072    64-bit    block     410.928726        2.552         2.552       
2097152     262144    64-bit    block     803.624496        2.610         2.610       
4194304     524288    64-bit    block     1590.651245       2.637         2.637       
8388608     1048576   64-bit    block     3163.534546       2.652         2.652       
16777216    2097152   64-bit    block     6488.645630       2.586         2.586       
33554432    4194304   64-bit    block     19311.445312      1.738         1.738       
Runtime options after parsing command line arguments 
min_size: 4, max_size: 33554432, step_factor: 2, iterations: 50, warmup iterations: 20, number of ctas: 32, threads per cta: 256 stride: 1, datatype: int, reduce_op: sum, threadgroup_scope: all_scopes, atomic_op: inc, dir: write, report_msgrate: 0, bidirectional: 0, putget_issue :on_stream, use_graph: 0, use_mmap: 0, mem_handle_type: 0, use_egm: 0
Note: Above is full list of options, any given test will use only a subset of these variables.
mype: 4 mype_node: 4 device name: NVIDIA H200 bus id: 155 
Runtime options after parsing command line arguments 
min_size: 4, max_size: 33554432, step_factor: 2, iterations: 50, warmup iterations: 20, number of ctas: 32, threads per cta: 256 stride: 1, datatype: int, reduce_op: sum, threadgroup_scope: all_scopes, atomic_op: inc, dir: write, report_msgrate: 0, bidirectional: 0, putget_issue :on_stream, use_graph: 0, use_mmap: 0, mem_handle_type: 0, use_egm: 0
Note: Above is full list of options, any given test will use only a subset of these variables.
mype: 1 mype_node: 1 device name: NVIDIA H200 bus id: 45 
Runtime options after parsing command line arguments 
min_size: 4, max_size: 33554432, step_factor: 2, iterations: 50, warmup iterations: 20, number of ctas: 32, threads per cta: 256 stride: 1, datatype: int, reduce_op: sum, threadgroup_scope: all_scopes, atomic_op: inc, dir: write, report_msgrate: 0, bidirectional: 0, putget_issue :on_stream, use_graph: 0, use_mmap: 0, mem_handle_type: 0, use_egm: 0
Note: Above is full list of options, any given test will use only a subset of these variables.
mype: 2 mype_node: 2 device name: NVIDIA H200 bus id: 63 
Runtime options after parsing command line arguments 
min_size: 4, max_size: 33554432, step_factor: 2, iterations: 50, warmup iterations: 20, number of ctas: 32, threads per cta: 256 stride: 1, datatype: int, reduce_op: sum, threadgroup_scope: all_scopes, atomic_op: inc, dir: write, report_msgrate: 0, bidirectional: 0, putget_issue :on_stream, use_graph: 0, use_mmap: 0, mem_handle_type: 0, use_egm: 0
Note: Above is full list of options, any given test will use only a subset of these variables.
mype: 3 mype_node: 3 device name: NVIDIA H200 bus id: 102 
Runtime options after parsing command line arguments 
min_size: 4, max_size: 33554432, step_factor: 2, iterations: 50, warmup iterations: 20, number of ctas: 32, threads per cta: 256 stride: 1, datatype: int, reduce_op: sum, threadgroup_scope: all_scopes, atomic_op: inc, dir: write, report_msgrate: 0, bidirectional: 0, putget_issue :on_stream, use_graph: 0, use_mmap: 0, mem_handle_type: 0, use_egm: 0
Note: Above is full list of options, any given test will use only a subset of these variables.
mype: 7 mype_node: 7 device name: NVIDIA H200 bus id: 228 
Runtime options after parsing command line arguments 
min_size: 4, max_size: 33554432, step_factor: 2, iterations: 50, warmup iterations: 20, number of ctas: 32, threads per cta: 256 stride: 1, datatype: int, reduce_op: sum, threadgroup_scope: all_scopes, atomic_op: inc, dir: write, report_msgrate: 0, bidirectional: 0, putget_issue :on_stream, use_graph: 0, use_mmap: 0, mem_handle_type: 0, use_egm: 0
Note: Above is full list of options, any given test will use only a subset of these variables.
mype: 5 mype_node: 5 device name: NVIDIA H200 bus id: 174 
Runtime options after parsing command line arguments 
min_size: 4, max_size: 33554432, step_factor: 2, iterations: 50, warmup iterations: 20, number of ctas: 32, threads per cta: 256 stride: 1, datatype: int, reduce_op: sum, threadgroup_scope: all_scopes, atomic_op: inc, dir: write, report_msgrate: 0, bidirectional: 0, putget_issue :on_stream, use_graph: 0, use_mmap: 0, mem_handle_type: 0, use_egm: 0
Note: Above is full list of options, any given test will use only a subset of these variables.
mype: 6 mype_node: 6 device name: NVIDIA H200 bus id: 191 
