Runtime options after parsing command line arguments 
min_size: 4, max_size: 33554432, step_factor: 2, iterations: 50, warmup iterations: 20, number of ctas: 32, threads per cta: 256 stride: 1, datatype: int, reduce_op: sum, threadgroup_scope: all_scopes, atomic_op: inc, dir: write, report_msgrate: 0, bidirectional: 0, putget_issue :on_stream, use_graph: 0, use_mmap: 0, mem_handle_type: 0, use_egm: 0
Note: Above is full list of options, any given test will use only a subset of these variables.
NVSHMEM v3.3.9
mype: 0 mype_node: 0 device name: NVIDIA H200 bus id: 25 
#shmem_get_bw_uni
size(B)     scope     BW (GB/sec)     
4           None      0.002574        
8           None      0.005254        
16          None      0.010373        
32          None      0.020636        
64          None      0.041459        
128         None      0.083022        
256         None      0.103146        
512         None      0.208008        
1024        None      0.420720        
2048        None      0.833333        
4096        None      1.624365        
8192        None      3.265306        
16384       None      6.587751        
32768       None      13.047910       
65536       None      25.996447       
131072      None      48.634529       
262144      None      72.227119       
524288      None      94.519447       
1048576     None      112.558395      
2097152     None      124.925667      
4194304     None      132.706940      
8388608     None      137.182083      
16777216    None      139.511017      
33554432    None      140.902786      
Runtime options after parsing command line arguments 
min_size: 4, max_size: 33554432, step_factor: 2, iterations: 50, warmup iterations: 20, number of ctas: 32, threads per cta: 256 stride: 1, datatype: int, reduce_op: sum, threadgroup_scope: all_scopes, atomic_op: inc, dir: write, report_msgrate: 0, bidirectional: 0, putget_issue :on_stream, use_graph: 0, use_mmap: 0, mem_handle_type: 0, use_egm: 0
Note: Above is full list of options, any given test will use only a subset of these variables.
mype: 1 mype_node: 1 device name: NVIDIA H200 bus id: 45 
