Runtime options after parsing command line arguments 
min_size: 65536, max_size: 65536, step_factor: 2, iterations: 10, warmup iterations: 5, number of ctas: 32, threads per cta: 256 stride: 1, datatype: int, reduce_op: sum, threadgroup_scope: all_scopes, atomic_op: inc, dir: write, report_msgrate: 0, bidirectional: 0, putget_issue :on_stream, use_graph: 0, use_mmap: 0, mem_handle_type: 0, use_egm: 0
Note: Above is full list of options, any given test will use only a subset of these variables.
NVSHMEM v3.3.9
mype: 0 mype_node: 0 device name: NVIDIA H200 bus id: 25 
#fcollect_device
size(B)     count     type      scope     latency(us)       algbw(GB/s)   busbw(GB/s) 
#fcollect_device
size(B)     count     type      scope     latency(us)       algbw(GB/s)   busbw(GB/s) 
32          8         32-bit    warp      47.571200         0.001         0.001       
#fcollect_device
size(B)     count     type      scope     latency(us)       algbw(GB/s)   busbw(GB/s) 
32          8         32-bit    block     43.964800         0.001         0.001       
64          16        32-bit    block     12.886401         0.005         0.004       
128         32        32-bit    block     13.600001         0.009         0.008       
256         64        32-bit    block     12.908800         0.020         0.017       
512         128       32-bit    block     13.648000         0.038         0.033       
1024        256       32-bit    block     12.806401         0.080         0.070       
2048        512       32-bit    block     12.937599         0.158         0.139       
4096        1024      32-bit    block     13.635200         0.300         0.263       
8192        2048      32-bit    block     13.715200         0.597         0.523       
16384       4096      32-bit    block     15.260801         1.074         0.939       
32768       8192      32-bit    block     44.700801         0.733         0.641       
65536       16384     32-bit    block     43.977600         1.490         1.304       
#fcollect_device
size(B)     count     type      scope     latency(us)       algbw(GB/s)   busbw(GB/s) 
64          8         64-bit    thread    40.716800         0.002         0.001       
128         16        64-bit    thread    41.545600         0.003         0.003       
256         32        64-bit    thread    41.407999         0.006         0.005       
512         64        64-bit    thread    41.478401         0.012         0.011       
1024        128       64-bit    thread    42.320001         0.024         0.021       
2048        256       64-bit    thread    43.120000         0.047         0.042       
4096        512       64-bit    thread    45.619199         0.090         0.079       
8192        1024      64-bit    thread    49.635199         0.165         0.144       
16384       2048      64-bit    thread    62.851202         0.261         0.228       
#fcollect_device
size(B)     count     type      scope     latency(us)       algbw(GB/s)   busbw(GB/s) 
64          8         64-bit    warp      43.097600         0.001         0.001       
128         16        64-bit    warp      14.416000         0.009         0.008       
256         32        64-bit    warp      13.715200         0.019         0.016       
512         64        64-bit    warp      13.542400         0.038         0.033       
1024        128       64-bit    warp      13.609600         0.075         0.066       
2048        256       64-bit    warp      13.648000         0.150         0.131       
4096        512       64-bit    warp      15.267199         0.268         0.235       
8192        1024      64-bit    warp      18.579200         0.441         0.386       
16384       2048      64-bit    warp      29.980800         0.546         0.478       
32768       4096      64-bit    warp      44.726399         0.733         0.641       
#fcollect_device
size(B)     count     type      scope     latency(us)       algbw(GB/s)   busbw(GB/s) 
64          8         64-bit    block     43.190399         0.001         0.001       
Runtime options after parsing command line arguments 
min_size: 65536, max_size: 65536, step_factor: 2, iterations: 10, warmup iterations: 5, number of ctas: 32, threads per cta: 256 stride: 1, datatype: int, reduce_op: sum, threadgroup_scope: all_scopes, atomic_op: inc, dir: write, report_msgrate: 0, bidirectional: 0, putget_issue :on_stream, use_graph: 0, use_mmap: 0, mem_handle_type: 0, use_egm: 0
Note: Above is full list of options, any given test will use only a subset of these variables.
mype: 4 mype_node: 0 device name: NVIDIA H200 bus id: 25 
Runtime options after parsing command line arguments 
min_size: 65536, max_size: 65536, step_factor: 2, iterations: 10, warmup iterations: 5, number of ctas: 32, threads per cta: 256 stride: 1, datatype: int, reduce_op: sum, threadgroup_scope: all_scopes, atomic_op: inc, dir: write, report_msgrate: 0, bidirectional: 0, putget_issue :on_stream, use_graph: 0, use_mmap: 0, mem_handle_type: 0, use_egm: 0
Note: Above is full list of options, any given test will use only a subset of these variables.
mype: 7 mype_node: 3 device name: NVIDIA H200 bus id: 102 
Runtime options after parsing command line arguments 
min_size: 65536, max_size: 65536, step_factor: 2, iterations: 10, warmup iterations: 5, number of ctas: 32, threads per cta: 256 stride: 1, datatype: int, reduce_op: sum, threadgroup_scope: all_scopes, atomic_op: inc, dir: write, report_msgrate: 0, bidirectional: 0, putget_issue :on_stream, use_graph: 0, use_mmap: 0, mem_handle_type: 0, use_egm: 0
Note: Above is full list of options, any given test will use only a subset of these variables.
mype: 6 mype_node: 2 device name: NVIDIA H200 bus id: 63 
128         16        64-bit    block     13.612799         0.009         0.008       
256         32        64-bit    block     12.790400         0.020         0.018       
512         64        64-bit    block     13.580801         0.038         0.033       
1024        128       64-bit    block     13.654400         0.075         0.066       
2048        256       64-bit    block     13.657600         0.150         0.131       
4096        512       64-bit    block     13.587201         0.301         0.264       
8192        1024      64-bit    block     14.364800         0.570         0.499       
16384       2048      64-bit    block     15.299200         1.071         0.937       
32768       4096      64-bit    block     44.784001         0.732         0.640       
Runtime options after parsing command line arguments 
min_size: 65536, max_size: 65536, step_factor: 2, iterations: 10, warmup iterations: 5, number of ctas: 32, threads per cta: 256 stride: 1, datatype: int, reduce_op: sum, threadgroup_scope: all_scopes, atomic_op: inc, dir: write, report_msgrate: 0, bidirectional: 0, putget_issue :on_stream, use_graph: 0, use_mmap: 0, mem_handle_type: 0, use_egm: 0
Note: Above is full list of options, any given test will use only a subset of these variables.
mype: 2 mype_node: 2 device name: NVIDIA H200 bus id: 63 
Runtime options after parsing command line arguments 
min_size: 65536, max_size: 65536, step_factor: 2, iterations: 10, warmup iterations: 5, number of ctas: 32, threads per cta: 256 stride: 1, datatype: int, reduce_op: sum, threadgroup_scope: all_scopes, atomic_op: inc, dir: write, report_msgrate: 0, bidirectional: 0, putget_issue :on_stream, use_graph: 0, use_mmap: 0, mem_handle_type: 0, use_egm: 0
Note: Above is full list of options, any given test will use only a subset of these variables.
mype: 5 mype_node: 1 device name: NVIDIA H200 bus id: 45 
Runtime options after parsing command line arguments 
min_size: 65536, max_size: 65536, step_factor: 2, iterations: 10, warmup iterations: 5, number of ctas: 32, threads per cta: 256 stride: 1, datatype: int, reduce_op: sum, threadgroup_scope: all_scopes, atomic_op: inc, dir: write, report_msgrate: 0, bidirectional: 0, putget_issue :on_stream, use_graph: 0, use_mmap: 0, mem_handle_type: 0, use_egm: 0
Note: Above is full list of options, any given test will use only a subset of these variables.
mype: 1 mype_node: 1 device name: NVIDIA H200 bus id: 45 
Runtime options after parsing command line arguments 
min_size: 65536, max_size: 65536, step_factor: 2, iterations: 10, warmup iterations: 5, number of ctas: 32, threads per cta: 256 stride: 1, datatype: int, reduce_op: sum, threadgroup_scope: all_scopes, atomic_op: inc, dir: write, report_msgrate: 0, bidirectional: 0, putget_issue :on_stream, use_graph: 0, use_mmap: 0, mem_handle_type: 0, use_egm: 0
Note: Above is full list of options, any given test will use only a subset of these variables.
mype: 3 mype_node: 3 device name: NVIDIA H200 bus id: 102 
