Runtime options after parsing command line arguments 
min_size: 4, max_size: 33554432, step_factor: 2, iterations: 10, warmup iterations: 5, number of ctas: 32, threads per cta: 256 stride: 1, datatype: int, reduce_op: sum, threadgroup_scope: all_scopes, atomic_op: inc, dir: write, report_msgrate: 0, bidirectional: 0, putget_issue :on_stream, use_graph: 0, use_mmap: 0, mem_handle_type: 0, use_egm: 0
Note: Above is full list of options, any given test will use only a subset of these variables.
NVSHMEM v3.3.9
mype: 0 mype_node: 0 device name: NVIDIA H200 bus id: 25 
#bcast_device
size(B)     count     type      scope     latency(us)       algbw(GB/s)   busbw(GB/s) 
4           1         32-bit    thread    52.579200         0.000         0.000       
8           2         32-bit    thread    3.849600          0.002         0.002       
16          4         32-bit    thread    13.040000         0.001         0.001       
32          8         32-bit    thread    12.060800         0.003         0.003       
64          16        32-bit    thread    14.598399         0.004         0.004       
128         32        32-bit    thread    13.411200         0.010         0.010       
256         64        32-bit    thread    7.232000          0.035         0.035       
512         128       32-bit    thread    9.622400          0.053         0.053       
1024        256       32-bit    thread    16.230400         0.063         0.063       
#bcast_device
size(B)     count     type      scope     latency(us)       algbw(GB/s)   busbw(GB/s) 
4           1         32-bit    warp      31.878400         0.000         0.000       
8           2         32-bit    warp      3.964800          0.002         0.002       
16          4         32-bit    warp      3.894400          0.004         0.004       
32          8         32-bit    warp      3.977600          0.008         0.008       
64          16        32-bit    warp      3.958400          0.016         0.016       
128         32        32-bit    warp      3.904000          0.033         0.033       
256         64        32-bit    warp      3.865600          0.066         0.066       
512         128       32-bit    warp      3.849600          0.133         0.133       
1024        256       32-bit    warp      3.862400          0.265         0.265       
2048        512       32-bit    warp      4.771200          0.429         0.429       
4096        1024      32-bit    warp      5.686400          0.720         0.720       
8192        2048      32-bit    warp      8.028800          1.020         1.020       
#bcast_device
size(B)     count     type      scope     latency(us)       algbw(GB/s)   busbw(GB/s) 
4           1         32-bit    block     31.775999         0.000         0.000       
8           2         32-bit    block     4.729600          0.002         0.002       
16          4         32-bit    block     4.748800          0.003         0.003       
32          8         32-bit    block     4.828800          0.007         0.007       
64          16        32-bit    block     4.636800          0.014         0.014       
128         32        32-bit    block     4.713600          0.027         0.027       
256         64        32-bit    block     4.729600          0.054         0.054       
512         128       32-bit    block     4.758400          0.108         0.108       
1024        256       32-bit    block     4.675200          0.219         0.219       
2048        512       32-bit    block     4.700800          0.436         0.436       
4096        1024      32-bit    block     4.771200          0.858         0.858       
8192        2048      32-bit    block     4.889600          1.675         1.675       
16384       4096      32-bit    block     6.339200          2.585         2.585       
32768       8192      32-bit    block     43.424001         0.755         0.755       
65536       16384     32-bit    block     57.123202         1.147         1.147       
131072      32768     32-bit    block     84.979200         1.542         1.542       
262144      65536     32-bit    block     140.771198        1.862         1.862       
524288      131072    32-bit    block     249.702406        2.100         2.100       
1048576     262144    32-bit    block     468.489599        2.238         2.238       
2097152     524288    32-bit    block     908.288002        2.309         2.309       
4194304     1048576   32-bit    block     1787.171173       2.347         2.347       
8388608     2097152   32-bit    block     3541.228867       2.369         2.369       
16777216    4194304   32-bit    block     7384.515381       2.272         2.272       
33554432    8388608   32-bit    block     21021.632385      1.596         1.596       
#bcast_device
size(B)     count     type      scope     latency(us)       algbw(GB/s)   busbw(GB/s) 
8           1         64-bit    thread    51.510400         0.000         0.000       
16          2         64-bit    thread    4.009600          0.004         0.004       
32          4         64-bit    thread    3.865600          0.008         0.008       
64          8         64-bit    thread    4.806400          0.013         0.013       
128         16        64-bit    thread    5.542400          0.023         0.023       
256         32        64-bit    thread    7.168000          0.036         0.036       
512         64        64-bit    thread    9.635200          0.053         0.053       
1024        128       64-bit    thread    16.198400         0.063         0.063       
2048        256       64-bit    thread    28.515199         0.072         0.072       
#bcast_device
size(B)     count     type      scope     latency(us)       algbw(GB/s)   busbw(GB/s) 
8           1         64-bit    warp      31.072000         0.000         0.000       
16          2         64-bit    warp      3.875200          0.004         0.004       
32          4         64-bit    warp      3.910400          0.008         0.008       
64          8         64-bit    warp      3.865600          0.017         0.017       
128         16        64-bit    warp      3.990400          0.032         0.032       
256         32        64-bit    warp      4.016000          0.064         0.064       
512         64        64-bit    warp      3.878400          0.132         0.132       
1024        128       64-bit    warp      3.910400          0.262         0.262       
2048        256       64-bit    warp      4.707200          0.435         0.435       
4096        512       64-bit    warp      5.580800          0.734         0.734       
8192        1024      64-bit    warp      8.083200          1.013         1.013       
16384       2048      64-bit    warp      13.718399         1.194         1.194       
#bcast_device
size(B)     count     type      scope     latency(us)       algbw(GB/s)   busbw(GB/s) 
8           1         64-bit    block     29.428199         0.000         0.000       
16          2         64-bit    block     7.521400          0.002         0.002       
32          4         64-bit    block     7.633799          0.004         0.004       
64          8         64-bit    block     7.875000          0.008         0.008       
128         16        64-bit    block     7.446399          0.017         0.017       
256         32        64-bit    block     7.553600          0.034         0.034       
512         64        64-bit    block     7.527600          0.068         0.068       
1024        128       64-bit    block     7.836600          0.131         0.131       
2048        256       64-bit    block     7.691400          0.266         0.266       
4096        512       64-bit    block     8.195600          0.500         0.500       
8192        1024      64-bit    block     9.181400          0.892         0.892       
16384       2048      64-bit    block     11.069600         1.480         1.480       
32768       4096      64-bit    block     40.886202         0.801         0.801       
65536       8192      64-bit    block     53.350997         1.228         1.228       
Runtime options after parsing command line arguments 
min_size: 4, max_size: 33554432, step_factor: 2, iterations: 10, warmup iterations: 5, number of ctas: 32, threads per cta: 256 stride: 1, datatype: int, reduce_op: sum, threadgroup_scope: all_scopes, atomic_op: inc, dir: write, report_msgrate: 0, bidirectional: 0, putget_issue :on_stream, use_graph: 0, use_mmap: 0, mem_handle_type: 0, use_egm: 0
Note: Above is full list of options, any given test will use only a subset of these variables.
mype: 3 mype_node: 3 device name: NVIDIA H200 bus id: 102 
Runtime options after parsing command line arguments 
min_size: 4, max_size: 33554432, step_factor: 2, iterations: 10, warmup iterations: 5, number of ctas: 32, threads per cta: 256 stride: 1, datatype: int, reduce_op: sum, threadgroup_scope: all_scopes, atomic_op: inc, dir: write, report_msgrate: 0, bidirectional: 0, putget_issue :on_stream, use_graph: 0, use_mmap: 0, mem_handle_type: 0, use_egm: 0
Note: Above is full list of options, any given test will use only a subset of these variables.
mype: 7 mype_node: 7 device name: NVIDIA H200 bus id: 228 
Runtime options after parsing command line arguments 
min_size: 4, max_size: 33554432, step_factor: 2, iterations: 10, warmup iterations: 5, number of ctas: 32, threads per cta: 256 stride: 1, datatype: int, reduce_op: sum, threadgroup_scope: all_scopes, atomic_op: inc, dir: write, report_msgrate: 0, bidirectional: 0, putget_issue :on_stream, use_graph: 0, use_mmap: 0, mem_handle_type: 0, use_egm: 0
Note: Above is full list of options, any given test will use only a subset of these variables.
mype: 1 mype_node: 1 device name: NVIDIA H200 bus id: 45 
Runtime options after parsing command line arguments 
min_size: 4, max_size: 33554432, step_factor: 2, iterations: 10, warmup iterations: 5, number of ctas: 32, threads per cta: 256 stride: 1, datatype: int, reduce_op: sum, threadgroup_scope: all_scopes, atomic_op: inc, dir: write, report_msgrate: 0, bidirectional: 0, putget_issue :on_stream, use_graph: 0, use_mmap: 0, mem_handle_type: 0, use_egm: 0
Note: Above is full list of options, any given test will use only a subset of these variables.
mype: 2 mype_node: 2 device name: NVIDIA H200 bus id: 63 
Runtime options after parsing command line arguments 
min_size: 4, max_size: 33554432, step_factor: 2, iterations: 10, warmup iterations: 5, number of ctas: 32, threads per cta: 256 stride: 1, datatype: int, reduce_op: sum, threadgroup_scope: all_scopes, atomic_op: inc, dir: write, report_msgrate: 0, bidirectional: 0, putget_issue :on_stream, use_graph: 0, use_mmap: 0, mem_handle_type: 0, use_egm: 0
Note: Above is full list of options, any given test will use only a subset of these variables.
mype: 4 mype_node: 4 device name: NVIDIA H200 bus id: 155 
131072      16384     64-bit    block     79.363799         1.652         1.652       
262144      32768     64-bit    block     132.123399        1.984         1.984       
524288      65536     64-bit    block     235.514212        2.226         2.226       
1048576     131072    64-bit    block     444.158602        2.361         2.361       
2097152     262144    64-bit    block     861.680794        2.434         2.434       
4194304     524288    64-bit    block     1695.119476       2.474         2.474       
8388608     1048576   64-bit    block     3362.112427       2.495         2.495       
16777216    2097152   64-bit    block     7016.651154       2.391         2.391       
33554432    4194304   64-bit    block     19931.430054      1.683         1.683       
Runtime options after parsing command line arguments 
min_size: 4, max_size: 33554432, step_factor: 2, iterations: 10, warmup iterations: 5, number of ctas: 32, threads per cta: 256 stride: 1, datatype: int, reduce_op: sum, threadgroup_scope: all_scopes, atomic_op: inc, dir: write, report_msgrate: 0, bidirectional: 0, putget_issue :on_stream, use_graph: 0, use_mmap: 0, mem_handle_type: 0, use_egm: 0
Note: Above is full list of options, any given test will use only a subset of these variables.
mype: 6 mype_node: 6 device name: NVIDIA H200 bus id: 191 
Runtime options after parsing command line arguments 
min_size: 4, max_size: 33554432, step_factor: 2, iterations: 10, warmup iterations: 5, number of ctas: 32, threads per cta: 256 stride: 1, datatype: int, reduce_op: sum, threadgroup_scope: all_scopes, atomic_op: inc, dir: write, report_msgrate: 0, bidirectional: 0, putget_issue :on_stream, use_graph: 0, use_mmap: 0, mem_handle_type: 0, use_egm: 0
Note: Above is full list of options, any given test will use only a subset of these variables.
mype: 13 mype_node: 5 device name: NVIDIA H200 bus id: 174 
Runtime options after parsing command line arguments 
min_size: 4, max_size: 33554432, step_factor: 2, iterations: 10, warmup iterations: 5, number of ctas: 32, threads per cta: 256 stride: 1, datatype: int, reduce_op: sum, threadgroup_scope: all_scopes, atomic_op: inc, dir: write, report_msgrate: 0, bidirectional: 0, putget_issue :on_stream, use_graph: 0, use_mmap: 0, mem_handle_type: 0, use_egm: 0
Note: Above is full list of options, any given test will use only a subset of these variables.
mype: 5 mype_node: 5 device name: NVIDIA H200 bus id: 174 
Runtime options after parsing command line arguments 
min_size: 4, max_size: 33554432, step_factor: 2, iterations: 10, warmup iterations: 5, number of ctas: 32, threads per cta: 256 stride: 1, datatype: int, reduce_op: sum, threadgroup_scope: all_scopes, atomic_op: inc, dir: write, report_msgrate: 0, bidirectional: 0, putget_issue :on_stream, use_graph: 0, use_mmap: 0, mem_handle_type: 0, use_egm: 0
Note: Above is full list of options, any given test will use only a subset of these variables.
mype: 11 mype_node: 3 device name: NVIDIA H200 bus id: 102 
Runtime options after parsing command line arguments 
min_size: 4, max_size: 33554432, step_factor: 2, iterations: 10, warmup iterations: 5, number of ctas: 32, threads per cta: 256 stride: 1, datatype: int, reduce_op: sum, threadgroup_scope: all_scopes, atomic_op: inc, dir: write, report_msgrate: 0, bidirectional: 0, putget_issue :on_stream, use_graph: 0, use_mmap: 0, mem_handle_type: 0, use_egm: 0
Note: Above is full list of options, any given test will use only a subset of these variables.
mype: 9 mype_node: 1 device name: NVIDIA H200 bus id: 45 
Runtime options after parsing command line arguments 
min_size: 4, max_size: 33554432, step_factor: 2, iterations: 10, warmup iterations: 5, number of ctas: 32, threads per cta: 256 stride: 1, datatype: int, reduce_op: sum, threadgroup_scope: all_scopes, atomic_op: inc, dir: write, report_msgrate: 0, bidirectional: 0, putget_issue :on_stream, use_graph: 0, use_mmap: 0, mem_handle_type: 0, use_egm: 0
Note: Above is full list of options, any given test will use only a subset of these variables.
mype: 14 mype_node: 6 device name: NVIDIA H200 bus id: 191 
Runtime options after parsing command line arguments 
min_size: 4, max_size: 33554432, step_factor: 2, iterations: 10, warmup iterations: 5, number of ctas: 32, threads per cta: 256 stride: 1, datatype: int, reduce_op: sum, threadgroup_scope: all_scopes, atomic_op: inc, dir: write, report_msgrate: 0, bidirectional: 0, putget_issue :on_stream, use_graph: 0, use_mmap: 0, mem_handle_type: 0, use_egm: 0
Note: Above is full list of options, any given test will use only a subset of these variables.
mype: 8 mype_node: 0 device name: NVIDIA H200 bus id: 25 
Runtime options after parsing command line arguments 
min_size: 4, max_size: 33554432, step_factor: 2, iterations: 10, warmup iterations: 5, number of ctas: 32, threads per cta: 256 stride: 1, datatype: int, reduce_op: sum, threadgroup_scope: all_scopes, atomic_op: inc, dir: write, report_msgrate: 0, bidirectional: 0, putget_issue :on_stream, use_graph: 0, use_mmap: 0, mem_handle_type: 0, use_egm: 0
Note: Above is full list of options, any given test will use only a subset of these variables.
mype: 10 mype_node: 2 device name: NVIDIA H200 bus id: 63 
Runtime options after parsing command line arguments 
min_size: 4, max_size: 33554432, step_factor: 2, iterations: 10, warmup iterations: 5, number of ctas: 32, threads per cta: 256 stride: 1, datatype: int, reduce_op: sum, threadgroup_scope: all_scopes, atomic_op: inc, dir: write, report_msgrate: 0, bidirectional: 0, putget_issue :on_stream, use_graph: 0, use_mmap: 0, mem_handle_type: 0, use_egm: 0
Note: Above is full list of options, any given test will use only a subset of these variables.
mype: 12 mype_node: 4 device name: NVIDIA H200 bus id: 155 
Runtime options after parsing command line arguments 
min_size: 4, max_size: 33554432, step_factor: 2, iterations: 10, warmup iterations: 5, number of ctas: 32, threads per cta: 256 stride: 1, datatype: int, reduce_op: sum, threadgroup_scope: all_scopes, atomic_op: inc, dir: write, report_msgrate: 0, bidirectional: 0, putget_issue :on_stream, use_graph: 0, use_mmap: 0, mem_handle_type: 0, use_egm: 0
Note: Above is full list of options, any given test will use only a subset of these variables.
mype: 15 mype_node: 7 device name: NVIDIA H200 bus id: 228 
