Runtime options after parsing command line arguments 
min_size: 4, max_size: 33554432, step_factor: 2, iterations: 10, warmup iterations: 5, number of ctas: 32, threads per cta: 256 stride: 1, datatype: int, reduce_op: sum, threadgroup_scope: all_scopes, atomic_op: inc, dir: write, report_msgrate: 0, bidirectional: 0, putget_issue :on_stream, use_graph: 0, use_mmap: 0, mem_handle_type: 0, use_egm: 0
Note: Above is full list of options, any given test will use only a subset of these variables.
NVSHMEM v3.3.9
mype: 0 mype_node: 0 device name: NVIDIA H200 bus id: 25 
#device_reduction
size(B)     count     type      redop     scope     latency(us)       algbw(GB/s)   busbw(GB/s) 
4           1         int32     sum       t         12.192000         0.000         0.001       
8           2         int32     sum       t         11.929600         0.001         0.001       
16          4         int32     sum       t         12.028800         0.001         0.002       
32          8         int32     sum       t         12.812801         0.002         0.004       
64          16        int32     sum       t         15.299200         0.004         0.007       
128         32        int32     sum       t         19.324800         0.007         0.012       
256         64        int32     sum       t         27.520001         0.009         0.016       
512         128       int32     sum       t         43.923199         0.012         0.020       
1024        256       int32     sum       t         76.748800         0.013         0.023       
#device_reduction
size(B)     count     type      redop     scope     latency(us)       algbw(GB/s)   busbw(GB/s) 
4           1         int32     prod      t         11.971200         0.000         0.001       
8           2         int32     prod      t         11.961600         0.001         0.001       
16          4         int32     prod      t         11.964800         0.001         0.002       
32          8         int32     prod      t         12.761600         0.003         0.004       
64          16        int32     prod      t         14.492799         0.004         0.008       
128         32        int32     prod      t         19.385600         0.007         0.012       
256         64        int32     prod      t         27.785599         0.009         0.016       
512         128       int32     prod      t         43.900800         0.012         0.020       
1024        256       int32     prod      t         76.646399         0.013         0.023       
#device_reduction
size(B)     count     type      redop     scope     latency(us)       algbw(GB/s)   busbw(GB/s) 
4           1         int32     and       t         12.006400         0.000         0.001       
8           2         int32     and       t         12.038400         0.001         0.001       
16          4         int32     and       t         11.955200         0.001         0.002       
32          8         int32     and       t         12.787201         0.003         0.004       
64          16        int32     and       t         14.403200         0.004         0.008       
128         32        int32     and       t         19.395199         0.007         0.012       
256         64        int32     and       t         27.555200         0.009         0.016       
512         128       int32     and       t         43.875200         0.012         0.020       
1024        256       int32     and       t         76.691198         0.013         0.023       
#device_reduction
size(B)     count     type      redop     scope     latency(us)       algbw(GB/s)   busbw(GB/s) 
4           1         int32     or        t         12.326400         0.000         0.001       
8           2         int32     or        t         12.841600         0.001         0.001       
16          4         int32     or        t         12.044800         0.001         0.002       
32          8         int32     or        t         12.726399         0.003         0.004       
64          16        int32     or        t         15.276800         0.004         0.007       
128         32        int32     or        t         18.585600         0.007         0.012       
256         64        int32     or        t         27.587199         0.009         0.016       
512         128       int32     or        t         43.968001         0.012         0.020       
1024        256       int32     or        t         76.732802         0.013         0.023       
#device_reduction
size(B)     count     type      redop     scope     latency(us)       algbw(GB/s)   busbw(GB/s) 
4           1         int32     xor       t         12.707201         0.000         0.001       
8           2         int32     xor       t         11.977600         0.001         0.001       
16          4         int32     xor       t         11.990400         0.001         0.002       
32          8         int32     xor       t         12.800001         0.002         0.004       
64          16        int32     xor       t         15.216000         0.004         0.007       
128         32        int32     xor       t         19.315200         0.007         0.012       
256         64        int32     xor       t         27.561599         0.009         0.016       
512         128       int32     xor       t         43.916801         0.012         0.020       
1024        256       int32     xor       t         76.659203         0.013         0.023       
#device_reduction
size(B)     count     type      redop     scope     latency(us)       algbw(GB/s)   busbw(GB/s) 
4           1         int32     min       t         11.881600         0.000         0.001       
8           2         int32     min       t         11.939200         0.001         0.001       
16          4         int32     min       t         12.032000         0.001         0.002       
32          8         int32     min       t         12.780800         0.003         0.004       
64          16        int32     min       t         15.251200         0.004         0.007       
128         32        int32     min       t         18.489601         0.007         0.012       
256         64        int32     min       t         27.552000         0.009         0.016       
512         128       int32     min       t         43.977600         0.012         0.020       
1024        256       int32     min       t         77.516800         0.013         0.023       
#device_reduction
size(B)     count     type      redop     scope     latency(us)       algbw(GB/s)   busbw(GB/s) 
4           1         int32     max       t         12.588800         0.000         0.001       
8           2         int32     max       t         11.936000         0.001         0.001       
16          4         int32     max       t         11.971200         0.001         0.002       
32          8         int32     max       t         12.825599         0.002         0.004       
64          16        int32     max       t         14.508800         0.004         0.008       
128         32        int32     max       t         19.318400         0.007         0.012       
256         64        int32     max       t         27.504000         0.009         0.016       
512         128       int32     max       t         43.884799         0.012         0.020       
1024        256       int32     max       t         76.716799         0.013         0.023       
#device_reduction
size(B)     count     type      redop     scope     latency(us)       algbw(GB/s)   busbw(GB/s) 
8           1         int64     sum       t         11.932800         0.001         0.001       
16          2         int64     sum       t         12.012800         0.001         0.002       
32          4         int64     sum       t         12.774400         0.003         0.004       
64          8         int64     sum       t         13.638400         0.005         0.008       
128         16        int64     sum       t         16.940799         0.008         0.013       
256         32        int64     sum       t         22.627200         0.011         0.020       
512         64        int64     sum       t         34.844801         0.015         0.026       
1024        128       int64     sum       t         59.427202         0.017         0.030       
2048        256       int64     sum       t         108.694398        0.019         0.033       
#device_reduction
size(B)     count     type      redop     scope     latency(us)       algbw(GB/s)   busbw(GB/s) 
8           1         int64     prod      t         11.980800         0.001         0.001       
16          2         int64     prod      t         11.961600         0.001         0.002       
32          4         int64     prod      t         12.790400         0.003         0.004       
64          8         int64     prod      t         13.568000         0.005         0.008       
128         16        int64     prod      t         16.819200         0.008         0.013       
256         32        int64     prod      t         23.465601         0.011         0.019       
512         64        int64     prod      t         34.886399         0.015         0.026       
1024        128       int64     prod      t         60.259199         0.017         0.030       
2048        256       int64     prod      t         110.227203        0.019         0.033       
#device_reduction
size(B)     count     type      redop     scope     latency(us)       algbw(GB/s)   busbw(GB/s) 
8           1         int64     and       t         11.971200         0.001         0.001       
16          2         int64     and       t         11.980800         0.001         0.002       
32          4         int64     and       t         11.980800         0.003         0.005       
64          8         int64     and       t         13.580801         0.005         0.008       
128         16        int64     and       t         16.841599         0.008         0.013       
256         32        int64     and       t         22.649600         0.011         0.020       
512         64        int64     and       t         34.083200         0.015         0.026       
1024        128       int64     and       t         57.798398         0.018         0.031       
2048        256       int64     and       t         106.188798        0.019         0.034       
#device_reduction
size(B)     count     type      redop     scope     latency(us)       algbw(GB/s)   busbw(GB/s) 
8           1         int64     or        t         12.697600         0.001         0.001       
16          2         int64     or        t         11.968000         0.001         0.002       
32          4         int64     or        t         12.009600         0.003         0.005       
64          8         int64     or        t         13.545600         0.005         0.008       
128         16        int64     or        t         16.860799         0.008         0.013       
256         32        int64     or        t         22.569600         0.011         0.020       
512         64        int64     or        t         34.118399         0.015         0.026       
1024        128       int64     or        t         57.849598         0.018         0.031       
2048        256       int64     or        t         105.388796        0.019         0.034       
#device_reduction
size(B)     count     type      redop     scope     latency(us)       algbw(GB/s)   busbw(GB/s) 
8           1         int64     xor       t         11.904000         0.001         0.001       
16          2         int64     xor       t         11.910400         0.001         0.002       
32          4         int64     xor       t         12.771200         0.003         0.004       
64          8         int64     xor       t         13.622400         0.005         0.008       
128         16        int64     xor       t         16.803201         0.008         0.013       
256         32        int64     xor       t         22.668800         0.011         0.020       
512         64        int64     xor       t         34.067199         0.015         0.026       
1024        128       int64     xor       t         57.910401         0.018         0.031       
2048        256       int64     xor       t         106.249595        0.019         0.034       
#device_reduction
size(B)     count     type      redop     scope     latency(us)       algbw(GB/s)   busbw(GB/s) 
8           1         int64     min       t         12.688001         0.001         0.001       
16          2         int64     min       t         11.916800         0.001         0.002       
32          4         int64     min       t         12.774400         0.003         0.004       
64          8         int64     min       t         13.686401         0.005         0.008       
128         16        int64     min       t         16.918400         0.008         0.013       
256         32        int64     min       t         23.360001         0.011         0.019       
512         64        int64     min       t         35.670400         0.014         0.025       
1024        128       int64     min       t         60.284799         0.017         0.030       
2048        256       int64     min       t         110.329604        0.019         0.032       
#device_reduction
size(B)     count     type      redop     scope     latency(us)       algbw(GB/s)   busbw(GB/s) 
8           1         int64     max       t         11.929600         0.001         0.001       
16          2         int64     max       t         11.987200         0.001         0.002       
32          4         int64     max       t         13.580801         0.002         0.004       
64          8         int64     max       t         13.616000         0.005         0.008       
128         16        int64     max       t         16.851200         0.008         0.013       
256         32        int64     max       t         22.608000         0.011         0.020       
512         64        int64     max       t         35.657600         0.014         0.025       
1024        128       int64     max       t         60.291201         0.017         0.030       
2048        256       int64     max       t         110.268795        0.019         0.033       
#device_reduction
size(B)     count     type      redop     scope     latency(us)       algbw(GB/s)   busbw(GB/s) 
4           1         int32     sum       w         12.758400         0.000         0.001       
8           2         int32     sum       w         11.900800         0.001         0.001       
16          4         int32     sum       w         11.913600         0.001         0.002       
32          8         int32     sum       w         11.939200         0.003         0.005       
64          16        int32     sum       w         12.009600         0.005         0.009       
128         32        int32     sum       w         11.971200         0.011         0.019       
256         64        int32     sum       w         12.806401         0.020         0.035       
512         128       int32     sum       w         15.196800         0.034         0.059       
1024        256       int32     sum       w         18.521599         0.055         0.097       
2048        512       int32     sum       w         27.564800         0.074         0.130       
4096        1024      int32     sum       w         41.520000         0.099         0.173       
8192        2048      int32     sum       w         72.537601         0.113         0.198       
#device_reduction
size(B)     count     type      redop     scope     latency(us)       algbw(GB/s)   busbw(GB/s) 
4           1         int32     prod      w         11.926400         0.000         0.001       
8           2         int32     prod      w         11.974400         0.001         0.001       
16          4         int32     prod      w         12.060800         0.001         0.002       
32          8         int32     prod      w         12.224000         0.003         0.005       
64          16        int32     prod      w         12.771200         0.005         0.009       
128         32        int32     prod      w         11.923200         0.011         0.019       
256         64        int32     prod      w         12.761600         0.020         0.035       
512         128       int32     prod      w         15.216000         0.034         0.059       
1024        256       int32     prod      w         18.595199         0.055         0.096       
2048        512       int32     prod      w         27.468801         0.075         0.130       
4096        1024      int32     prod      w         41.503999         0.099         0.173       
8192        2048      int32     prod      w         72.534400         0.113         0.198       
#device_reduction
size(B)     count     type      redop     scope     latency(us)       algbw(GB/s)   busbw(GB/s) 
4           1         int32     and       w         11.990400         0.000         0.001       
8           2         int32     and       w         12.000000         0.001         0.001       
16          4         int32     and       w         12.006400         0.001         0.002       
32          8         int32     and       w         11.900800         0.003         0.005       
64          16        int32     and       w         11.980800         0.005         0.009       
128         32        int32     and       w         12.012800         0.011         0.019       
256         64        int32     and       w         12.812801         0.020         0.035       
512         128       int32     and       w         15.260801         0.034         0.059       
1024        256       int32     and       w         18.492800         0.055         0.097       
2048        512       int32     and       w         26.739201         0.077         0.134       
4096        1024      int32     and       w         41.500801         0.099         0.173       
8192        2048      int32     and       w         72.499198         0.113         0.198       
#device_reduction
size(B)     count     type      redop     scope     latency(us)       algbw(GB/s)   busbw(GB/s) 
4           1         int32     or        w         12.803200         0.000         0.001       
8           2         int32     or        w         11.916800         0.001         0.001       
16          4         int32     or        w         11.968000         0.001         0.002       
32          8         int32     or        w         12.028800         0.003         0.005       
64          16        int32     or        w         11.910400         0.005         0.009       
128         32        int32     or        w         11.945600         0.011         0.019       
256         64        int32     or        w         12.787201         0.020         0.035       
512         128       int32     or        w         15.305600         0.033         0.059       
1024        256       int32     or        w         18.569601         0.055         0.097       
2048        512       int32     or        w         27.487999         0.075         0.130       
4096        1024      int32     or        w         41.503999         0.099         0.173       
8192        2048      int32     or        w         72.556800         0.113         0.198       
#device_reduction
size(B)     count     type      redop     scope     latency(us)       algbw(GB/s)   busbw(GB/s) 
4           1         int32     xor       w         11.913600         0.000         0.001       
8           2         int32     xor       w         11.974400         0.001         0.001       
16          4         int32     xor       w         11.948800         0.001         0.002       
32          8         int32     xor       w         12.716800         0.003         0.004       
64          16        int32     xor       w         11.948800         0.005         0.009       
128         32        int32     xor       w         12.038400         0.011         0.019       
256         64        int32     xor       w         12.793601         0.020         0.035       
512         128       int32     xor       w         15.196800         0.034         0.059       
1024        256       int32     xor       w         18.528000         0.055         0.097       
2048        512       int32     xor       w         27.443200         0.075         0.131       
4096        1024      int32     xor       w         41.548800         0.099         0.173       
8192        2048      int32     xor       w         72.614402         0.113         0.197       
#device_reduction
size(B)     count     type      redop     scope     latency(us)       algbw(GB/s)   busbw(GB/s) 
4           1         int32     min       w         12.771200         0.000         0.001       
8           2         int32     min       w         12.822400         0.001         0.001       
16          4         int32     min       w         11.913600         0.001         0.002       
32          8         int32     min       w         11.961600         0.003         0.005       
64          16        int32     min       w         12.006400         0.005         0.009       
128         32        int32     min       w         11.955200         0.011         0.019       
256         64        int32     min       w         12.831999         0.020         0.035       
512         128       int32     min       w         15.254401         0.034         0.059       
1024        256       int32     min       w         18.556800         0.055         0.097       
2048        512       int32     min       w         27.539200         0.074         0.130       
4096        1024      int32     min       w         41.481599         0.099         0.173       
8192        2048      int32     min       w         72.627199         0.113         0.197       
#device_reduction
size(B)     count     type      redop     scope     latency(us)       algbw(GB/s)   busbw(GB/s) 
4           1         int32     max       w         11.939200         0.000         0.001       
8           2         int32     max       w         11.952000         0.001         0.001       
16          4         int32     max       w         11.990400         0.001         0.002       
32          8         int32     max       w         11.888000         0.003         0.005       
64          16        int32     max       w         11.968000         0.005         0.009       
128         32        int32     max       w         12.035200         0.011         0.019       
256         64        int32     max       w         12.889600         0.020         0.035       
512         128       int32     max       w         15.232000         0.034         0.059       
1024        256       int32     max       w         18.473600         0.055         0.097       
2048        512       int32     max       w         27.504000         0.074         0.130       
4096        1024      int32     max       w         41.488001         0.099         0.173       
8192        2048      int32     max       w         72.636801         0.113         0.197       
#device_reduction
size(B)     count     type      redop     scope     latency(us)       algbw(GB/s)   busbw(GB/s) 
8           1         int64     sum       w         11.942400         0.001         0.001       
16          2         int64     sum       w         11.939200         0.001         0.002       
32          4         int64     sum       w         11.990400         0.003         0.005       
64          8         int64     sum       w         12.000000         0.005         0.009       
128         16        int64     sum       w         12.841600         0.010         0.017       
256         32        int64     sum       w         11.984000         0.021         0.037       
512         64        int64     sum       w         12.790400         0.040         0.070       
1024        128       int64     sum       w         15.152000         0.068         0.118       
2048        256       int64     sum       w         19.392000         0.106         0.185       
4096        512       int64     sum       w         27.587199         0.148         0.260       
8192        1024      int64     sum       w         43.107200         0.190         0.333       
16384       2048      int64     sum       w         75.260800         0.218         0.381       
#device_reduction
size(B)     count     type      redop     scope     latency(us)       algbw(GB/s)   busbw(GB/s) 
8           1         int64     prod      w         12.643200         0.001         0.001       
16          2         int64     prod      w         11.936000         0.001         0.002       
32          4         int64     prod      w         12.038400         0.003         0.005       
64          8         int64     prod      w         11.916800         0.005         0.009       
128         16        int64     prod      w         11.942400         0.011         0.019       
256         32        int64     prod      w         11.913600         0.021         0.038       
512         64        int64     prod      w         12.822400         0.040         0.070       
1024        128       int64     prod      w         15.331200         0.067         0.117       
2048        256       int64     prod      w         19.379200         0.106         0.185       
4096        512       int64     prod      w         26.652801         0.154         0.269       
8192        1024      int64     prod      w         43.097600         0.190         0.333       
16384       2048      int64     prod      w         74.227202         0.221         0.386       
#device_reduction
size(B)     count     type      redop     scope     latency(us)       algbw(GB/s)   busbw(GB/s) 
8           1         int64     and       w         12.726399         0.001         0.001       
16          2         int64     and       w         11.913600         0.001         0.002       
32          4         int64     and       w         11.942400         0.003         0.005       
64          8         int64     and       w         12.000000         0.005         0.009       
128         16        int64     and       w         11.993600         0.011         0.019       
256         32        int64     and       w         12.025600         0.021         0.037       
512         64        int64     and       w         12.790400         0.040         0.070       
1024        128       int64     and       w         15.142401         0.068         0.118       
2048        256       int64     and       w         19.340800         0.106         0.185       
4096        512       int64     and       w         26.780799         0.153         0.268       
8192        1024      int64     and       w         42.220801         0.194         0.340       
16384       2048      int64     and       w         73.343998         0.223         0.391       
#device_reduction
size(B)     count     type      redop     scope     latency(us)       algbw(GB/s)   busbw(GB/s) 
8           1         int64     or        w         12.041600         0.001         0.001       
16          2         int64     or        w         11.990400         0.001         0.002       
32          4         int64     or        w         12.457600         0.003         0.004       
64          8         int64     or        w         11.952000         0.005         0.009       
128         16        int64     or        w         11.955200         0.011         0.019       
256         32        int64     or        w         12.016000         0.021         0.037       
512         64        int64     or        w         12.774400         0.040         0.070       
1024        128       int64     or        w         15.273599         0.067         0.117       
2048        256       int64     or        w         19.375999         0.106         0.185       
4096        512       int64     or        w         26.793599         0.153         0.268       
8192        1024      int64     or        w         42.246401         0.194         0.339       
16384       2048      int64     or        w         73.465598         0.223         0.390       
#device_reduction
size(B)     count     type      redop     scope     latency(us)       algbw(GB/s)   busbw(GB/s) 
8           1         int64     xor       w         11.977600         0.001         0.001       
16          2         int64     xor       w         11.932800         0.001         0.002       
32          4         int64     xor       w         11.913600         0.003         0.005       
64          8         int64     xor       w         11.942400         0.005         0.009       
128         16        int64     xor       w         11.968000         0.011         0.019       
256         32        int64     xor       w         12.009600         0.021         0.037       
512         64        int64     xor       w         12.742400         0.040         0.070       
1024        128       int64     xor       w         15.196800         0.067         0.118       
2048        256       int64     xor       w         19.363201         0.106         0.185       
4096        512       int64     xor       w         26.675200         0.154         0.269       
8192        1024      int64     xor       w         42.265600         0.194         0.339       
16384       2048      int64     xor       w         73.398399         0.223         0.391       
#device_reduction
size(B)     count     type      redop     scope     latency(us)       algbw(GB/s)   busbw(GB/s) 
8           1         int64     min       w         12.777600         0.001         0.001       
16          2         int64     min       w         11.929600         0.001         0.002       
32          4         int64     min       w         12.041600         0.003         0.005       
64          8         int64     min       w         11.980800         0.005         0.009       
128         16        int64     min       w         11.910400         0.011         0.019       
256         32        int64     min       w         11.990400         0.021         0.037       
512         64        int64     min       w         12.732799         0.040         0.070       
1024        128       int64     min       w         15.273599         0.067         0.117       
2048        256       int64     min       w         19.360000         0.106         0.185       
4096        512       int64     min       w         27.539200         0.149         0.260       
8192        1024      int64     min       w         43.145600         0.190         0.332       
16384       2048      int64     min       w         75.052798         0.218         0.382       
#device_reduction
size(B)     count     type      redop     scope     latency(us)       algbw(GB/s)   busbw(GB/s) 
8           1         int64     max       w         11.990400         0.001         0.001       
16          2         int64     max       w         11.907200         0.001         0.002       
32          4         int64     max       w         11.958400         0.003         0.005       
64          8         int64     max       w         11.987200         0.005         0.009       
128         16        int64     max       w         11.968000         0.011         0.019       
256         32        int64     max       w         12.816000         0.020         0.035       
512         64        int64     max       w         12.822400         0.040         0.070       
1024        128       int64     max       w         15.200000         0.067         0.118       
2048        256       int64     max       w         19.280000         0.106         0.186       
4096        512       int64     max       w         27.603200         0.148         0.260       
8192        1024      int64     max       w         43.088001         0.190         0.333       
16384       2048      int64     max       w         74.998403         0.218         0.382       
#device_reduction
size(B)     count     type      redop     scope     latency(us)       algbw(GB/s)   busbw(GB/s) 
4           1         int32     sum       b         13.673601         0.000         0.001       
8           2         int32     sum       b         6.211200          0.001         0.002       
16          4         int32     sum       b         6.259200          0.003         0.004       
32          8         int32     sum       b         7.024000          0.005         0.008       
64          16        int32     sum       b         6.224000          0.010         0.018       
128         32        int32     sum       b         6.182400          0.021         0.036       
256         64        int32     sum       b         6.243200          0.041         0.072       
512         128       int32     sum       b         7.075200          0.072         0.127       
1024        256       int32     sum       b         8.732800          0.117         0.205       
2048        512       int32     sum       b         11.168000         0.183         0.321       
4096        1024      int32     sum       b         16.857600         0.243         0.425       
8192        2048      int32     sum       b         21.033600         0.389         0.682       
16384       4096      int32     sum       b         63.049603         0.260         0.455       
32768       8192      int32     sum       b         104.620802        0.313         0.548       
65536       16384     int32     sum       b         205.324793        0.319         0.559       
131072      32768     int32     sum       b         406.793594        0.322         0.564       
262144      65536     int32     sum       b         811.516762        0.323         0.565       
524288      131072    int32     sum       b         1619.308853       0.324         0.567       
1048576     262144    int32     sum       b         3234.815979       0.324         0.567       
2097152     524288    int32     sum       b         6466.445160       0.324         0.568       
4194304     1048576   int32     sum       b         12928.233337      0.324         0.568       
8388608     2097152   int32     sum       b         25854.492188      0.324         0.568       
16777216    4194304   int32     sum       b         53442.053223      0.314         0.549       
#device_reduction
size(B)     count     type      redop     scope     latency(us)       algbw(GB/s)   busbw(GB/s) 
4           1         int32     prod      b         13.638400         0.000         0.001       
8           2         int32     prod      b         6.259200          0.001         0.002       
16          4         int32     prod      b         7.008000          0.002         0.004       
32          8         int32     prod      b         6.320000          0.005         0.009       
64          16        int32     prod      b         6.294400          0.010         0.018       
128         32        int32     prod      b         6.236800          0.021         0.036       
256         64        int32     prod      b         6.195200          0.041         0.072       
512         128       int32     prod      b         7.081600          0.072         0.127       
1024        256       int32     prod      b         8.720000          0.117         0.206       
2048        512       int32     prod      b         11.222400         0.182         0.319       
4096        1024      int32     prod      b         16.899200         0.242         0.424       
8192        2048      int32     prod      b         20.947200         0.391         0.684       
16384       4096      int32     prod      b         56.121600         0.292         0.511       
32768       8192      int32     prod      b         104.518402        0.314         0.549       
65536       16384     int32     prod      b         205.465603        0.319         0.558       
131072      32768     int32     prod      b         407.667208        0.322         0.563       
262144      65536     int32     prod      b         812.265587        0.323         0.565       
524288      131072    int32     prod      b         1619.225693       0.324         0.567       
1048576     262144    int32     prod      b         3236.320114       0.324         0.567       
2097152     524288    int32     prod      b         6471.385956       0.324         0.567       
4194304     1048576   int32     prod      b         12937.263489      0.324         0.567       
8388608     2097152   int32     prod      b         25869.244385      0.324         0.567       
16777216    4194304   int32     prod      b         53510.668945      0.314         0.549       
#device_reduction
size(B)     count     type      redop     scope     latency(us)       algbw(GB/s)   busbw(GB/s) 
4           1         int32     and       b         14.432000         0.000         0.000       
8           2         int32     and       b         6.272000          0.001         0.002       
16          4         int32     and       b         6.272000          0.003         0.004       
32          8         int32     and       b         6.246400          0.005         0.009       
64          16        int32     and       b         6.284800          0.010         0.018       
128         32        int32     and       b         6.246400          0.020         0.036       
256         64        int32     and       b         6.236800          0.041         0.072       
512         128       int32     and       b         7.020800          0.073         0.128       
1024        256       int32     and       b         9.212800          0.111         0.195       
2048        512       int32     and       b         11.065600         0.185         0.324       
4096        1024      int32     and       b         17.718400         0.231         0.405       
8192        2048      int32     and       b         21.817601         0.375         0.657       
16384       4096      int32     and       b         56.230402         0.291         0.510       
32768       8192      int32     and       b         104.480004        0.314         0.549       
65536       16384     int32     and       b         204.438400        0.321         0.561       
131072      32768     int32     and       b         406.825590        0.322         0.564       
262144      65536     int32     and       b         810.671997        0.323         0.566       
524288      131072    int32     and       b         1616.102409       0.324         0.568       
1048576     262144    int32     and       b         3232.291031       0.324         0.568       
2097152     524288    int32     and       b         6462.435150       0.325         0.568       
4194304     1048576   int32     and       b         12917.750549      0.325         0.568       
8388608     2097152   int32     and       b         25827.047729      0.325         0.568       
16777216    4194304   int32     and       b         53414.190674      0.314         0.550       
#device_reduction
size(B)     count     type      redop     scope     latency(us)       algbw(GB/s)   busbw(GB/s) 
4           1         int32     or        b         13.833600         0.000         0.001       
8           2         int32     or        b         6.288000          0.001         0.002       
16          4         int32     or        b         6.268800          0.003         0.004       
32          8         int32     or        b         6.272000          0.005         0.009       
64          16        int32     or        b         7.001600          0.009         0.016       
128         32        int32     or        b         6.243200          0.021         0.036       
256         64        int32     or        b         6.256000          0.041         0.072       
512         128       int32     or        b         7.107200          0.072         0.126       
1024        256       int32     or        b         8.684800          0.118         0.206       
2048        512       int32     or        b         11.104000         0.184         0.323       
4096        1024      int32     or        b         16.841599         0.243         0.426       
8192        2048      int32     or        b         21.801600         0.376         0.658       
16384       4096      int32     or        b         56.268799         0.291         0.510       
32768       8192      int32     or        b         103.721595        0.316         0.553       
65536       16384     int32     or        b         204.470396        0.321         0.561       
131072      32768     int32     or        b         406.771183        0.322         0.564       
262144      65536     int32     or        b         810.729599        0.323         0.566       
524288      131072    int32     or        b         1616.755295       0.324         0.567       
1048576     262144    int32     or        b         3233.900833       0.324         0.567       
2097152     524288    int32     or        b         6462.361908       0.325         0.568       
4194304     1048576   int32     or        b         12920.959473      0.325         0.568       
8388608     2097152   int32     or        b         25825.848389      0.325         0.568       
16777216    4194304   int32     or        b         53418.920898      0.314         0.550       
#device_reduction
size(B)     count     type      redop     scope     latency(us)       algbw(GB/s)   busbw(GB/s) 
4           1         int32     xor       b         13.596800         0.000         0.001       
8           2         int32     xor       b         6.259200          0.001         0.002       
16          4         int32     xor       b         6.230400          0.003         0.004       
32          8         int32     xor       b         6.304000          0.005         0.009       
64          16        int32     xor       b         7.075200          0.009         0.016       
128         32        int32     xor       b         6.163200          0.021         0.036       
256         64        int32     xor       b         6.220800          0.041         0.072       
512         128       int32     xor       b         7.017600          0.073         0.128       
1024        256       int32     xor       b         8.752000          0.117         0.205       
2048        512       int32     xor       b         11.091200         0.185         0.323       
4096        1024      int32     xor       b         16.864000         0.243         0.425       
8192        2048      int32     xor       b         20.982400         0.390         0.683       
16384       4096      int32     xor       b         56.249601         0.291         0.510       
32768       8192      int32     xor       b         104.556799        0.313         0.548       
65536       16384     int32     xor       b         204.476810        0.321         0.561       
131072      32768     int32     xor       b         407.574415        0.322         0.563       
262144      65536     int32     xor       b         811.532784        0.323         0.565       
524288      131072    int32     xor       b         1617.647934       0.324         0.567       
1048576     262144    int32     xor       b         3234.147263       0.324         0.567       
2097152     524288    int32     xor       b         6462.284851       0.325         0.568       
4194304     1048576   int32     xor       b         12919.609070      0.325         0.568       
8388608     2097152   int32     xor       b         25838.217163      0.325         0.568       
16777216    4194304   int32     xor       b         53459.985352      0.314         0.549       
#device_reduction
size(B)     count     type      redop     scope     latency(us)       algbw(GB/s)   busbw(GB/s) 
4           1         int32     min       b         13.654400         0.000         0.001       
8           2         int32     min       b         6.249600          0.001         0.002       
16          4         int32     min       b         6.233600          0.003         0.004       
32          8         int32     min       b         7.033600          0.005         0.008       
64          16        int32     min       b         6.300800          0.010         0.018       
128         32        int32     min       b         6.284800          0.020         0.036       
256         64        int32     min       b         6.195200          0.041         0.072       
512         128       int32     min       b         6.982400          0.073         0.128       
1024        256       int32     min       b         8.636800          0.119         0.207       
2048        512       int32     min       b         11.152000         0.184         0.321       
4096        1024      int32     min       b         16.915201         0.242         0.424       
8192        2048      int32     min       b         21.011201         0.390         0.682       
16384       4096      int32     min       b         56.233603         0.291         0.510       
32768       8192      int32     min       b         103.753603        0.316         0.553       
65536       16384     int32     min       b         205.308795        0.319         0.559       
131072      32768     int32     min       b         406.848001        0.322         0.564       
262144      65536     int32     min       b         812.252808        0.323         0.565       
524288      131072    int32     min       b         1619.209671       0.324         0.567       
1048576     262144    int32     min       b         3234.723282       0.324         0.567       
2097152     524288    int32     min       b         6464.099121       0.324         0.568       
4194304     1048576   int32     min       b         12923.432922      0.325         0.568       
8388608     2097152   int32     min       b         25840.896606      0.325         0.568       
16777216    4194304   int32     min       b         53456.622314      0.314         0.549       
#device_reduction
size(B)     count     type      redop     scope     latency(us)       algbw(GB/s)   busbw(GB/s) 
4           1         int32     max       b         13.711999         0.000         0.001       
8           2         int32     max       b         7.065600          0.001         0.002       
16          4         int32     max       b         6.262400          0.003         0.004       
32          8         int32     max       b         7.027200          0.005         0.008       
64          16        int32     max       b         6.252800          0.010         0.018       
128         32        int32     max       b         6.227200          0.021         0.036       
256         64        int32     max       b         6.265600          0.041         0.072       
512         128       int32     max       b         6.268800          0.082         0.143       
1024        256       int32     max       b         8.630400          0.119         0.208       
2048        512       int32     max       b         11.065600         0.185         0.324       
4096        1024      int32     max       b         16.947199         0.242         0.423       
8192        2048      int32     max       b         21.782400         0.376         0.658       
16384       4096      int32     max       b         57.007998         0.287         0.503       
32768       8192      int32     max       b         104.483199        0.314         0.549       
65536       16384     int32     max       b         205.315208        0.319         0.559       
131072      32768     int32     max       b         407.619190        0.322         0.563       
262144      65536     int32     max       b         810.688019        0.323         0.566       
524288      131072    int32     max       b         1616.736031       0.324         0.568       
1048576     262144    int32     max       b         3231.382370       0.324         0.568       
2097152     524288    int32     max       b         6457.379150       0.325         0.568       
4194304     1048576   int32     max       b         12913.555908      0.325         0.568       
8388608     2097152   int32     max       b         25818.469238      0.325         0.569       
16777216    4194304   int32     max       b         53416.564941      0.314         0.550       
#device_reduction
size(B)     count     type      redop     scope     latency(us)       algbw(GB/s)   busbw(GB/s) 
8           1         int64     sum       b         13.603200         0.001         0.001       
16          2         int64     sum       b         6.246400          0.003         0.004       
32          4         int64     sum       b         6.284800          0.005         0.009       
64          8         int64     sum       b         6.268800          0.010         0.018       
128         16        int64     sum       b         6.262400          0.020         0.036       
256         32        int64     sum       b         6.256000          0.041         0.072       
512         64        int64     sum       b         7.075200          0.072         0.127       
1024        128       int64     sum       b         8.700800          0.118         0.206       
2048        256       int64     sum       b         11.187200         0.183         0.320       
4096        512       int64     sum       b         15.232000         0.269         0.471       
8192        1024      int64     sum       b         17.635199         0.465         0.813       
16384       2048      int64     sum       b         21.779200         0.752         1.316       
32768       4096      int64     sum       b         80.070400         0.409         0.716       
65536       8192      int64     sum       b         156.150401        0.420         0.734       
131072      16384     int64     sum       b         310.191989        0.423         0.739       
262144      32768     int64     sum       b         617.305613        0.425         0.743       
524288      65536     int64     sum       b         1230.128002       0.426         0.746       
1048576     131072    int64     sum       b         2459.014320       0.426         0.746       
2097152     262144    int64     sum       b         4909.974289       0.427         0.747       
4194304     524288    int64     sum       b         9817.795563       0.427         0.748       
8388608     1048576   int64     sum       b         19631.861877      0.427         0.748       
16777216    2097152   int64     sum       b         40538.812256      0.414         0.724       
#device_reduction
size(B)     count     type      redop     scope     latency(us)       algbw(GB/s)   busbw(GB/s) 
8           1         int64     prod      b         13.692801         0.001         0.001       
16          2         int64     prod      b         6.217600          0.003         0.005       
32          4         int64     prod      b         6.259200          0.005         0.009       
64          8         int64     prod      b         6.243200          0.010         0.018       
128         16        int64     prod      b         6.211200          0.021         0.036       
256         32        int64     prod      b         6.278400          0.041         0.071       
512         64        int64     prod      b         7.008000          0.073         0.128       
1024        128       int64     prod      b         8.729600          0.117         0.205       
2048        256       int64     prod      b         10.316800         0.199         0.347       
4096        512       int64     prod      b         15.260801         0.268         0.470       
8192        1024      int64     prod      b         17.715199         0.462         0.809       
16384       2048      int64     prod      b         22.662400         0.723         1.265       
32768       4096      int64     prod      b         79.926401         0.410         0.717       
65536       8192      int64     prod      b         156.979203        0.417         0.731       
131072      16384     int64     prod      b         311.840010        0.420         0.736       
262144      32768     int64     prod      b         619.836807        0.423         0.740       
524288      65536     int64     prod      b         1235.039997       0.425         0.743       
1048576     131072    int64     prod      b         2469.577599       0.425         0.743       
2097152     262144    int64     prod      b         4932.847977       0.425         0.744       
4194304     524288    int64     prod      b         9863.005066       0.425         0.744       
8388608     1048576   int64     prod      b         19718.354797      0.425         0.744       
16777216    2097152   int64     prod      b         40724.752808      0.412         0.721       
#device_reduction
size(B)     count     type      redop     scope     latency(us)       algbw(GB/s)   busbw(GB/s) 
8           1         int64     and       b         13.862400         0.001         0.001       
16          2         int64     and       b         7.052800          0.002         0.004       
32          4         int64     and       b         6.896000          0.005         0.008       
64          8         int64     and       b         6.681600          0.010         0.017       
128         16        int64     and       b         7.027200          0.018         0.032       
256         32        int64     and       b         7.238400          0.035         0.062       
512         64        int64     and       b         7.616000          0.067         0.118       
1024        128       int64     and       b         8.691200          0.118         0.206       
2048        256       int64     and       b         10.371200         0.197         0.346       
4096        512       int64     and       b         15.216000         0.269         0.471       
8192        1024      int64     and       b         21.667200         0.378         0.662       
16384       2048      int64     and       b         24.752000         0.662         1.158       
32768       4096      int64     and       b         81.551999         0.402         0.703       
65536       8192      int64     and       b         156.368005        0.419         0.733       
131072      16384     int64     and       b         309.286404        0.424         0.742       
262144      32768     int64     and       b         612.480021        0.428         0.749       
524288      65536     int64     and       b         1220.284843       0.430         0.752       
1048576     131072    int64     and       b         2440.195274       0.430         0.752       
2097152     262144    int64     and       b         4871.513748       0.430         0.753       
4194304     524288    int64     and       b         9740.799713       0.431         0.754       
8388608     1048576   int64     and       b         19473.887634      0.431         0.754       
16777216    2097152   int64     and       b         40233.969116      0.417         0.730       
#device_reduction
size(B)     count     type      redop     scope     latency(us)       algbw(GB/s)   busbw(GB/s) 
8           1         int64     or        b         13.641600         0.001         0.001       
16          2         int64     or        b         6.201600          0.003         0.005       
32          4         int64     or        b         6.230400          0.005         0.009       
64          8         int64     or        b         6.256000          0.010         0.018       
128         16        int64     or        b         6.275200          0.020         0.036       
256         32        int64     or        b         6.233600          0.041         0.072       
512         64        int64     or        b         6.976000          0.073         0.128       
1024        128       int64     or        b         8.688000          0.118         0.206       
2048        256       int64     or        b         10.329600         0.198         0.347       
4096        512       int64     or        b         15.187199         0.270         0.472       
8192        1024      int64     or        b         17.686400         0.463         0.811       
16384       2048      int64     or        b         21.827200         0.751         1.314       
32768       4096      int64     or        b         79.177600         0.414         0.724       
65536       8192      int64     or        b         155.276799        0.422         0.739       
131072      16384     int64     or        b         306.886411        0.427         0.747       
262144      32768     int64     or        b         611.609602        0.429         0.750       
524288      65536     int64     or        b         1218.617630       0.430         0.753       
1048576     131072    int64     or        b         2435.190392       0.431         0.754       
2097152     262144    int64     or        b         4867.356873       0.431         0.754       
4194304     524288    int64     or        b         9730.163574       0.431         0.754       
8388608     1048576   int64     or        b         19453.190613      0.431         0.755       
16777216    2097152   int64     or        b         40192.886353      0.417         0.730       
#device_reduction
size(B)     count     type      redop     scope     latency(us)       algbw(GB/s)   busbw(GB/s) 
8           1         int64     xor       b         13.558400         0.001         0.001       
16          2         int64     xor       b         6.220800          0.003         0.005       
32          4         int64     xor       b         7.062400          0.005         0.008       
64          8         int64     xor       b         6.227200          0.010         0.018       
128         16        int64     xor       b         6.160000          0.021         0.036       
256         32        int64     xor       b         6.272000          0.041         0.071       
512         64        int64     xor       b         6.995200          0.073         0.128       
1024        128       int64     xor       b         8.662400          0.118         0.207       
2048        256       int64     xor       b         10.307200         0.199         0.348       
4096        512       int64     xor       b         15.267199         0.268         0.470       
8192        1024      int64     xor       b         17.660800         0.464         0.812       
16384       2048      int64     xor       b         21.836799         0.750         1.313       
32768       4096      int64     xor       b         79.136002         0.414         0.725       
65536       8192      int64     xor       b         155.299199        0.422         0.738       
131072      16384     int64     xor       b         306.902409        0.427         0.747       
262144      32768     int64     xor       b         611.638403        0.429         0.750       
524288      65536     int64     xor       b         1217.798424       0.431         0.753       
1048576     131072    int64     xor       b         2437.622452       0.430         0.753       
2097152     262144    int64     xor       b         4871.424103       0.431         0.753       
4194304     524288    int64     xor       b         9735.910034       0.431         0.754       
8388608     1048576   int64     xor       b         19461.386108      0.431         0.754       
16777216    2097152   int64     xor       b         40217.529297      0.417         0.730       
#device_reduction
size(B)     count     type      redop     scope     latency(us)       algbw(GB/s)   busbw(GB/s) 
8           1         int64     min       b         13.609600         0.001         0.001       
16          2         int64     min       b         6.272000          0.003         0.004       
32          4         int64     min       b         6.259200          0.005         0.009       
64          8         int64     min       b         6.262400          0.010         0.018       
128         16        int64     min       b         6.233600          0.021         0.036       
256         32        int64     min       b         6.211200          0.041         0.072       
512         64        int64     min       b         6.969600          0.073         0.129       
1024        128       int64     min       b         8.700800          0.118         0.206       
2048        256       int64     min       b         11.152000         0.184         0.321       
4096        512       int64     min       b         15.190400         0.270         0.472       
8192        1024      int64     min       b         17.648000         0.464         0.812       
16384       2048      int64     min       b         21.814400         0.751         1.314       
32768       4096      int64     min       b         79.891199         0.410         0.718       
Runtime options after parsing command line arguments 
min_size: 4, max_size: 33554432, step_factor: 2, iterations: 10, warmup iterations: 5, number of ctas: 32, threads per cta: 256 stride: 1, datatype: int, reduce_op: sum, threadgroup_scope: all_scopes, atomic_op: inc, dir: write, report_msgrate: 0, bidirectional: 0, putget_issue :on_stream, use_graph: 0, use_mmap: 0, mem_handle_type: 0, use_egm: 0
Note: Above is full list of options, any given test will use only a subset of these variables.
mype: 5 mype_node: 5 device name: NVIDIA H200 bus id: 174 
65536       8192      int64     min       b         156.915200        0.418         0.731       
131072      16384     int64     min       b         310.947204        0.422         0.738       
262144      32768     int64     min       b         619.856024        0.423         0.740       
524288      65536     int64     min       b         1234.230423       0.425         0.743       
1048576     131072    int64     min       b         2467.094421       0.425         0.744       
2097152     262144    int64     min       b         4929.817581       0.425         0.744       
4194304     524288    int64     min       b         9855.510712       0.426         0.745       
8388608     1048576   int64     min       b         19704.771423      0.426         0.745       
16777216    2097152   int64     min       b         40705.786133      0.412         0.721       
#device_reduction
size(B)     count     type      redop     scope     latency(us)       algbw(GB/s)   busbw(GB/s) 
8           1         int64     max       b         13.616000         0.001         0.001       
16          2         int64     max       b         6.201600          0.003         0.005       
32          4         int64     max       b         6.204800          0.005         0.009       
64          8         int64     max       b         6.249600          0.010         0.018       
128         16        int64     max       b         6.217600          0.021         0.036       
256         32        int64     max       b         6.272000          0.041         0.071       
512         64        int64     max       b         7.049600          0.073         0.127       
1024        128       int64     max       b         8.720000          0.117         0.206       
2048        256       int64     max       b         11.110400         0.184         0.323       
4096        512       int64     max       b         15.244800         0.269         0.470       
8192        1024      int64     max       b         17.708801         0.463         0.810       
16384       2048      int64     max       b         21.795200         0.752         1.316       
32768       4096      int64     max       b         79.948801         0.410         0.717       
65536       8192      int64     max       b         156.940806        0.418         0.731       
131072      16384     int64     max       b         310.979199        0.421         0.738       
262144      32768     int64     max       b         619.801617        0.423         0.740       
524288      65536     int64     max       b         1234.188843       0.425         0.743       
1048576     131072    int64     max       b         2467.152023       0.425         0.744       
2097152     262144    int64     max       b         4929.632187       0.425         0.744       
4194304     524288    int64     max       b         9857.913971       0.425         0.745       
8388608     1048576   int64     max       b         19708.822632      0.426         0.745       
16777216    2097152   int64     max       b         40712.423706      0.412         0.721       
Runtime options after parsing command line arguments 
min_size: 4, max_size: 33554432, step_factor: 2, iterations: 10, warmup iterations: 5, number of ctas: 32, threads per cta: 256 stride: 1, datatype: int, reduce_op: sum, threadgroup_scope: all_scopes, atomic_op: inc, dir: write, report_msgrate: 0, bidirectional: 0, putget_issue :on_stream, use_graph: 0, use_mmap: 0, mem_handle_type: 0, use_egm: 0
Note: Above is full list of options, any given test will use only a subset of these variables.
mype: 4 mype_node: 4 device name: NVIDIA H200 bus id: 155 
Runtime options after parsing command line arguments 
min_size: 4, max_size: 33554432, step_factor: 2, iterations: 10, warmup iterations: 5, number of ctas: 32, threads per cta: 256 stride: 1, datatype: int, reduce_op: sum, threadgroup_scope: all_scopes, atomic_op: inc, dir: write, report_msgrate: 0, bidirectional: 0, putget_issue :on_stream, use_graph: 0, use_mmap: 0, mem_handle_type: 0, use_egm: 0
Note: Above is full list of options, any given test will use only a subset of these variables.
mype: 2 mype_node: 2 device name: NVIDIA H200 bus id: 63 
Runtime options after parsing command line arguments 
min_size: 4, max_size: 33554432, step_factor: 2, iterations: 10, warmup iterations: 5, number of ctas: 32, threads per cta: 256 stride: 1, datatype: int, reduce_op: sum, threadgroup_scope: all_scopes, atomic_op: inc, dir: write, report_msgrate: 0, bidirectional: 0, putget_issue :on_stream, use_graph: 0, use_mmap: 0, mem_handle_type: 0, use_egm: 0
Note: Above is full list of options, any given test will use only a subset of these variables.
mype: 1 mype_node: 1 device name: NVIDIA H200 bus id: 45 
Runtime options after parsing command line arguments 
min_size: 4, max_size: 33554432, step_factor: 2, iterations: 10, warmup iterations: 5, number of ctas: 32, threads per cta: 256 stride: 1, datatype: int, reduce_op: sum, threadgroup_scope: all_scopes, atomic_op: inc, dir: write, report_msgrate: 0, bidirectional: 0, putget_issue :on_stream, use_graph: 0, use_mmap: 0, mem_handle_type: 0, use_egm: 0
Note: Above is full list of options, any given test will use only a subset of these variables.
mype: 7 mype_node: 7 device name: NVIDIA H200 bus id: 228 
Runtime options after parsing command line arguments 
min_size: 4, max_size: 33554432, step_factor: 2, iterations: 10, warmup iterations: 5, number of ctas: 32, threads per cta: 256 stride: 1, datatype: int, reduce_op: sum, threadgroup_scope: all_scopes, atomic_op: inc, dir: write, report_msgrate: 0, bidirectional: 0, putget_issue :on_stream, use_graph: 0, use_mmap: 0, mem_handle_type: 0, use_egm: 0
Note: Above is full list of options, any given test will use only a subset of these variables.
mype: 6 mype_node: 6 device name: NVIDIA H200 bus id: 191 
Runtime options after parsing command line arguments 
min_size: 4, max_size: 33554432, step_factor: 2, iterations: 10, warmup iterations: 5, number of ctas: 32, threads per cta: 256 stride: 1, datatype: int, reduce_op: sum, threadgroup_scope: all_scopes, atomic_op: inc, dir: write, report_msgrate: 0, bidirectional: 0, putget_issue :on_stream, use_graph: 0, use_mmap: 0, mem_handle_type: 0, use_egm: 0
Note: Above is full list of options, any given test will use only a subset of these variables.
mype: 3 mype_node: 3 device name: NVIDIA H200 bus id: 102 
