Runtime options after parsing command line arguments 
min_size: 4, max_size: 33554432, step_factor: 2, iterations: 10, warmup iterations: 5, number of ctas: 32, threads per cta: 256 stride: 1, datatype: int, reduce_op: sum, threadgroup_scope: all_scopes, atomic_op: inc, dir: write, report_msgrate: 0, bidirectional: 0, putget_issue :on_stream, use_graph: 0, use_mmap: 0, mem_handle_type: 0, use_egm: 0
Note: Above is full list of options, any given test will use only a subset of these variables.
NVSHMEM v3.3.9
mype: 0 mype_node: 0 device name: NVIDIA H200 bus id: 25 
#bcast_device
size(B)     count     type      scope     latency(us)       algbw(GB/s)   busbw(GB/s) 
4           1         32-bit    thread    52.505600         0.000         0.000       
8           2         32-bit    thread    3.766400          0.002         0.002       
16          4         32-bit    thread    12.905601         0.001         0.001       
32          8         32-bit    thread    11.990400         0.003         0.003       
64          16        32-bit    thread    14.441600         0.004         0.004       
128         32        32-bit    thread    13.843200         0.009         0.009       
256         64        32-bit    thread    7.065600          0.036         0.036       
512         128       32-bit    thread    9.580800          0.053         0.053       
1024        256       32-bit    thread    16.038400         0.064         0.064       
#bcast_device
size(B)     count     type      scope     latency(us)       algbw(GB/s)   busbw(GB/s) 
4           1         32-bit    warp      31.804800         0.000         0.000       
8           2         32-bit    warp      3.920000          0.002         0.002       
16          4         32-bit    warp      3.782400          0.004         0.004       
32          8         32-bit    warp      3.923200          0.008         0.008       
64          16        32-bit    warp      3.798400          0.017         0.017       
128         32        32-bit    warp      3.788800          0.034         0.034       
256         64        32-bit    warp      3.744000          0.068         0.068       
512         128       32-bit    warp      3.747200          0.137         0.137       
1024        256       32-bit    warp      3.718400          0.275         0.275       
2048        512       32-bit    warp      4.700800          0.436         0.436       
4096        1024      32-bit    warp      6.275200          0.653         0.653       
8192        2048      32-bit    warp      8.755200          0.936         0.936       
#bcast_device
size(B)     count     type      scope     latency(us)       algbw(GB/s)   busbw(GB/s) 
4           1         32-bit    block     32.502401         0.000         0.000       
8           2         32-bit    block     4.640000          0.002         0.002       
16          4         32-bit    block     4.588800          0.003         0.003       
32          8         32-bit    block     4.649600          0.007         0.007       
64          16        32-bit    block     4.627200          0.014         0.014       
128         32        32-bit    block     4.595200          0.028         0.028       
256         64        32-bit    block     4.252800          0.060         0.060       
512         128       32-bit    block     4.713600          0.109         0.109       
1024        256       32-bit    block     4.665600          0.219         0.219       
2048        512       32-bit    block     4.636800          0.442         0.442       
4096        1024      32-bit    block     4.624000          0.886         0.886       
8192        2048      32-bit    block     4.604800          1.779         1.779       
16384       4096      32-bit    block     6.297600          2.602         2.602       
32768       8192      32-bit    block     43.219200         0.758         0.758       
65536       16384     32-bit    block     57.068801         1.148         1.148       
131072      32768     32-bit    block     84.847999         1.545         1.545       
262144      65536     32-bit    block     140.662396        1.864         1.864       
524288      131072    32-bit    block     249.612808        2.100         2.100       
1048576     262144    32-bit    block     468.319988        2.239         2.239       
2097152     524288    32-bit    block     909.039974        2.307         2.307       
4194304     1048576   32-bit    block     1786.396790       2.348         2.348       
8388608     2097152   32-bit    block     3541.088104       2.369         2.369       
16777216    4194304   32-bit    block     7413.577271       2.263         2.263       
33554432    8388608   32-bit    block     21472.169495      1.563         1.563       
#bcast_device
size(B)     count     type      scope     latency(us)       algbw(GB/s)   busbw(GB/s) 
8           1         64-bit    thread    51.254398         0.000         0.000       
16          2         64-bit    thread    3.942400          0.004         0.004       
32          4         64-bit    thread    3.760000          0.009         0.009       
64          8         64-bit    thread    4.704000          0.014         0.014       
128         16        64-bit    thread    5.465600          0.023         0.023       
256         32        64-bit    thread    7.008000          0.037         0.037       
512         64        64-bit    thread    9.497600          0.054         0.054       
1024        128       64-bit    thread    16.044800         0.064         0.064       
2048        256       64-bit    thread    28.720000         0.071         0.071       
#bcast_device
size(B)     count     type      scope     latency(us)       algbw(GB/s)   busbw(GB/s) 
8           1         64-bit    warp      31.049600         0.000         0.000       
16          2         64-bit    warp      3.817600          0.004         0.004       
32          4         64-bit    warp      3.865600          0.008         0.008       
64          8         64-bit    warp      3.859200          0.017         0.017       
128         16        64-bit    warp      3.830400          0.033         0.033       
256         32        64-bit    warp      3.865600          0.066         0.066       
512         64        64-bit    warp      3.779200          0.135         0.135       
1024        128       64-bit    warp      3.750400          0.273         0.273       
2048        256       64-bit    warp      4.560000          0.449         0.449       
4096        512       64-bit    warp      5.513600          0.743         0.743       
8192        1024      64-bit    warp      8.659200          0.946         0.946       
16384       2048      64-bit    warp      13.596800         1.205         1.205       
#bcast_device
size(B)     count     type      scope     latency(us)       algbw(GB/s)   busbw(GB/s) 
8           1         64-bit    block     29.404402         0.000         0.000       
16          2         64-bit    block     7.439201          0.002         0.002       
32          4         64-bit    block     7.430200          0.004         0.004       
64          8         64-bit    block     7.510600          0.009         0.009       
128         16        64-bit    block     7.554600          0.017         0.017       
256         32        64-bit    block     7.342400          0.035         0.035       
512         64        64-bit    block     7.607801          0.067         0.067       
1024        128       64-bit    block     7.539600          0.136         0.136       
2048        256       64-bit    block     7.659200          0.267         0.267       
4096        512       64-bit    block     7.995800          0.512         0.512       
8192        1024      64-bit    block     8.873800          0.923         0.923       
16384       2048      64-bit    block     11.087000         1.478         1.478       
32768       4096      64-bit    block     40.475398         0.810         0.810       
65536       8192      64-bit    block     53.277397         1.230         1.230       
Runtime options after parsing command line arguments 
min_size: 4, max_size: 33554432, step_factor: 2, iterations: 10, warmup iterations: 5, number of ctas: 32, threads per cta: 256 stride: 1, datatype: int, reduce_op: sum, threadgroup_scope: all_scopes, atomic_op: inc, dir: write, report_msgrate: 0, bidirectional: 0, putget_issue :on_stream, use_graph: 0, use_mmap: 0, mem_handle_type: 0, use_egm: 0
Note: Above is full list of options, any given test will use only a subset of these variables.
mype: 1 mype_node: 1 device name: NVIDIA H200 bus id: 45 
Runtime options after parsing command line arguments 
min_size: 4, max_size: 33554432, step_factor: 2, iterations: 10, warmup iterations: 5, number of ctas: 32, threads per cta: 256 stride: 1, datatype: int, reduce_op: sum, threadgroup_scope: all_scopes, atomic_op: inc, dir: write, report_msgrate: 0, bidirectional: 0, putget_issue :on_stream, use_graph: 0, use_mmap: 0, mem_handle_type: 0, use_egm: 0
Note: Above is full list of options, any given test will use only a subset of these variables.
mype: 4 mype_node: 4 device name: NVIDIA H200 bus id: 155 
Runtime options after parsing command line arguments 
min_size: 4, max_size: 33554432, step_factor: 2, iterations: 10, warmup iterations: 5, number of ctas: 32, threads per cta: 256 stride: 1, datatype: int, reduce_op: sum, threadgroup_scope: all_scopes, atomic_op: inc, dir: write, report_msgrate: 0, bidirectional: 0, putget_issue :on_stream, use_graph: 0, use_mmap: 0, mem_handle_type: 0, use_egm: 0
Note: Above is full list of options, any given test will use only a subset of these variables.
mype: 9 mype_node: 1 device name: NVIDIA H200 bus id: 45 
131072      16384     64-bit    block     79.498398         1.649         1.649       
262144      32768     64-bit    block     131.958401        1.987         1.987       
524288      65536     64-bit    block     235.558605        2.226         2.226       
1048576     131072    64-bit    block     444.740772        2.358         2.358       
2097152     262144    64-bit    block     861.973000        2.433         2.433       
4194304     524288    64-bit    block     1696.072769       2.473         2.473       
8388608     1048576   64-bit    block     3364.519501       2.493         2.493       
16777216    2097152   64-bit    block     7052.136993       2.379         2.379       
33554432    4194304   64-bit    block     20357.414246      1.648         1.648       
Runtime options after parsing command line arguments 
min_size: 4, max_size: 33554432, step_factor: 2, iterations: 10, warmup iterations: 5, number of ctas: 32, threads per cta: 256 stride: 1, datatype: int, reduce_op: sum, threadgroup_scope: all_scopes, atomic_op: inc, dir: write, report_msgrate: 0, bidirectional: 0, putget_issue :on_stream, use_graph: 0, use_mmap: 0, mem_handle_type: 0, use_egm: 0
Note: Above is full list of options, any given test will use only a subset of these variables.
mype: 6 mype_node: 6 device name: NVIDIA H200 bus id: 191 
Runtime options after parsing command line arguments 
min_size: 4, max_size: 33554432, step_factor: 2, iterations: 10, warmup iterations: 5, number of ctas: 32, threads per cta: 256 stride: 1, datatype: int, reduce_op: sum, threadgroup_scope: all_scopes, atomic_op: inc, dir: write, report_msgrate: 0, bidirectional: 0, putget_issue :on_stream, use_graph: 0, use_mmap: 0, mem_handle_type: 0, use_egm: 0
Note: Above is full list of options, any given test will use only a subset of these variables.
mype: 11 mype_node: 3 device name: NVIDIA H200 bus id: 102 
Runtime options after parsing command line arguments 
min_size: 4, max_size: 33554432, step_factor: 2, iterations: 10, warmup iterations: 5, number of ctas: 32, threads per cta: 256 stride: 1, datatype: int, reduce_op: sum, threadgroup_scope: all_scopes, atomic_op: inc, dir: write, report_msgrate: 0, bidirectional: 0, putget_issue :on_stream, use_graph: 0, use_mmap: 0, mem_handle_type: 0, use_egm: 0
Note: Above is full list of options, any given test will use only a subset of these variables.
mype: 7 mype_node: 7 device name: NVIDIA H200 bus id: 228 
Runtime options after parsing command line arguments 
min_size: 4, max_size: 33554432, step_factor: 2, iterations: 10, warmup iterations: 5, number of ctas: 32, threads per cta: 256 stride: 1, datatype: int, reduce_op: sum, threadgroup_scope: all_scopes, atomic_op: inc, dir: write, report_msgrate: 0, bidirectional: 0, putget_issue :on_stream, use_graph: 0, use_mmap: 0, mem_handle_type: 0, use_egm: 0
Note: Above is full list of options, any given test will use only a subset of these variables.
mype: 8 mype_node: 0 device name: NVIDIA H200 bus id: 25 
Runtime options after parsing command line arguments 
min_size: 4, max_size: 33554432, step_factor: 2, iterations: 10, warmup iterations: 5, number of ctas: 32, threads per cta: 256 stride: 1, datatype: int, reduce_op: sum, threadgroup_scope: all_scopes, atomic_op: inc, dir: write, report_msgrate: 0, bidirectional: 0, putget_issue :on_stream, use_graph: 0, use_mmap: 0, mem_handle_type: 0, use_egm: 0
Note: Above is full list of options, any given test will use only a subset of these variables.
mype: 5 mype_node: 5 device name: NVIDIA H200 bus id: 174 
Runtime options after parsing command line arguments 
min_size: 4, max_size: 33554432, step_factor: 2, iterations: 10, warmup iterations: 5, number of ctas: 32, threads per cta: 256 stride: 1, datatype: int, reduce_op: sum, threadgroup_scope: all_scopes, atomic_op: inc, dir: write, report_msgrate: 0, bidirectional: 0, putget_issue :on_stream, use_graph: 0, use_mmap: 0, mem_handle_type: 0, use_egm: 0
Note: Above is full list of options, any given test will use only a subset of these variables.
mype: 10 mype_node: 2 device name: NVIDIA H200 bus id: 63 
Runtime options after parsing command line arguments 
min_size: 4, max_size: 33554432, step_factor: 2, iterations: 10, warmup iterations: 5, number of ctas: 32, threads per cta: 256 stride: 1, datatype: int, reduce_op: sum, threadgroup_scope: all_scopes, atomic_op: inc, dir: write, report_msgrate: 0, bidirectional: 0, putget_issue :on_stream, use_graph: 0, use_mmap: 0, mem_handle_type: 0, use_egm: 0
Note: Above is full list of options, any given test will use only a subset of these variables.
mype: 15 mype_node: 7 device name: NVIDIA H200 bus id: 228 
Runtime options after parsing command line arguments 
min_size: 4, max_size: 33554432, step_factor: 2, iterations: 10, warmup iterations: 5, number of ctas: 32, threads per cta: 256 stride: 1, datatype: int, reduce_op: sum, threadgroup_scope: all_scopes, atomic_op: inc, dir: write, report_msgrate: 0, bidirectional: 0, putget_issue :on_stream, use_graph: 0, use_mmap: 0, mem_handle_type: 0, use_egm: 0
Note: Above is full list of options, any given test will use only a subset of these variables.
mype: 13 mype_node: 5 device name: NVIDIA H200 bus id: 174 
Runtime options after parsing command line arguments 
min_size: 4, max_size: 33554432, step_factor: 2, iterations: 10, warmup iterations: 5, number of ctas: 32, threads per cta: 256 stride: 1, datatype: int, reduce_op: sum, threadgroup_scope: all_scopes, atomic_op: inc, dir: write, report_msgrate: 0, bidirectional: 0, putget_issue :on_stream, use_graph: 0, use_mmap: 0, mem_handle_type: 0, use_egm: 0
Note: Above is full list of options, any given test will use only a subset of these variables.
mype: 2 mype_node: 2 device name: NVIDIA H200 bus id: 63 
Runtime options after parsing command line arguments 
min_size: 4, max_size: 33554432, step_factor: 2, iterations: 10, warmup iterations: 5, number of ctas: 32, threads per cta: 256 stride: 1, datatype: int, reduce_op: sum, threadgroup_scope: all_scopes, atomic_op: inc, dir: write, report_msgrate: 0, bidirectional: 0, putget_issue :on_stream, use_graph: 0, use_mmap: 0, mem_handle_type: 0, use_egm: 0
Note: Above is full list of options, any given test will use only a subset of these variables.
mype: 12 mype_node: 4 device name: NVIDIA H200 bus id: 155 
Runtime options after parsing command line arguments 
min_size: 4, max_size: 33554432, step_factor: 2, iterations: 10, warmup iterations: 5, number of ctas: 32, threads per cta: 256 stride: 1, datatype: int, reduce_op: sum, threadgroup_scope: all_scopes, atomic_op: inc, dir: write, report_msgrate: 0, bidirectional: 0, putget_issue :on_stream, use_graph: 0, use_mmap: 0, mem_handle_type: 0, use_egm: 0
Note: Above is full list of options, any given test will use only a subset of these variables.
mype: 3 mype_node: 3 device name: NVIDIA H200 bus id: 102 
Runtime options after parsing command line arguments 
min_size: 4, max_size: 33554432, step_factor: 2, iterations: 10, warmup iterations: 5, number of ctas: 32, threads per cta: 256 stride: 1, datatype: int, reduce_op: sum, threadgroup_scope: all_scopes, atomic_op: inc, dir: write, report_msgrate: 0, bidirectional: 0, putget_issue :on_stream, use_graph: 0, use_mmap: 0, mem_handle_type: 0, use_egm: 0
Note: Above is full list of options, any given test will use only a subset of these variables.
mype: 14 mype_node: 6 device name: NVIDIA H200 bus id: 191 
