Runtime options after parsing command line arguments 
min_size: 4, max_size: 33554432, step_factor: 2, iterations: 10, warmup iterations: 5, number of ctas: 32, threads per cta: 256 stride: 1, datatype: int, reduce_op: sum, threadgroup_scope: all_scopes, atomic_op: inc, dir: write, report_msgrate: 0, bidirectional: 0, putget_issue :on_stream, use_graph: 0, use_mmap: 0, mem_handle_type: 0, use_egm: 0
Note: Above is full list of options, any given test will use only a subset of these variables.
NVSHMEM v3.3.9
mype: 0 mype_node: 0 device name: NVIDIA H200 bus id: 25 
#alltoall_device
size(B)     count     type      scope     latency(us)       algbw(GB/s)   busbw(GB/s) 
64          16        32-bit    thread    45.910400         0.001         0.001       
128         32        32-bit    thread    46.393600         0.003         0.003       
256         64        32-bit    thread    247.993588        0.001         0.001       
512         128       32-bit    thread    50.403202         0.010         0.010       
1024        256       32-bit    thread    51.296002         0.020         0.019       
2048        512       32-bit    thread    53.148800         0.039         0.036       
4096        1024      32-bit    thread    59.542400         0.069         0.064       
8192        2048      32-bit    thread    71.766400         0.114         0.107       
16384       4096      32-bit    thread    94.768000         0.173         0.162       
#alltoall_device
size(B)     count     type      scope     latency(us)       algbw(GB/s)   busbw(GB/s) 
64          16        32-bit    warp      28.403199         0.002         0.002       
128         32        32-bit    warp      27.529600         0.005         0.004       
256         64        32-bit    warp      26.662400         0.010         0.009       
512         128       32-bit    warp      29.939201         0.017         0.016       
1024        256       32-bit    warp      29.225600         0.035         0.033       
2048        512       32-bit    warp      29.235199         0.070         0.066       
4096        1024      32-bit    warp      28.243199         0.145         0.136       
8192        2048      32-bit    warp      29.161599         0.281         0.263       
16384       4096      32-bit    warp      29.948801         0.547         0.513       
32768       8192      32-bit    warp      35.721600         0.917         0.860       
65536       16384     32-bit    warp      39.865601         1.644         1.541       
131072      32768     32-bit    warp      51.273602         2.556         2.397       
#alltoall_device
size(B)     count     type      scope     latency(us)       algbw(GB/s)   busbw(GB/s) 
64          16        32-bit    block     28.303999         0.002         0.002       
128         32        32-bit    block     27.535999         0.005         0.004       
256         64        32-bit    block     28.332800         0.009         0.008       
512         128       32-bit    block     25.900799         0.020         0.019       
1024        256       32-bit    block     26.627201         0.038         0.036       
2048        512       32-bit    block     27.184001         0.075         0.071       
4096        1024      32-bit    block     27.472001         0.149         0.140       
8192        2048      32-bit    block     26.729599         0.306         0.287       
16384       4096      32-bit    block     27.590400         0.594         0.557       
32768       8192      32-bit    block     28.422400         1.153         1.081       
65536       16384     32-bit    block     27.478400         2.385         2.236       
131072      32768     32-bit    block     28.316799         4.629         4.339       
262144      65536     32-bit    block     33.241600         7.886         7.393       
524288      131072    32-bit    block     42.345601         12.381        11.607      
1048576     262144    32-bit    block     53.708798         19.523        18.303      
2097152     524288    32-bit    block     78.303999         26.782        25.108      
4194304     1048576   32-bit    block     137.267196        30.556        28.646      
8388608     2097152   32-bit    block     229.107189        36.614        34.326      
16777216    4194304   32-bit    block     431.459188        38.885        36.455      
33554432    8388608   32-bit    block     1266.320038       26.498        24.841      
#alltoall_device
size(B)     count     type      scope     latency(us)       algbw(GB/s)   busbw(GB/s) 
128         16        64-bit    thread    44.691199         0.003         0.003       
256         32        64-bit    thread    45.686400         0.006         0.005       
512         64        64-bit    thread    52.220798         0.010         0.009       
1024        128       64-bit    thread    52.156800         0.020         0.018       
2048        256       64-bit    thread    53.737599         0.038         0.036       
4096        512       64-bit    thread    59.446400         0.069         0.065       
8192        1024      64-bit    thread    71.798402         0.114         0.107       
16384       2048      64-bit    thread    95.609599         0.171         0.161       
32768       4096      64-bit    thread    140.614402        0.233         0.218       
#alltoall_device
size(B)     count     type      scope     latency(us)       algbw(GB/s)   busbw(GB/s) 
128         16        64-bit    warp      25.920001         0.005         0.005       
256         32        64-bit    warp      26.719999         0.010         0.009       
512         64        64-bit    warp      27.513599         0.019         0.017       
1024        128       64-bit    warp      29.244801         0.035         0.033       
2048        256       64-bit    warp      27.526399         0.074         0.070       
4096        512       64-bit    warp      29.180801         0.140         0.132       
8192        1024      64-bit    warp      27.513599         0.298         0.279       
16384       2048      64-bit    warp      31.529599         0.520         0.487       
32768       4096      64-bit    warp      32.489601         1.009         0.946       
65536       8192      64-bit    warp      41.539201         1.578         1.479       
131072      16384     64-bit    warp      51.276797         2.556         2.396       
262144      32768     64-bit    warp      76.710403         3.417         3.204       
#alltoall_device
size(B)     count     type      scope     latency(us)       algbw(GB/s)   busbw(GB/s) 
128         16        64-bit    block     26.707199         0.005         0.004       
256         32        64-bit    block     26.688001         0.010         0.009       
512         64        64-bit    block     25.971201         0.020         0.018       
1024        128       64-bit    block     26.636800         0.038         0.036       
2048        256       64-bit    block     26.681599         0.077         0.072       
4096        512       64-bit    block     28.336000         0.145         0.136       
8192        1024      64-bit    block     27.561599         0.297         0.279       
16384       2048      64-bit    block     25.126401         0.652         0.611       
32768       4096      64-bit    block     26.672000         1.229         1.152       
65536       8192      64-bit    block     25.875199         2.533         2.374       
131072      16384     64-bit    block     26.764801         4.897         4.591       
262144      32768     64-bit    block     31.590399         8.298         7.780       
524288      65536     64-bit    block     38.995200         13.445        12.605      
1048576     131072    64-bit    block     52.902400         19.821        18.582      
2097152     262144    64-bit    block     78.310400         26.780        25.106      
4194304     524288    64-bit    block     128.342402        32.681        30.638      
8388608     1048576   64-bit    block     228.281593        36.747        34.450      
16777216    2097152   64-bit    block     427.225590        39.270        36.816      
Runtime options after parsing command line arguments 
min_size: 4, max_size: 33554432, step_factor: 2, iterations: 10, warmup iterations: 5, number of ctas: 32, threads per cta: 256 stride: 1, datatype: int, reduce_op: sum, threadgroup_scope: all_scopes, atomic_op: inc, dir: write, report_msgrate: 0, bidirectional: 0, putget_issue :on_stream, use_graph: 0, use_mmap: 0, mem_handle_type: 0, use_egm: 0
Note: Above is full list of options, any given test will use only a subset of these variables.
mype: 8 mype_node: 0 device name: NVIDIA H200 bus id: 25 
Runtime options after parsing command line arguments 
min_size: 4, max_size: 33554432, step_factor: 2, iterations: 10, warmup iterations: 5, number of ctas: 32, threads per cta: 256 stride: 1, datatype: int, reduce_op: sum, threadgroup_scope: all_scopes, atomic_op: inc, dir: write, report_msgrate: 0, bidirectional: 0, putget_issue :on_stream, use_graph: 0, use_mmap: 0, mem_handle_type: 0, use_egm: 0
Note: Above is full list of options, any given test will use only a subset of these variables.
mype: 3 mype_node: 3 device name: NVIDIA H200 bus id: 102 
33554432    4194304   64-bit    block     1267.139244       26.480        24.825      
Runtime options after parsing command line arguments 
min_size: 4, max_size: 33554432, step_factor: 2, iterations: 10, warmup iterations: 5, number of ctas: 32, threads per cta: 256 stride: 1, datatype: int, reduce_op: sum, threadgroup_scope: all_scopes, atomic_op: inc, dir: write, report_msgrate: 0, bidirectional: 0, putget_issue :on_stream, use_graph: 0, use_mmap: 0, mem_handle_type: 0, use_egm: 0
Note: Above is full list of options, any given test will use only a subset of these variables.
mype: 9 mype_node: 1 device name: NVIDIA H200 bus id: 45 
Runtime options after parsing command line arguments 
min_size: 4, max_size: 33554432, step_factor: 2, iterations: 10, warmup iterations: 5, number of ctas: 32, threads per cta: 256 stride: 1, datatype: int, reduce_op: sum, threadgroup_scope: all_scopes, atomic_op: inc, dir: write, report_msgrate: 0, bidirectional: 0, putget_issue :on_stream, use_graph: 0, use_mmap: 0, mem_handle_type: 0, use_egm: 0
Note: Above is full list of options, any given test will use only a subset of these variables.
mype: 2 mype_node: 2 device name: NVIDIA H200 bus id: 63 
Runtime options after parsing command line arguments 
min_size: 4, max_size: 33554432, step_factor: 2, iterations: 10, warmup iterations: 5, number of ctas: 32, threads per cta: 256 stride: 1, datatype: int, reduce_op: sum, threadgroup_scope: all_scopes, atomic_op: inc, dir: write, report_msgrate: 0, bidirectional: 0, putget_issue :on_stream, use_graph: 0, use_mmap: 0, mem_handle_type: 0, use_egm: 0
Note: Above is full list of options, any given test will use only a subset of these variables.
mype: 1 mype_node: 1 device name: NVIDIA H200 bus id: 45 
Runtime options after parsing command line arguments 
min_size: 4, max_size: 33554432, step_factor: 2, iterations: 10, warmup iterations: 5, number of ctas: 32, threads per cta: 256 stride: 1, datatype: int, reduce_op: sum, threadgroup_scope: all_scopes, atomic_op: inc, dir: write, report_msgrate: 0, bidirectional: 0, putget_issue :on_stream, use_graph: 0, use_mmap: 0, mem_handle_type: 0, use_egm: 0
Note: Above is full list of options, any given test will use only a subset of these variables.
mype: 12 mype_node: 4 device name: NVIDIA H200 bus id: 155 
Runtime options after parsing command line arguments 
min_size: 4, max_size: 33554432, step_factor: 2, iterations: 10, warmup iterations: 5, number of ctas: 32, threads per cta: 256 stride: 1, datatype: int, reduce_op: sum, threadgroup_scope: all_scopes, atomic_op: inc, dir: write, report_msgrate: 0, bidirectional: 0, putget_issue :on_stream, use_graph: 0, use_mmap: 0, mem_handle_type: 0, use_egm: 0
Note: Above is full list of options, any given test will use only a subset of these variables.
mype: 10 mype_node: 2 device name: NVIDIA H200 bus id: 63 
Runtime options after parsing command line arguments 
min_size: 4, max_size: 33554432, step_factor: 2, iterations: 10, warmup iterations: 5, number of ctas: 32, threads per cta: 256 stride: 1, datatype: int, reduce_op: sum, threadgroup_scope: all_scopes, atomic_op: inc, dir: write, report_msgrate: 0, bidirectional: 0, putget_issue :on_stream, use_graph: 0, use_mmap: 0, mem_handle_type: 0, use_egm: 0
Note: Above is full list of options, any given test will use only a subset of these variables.
mype: 7 mype_node: 7 device name: NVIDIA H200 bus id: 228 
Runtime options after parsing command line arguments 
min_size: 4, max_size: 33554432, step_factor: 2, iterations: 10, warmup iterations: 5, number of ctas: 32, threads per cta: 256 stride: 1, datatype: int, reduce_op: sum, threadgroup_scope: all_scopes, atomic_op: inc, dir: write, report_msgrate: 0, bidirectional: 0, putget_issue :on_stream, use_graph: 0, use_mmap: 0, mem_handle_type: 0, use_egm: 0
Note: Above is full list of options, any given test will use only a subset of these variables.
mype: 5 mype_node: 5 device name: NVIDIA H200 bus id: 174 
Runtime options after parsing command line arguments 
min_size: 4, max_size: 33554432, step_factor: 2, iterations: 10, warmup iterations: 5, number of ctas: 32, threads per cta: 256 stride: 1, datatype: int, reduce_op: sum, threadgroup_scope: all_scopes, atomic_op: inc, dir: write, report_msgrate: 0, bidirectional: 0, putget_issue :on_stream, use_graph: 0, use_mmap: 0, mem_handle_type: 0, use_egm: 0
Note: Above is full list of options, any given test will use only a subset of these variables.
mype: 4 mype_node: 4 device name: NVIDIA H200 bus id: 155 
Runtime options after parsing command line arguments 
min_size: 4, max_size: 33554432, step_factor: 2, iterations: 10, warmup iterations: 5, number of ctas: 32, threads per cta: 256 stride: 1, datatype: int, reduce_op: sum, threadgroup_scope: all_scopes, atomic_op: inc, dir: write, report_msgrate: 0, bidirectional: 0, putget_issue :on_stream, use_graph: 0, use_mmap: 0, mem_handle_type: 0, use_egm: 0
Note: Above is full list of options, any given test will use only a subset of these variables.
mype: 11 mype_node: 3 device name: NVIDIA H200 bus id: 102 
Runtime options after parsing command line arguments 
min_size: 4, max_size: 33554432, step_factor: 2, iterations: 10, warmup iterations: 5, number of ctas: 32, threads per cta: 256 stride: 1, datatype: int, reduce_op: sum, threadgroup_scope: all_scopes, atomic_op: inc, dir: write, report_msgrate: 0, bidirectional: 0, putget_issue :on_stream, use_graph: 0, use_mmap: 0, mem_handle_type: 0, use_egm: 0
Note: Above is full list of options, any given test will use only a subset of these variables.
mype: 14 mype_node: 6 device name: NVIDIA H200 bus id: 191 
Runtime options after parsing command line arguments 
min_size: 4, max_size: 33554432, step_factor: 2, iterations: 10, warmup iterations: 5, number of ctas: 32, threads per cta: 256 stride: 1, datatype: int, reduce_op: sum, threadgroup_scope: all_scopes, atomic_op: inc, dir: write, report_msgrate: 0, bidirectional: 0, putget_issue :on_stream, use_graph: 0, use_mmap: 0, mem_handle_type: 0, use_egm: 0
Note: Above is full list of options, any given test will use only a subset of these variables.
mype: 15 mype_node: 7 device name: NVIDIA H200 bus id: 228 
Runtime options after parsing command line arguments 
min_size: 4, max_size: 33554432, step_factor: 2, iterations: 10, warmup iterations: 5, number of ctas: 32, threads per cta: 256 stride: 1, datatype: int, reduce_op: sum, threadgroup_scope: all_scopes, atomic_op: inc, dir: write, report_msgrate: 0, bidirectional: 0, putget_issue :on_stream, use_graph: 0, use_mmap: 0, mem_handle_type: 0, use_egm: 0
Note: Above is full list of options, any given test will use only a subset of these variables.
mype: 13 mype_node: 5 device name: NVIDIA H200 bus id: 174 
Runtime options after parsing command line arguments 
min_size: 4, max_size: 33554432, step_factor: 2, iterations: 10, warmup iterations: 5, number of ctas: 32, threads per cta: 256 stride: 1, datatype: int, reduce_op: sum, threadgroup_scope: all_scopes, atomic_op: inc, dir: write, report_msgrate: 0, bidirectional: 0, putget_issue :on_stream, use_graph: 0, use_mmap: 0, mem_handle_type: 0, use_egm: 0
Note: Above is full list of options, any given test will use only a subset of these variables.
mype: 6 mype_node: 6 device name: NVIDIA H200 bus id: 191 
