Runtime options after parsing command line arguments 
min_size: 65536, max_size: 65536, step_factor: 2, iterations: 10, warmup iterations: 5, number of ctas: 32, threads per cta: 256 stride: 1, datatype: int, reduce_op: sum, threadgroup_scope: all_scopes, atomic_op: inc, dir: write, report_msgrate: 0, bidirectional: 0, putget_issue :on_stream, use_graph: 0, use_mmap: 0, mem_handle_type: 0, use_egm: 0
Note: Above is full list of options, any given test will use only a subset of these variables.
NVSHMEM v3.3.9
mype: 0 mype_node: 0 device name: NVIDIA H200 bus id: 25 
#fcollect_device
size(B)     count     type      scope     latency(us)       algbw(GB/s)   busbw(GB/s) 
#fcollect_device
size(B)     count     type      scope     latency(us)       algbw(GB/s)   busbw(GB/s) 
32          8         32-bit    warp      10.620800         0.003         0.003       
#fcollect_device
size(B)     count     type      scope     latency(us)       algbw(GB/s)   busbw(GB/s) 
32          8         32-bit    block     6.230400          0.005         0.004       
64          16        32-bit    block     3.859200          0.017         0.015       
128         32        32-bit    block     3.817600          0.034         0.029       
256         64        32-bit    block     3.904000          0.066         0.057       
512         128       32-bit    block     3.779200          0.135         0.119       
1024        256       32-bit    block     3.840000          0.267         0.233       
2048        512       32-bit    block     4.656000          0.440         0.385       
4096        1024      32-bit    block     4.694400          0.873         0.763       
8192        2048      32-bit    block     6.275200          1.305         1.142       
16384       4096      32-bit    block     7.929600          2.066         1.808       
32768       8192      32-bit    block     6.204800          5.281         4.621       
65536       16384     32-bit    block     6.307200          10.391        9.092       
#fcollect_device
size(B)     count     type      scope     latency(us)       algbw(GB/s)   busbw(GB/s) 
64          8         64-bit    thread    7.027200          0.009         0.008       
128         16        64-bit    thread    7.049600          0.018         0.016       
256         32        64-bit    thread    7.833600          0.033         0.029       
512         64        64-bit    thread    7.113600          0.072         0.063       
1024        128       64-bit    thread    7.891200          0.130         0.114       
2048        256       64-bit    thread    7.961600          0.257         0.225       
4096        512       64-bit    thread    9.545600          0.429         0.375       
8192        1024      64-bit    thread    12.067200         0.679         0.594       
16384       2048      64-bit    thread    17.644800         0.929         0.812       
#fcollect_device
size(B)     count     type      scope     latency(us)       algbw(GB/s)   busbw(GB/s) 
64          8         64-bit    warp      7.888000          0.008         0.007       
128         16        64-bit    warp      7.939200          0.016         0.014       
256         32        64-bit    warp      7.958400          0.032         0.028       
512         64        64-bit    warp      7.830400          0.065         0.057       
1024        128       64-bit    warp      7.904000          0.130         0.113       
2048        256       64-bit    warp      7.014400          0.292         0.255       
4096        512       64-bit    warp      9.532800          0.430         0.376       
8192        1024      64-bit    warp      16.982400         0.482         0.422       
16384       2048      64-bit    warp      28.352001         0.578         0.506       
32768       4096      64-bit    warp      9.507200          3.447         3.016       
#fcollect_device
size(B)     count     type      scope     latency(us)       algbw(GB/s)   busbw(GB/s) 
64          8         64-bit    block     7.094400          0.009         0.008       
Runtime options after parsing command line arguments 
min_size: 65536, max_size: 65536, step_factor: 2, iterations: 10, warmup iterations: 5, number of ctas: 32, threads per cta: 256 stride: 1, datatype: int, reduce_op: sum, threadgroup_scope: all_scopes, atomic_op: inc, dir: write, report_msgrate: 0, bidirectional: 0, putget_issue :on_stream, use_graph: 0, use_mmap: 0, mem_handle_type: 0, use_egm: 0
Note: Above is full list of options, any given test will use only a subset of these variables.
mype: 1 mype_node: 1 device name: NVIDIA H200 bus id: 45 
Runtime options after parsing command line arguments 
min_size: 65536, max_size: 65536, step_factor: 2, iterations: 10, warmup iterations: 5, number of ctas: 32, threads per cta: 256 stride: 1, datatype: int, reduce_op: sum, threadgroup_scope: all_scopes, atomic_op: inc, dir: write, report_msgrate: 0, bidirectional: 0, putget_issue :on_stream, use_graph: 0, use_mmap: 0, mem_handle_type: 0, use_egm: 0
Note: Above is full list of options, any given test will use only a subset of these variables.
mype: 3 mype_node: 3 device name: NVIDIA H200 bus id: 102 
128         16        64-bit    block     3.776000          0.034         0.030       
256         32        64-bit    block     3.833600          0.067         0.058       
512         64        64-bit    block     3.744000          0.137         0.120       
1024        128       64-bit    block     3.824000          0.268         0.234       
2048        256       64-bit    block     4.640000          0.441         0.386       
4096        512       64-bit    block     4.672000          0.877         0.767       
8192        1024      64-bit    block     5.484800          1.494         1.307       
16384       2048      64-bit    block     7.852800          2.086         1.826       
32768       4096      64-bit    block     6.249600          5.243         4.588       
Runtime options after parsing command line arguments 
min_size: 65536, max_size: 65536, step_factor: 2, iterations: 10, warmup iterations: 5, number of ctas: 32, threads per cta: 256 stride: 1, datatype: int, reduce_op: sum, threadgroup_scope: all_scopes, atomic_op: inc, dir: write, report_msgrate: 0, bidirectional: 0, putget_issue :on_stream, use_graph: 0, use_mmap: 0, mem_handle_type: 0, use_egm: 0
Note: Above is full list of options, any given test will use only a subset of these variables.
mype: 7 mype_node: 7 device name: NVIDIA H200 bus id: 228 
Runtime options after parsing command line arguments 
min_size: 65536, max_size: 65536, step_factor: 2, iterations: 10, warmup iterations: 5, number of ctas: 32, threads per cta: 256 stride: 1, datatype: int, reduce_op: sum, threadgroup_scope: all_scopes, atomic_op: inc, dir: write, report_msgrate: 0, bidirectional: 0, putget_issue :on_stream, use_graph: 0, use_mmap: 0, mem_handle_type: 0, use_egm: 0
Note: Above is full list of options, any given test will use only a subset of these variables.
mype: 2 mype_node: 2 device name: NVIDIA H200 bus id: 63 
Runtime options after parsing command line arguments 
min_size: 65536, max_size: 65536, step_factor: 2, iterations: 10, warmup iterations: 5, number of ctas: 32, threads per cta: 256 stride: 1, datatype: int, reduce_op: sum, threadgroup_scope: all_scopes, atomic_op: inc, dir: write, report_msgrate: 0, bidirectional: 0, putget_issue :on_stream, use_graph: 0, use_mmap: 0, mem_handle_type: 0, use_egm: 0
Note: Above is full list of options, any given test will use only a subset of these variables.
mype: 6 mype_node: 6 device name: NVIDIA H200 bus id: 191 
Runtime options after parsing command line arguments 
min_size: 65536, max_size: 65536, step_factor: 2, iterations: 10, warmup iterations: 5, number of ctas: 32, threads per cta: 256 stride: 1, datatype: int, reduce_op: sum, threadgroup_scope: all_scopes, atomic_op: inc, dir: write, report_msgrate: 0, bidirectional: 0, putget_issue :on_stream, use_graph: 0, use_mmap: 0, mem_handle_type: 0, use_egm: 0
Note: Above is full list of options, any given test will use only a subset of these variables.
mype: 4 mype_node: 4 device name: NVIDIA H200 bus id: 155 
Runtime options after parsing command line arguments 
min_size: 65536, max_size: 65536, step_factor: 2, iterations: 10, warmup iterations: 5, number of ctas: 32, threads per cta: 256 stride: 1, datatype: int, reduce_op: sum, threadgroup_scope: all_scopes, atomic_op: inc, dir: write, report_msgrate: 0, bidirectional: 0, putget_issue :on_stream, use_graph: 0, use_mmap: 0, mem_handle_type: 0, use_egm: 0
Note: Above is full list of options, any given test will use only a subset of these variables.
mype: 5 mype_node: 5 device name: NVIDIA H200 bus id: 174 
