Runtime options after parsing command line arguments 
min_size: 4, max_size: 33554432, step_factor: 2, iterations: 10, warmup iterations: 5, number of ctas: 32, threads per cta: 256 stride: 1, datatype: int, reduce_op: sum, threadgroup_scope: all_scopes, atomic_op: inc, dir: write, report_msgrate: 0, bidirectional: 0, putget_issue :on_stream, use_graph: 0, use_mmap: 0, mem_handle_type: 0, use_egm: 0
Note: Above is full list of options, any given test will use only a subset of these variables.
NVSHMEM v3.3.9
mype: 0 mype_node: 0 device name: NVIDIA H200 bus id: 25 
#alltoall_device
size(B)     count     type      scope     latency(us)       algbw(GB/s)   busbw(GB/s) 
32          8         32-bit    thread    10.012800         0.003         0.003       
64          16        32-bit    thread    9.600000          0.007         0.006       
128         32        32-bit    thread    9.766400          0.013         0.011       
256         64        32-bit    thread    10.441600         0.025         0.021       
512         128       32-bit    thread    11.331200         0.045         0.040       
1024        256       32-bit    thread    14.537600         0.070         0.062       
2048        512       32-bit    thread    20.224001         0.101         0.089       
4096        1024      32-bit    thread    31.689599         0.129         0.113       
8192        2048      32-bit    thread    53.894401         0.152         0.133       
#alltoall_device
size(B)     count     type      scope     latency(us)       algbw(GB/s)   busbw(GB/s) 
32          8         32-bit    warp      10.473600         0.003         0.003       
64          16        32-bit    warp      9.766400          0.007         0.006       
128         32        32-bit    warp      10.473600         0.012         0.011       
256         64        32-bit    warp      10.480000         0.024         0.021       
512         128       32-bit    warp      10.515200         0.049         0.043       
1024        256       32-bit    warp      10.550400         0.097         0.085       
2048        512       32-bit    warp      10.368000         0.198         0.173       
4096        1024      32-bit    warp      10.422400         0.393         0.344       
8192        2048      32-bit    warp      12.012800         0.682         0.597       
16384       4096      32-bit    warp      15.456000         1.060         0.928       
32768       8192      32-bit    warp      20.345600         1.611         1.409       
65536       16384     32-bit    warp      31.705600         2.067         1.809       
#alltoall_device
size(B)     count     type      scope     latency(us)       algbw(GB/s)   busbw(GB/s) 
32          8         32-bit    block     8.729600          0.004         0.003       
64          16        32-bit    block     8.755200          0.007         0.006       
128         32        32-bit    block     8.841600          0.014         0.013       
256         64        32-bit    block     8.860800          0.029         0.025       
512         128       32-bit    block     8.713600          0.059         0.051       
1024        256       32-bit    block     8.816000          0.116         0.102       
2048        512       32-bit    block     8.848000          0.231         0.203       
4096        1024      32-bit    block     8.902400          0.460         0.403       
8192        2048      32-bit    block     8.896000          0.921         0.806       
16384       4096      32-bit    block     8.771200          1.868         1.634       
32768       8192      32-bit    block     8.822400          3.714         3.250       
65536       16384     32-bit    block     10.412800         6.294         5.507       
131072      32768     32-bit    block     14.515200         9.030         7.901       
262144      65536     32-bit    block     21.107200         12.420        10.867      
524288      131072    32-bit    block     32.563201         16.101        14.088      
1048576     262144    32-bit    block     57.913601         18.106        15.843      
2097152     524288    32-bit    block     107.939196        19.429        17.000      
4194304     1048576   32-bit    block     207.068801        20.256        17.724      
8388608     2097152   32-bit    block     405.350399        20.695        18.108      
16777216    4194304   32-bit    block     901.660824        18.607        16.281      
33554432    8388608   32-bit    block     3337.638474       10.053        8.797       
#alltoall_device
size(B)     count     type      scope     latency(us)       algbw(GB/s)   busbw(GB/s) 
64          8         64-bit    thread    8.857600          0.007         0.006       
128         16        64-bit    thread    9.548800          0.013         0.012       
256         32        64-bit    thread    10.457600         0.024         0.021       
512         64        64-bit    thread    11.145600         0.046         0.040       
1024        128       64-bit    thread    14.457600         0.071         0.062       
2048        256       64-bit    thread    20.131201         0.102         0.089       
4096        512       64-bit    thread    31.667200         0.129         0.113       
8192        1024      64-bit    thread    53.811198         0.152         0.133       
16384       2048      64-bit    thread    100.460804        0.163         0.143       
#alltoall_device
size(B)     count     type      scope     latency(us)       algbw(GB/s)   busbw(GB/s) 
64          8         64-bit    warp      10.300800         0.006         0.005       
128         16        64-bit    warp      10.268800         0.012         0.011       
256         32        64-bit    warp      11.164800         0.023         0.020       
512         64        64-bit    warp      10.486400         0.049         0.043       
1024        128       64-bit    warp      11.139200         0.092         0.080       
2048        256       64-bit    warp      10.393600         0.197         0.172       
4096        512       64-bit    warp      11.094400         0.369         0.323       
8192        1024      64-bit    warp      11.964800         0.685         0.599       
16384       2048      64-bit    warp      15.264000         1.073         0.939       
32768       4096      64-bit    warp      20.940800         1.565         1.369       
65536       8192      64-bit    warp      31.632000         2.072         1.813       
131072      16384     64-bit    warp      54.537600         2.403         2.103       
#alltoall_device
size(B)     count     type      scope     latency(us)       algbw(GB/s)   busbw(GB/s) 
64          8         64-bit    block     8.704000          0.007         0.006       
128         16        64-bit    block     8.022400          0.016         0.014       
256         32        64-bit    block     8.704000          0.029         0.026       
512         64        64-bit    block     8.627200          0.059         0.052       
1024        128       64-bit    block     9.574400          0.107         0.094       
2048        256       64-bit    block     9.542400          0.215         0.188       
4096        512       64-bit    block     8.662400          0.473         0.414       
8192        1024      64-bit    block     8.681600          0.944         0.826       
16384       2048      64-bit    block     8.697600          1.884         1.648       
32768       4096      64-bit    block     9.536000          3.436         3.007       
65536       8192      64-bit    block     11.196800         5.853         5.121       
131072      16384     64-bit    block     14.409600         9.096         7.959       
262144      32768     64-bit    block     20.153600         13.007        11.381      
524288      65536     64-bit    block     33.254400         15.766        13.795      
1048576     131072    64-bit    block     58.739197         17.851        15.620      
2097152     262144    64-bit    block     107.958400        19.426        16.997      
4194304     524288    64-bit    block     206.918406        20.270        17.737      
Runtime options after parsing command line arguments 
min_size: 4, max_size: 33554432, step_factor: 2, iterations: 10, warmup iterations: 5, number of ctas: 32, threads per cta: 256 stride: 1, datatype: int, reduce_op: sum, threadgroup_scope: all_scopes, atomic_op: inc, dir: write, report_msgrate: 0, bidirectional: 0, putget_issue :on_stream, use_graph: 0, use_mmap: 0, mem_handle_type: 0, use_egm: 0
Note: Above is full list of options, any given test will use only a subset of these variables.
mype: 2 mype_node: 2 device name: NVIDIA H200 bus id: 63 
Runtime options after parsing command line arguments 
min_size: 4, max_size: 33554432, step_factor: 2, iterations: 10, warmup iterations: 5, number of ctas: 32, threads per cta: 256 stride: 1, datatype: int, reduce_op: sum, threadgroup_scope: all_scopes, atomic_op: inc, dir: write, report_msgrate: 0, bidirectional: 0, putget_issue :on_stream, use_graph: 0, use_mmap: 0, mem_handle_type: 0, use_egm: 0
Note: Above is full list of options, any given test will use only a subset of these variables.
mype: 3 mype_node: 3 device name: NVIDIA H200 bus id: 102 
Runtime options after parsing command line arguments 
min_size: 4, max_size: 33554432, step_factor: 2, iterations: 10, warmup iterations: 5, number of ctas: 32, threads per cta: 256 stride: 1, datatype: int, reduce_op: sum, threadgroup_scope: all_scopes, atomic_op: inc, dir: write, report_msgrate: 0, bidirectional: 0, putget_issue :on_stream, use_graph: 0, use_mmap: 0, mem_handle_type: 0, use_egm: 0
Note: Above is full list of options, any given test will use only a subset of these variables.
mype: 1 mype_node: 1 device name: NVIDIA H200 bus id: 45 
Runtime options after parsing command line arguments 
min_size: 4, max_size: 33554432, step_factor: 2, iterations: 10, warmup iterations: 5, number of ctas: 32, threads per cta: 256 stride: 1, datatype: int, reduce_op: sum, threadgroup_scope: all_scopes, atomic_op: inc, dir: write, report_msgrate: 0, bidirectional: 0, putget_issue :on_stream, use_graph: 0, use_mmap: 0, mem_handle_type: 0, use_egm: 0
Note: Above is full list of options, any given test will use only a subset of these variables.
mype: 6 mype_node: 6 device name: NVIDIA H200 bus id: 191 
Runtime options after parsing command line arguments 
min_size: 4, max_size: 33554432, step_factor: 2, iterations: 10, warmup iterations: 5, number of ctas: 32, threads per cta: 256 stride: 1, datatype: int, reduce_op: sum, threadgroup_scope: all_scopes, atomic_op: inc, dir: write, report_msgrate: 0, bidirectional: 0, putget_issue :on_stream, use_graph: 0, use_mmap: 0, mem_handle_type: 0, use_egm: 0
Note: Above is full list of options, any given test will use only a subset of these variables.
mype: 4 mype_node: 4 device name: NVIDIA H200 bus id: 155 
Runtime options after parsing command line arguments 
min_size: 4, max_size: 33554432, step_factor: 2, iterations: 10, warmup iterations: 5, number of ctas: 32, threads per cta: 256 stride: 1, datatype: int, reduce_op: sum, threadgroup_scope: all_scopes, atomic_op: inc, dir: write, report_msgrate: 0, bidirectional: 0, putget_issue :on_stream, use_graph: 0, use_mmap: 0, mem_handle_type: 0, use_egm: 0
Note: Above is full list of options, any given test will use only a subset of these variables.
mype: 7 mype_node: 7 device name: NVIDIA H200 bus id: 228 
Runtime options after parsing command line arguments 
min_size: 4, max_size: 33554432, step_factor: 2, iterations: 10, warmup iterations: 5, number of ctas: 32, threads per cta: 256 stride: 1, datatype: int, reduce_op: sum, threadgroup_scope: all_scopes, atomic_op: inc, dir: write, report_msgrate: 0, bidirectional: 0, putget_issue :on_stream, use_graph: 0, use_mmap: 0, mem_handle_type: 0, use_egm: 0
Note: Above is full list of options, any given test will use only a subset of these variables.
mype: 5 mype_node: 5 device name: NVIDIA H200 bus id: 174 
8388608     1048576   64-bit    block     406.025600        20.660        18.078      
16777216    2097152   64-bit    block     903.244781        18.574        16.253      
33554432    4194304   64-bit    block     3338.876724       10.050        8.793       
