Runtime options after parsing command line arguments 
min_size: 4, max_size: 33554432, step_factor: 2, iterations: 10, warmup iterations: 5, number of ctas: 32, threads per cta: 256 stride: 1, datatype: int, reduce_op: sum, threadgroup_scope: all_scopes, atomic_op: inc, dir: write, report_msgrate: 0, bidirectional: 0, putget_issue :on_stream, use_graph: 0, use_mmap: 0, mem_handle_type: 0, use_egm: 0
Note: Above is full list of options, any given test will use only a subset of these variables.
NVSHMEM v3.3.9
mype: 0 mype_node: 0 device name: NVIDIA H200 bus id: 25 
#bcast_device
size(B)     count     type      scope     latency(us)       algbw(GB/s)   busbw(GB/s) 
4           1         32-bit    thread    55.856001         0.000         0.000       
8           2         32-bit    thread    3.859200          0.002         0.002       
16          4         32-bit    thread    13.001600         0.001         0.001       
32          8         32-bit    thread    12.080000         0.003         0.003       
64          16        32-bit    thread    14.627200         0.004         0.004       
128         32        32-bit    thread    13.008000         0.010         0.010       
256         64        32-bit    thread    6.457600          0.040         0.040       
512         128       32-bit    thread    9.632000          0.053         0.053       
1024        256       32-bit    thread    16.249600         0.063         0.063       
#bcast_device
size(B)     count     type      scope     latency(us)       algbw(GB/s)   busbw(GB/s) 
4           1         32-bit    warp      31.971201         0.000         0.000       
8           2         32-bit    warp      4.102400          0.002         0.002       
16          4         32-bit    warp      3.904000          0.004         0.004       
32          8         32-bit    warp      3.913600          0.008         0.008       
64          16        32-bit    warp      4.019200          0.016         0.016       
128         32        32-bit    warp      3.993600          0.032         0.032       
256         64        32-bit    warp      3.868800          0.066         0.066       
512         128       32-bit    warp      3.904000          0.131         0.131       
1024        256       32-bit    warp      3.814400          0.268         0.268       
2048        512       32-bit    warp      4.902400          0.418         0.418       
4096        1024      32-bit    warp      5.779200          0.709         0.709       
8192        2048      32-bit    warp      7.996800          1.024         1.024       
#bcast_device
size(B)     count     type      scope     latency(us)       algbw(GB/s)   busbw(GB/s) 
4           1         32-bit    block     31.830400         0.000         0.000       
8           2         32-bit    block     4.784000          0.002         0.002       
16          4         32-bit    block     4.825600          0.003         0.003       
32          8         32-bit    block     4.777600          0.007         0.007       
64          16        32-bit    block     4.649600          0.014         0.014       
128         32        32-bit    block     4.716800          0.027         0.027       
256         64        32-bit    block     4.764800          0.054         0.054       
512         128       32-bit    block     4.070400          0.126         0.126       
1024        256       32-bit    block     4.889600          0.209         0.209       
2048        512       32-bit    block     4.739200          0.432         0.432       
4096        1024      32-bit    block     4.745600          0.863         0.863       
8192        2048      32-bit    block     4.796800          1.708         1.708       
16384       4096      32-bit    block     5.811200          2.819         2.819       
32768       8192      32-bit    block     43.420801         0.755         0.755       
65536       16384     32-bit    block     57.958400         1.131         1.131       
131072      32768     32-bit    block     85.091197         1.540         1.540       
262144      65536     32-bit    block     139.043200        1.885         1.885       
524288      131072    32-bit    block     248.908806        2.106         2.106       
1048576     262144    32-bit    block     469.248009        2.235         2.235       
2097152     524288    32-bit    block     906.636810        2.313         2.313       
4194304     1048576   32-bit    block     1784.172821       2.351         2.351       
8388608     2097152   32-bit    block     3541.340637       2.369         2.369       
16777216    4194304   32-bit    block     7405.967712       2.265         2.265       
33554432    8388608   32-bit    block     21770.451355      1.541         1.541       
#bcast_device
size(B)     count     type      scope     latency(us)       algbw(GB/s)   busbw(GB/s) 
8           1         64-bit    thread    51.452798         0.000         0.000       
16          2         64-bit    thread    4.003200          0.004         0.004       
32          4         64-bit    thread    3.904000          0.008         0.008       
64          8         64-bit    thread    4.796800          0.013         0.013       
128         16        64-bit    thread    5.600000          0.023         0.023       
256         32        64-bit    thread    6.432000          0.040         0.040       
512         64        64-bit    thread    9.625600          0.053         0.053       
1024        128       64-bit    thread    16.249600         0.063         0.063       
2048        256       64-bit    thread    28.598401         0.072         0.072       
#bcast_device
size(B)     count     type      scope     latency(us)       algbw(GB/s)   busbw(GB/s) 
8           1         64-bit    warp      30.998400         0.000         0.000       
16          2         64-bit    warp      3.929600          0.004         0.004       
32          4         64-bit    warp      3.993600          0.008         0.008       
64          8         64-bit    warp      3.891200          0.016         0.016       
128         16        64-bit    warp      3.958400          0.032         0.032       
256         32        64-bit    warp      3.929600          0.065         0.065       
512         64        64-bit    warp      3.856000          0.133         0.133       
1024        128       64-bit    warp      3.955200          0.259         0.259       
2048        256       64-bit    warp      4.739200          0.432         0.432       
4096        512       64-bit    warp      5.622400          0.729         0.729       
8192        1024      64-bit    warp      8.048000          1.018         1.018       
16384       2048      64-bit    warp      12.931199         1.267         1.267       
#bcast_device
size(B)     count     type      scope     latency(us)       algbw(GB/s)   busbw(GB/s) 
8           1         64-bit    block     30.001599         0.000         0.000       
16          2         64-bit    block     7.517600          0.002         0.002       
32          4         64-bit    block     7.532600          0.004         0.004       
64          8         64-bit    block     7.591000          0.008         0.008       
128         16        64-bit    block     7.564400          0.017         0.017       
256         32        64-bit    block     8.033600          0.032         0.032       
512         64        64-bit    block     7.625400          0.067         0.067       
1024        128       64-bit    block     7.582400          0.135         0.135       
2048        256       64-bit    block     7.661800          0.267         0.267       
4096        512       64-bit    block     8.118200          0.505         0.505       
8192        1024      64-bit    block     9.210600          0.889         0.889       
16384       2048      64-bit    block     11.173400         1.466         1.466       
32768       4096      64-bit    block     40.778601         0.804         0.804       
65536       8192      64-bit    block     53.781402         1.219         1.219       
Runtime options after parsing command line arguments 
min_size: 4, max_size: 33554432, step_factor: 2, iterations: 10, warmup iterations: 5, number of ctas: 32, threads per cta: 256 stride: 1, datatype: int, reduce_op: sum, threadgroup_scope: all_scopes, atomic_op: inc, dir: write, report_msgrate: 0, bidirectional: 0, putget_issue :on_stream, use_graph: 0, use_mmap: 0, mem_handle_type: 0, use_egm: 0
Note: Above is full list of options, any given test will use only a subset of these variables.
mype: 9 mype_node: 1 device name: NVIDIA H200 bus id: 45 
Runtime options after parsing command line arguments 
min_size: 4, max_size: 33554432, step_factor: 2, iterations: 10, warmup iterations: 5, number of ctas: 32, threads per cta: 256 stride: 1, datatype: int, reduce_op: sum, threadgroup_scope: all_scopes, atomic_op: inc, dir: write, report_msgrate: 0, bidirectional: 0, putget_issue :on_stream, use_graph: 0, use_mmap: 0, mem_handle_type: 0, use_egm: 0
Note: Above is full list of options, any given test will use only a subset of these variables.
mype: 5 mype_node: 5 device name: NVIDIA H200 bus id: 174 
Runtime options after parsing command line arguments 
min_size: 4, max_size: 33554432, step_factor: 2, iterations: 10, warmup iterations: 5, number of ctas: 32, threads per cta: 256 stride: 1, datatype: int, reduce_op: sum, threadgroup_scope: all_scopes, atomic_op: inc, dir: write, report_msgrate: 0, bidirectional: 0, putget_issue :on_stream, use_graph: 0, use_mmap: 0, mem_handle_type: 0, use_egm: 0
Note: Above is full list of options, any given test will use only a subset of these variables.
mype: 11 mype_node: 3 device name: NVIDIA H200 bus id: 102 
Runtime options after parsing command line arguments 
min_size: 4, max_size: 33554432, step_factor: 2, iterations: 10, warmup iterations: 5, number of ctas: 32, threads per cta: 256 stride: 1, datatype: int, reduce_op: sum, threadgroup_scope: all_scopes, atomic_op: inc, dir: write, report_msgrate: 0, bidirectional: 0, putget_issue :on_stream, use_graph: 0, use_mmap: 0, mem_handle_type: 0, use_egm: 0
Note: Above is full list of options, any given test will use only a subset of these variables.
mype: 1 mype_node: 1 device name: NVIDIA H200 bus id: 45 
Runtime options after parsing command line arguments 
min_size: 4, max_size: 33554432, step_factor: 2, iterations: 10, warmup iterations: 5, number of ctas: 32, threads per cta: 256 stride: 1, datatype: int, reduce_op: sum, threadgroup_scope: all_scopes, atomic_op: inc, dir: write, report_msgrate: 0, bidirectional: 0, putget_issue :on_stream, use_graph: 0, use_mmap: 0, mem_handle_type: 0, use_egm: 0
Note: Above is full list of options, any given test will use only a subset of these variables.
mype: 14 mype_node: 6 device name: NVIDIA H200 bus id: 191 
Runtime options after parsing command line arguments 
min_size: 4, max_size: 33554432, step_factor: 2, iterations: 10, warmup iterations: 5, number of ctas: 32, threads per cta: 256 stride: 1, datatype: int, reduce_op: sum, threadgroup_scope: all_scopes, atomic_op: inc, dir: write, report_msgrate: 0, bidirectional: 0, putget_issue :on_stream, use_graph: 0, use_mmap: 0, mem_handle_type: 0, use_egm: 0
Note: Above is full list of options, any given test will use only a subset of these variables.
mype: 10 mype_node: 2 device name: NVIDIA H200 bus id: 63 
Runtime options after parsing command line arguments 
min_size: 4, max_size: 33554432, step_factor: 2, iterations: 10, warmup iterations: 5, number of ctas: 32, threads per cta: 256 stride: 1, datatype: int, reduce_op: sum, threadgroup_scope: all_scopes, atomic_op: inc, dir: write, report_msgrate: 0, bidirectional: 0, putget_issue :on_stream, use_graph: 0, use_mmap: 0, mem_handle_type: 0, use_egm: 0
Note: Above is full list of options, any given test will use only a subset of these variables.
mype: 15 mype_node: 7 device name: NVIDIA H200 bus id: 228 
Runtime options after parsing command line arguments 
min_size: 4, max_size: 33554432, step_factor: 2, iterations: 10, warmup iterations: 5, number of ctas: 32, threads per cta: 256 stride: 1, datatype: int, reduce_op: sum, threadgroup_scope: all_scopes, atomic_op: inc, dir: write, report_msgrate: 0, bidirectional: 0, putget_issue :on_stream, use_graph: 0, use_mmap: 0, mem_handle_type: 0, use_egm: 0
Note: Above is full list of options, any given test will use only a subset of these variables.
mype: 12 mype_node: 4 device name: NVIDIA H200 bus id: 155 
Runtime options after parsing command line arguments 
min_size: 4, max_size: 33554432, step_factor: 2, iterations: 10, warmup iterations: 5, number of ctas: 32, threads per cta: 256 stride: 1, datatype: int, reduce_op: sum, threadgroup_scope: all_scopes, atomic_op: inc, dir: write, report_msgrate: 0, bidirectional: 0, putget_issue :on_stream, use_graph: 0, use_mmap: 0, mem_handle_type: 0, use_egm: 0
Note: Above is full list of options, any given test will use only a subset of these variables.
mype: 8 mype_node: 0 device name: NVIDIA H200 bus id: 25 
Runtime options after parsing command line arguments 
min_size: 4, max_size: 33554432, step_factor: 2, iterations: 10, warmup iterations: 5, number of ctas: 32, threads per cta: 256 stride: 1, datatype: int, reduce_op: sum, threadgroup_scope: all_scopes, atomic_op: inc, dir: write, report_msgrate: 0, bidirectional: 0, putget_issue :on_stream, use_graph: 0, use_mmap: 0, mem_handle_type: 0, use_egm: 0
Note: Above is full list of options, any given test will use only a subset of these variables.
mype: 13 mype_node: 5 device name: NVIDIA H200 bus id: 174 
Runtime options after parsing command line arguments 
min_size: 4, max_size: 33554432, step_factor: 2, iterations: 10, warmup iterations: 5, number of ctas: 32, threads per cta: 256 stride: 1, datatype: int, reduce_op: sum, threadgroup_scope: all_scopes, atomic_op: inc, dir: write, report_msgrate: 0, bidirectional: 0, putget_issue :on_stream, use_graph: 0, use_mmap: 0, mem_handle_type: 0, use_egm: 0
Note: Above is full list of options, any given test will use only a subset of these variables.
mype: 2 mype_node: 2 device name: NVIDIA H200 bus id: 63 
131072      16384     64-bit    block     79.080200         1.657         1.657       
262144      32768     64-bit    block     131.430602        1.995         1.995       
524288      65536     64-bit    block     234.961796        2.231         2.231       
1048576     131072    64-bit    block     444.380617        2.360         2.360       
2097152     262144    64-bit    block     860.632515        2.437         2.437       
4194304     524288    64-bit    block     1693.510056       2.477         2.477       
8388608     1048576   64-bit    block     3362.443542       2.495         2.495       
16777216    2097152   64-bit    block     7042.922974       2.382         2.382       
33554432    4194304   64-bit    block     20645.242310      1.625         1.625       
Runtime options after parsing command line arguments 
min_size: 4, max_size: 33554432, step_factor: 2, iterations: 10, warmup iterations: 5, number of ctas: 32, threads per cta: 256 stride: 1, datatype: int, reduce_op: sum, threadgroup_scope: all_scopes, atomic_op: inc, dir: write, report_msgrate: 0, bidirectional: 0, putget_issue :on_stream, use_graph: 0, use_mmap: 0, mem_handle_type: 0, use_egm: 0
Note: Above is full list of options, any given test will use only a subset of these variables.
mype: 3 mype_node: 3 device name: NVIDIA H200 bus id: 102 
Runtime options after parsing command line arguments 
min_size: 4, max_size: 33554432, step_factor: 2, iterations: 10, warmup iterations: 5, number of ctas: 32, threads per cta: 256 stride: 1, datatype: int, reduce_op: sum, threadgroup_scope: all_scopes, atomic_op: inc, dir: write, report_msgrate: 0, bidirectional: 0, putget_issue :on_stream, use_graph: 0, use_mmap: 0, mem_handle_type: 0, use_egm: 0
Note: Above is full list of options, any given test will use only a subset of these variables.
mype: 6 mype_node: 6 device name: NVIDIA H200 bus id: 191 
Runtime options after parsing command line arguments 
min_size: 4, max_size: 33554432, step_factor: 2, iterations: 10, warmup iterations: 5, number of ctas: 32, threads per cta: 256 stride: 1, datatype: int, reduce_op: sum, threadgroup_scope: all_scopes, atomic_op: inc, dir: write, report_msgrate: 0, bidirectional: 0, putget_issue :on_stream, use_graph: 0, use_mmap: 0, mem_handle_type: 0, use_egm: 0
Note: Above is full list of options, any given test will use only a subset of these variables.
mype: 4 mype_node: 4 device name: NVIDIA H200 bus id: 155 
Runtime options after parsing command line arguments 
min_size: 4, max_size: 33554432, step_factor: 2, iterations: 10, warmup iterations: 5, number of ctas: 32, threads per cta: 256 stride: 1, datatype: int, reduce_op: sum, threadgroup_scope: all_scopes, atomic_op: inc, dir: write, report_msgrate: 0, bidirectional: 0, putget_issue :on_stream, use_graph: 0, use_mmap: 0, mem_handle_type: 0, use_egm: 0
Note: Above is full list of options, any given test will use only a subset of these variables.
mype: 7 mype_node: 7 device name: NVIDIA H200 bus id: 228 
