Runtime options after parsing command line arguments 
min_size: 4, max_size: 33554432, step_factor: 2, iterations: 10, warmup iterations: 5, number of ctas: 32, threads per cta: 256 stride: 1, datatype: int, reduce_op: sum, threadgroup_scope: all_scopes, atomic_op: inc, dir: write, report_msgrate: 0, bidirectional: 0, putget_issue :on_stream, use_graph: 0, use_mmap: 0, mem_handle_type: 0, use_egm: 0
Note: Above is full list of options, any given test will use only a subset of these variables.
NVSHMEM v3.3.9
mype: 0 mype_node: 0 device name: NVIDIA H200 bus id: 25 
#fcollect_device
size(B)     count     type      scope     latency(us)       algbw(GB/s)   busbw(GB/s) 
64          16        32-bit    thread    56.451201         0.001         0.001       
128         32        32-bit    thread    55.423999         0.002         0.002       
256         64        32-bit    thread    54.703999         0.005         0.004       
512         128       32-bit    thread    54.556799         0.009         0.009       
1024        256       32-bit    thread    54.617602         0.019         0.018       
2048        512       32-bit    thread    55.375999         0.037         0.035       
4096        1024      32-bit    thread    57.827199         0.071         0.066       
8192        2048      32-bit    thread    61.219198         0.134         0.125       
16384       4096      32-bit    thread    70.134401         0.234         0.219       
#fcollect_device
size(B)     count     type      scope     latency(us)       algbw(GB/s)   busbw(GB/s) 
64          16        32-bit    warp      57.033598         0.001         0.001       
128         32        32-bit    warp      16.150400         0.008         0.007       
256         64        32-bit    warp      16.041601         0.016         0.015       
512         128       32-bit    warp      16.028801         0.032         0.030       
1024        256       32-bit    warp      16.070400         0.064         0.060       
2048        512       32-bit    warp      16.908801         0.121         0.114       
4096        1024      32-bit    warp      16.044800         0.255         0.239       
8192        2048      32-bit    warp      20.134400         0.407         0.381       
16384       4096      32-bit    warp      30.755201         0.533         0.499       
32768       8192      32-bit    warp      51.318401         0.639         0.599       
65536       16384     32-bit    warp      59.545600         1.101         1.032       
131072      32768     32-bit    warp      61.897600         2.118         1.985       
#fcollect_device
size(B)     count     type      scope     latency(us)       algbw(GB/s)   busbw(GB/s) 
64          16        32-bit    block     59.401602         0.001         0.001       
128         32        32-bit    block     14.374401         0.009         0.008       
256         64        32-bit    block     15.193599         0.017         0.016       
512         128       32-bit    block     14.428800         0.035         0.033       
1024        256       32-bit    block     14.409600         0.071         0.067       
2048        512       32-bit    block     14.451200         0.142         0.133       
4096        1024      32-bit    block     16.105600         0.254         0.238       
8192        2048      32-bit    block     16.089600         0.509         0.477       
16384       4096      32-bit    block     16.892800         0.970         0.909       
32768       8192      32-bit    block     19.305600         1.697         1.591       
65536       16384     32-bit    block     58.646399         1.117         1.048       
131072      32768     32-bit    block     58.675200         2.234         2.094       
262144      65536     32-bit    block     60.288000         4.348         4.076       
524288      131072    32-bit    block     62.812799         8.347         7.825       
1048576     262144    32-bit    block     70.108801         14.956        14.022      
Runtime options after parsing command line arguments 
min_size: 4, max_size: 33554432, step_factor: 2, iterations: 10, warmup iterations: 5, number of ctas: 32, threads per cta: 256 stride: 1, datatype: int, reduce_op: sum, threadgroup_scope: all_scopes, atomic_op: inc, dir: write, report_msgrate: 0, bidirectional: 0, putget_issue :on_stream, use_graph: 0, use_mmap: 0, mem_handle_type: 0, use_egm: 0
Note: Above is full list of options, any given test will use only a subset of these variables.
mype: 8 mype_node: 0 device name: NVIDIA H200 bus id: 25 
Runtime options after parsing command line arguments 
min_size: 4, max_size: 33554432, step_factor: 2, iterations: 10, warmup iterations: 5, number of ctas: 32, threads per cta: 256 stride: 1, datatype: int, reduce_op: sum, threadgroup_scope: all_scopes, atomic_op: inc, dir: write, report_msgrate: 0, bidirectional: 0, putget_issue :on_stream, use_graph: 0, use_mmap: 0, mem_handle_type: 0, use_egm: 0
Note: Above is full list of options, any given test will use only a subset of these variables.
mype: 4 mype_node: 4 device name: NVIDIA H200 bus id: 155 
Runtime options after parsing command line arguments 
min_size: 4, max_size: 33554432, step_factor: 2, iterations: 10, warmup iterations: 5, number of ctas: 32, threads per cta: 256 stride: 1, datatype: int, reduce_op: sum, threadgroup_scope: all_scopes, atomic_op: inc, dir: write, report_msgrate: 0, bidirectional: 0, putget_issue :on_stream, use_graph: 0, use_mmap: 0, mem_handle_type: 0, use_egm: 0
Note: Above is full list of options, any given test will use only a subset of these variables.
mype: 5 mype_node: 5 device name: NVIDIA H200 bus id: 174 
Runtime options after parsing command line arguments 
min_size: 4, max_size: 33554432, step_factor: 2, iterations: 10, warmup iterations: 5, number of ctas: 32, threads per cta: 256 stride: 1, datatype: int, reduce_op: sum, threadgroup_scope: all_scopes, atomic_op: inc, dir: write, report_msgrate: 0, bidirectional: 0, putget_issue :on_stream, use_graph: 0, use_mmap: 0, mem_handle_type: 0, use_egm: 0
Note: Above is full list of options, any given test will use only a subset of these variables.
mype: 15 mype_node: 7 device name: NVIDIA H200 bus id: 228 
Runtime options after parsing command line arguments 
min_size: 4, max_size: 33554432, step_factor: 2, iterations: 10, warmup iterations: 5, number of ctas: 32, threads per cta: 256 stride: 1, datatype: int, reduce_op: sum, threadgroup_scope: all_scopes, atomic_op: inc, dir: write, report_msgrate: 0, bidirectional: 0, putget_issue :on_stream, use_graph: 0, use_mmap: 0, mem_handle_type: 0, use_egm: 0
Note: Above is full list of options, any given test will use only a subset of these variables.
mype: 9 mype_node: 1 device name: NVIDIA H200 bus id: 45 
Runtime options after parsing command line arguments 
min_size: 4, max_size: 33554432, step_factor: 2, iterations: 10, warmup iterations: 5, number of ctas: 32, threads per cta: 256 stride: 1, datatype: int, reduce_op: sum, threadgroup_scope: all_scopes, atomic_op: inc, dir: write, report_msgrate: 0, bidirectional: 0, putget_issue :on_stream, use_graph: 0, use_mmap: 0, mem_handle_type: 0, use_egm: 0
Note: Above is full list of options, any given test will use only a subset of these variables.
mype: 2 mype_node: 2 device name: NVIDIA H200 bus id: 63 
Runtime options after parsing command line arguments 
min_size: 4, max_size: 33554432, step_factor: 2, iterations: 10, warmup iterations: 5, number of ctas: 32, threads per cta: 256 stride: 1, datatype: int, reduce_op: sum, threadgroup_scope: all_scopes, atomic_op: inc, dir: write, report_msgrate: 0, bidirectional: 0, putget_issue :on_stream, use_graph: 0, use_mmap: 0, mem_handle_type: 0, use_egm: 0
Note: Above is full list of options, any given test will use only a subset of these variables.
mype: 12 mype_node: 4 device name: NVIDIA H200 bus id: 155 
Runtime options after parsing command line arguments 
min_size: 4, max_size: 33554432, step_factor: 2, iterations: 10, warmup iterations: 5, number of ctas: 32, threads per cta: 256 stride: 1, datatype: int, reduce_op: sum, threadgroup_scope: all_scopes, atomic_op: inc, dir: write, report_msgrate: 0, bidirectional: 0, putget_issue :on_stream, use_graph: 0, use_mmap: 0, mem_handle_type: 0, use_egm: 0
Note: Above is full list of options, any given test will use only a subset of these variables.
mype: 3 mype_node: 3 device name: NVIDIA H200 bus id: 102 
Runtime options after parsing command line arguments 
min_size: 4, max_size: 33554432, step_factor: 2, iterations: 10, warmup iterations: 5, number of ctas: 32, threads per cta: 256 stride: 1, datatype: int, reduce_op: sum, threadgroup_scope: all_scopes, atomic_op: inc, dir: write, report_msgrate: 0, bidirectional: 0, putget_issue :on_stream, use_graph: 0, use_mmap: 0, mem_handle_type: 0, use_egm: 0
Note: Above is full list of options, any given test will use only a subset of these variables.
mype: 13 mype_node: 5 device name: NVIDIA H200 bus id: 174 
Runtime options after parsing command line arguments 
min_size: 4, max_size: 33554432, step_factor: 2, iterations: 10, warmup iterations: 5, number of ctas: 32, threads per cta: 256 stride: 1, datatype: int, reduce_op: sum, threadgroup_scope: all_scopes, atomic_op: inc, dir: write, report_msgrate: 0, bidirectional: 0, putget_issue :on_stream, use_graph: 0, use_mmap: 0, mem_handle_type: 0, use_egm: 0
Note: Above is full list of options, any given test will use only a subset of these variables.
mype: 10 mype_node: 2 device name: NVIDIA H200 bus id: 63 
Runtime options after parsing command line arguments 
min_size: 4, max_size: 33554432, step_factor: 2, iterations: 10, warmup iterations: 5, number of ctas: 32, threads per cta: 256 stride: 1, datatype: int, reduce_op: sum, threadgroup_scope: all_scopes, atomic_op: inc, dir: write, report_msgrate: 0, bidirectional: 0, putget_issue :on_stream, use_graph: 0, use_mmap: 0, mem_handle_type: 0, use_egm: 0
Note: Above is full list of options, any given test will use only a subset of these variables.
mype: 11 mype_node: 3 device name: NVIDIA H200 bus id: 102 
Runtime options after parsing command line arguments 
min_size: 4, max_size: 33554432, step_factor: 2, iterations: 10, warmup iterations: 5, number of ctas: 32, threads per cta: 256 stride: 1, datatype: int, reduce_op: sum, threadgroup_scope: all_scopes, atomic_op: inc, dir: write, report_msgrate: 0, bidirectional: 0, putget_issue :on_stream, use_graph: 0, use_mmap: 0, mem_handle_type: 0, use_egm: 0
Note: Above is full list of options, any given test will use only a subset of these variables.
mype: 1 mype_node: 1 device name: NVIDIA H200 bus id: 45 
Runtime options after parsing command line arguments 
min_size: 4, max_size: 33554432, step_factor: 2, iterations: 10, warmup iterations: 5, number of ctas: 32, threads per cta: 256 stride: 1, datatype: int, reduce_op: sum, threadgroup_scope: all_scopes, atomic_op: inc, dir: write, report_msgrate: 0, bidirectional: 0, putget_issue :on_stream, use_graph: 0, use_mmap: 0, mem_handle_type: 0, use_egm: 0
Note: Above is full list of options, any given test will use only a subset of these variables.
mype: 6 mype_node: 6 device name: NVIDIA H200 bus id: 191 
Runtime options after parsing command line arguments 
min_size: 4, max_size: 33554432, step_factor: 2, iterations: 10, warmup iterations: 5, number of ctas: 32, threads per cta: 256 stride: 1, datatype: int, reduce_op: sum, threadgroup_scope: all_scopes, atomic_op: inc, dir: write, report_msgrate: 0, bidirectional: 0, putget_issue :on_stream, use_graph: 0, use_mmap: 0, mem_handle_type: 0, use_egm: 0
Note: Above is full list of options, any given test will use only a subset of these variables.
mype: 14 mype_node: 6 device name: NVIDIA H200 bus id: 191 
Runtime options after parsing command line arguments 
min_size: 4, max_size: 33554432, step_factor: 2, iterations: 10, warmup iterations: 5, number of ctas: 32, threads per cta: 256 stride: 1, datatype: int, reduce_op: sum, threadgroup_scope: all_scopes, atomic_op: inc, dir: write, report_msgrate: 0, bidirectional: 0, putget_issue :on_stream, use_graph: 0, use_mmap: 0, mem_handle_type: 0, use_egm: 0
Note: Above is full list of options, any given test will use only a subset of these variables.
mype: 7 mype_node: 7 device name: NVIDIA H200 bus id: 228 
2097152     524288    32-bit    block     101.238406        20.715        19.420      
4194304     1048576   32-bit    block     179.894400        23.315        21.858      
8388608     2097152   32-bit    block     319.267201        26.275        24.632      
16777216    4194304   32-bit    block     605.907202        27.689        25.959      
33554432    8388608   32-bit    block     1174.425602       28.571        26.785      
#fcollect_device
size(B)     count     type      scope     latency(us)       algbw(GB/s)   busbw(GB/s) 
128         16        64-bit    thread    54.537600         0.002         0.002       
256         32        64-bit    thread    53.769600         0.005         0.004       
512         64        64-bit    thread    54.627198         0.009         0.009       
1024        128       64-bit    thread    54.572803         0.019         0.018       
2048        256       64-bit    thread    55.347198         0.037         0.035       
4096        512       64-bit    thread    56.998402         0.072         0.067       
8192        1024      64-bit    thread    61.107200         0.134         0.126       
16384       2048      64-bit    thread    70.128000         0.234         0.219       
32768       4096      64-bit    thread    91.411197         0.358         0.336       
#fcollect_device
size(B)     count     type      scope     latency(us)       algbw(GB/s)   busbw(GB/s) 
128         16        64-bit    warp      56.953597         0.002         0.002       
256         32        64-bit    warp      16.012800         0.016         0.015       
512         64        64-bit    warp      16.035201         0.032         0.030       
1024        128       64-bit    warp      16.851200         0.061         0.057       
2048        256       64-bit    warp      16.144000         0.127         0.119       
4096        512       64-bit    warp      16.847999         0.243         0.228       
8192        1024      64-bit    warp      20.147200         0.407         0.381       
16384       2048      64-bit    warp      30.800000         0.532         0.499       
32768       4096      64-bit    warp      51.392001         0.638         0.598       
65536       8192      64-bit    warp      60.323203         1.086         1.019       
131072      16384     64-bit    warp      62.764800         2.088         1.958       
262144      32768     64-bit    warp      69.312000         3.782         3.546       
#fcollect_device
size(B)     count     type      scope     latency(us)       algbw(GB/s)   busbw(GB/s) 
128         16        64-bit    block     57.801598         0.002         0.002       
256         32        64-bit    block     14.451200         0.018         0.017       
512         64        64-bit    block     15.302400         0.033         0.031       
1024        128       64-bit    block     14.403200         0.071         0.067       
2048        256       64-bit    block     15.257600         0.134         0.126       
4096        512       64-bit    block     15.196800         0.270         0.253       
8192        1024      64-bit    block     15.273599         0.536         0.503       
16384       2048      64-bit    block     16.047999         1.021         0.957       
32768       4096      64-bit    block     18.601599         1.762         1.651       
65536       8192      64-bit    block     57.772797         1.134         1.063       
131072      16384     64-bit    block     59.535998         2.202         2.064       
262144      32768     64-bit    block     59.475201         4.408         4.132       
524288      65536     64-bit    block     62.780797         8.351         7.829       
1048576     131072    64-bit    block     70.147198         14.948        14.014      
2097152     262144    64-bit    block     102.054405        20.549        19.265      
4194304     524288    64-bit    block     179.961598        23.307        21.850      
8388608     1048576   64-bit    block     318.380809        26.348        24.701      
16777216    2097152   64-bit    block     605.011177        27.730        25.997      
