Runtime options after parsing command line arguments 
min_size: 4, max_size: 33554432, step_factor: 2, iterations: 10, warmup iterations: 5, number of ctas: 32, threads per cta: 256 stride: 1, datatype: int, reduce_op: sum, threadgroup_scope: all_scopes, atomic_op: inc, dir: write, report_msgrate: 0, bidirectional: 0, putget_issue :on_stream, use_graph: 0, use_mmap: 0, mem_handle_type: 0, use_egm: 0
Note: Above is full list of options, any given test will use only a subset of these variables.
NVSHMEM v3.3.9
mype: 0 mype_node: 0 device name: NVIDIA H200 bus id: 25 
#device_reducescatter
size(B)     count     type      redop     scope     latency(us)       algbw(GB/s)   busbw(GB/s) 
64          16        int32     sum       t         61.695999         0.001         0.001       
128         32        int32     sum       t         60.774398         0.002         0.002       
256         64        int32     sum       t         60.508800         0.004         0.004       
512         128       int32     sum       t         61.161602         0.008         0.008       
1024        256       int32     sum       t         61.180800         0.017         0.016       
2048        512       int32     sum       t         60.547203         0.034         0.032       
4096        1024      int32     sum       t         60.316801         0.068         0.064       
8192        2048      int32     sum       t         61.408001         0.133         0.125       
16384       4096      int32     sum       t         60.646403         0.270         0.253       
#device_reducescatter
size(B)     count     type      redop     scope     latency(us)       algbw(GB/s)   busbw(GB/s) 
64          16        int32     prod      t         60.918403         0.001         0.001       
128         32        int32     prod      t         61.004800         0.002         0.002       
256         64        int32     prod      t         59.875202         0.004         0.004       
512         128       int32     prod      t         60.496002         0.008         0.008       
1024        256       int32     prod      t         60.159999         0.017         0.016       
2048        512       int32     prod      t         60.527998         0.034         0.032       
4096        1024      int32     prod      t         60.822397         0.067         0.063       
8192        2048      int32     prod      t         61.523199         0.133         0.125       
16384       4096      int32     prod      t         60.035199         0.273         0.256       
#device_reducescatter
size(B)     count     type      redop     scope     latency(us)       algbw(GB/s)   busbw(GB/s) 
64          16        int32     and       t         60.960001         0.001         0.001       
128         32        int32     and       t         60.201597         0.002         0.002       
256         64        int32     and       t         60.758400         0.004         0.004       
512         128       int32     and       t         62.467200         0.008         0.008       
1024        256       int32     and       t         59.487998         0.017         0.016       
2048        512       int32     and       t         59.750402         0.034         0.032       
4096        1024      int32     and       t         60.182399         0.068         0.064       
8192        2048      int32     and       t         60.108799         0.136         0.128       
16384       4096      int32     and       t         60.038400         0.273         0.256       
#device_reducescatter
size(B)     count     type      redop     scope     latency(us)       algbw(GB/s)   busbw(GB/s) 
64          16        int32     or        t         60.505599         0.001         0.001       
128         32        int32     or        t         60.076803         0.002         0.002       
256         64        int32     or        t         60.431999         0.004         0.004       
512         128       int32     or        t         59.788799         0.009         0.008       
1024        256       int32     or        t         60.710400         0.017         0.016       
2048        512       int32     or        t         60.972798         0.034         0.031       
4096        1024      int32     or        t         60.342401         0.068         0.064       
8192        2048      int32     or        t         61.644799         0.133         0.125       
16384       4096      int32     or        t         62.006402         0.264         0.248       
#device_reducescatter
size(B)     count     type      redop     scope     latency(us)       algbw(GB/s)   busbw(GB/s) 
64          16        int32     xor       t         60.720003         0.001         0.001       
128         32        int32     xor       t         61.481601         0.002         0.002       
256         64        int32     xor       t         60.051203         0.004         0.004       
512         128       int32     xor       t         60.553598         0.008         0.008       
1024        256       int32     xor       t         61.488003         0.017         0.016       
2048        512       int32     xor       t         59.782398         0.034         0.032       
4096        1024      int32     xor       t         61.267197         0.067         0.063       
8192        2048      int32     xor       t         60.486400         0.135         0.127       
16384       4096      int32     xor       t         61.068797         0.268         0.252       
#device_reducescatter
size(B)     count     type      redop     scope     latency(us)       algbw(GB/s)   busbw(GB/s) 
64          16        int32     min       t         59.187198         0.001         0.001       
128         32        int32     min       t         60.703999         0.002         0.002       
256         64        int32     min       t         59.980798         0.004         0.004       
512         128       int32     min       t         61.094397         0.008         0.008       
1024        256       int32     min       t         60.086399         0.017         0.016       
2048        512       int32     min       t         60.060799         0.034         0.032       
4096        1024      int32     min       t         59.955198         0.068         0.064       
8192        2048      int32     min       t         60.755199         0.135         0.126       
16384       4096      int32     min       t         60.025603         0.273         0.256       
#device_reducescatter
size(B)     count     type      redop     scope     latency(us)       algbw(GB/s)   busbw(GB/s) 
64          16        int32     max       t         61.926401         0.001         0.001       
128         32        int32     max       t         61.596799         0.002         0.002       
256         64        int32     max       t         59.910399         0.004         0.004       
512         128       int32     max       t         61.513603         0.008         0.008       
1024        256       int32     max       t         60.745603         0.017         0.016       
2048        512       int32     max       t         60.243201         0.034         0.032       
4096        1024      int32     max       t         60.009599         0.068         0.064       
8192        2048      int32     max       t         60.265601         0.136         0.127       
16384       4096      int32     max       t         61.030400         0.268         0.252       
#device_reducescatter
size(B)     count     type      redop     scope     latency(us)       algbw(GB/s)   busbw(GB/s) 
128         16        int64     sum       t         61.699200         0.002         0.002       
256         32        int64     sum       t         60.995197         0.004         0.004       
512         64        int64     sum       t         61.308801         0.008         0.008       
1024        128       int64     sum       t         61.859202         0.017         0.016       
2048        256       int64     sum       t         60.512000         0.034         0.032       
4096        512       int64     sum       t         60.633600         0.068         0.063       
8192        1024      int64     sum       t         59.855998         0.137         0.128       
16384       2048      int64     sum       t         60.921597         0.269         0.252       
32768       4096      int64     sum       t         60.479999         0.542         0.508       
#device_reducescatter
size(B)     count     type      redop     scope     latency(us)       algbw(GB/s)   busbw(GB/s) 
128         16        int64     prod      t         60.950398         0.002         0.002       
256         32        int64     prod      t         60.246402         0.004         0.004       
512         64        int64     prod      t         60.531199         0.008         0.008       
1024        128       int64     prod      t         60.025603         0.017         0.016       
2048        256       int64     prod      t         61.046398         0.034         0.031       
4096        512       int64     prod      t         59.849602         0.068         0.064       
8192        1024      int64     prod      t         60.537601         0.135         0.127       
16384       2048      int64     prod      t         60.700798         0.270         0.253       
32768       4096      int64     prod      t         60.780799         0.539         0.505       
#device_reducescatter
size(B)     count     type      redop     scope     latency(us)       algbw(GB/s)   busbw(GB/s) 
128         16        int64     and       t         61.228800         0.002         0.002       
256         32        int64     and       t         60.303998         0.004         0.004       
512         64        int64     and       t         60.451198         0.008         0.008       
1024        128       int64     and       t         60.127997         0.017         0.016       
2048        256       int64     and       t         60.774398         0.034         0.032       
4096        512       int64     and       t         60.332799         0.068         0.064       
8192        1024      int64     and       t         59.968001         0.137         0.128       
16384       2048      int64     and       t         60.582399         0.270         0.254       
32768       4096      int64     and       t         60.905600         0.538         0.504       
#device_reducescatter
size(B)     count     type      redop     scope     latency(us)       algbw(GB/s)   busbw(GB/s) 
128         16        int64     or        t         61.014402         0.002         0.002       
256         32        int64     or        t         60.316801         0.004         0.004       
512         64        int64     or        t         59.929597         0.009         0.008       
1024        128       int64     or        t         59.987199         0.017         0.016       
2048        256       int64     or        t         61.199999         0.033         0.031       
4096        512       int64     or        t         60.431999         0.068         0.064       
8192        1024      int64     or        t         60.230398         0.136         0.128       
16384       2048      int64     or        t         59.673601         0.275         0.257       
32768       4096      int64     or        t         60.832000         0.539         0.505       
#device_reducescatter
size(B)     count     type      redop     scope     latency(us)       algbw(GB/s)   busbw(GB/s) 
128         16        int64     xor       t         61.132801         0.002         0.002       
256         32        int64     xor       t         60.505599         0.004         0.004       
512         64        int64     xor       t         60.131198         0.009         0.008       
1024        128       int64     xor       t         60.127997         0.017         0.016       
2048        256       int64     xor       t         59.072000         0.035         0.033       
4096        512       int64     xor       t         61.375999         0.067         0.063       
8192        1024      int64     xor       t         59.744000         0.137         0.129       
16384       2048      int64     xor       t         60.864002         0.269         0.252       
32768       4096      int64     xor       t         61.932802         0.529         0.496       
#device_reducescatter
size(B)     count     type      redop     scope     latency(us)       algbw(GB/s)   busbw(GB/s) 
128         16        int64     min       t         61.526400         0.002         0.002       
256         32        int64     min       t         60.031998         0.004         0.004       
512         64        int64     min       t         60.467201         0.008         0.008       
1024        128       int64     min       t         60.579199         0.017         0.016       
2048        256       int64     min       t         60.351998         0.034         0.032       
4096        512       int64     min       t         59.862399         0.068         0.064       
8192        1024      int64     min       t         60.236800         0.136         0.127       
16384       2048      int64     min       t         60.755199         0.270         0.253       
32768       4096      int64     min       t         59.939200         0.547         0.513       
#device_reducescatter
size(B)     count     type      redop     scope     latency(us)       algbw(GB/s)   busbw(GB/s) 
128         16        int64     max       t         60.694402         0.002         0.002       
256         32        int64     max       t         60.633600         0.004         0.004       
512         64        int64     max       t         60.368001         0.008         0.008       
1024        128       int64     max       t         59.830397         0.017         0.016       
2048        256       int64     max       t         60.067201         0.034         0.032       
4096        512       int64     max       t         60.003197         0.068         0.064       
8192        1024      int64     max       t         59.606397         0.137         0.129       
16384       2048      int64     max       t         60.521603         0.271         0.254       
32768       4096      int64     max       t         59.948802         0.547         0.512       
#device_reducescatter
size(B)     count     type      redop     scope     latency(us)       algbw(GB/s)   busbw(GB/s) 
64          16        int32     sum       w         61.843199         0.001         0.001       
128         32        int32     sum       w         61.881602         0.002         0.002       
256         64        int32     sum       w         61.516798         0.004         0.004       
512         128       int32     sum       w         61.641598         0.008         0.008       
1024        256       int32     sum       w         61.814398         0.017         0.016       
2048        512       int32     sum       w         61.852801         0.033         0.031       
4096        1024      int32     sum       w         62.153602         0.066         0.062       
8192        2048      int32     sum       w         61.827201         0.132         0.124       
16384       4096      int32     sum       w         61.513603         0.266         0.250       
32768       8192      int32     sum       w         80.111998         0.409         0.383       
65536       16384     int32     sum       w         63.686401         1.029         0.965       
131072      32768     int32     sum       w         62.054402         2.112         1.980       
#device_reducescatter
size(B)     count     type      redop     scope     latency(us)       algbw(GB/s)   busbw(GB/s) 
64          16        int32     prod      w         61.343998         0.001         0.001       
128         32        int32     prod      w         61.471999         0.002         0.002       
256         64        int32     prod      w         62.185597         0.004         0.004       
512         128       int32     prod      w         61.119998         0.008         0.008       
1024        256       int32     prod      w         60.617602         0.017         0.016       
2048        512       int32     prod      w         61.139202         0.033         0.031       
4096        1024      int32     prod      w         60.688001         0.067         0.063       
8192        2048      int32     prod      w         61.423999         0.133         0.125       
16384       4096      int32     prod      w         61.151999         0.268         0.251       
32768       8192      int32     prod      w         62.076801         0.528         0.495       
65536       16384     int32     prod      w         62.335998         1.051         0.986       
131072      32768     int32     prod      w         62.214398         2.107         1.975       
#device_reducescatter
size(B)     count     type      redop     scope     latency(us)       algbw(GB/s)   busbw(GB/s) 
64          16        int32     and       w         61.740798         0.001         0.001       
128         32        int32     and       w         61.939198         0.002         0.002       
256         64        int32     and       w         62.393600         0.004         0.004       
512         128       int32     and       w         61.785603         0.008         0.008       
1024        256       int32     and       w         62.620801         0.016         0.015       
2048        512       int32     and       w         61.776000         0.033         0.031       
4096        1024      int32     and       w         62.268800         0.066         0.062       
8192        2048      int32     and       w         61.363202         0.134         0.125       
16384       4096      int32     and       w         63.072002         0.260         0.244       
32768       8192      int32     and       w         61.596799         0.532         0.499       
65536       16384     int32     and       w         62.915200         1.042         0.977       
131072      32768     int32     and       w         62.073600         2.112         1.980       
#device_reducescatter
size(B)     count     type      redop     scope     latency(us)       algbw(GB/s)   busbw(GB/s) 
64          16        int32     or        w         61.324799         0.001         0.001       
128         32        int32     or        w         62.214398         0.002         0.002       
256         64        int32     or        w         61.612803         0.004         0.004       
512         128       int32     or        w         61.184001         0.008         0.008       
1024        256       int32     or        w         62.771201         0.016         0.015       
2048        512       int32     or        w         61.500800         0.033         0.031       
4096        1024      int32     or        w         62.531197         0.066         0.061       
8192        2048      int32     or        w         61.763197         0.133         0.124       
16384       4096      int32     or        w         63.369602         0.259         0.242       
32768       8192      int32     or        w         62.121600         0.527         0.495       
65536       16384     int32     or        w         61.436802         1.067         1.000       
131072      32768     int32     or        w         61.964798         2.115         1.983       
#device_reducescatter
size(B)     count     type      redop     scope     latency(us)       algbw(GB/s)   busbw(GB/s) 
64          16        int32     xor       w         61.417598         0.001         0.001       
128         32        int32     xor       w         62.556797         0.002         0.002       
256         64        int32     xor       w         61.670399         0.004         0.004       
512         128       int32     xor       w         61.510402         0.008         0.008       
1024        256       int32     xor       w         61.884803         0.017         0.016       
2048        512       int32     xor       w         61.500800         0.033         0.031       
4096        1024      int32     xor       w         62.313598         0.066         0.062       
8192        2048      int32     xor       w         61.257601         0.134         0.125       
16384       4096      int32     xor       w         61.347198         0.267         0.250       
32768       8192      int32     xor       w         62.886399         0.521         0.488       
65536       16384     int32     xor       w         61.839998         1.060         0.994       
131072      32768     int32     xor       w         61.526400         2.130         1.997       
#device_reducescatter
size(B)     count     type      redop     scope     latency(us)       algbw(GB/s)   busbw(GB/s) 
64          16        int32     min       w         62.284797         0.001         0.001       
128         32        int32     min       w         61.692798         0.002         0.002       
256         64        int32     min       w         62.995201         0.004         0.004       
512         128       int32     min       w         61.657602         0.008         0.008       
1024        256       int32     min       w         63.187200         0.016         0.015       
2048        512       int32     min       w         61.747199         0.033         0.031       
4096        1024      int32     min       w         61.955202         0.066         0.062       
8192        2048      int32     min       w         62.076801         0.132         0.124       
16384       4096      int32     min       w         62.483197         0.262         0.246       
32768       8192      int32     min       w         62.348801         0.526         0.493       
65536       16384     int32     min       w         61.580801         1.064         0.998       
131072      32768     int32     min       w         61.766398         2.122         1.989       
#device_reducescatter
size(B)     count     type      redop     scope     latency(us)       algbw(GB/s)   busbw(GB/s) 
64          16        int32     max       w         61.430401         0.001         0.001       
128         32        int32     max       w         62.304002         0.002         0.002       
256         64        int32     max       w         60.889602         0.004         0.004       
512         128       int32     max       w         61.545599         0.008         0.008       
1024        256       int32     max       w         62.262398         0.016         0.015       
2048        512       int32     max       w         62.364799         0.033         0.031       
4096        1024      int32     max       w         63.161600         0.065         0.061       
8192        2048      int32     max       w         61.552000         0.133         0.125       
16384       4096      int32     max       w         61.776000         0.265         0.249       
32768       8192      int32     max       w         61.011201         0.537         0.504       
65536       16384     int32     max       w         61.488003         1.066         0.999       
131072      32768     int32     max       w         61.606401         2.128         1.995       
#device_reducescatter
size(B)     count     type      redop     scope     latency(us)       algbw(GB/s)   busbw(GB/s) 
128         16        int64     sum       w         61.443198         0.002         0.002       
256         32        int64     sum       w         62.377602         0.004         0.004       
512         64        int64     sum       w         62.486398         0.008         0.008       
1024        128       int64     sum       w         62.841600         0.016         0.015       
2048        256       int64     sum       w         62.937599         0.033         0.031       
4096        512       int64     sum       w         61.769599         0.066         0.062       
8192        1024      int64     sum       w         62.323201         0.131         0.123       
16384       2048      int64     sum       w         62.131202         0.264         0.247       
32768       4096      int64     sum       w         64.086401         0.511         0.479       
65536       8192      int64     sum       w         61.657602         1.063         0.996       
131072      16384     int64     sum       w         61.292797         2.138         2.005       
262144      32768     int64     sum       w         61.532801         4.260         3.994       
#device_reducescatter
size(B)     count     type      redop     scope     latency(us)       algbw(GB/s)   busbw(GB/s) 
128         16        int64     prod      w         62.390399         0.002         0.002       
256         32        int64     prod      w         221.046400        0.001         0.001       
512         64        int64     prod      w         62.739199         0.008         0.008       
1024        128       int64     prod      w         61.811203         0.017         0.016       
2048        256       int64     prod      w         62.620801         0.033         0.031       
4096        512       int64     prod      w         62.086397         0.066         0.062       
8192        1024      int64     prod      w         61.107200         0.134         0.126       
16384       2048      int64     prod      w         62.121600         0.264         0.247       
32768       4096      int64     prod      w         62.761599         0.522         0.489       
65536       8192      int64     prod      w         61.491197         1.066         0.999       
131072      16384     int64     prod      w         61.315203         2.138         2.004       
262144      32768     int64     prod      w         61.811203         4.241         3.976       
#device_reducescatter
size(B)     count     type      redop     scope     latency(us)       algbw(GB/s)   busbw(GB/s) 
128         16        int64     and       w         61.900800         0.002         0.002       
256         32        int64     and       w         61.916798         0.004         0.004       
512         64        int64     and       w         62.748802         0.008         0.008       
1024        128       int64     and       w         61.779201         0.017         0.016       
2048        256       int64     and       w         64.278400         0.032         0.030       
4096        512       int64     and       w         61.686403         0.066         0.062       
8192        1024      int64     and       w         60.940802         0.134         0.126       
16384       2048      int64     and       w         61.638403         0.266         0.249       
32768       4096      int64     and       w         232.668805        0.141         0.132       
65536       8192      int64     and       w         62.713599         1.045         0.980       
131072      16384     int64     and       w         60.879999         2.153         2.018       
262144      32768     int64     and       w         61.628801         4.254         3.988       
#device_reducescatter
size(B)     count     type      redop     scope     latency(us)       algbw(GB/s)   busbw(GB/s) 
128         16        int64     or        w         61.471999         0.002         0.002       
256         32        int64     or        w         61.600000         0.004         0.004       
512         64        int64     or        w         62.143999         0.008         0.008       
1024        128       int64     or        w         60.716802         0.017         0.016       
2048        256       int64     or        w         60.822397         0.034         0.032       
4096        512       int64     or        w         62.275201         0.066         0.062       
8192        1024      int64     or        w         61.008000         0.134         0.126       
16384       2048      int64     or        w         61.699200         0.266         0.249       
32768       4096      int64     or        w         62.217599         0.527         0.494       
65536       8192      int64     or        w         61.411202         1.067         1.000       
131072      16384     int64     or        w         61.206400         2.141         2.008       
262144      32768     int64     or        w         62.463999         4.197         3.934       
#device_reducescatter
size(B)     count     type      redop     scope     latency(us)       algbw(GB/s)   busbw(GB/s) 
128         16        int64     xor       w         61.391997         0.002         0.002       
256         32        int64     xor       w         62.038398         0.004         0.004       
512         64        int64     xor       w         61.427200         0.008         0.008       
1024        128       int64     xor       w         62.246400         0.016         0.015       
2048        256       int64     xor       w         61.507201         0.033         0.031       
4096        512       int64     xor       w         62.236798         0.066         0.062       
8192        1024      int64     xor       w         61.308801         0.134         0.125       
16384       2048      int64     xor       w         62.140799         0.264         0.247       
32768       4096      int64     xor       w         61.132801         0.536         0.503       
65536       8192      int64     xor       w         62.313598         1.052         0.986       
131072      16384     int64     xor       w         61.830401         2.120         1.987       
262144      32768     int64     xor       w         61.695999         4.249         3.983       
#device_reducescatter
size(B)     count     type      redop     scope     latency(us)       algbw(GB/s)   busbw(GB/s) 
128         16        int64     min       w         62.499201         0.002         0.002       
256         32        int64     min       w         62.265599         0.004         0.004       
512         64        int64     min       w         61.865598         0.008         0.008       
1024        128       int64     min       w         62.176001         0.016         0.015       
2048        256       int64     min       w         62.041599         0.033         0.031       
4096        512       int64     min       w         62.156802         0.066         0.062       
8192        1024      int64     min       w         61.993599         0.132         0.124       
16384       2048      int64     min       w         61.961597         0.264         0.248       
32768       4096      int64     min       w         61.798400         0.530         0.497       
65536       8192      int64     min       w         62.655997         1.046         0.981       
131072      16384     int64     min       w         62.166399         2.108         1.977       
262144      32768     int64     min       w         61.446398         4.266         4.000       
#device_reducescatter
size(B)     count     type      redop     scope     latency(us)       algbw(GB/s)   busbw(GB/s) 
128         16        int64     max       w         61.779201         0.002         0.002       
256         32        int64     max       w         62.246400         0.004         0.004       
512         64        int64     max       w         61.663997         0.008         0.008       
1024        128       int64     max       w         60.720003         0.017         0.016       
2048        256       int64     max       w         62.169600         0.033         0.031       
4096        512       int64     max       w         62.239999         0.066         0.062       
8192        1024      int64     max       w         61.635202         0.133         0.125       
16384       2048      int64     max       w         61.766398         0.265         0.249       
32768       4096      int64     max       w         61.596799         0.532         0.499       
65536       8192      int64     max       w         61.699200         1.062         0.996       
131072      16384     int64     max       w         62.131202         2.110         1.978       
262144      32768     int64     max       w         65.580797         3.997         3.747       
#device_reducescatter
size(B)     count     type      redop     scope     latency(us)       algbw(GB/s)   busbw(GB/s) 
64          16        int32     sum       b         60.022402         0.001         0.001       
128         32        int32     sum       b         60.070401         0.002         0.002       
256         64        int32     sum       b         60.035199         0.004         0.004       
512         128       int32     sum       b         60.176003         0.009         0.008       
1024        256       int32     sum       b         67.827201         0.015         0.014       
2048        512       int32     sum       b         60.105598         0.034         0.032       
4096        1024      int32     sum       b         59.721601         0.069         0.064       
8192        2048      int32     sum       b         60.217601         0.136         0.128       
16384       4096      int32     sum       b         60.083199         0.273         0.256       
32768       8192      int32     sum       b         60.096002         0.545         0.511       
65536       16384     int32     sum       b         59.644800         1.099         1.030       
131072      32768     int32     sum       b         60.268801         2.175         2.039       
262144      65536     int32     sum       b         60.249603         4.351         4.079       
524288      131072    int32     sum       b         60.038400         8.733         8.187       
1048576     262144    int32     sum       b         60.159999         17.430        16.340      
2097152     524288    int32     sum       b         59.798402         35.070        32.878      
4194304     1048576   int32     sum       b         59.801602         70.137        65.753      
8388608     2097152   int32     sum       b         59.952003         139.922       131.177     
16777216    4194304   int32     sum       b         60.172802         278.817       261.391     
#device_reducescatter
size(B)     count     type      redop     scope     latency(us)       algbw(GB/s)   busbw(GB/s) 
64          16        int32     prod      b         60.236800         0.001         0.001       
128         32        int32     prod      b         59.504002         0.002         0.002       
256         64        int32     prod      b         59.881598         0.004         0.004       
512         128       int32     prod      b         59.609598         0.009         0.008       
1024        256       int32     prod      b         60.876799         0.017         0.016       
2048        512       int32     prod      b         60.876799         0.034         0.032       
4096        1024      int32     prod      b         59.311998         0.069         0.065       
8192        2048      int32     prod      b         59.929597         0.137         0.128       
16384       4096      int32     prod      b         60.163200         0.272         0.255       
32768       8192      int32     prod      b         59.487998         0.551         0.516       
65536       16384     int32     prod      b         59.446400         1.102         1.034       
131072      32768     int32     prod      b         59.615999         2.199         2.061       
262144      65536     int32     prod      b         60.134399         4.359         4.087       
524288      131072    int32     prod      b         60.486400         8.668         8.126       
1048576     262144    int32     prod      b         60.300797         17.389        16.302      
2097152     524288    int32     prod      b         59.718400         35.117        32.923      
4194304     1048576   int32     prod      b         59.385598         70.628        66.214      
8388608     2097152   int32     prod      b         59.430403         141.150       132.328     
16777216    4194304   int32     prod      b         59.657598         281.225       263.649     
#device_reducescatter
size(B)     count     type      redop     scope     latency(us)       algbw(GB/s)   busbw(GB/s) 
64          16        int32     and       b         60.623997         0.001         0.001       
128         32        int32     and       b         59.699202         0.002         0.002       
256         64        int32     and       b         60.323203         0.004         0.004       
512         128       int32     and       b         59.993601         0.009         0.008       
1024        256       int32     and       b         60.806400         0.017         0.016       
2048        512       int32     and       b         60.505599         0.034         0.032       
4096        1024      int32     and       b         60.153598         0.068         0.064       
8192        2048      int32     and       b         59.840000         0.137         0.128       
16384       4096      int32     and       b         60.963202         0.269         0.252       
32768       8192      int32     and       b         59.907198         0.547         0.513       
65536       16384     int32     and       b         59.814399         1.096         1.027       
131072      32768     int32     and       b         60.460800         2.168         2.032       
262144      65536     int32     and       b         60.412800         4.339         4.068       
524288      131072    int32     and       b         59.129602         8.867         8.313       
1048576     262144    int32     and       b         59.788799         17.538        16.442      
2097152     524288    int32     and       b         59.923202         34.997        32.810      
4194304     1048576   int32     and       b         59.875202         70.051        65.673      
8388608     2097152   int32     and       b         60.284799         139.150       130.453     
16777216    4194304   int32     and       b         59.555203         281.709       264.102     
#device_reducescatter
size(B)     count     type      redop     scope     latency(us)       algbw(GB/s)   busbw(GB/s) 
64          16        int32     or        b         60.294402         0.001         0.001       
128         32        int32     or        b         60.044801         0.002         0.002       
256         64        int32     or        b         60.102397         0.004         0.004       
512         128       int32     or        b         60.454398         0.008         0.008       
1024        256       int32     or        b         60.323203         0.017         0.016       
2048        512       int32     or        b         59.939200         0.034         0.032       
4096        1024      int32     or        b         59.811199         0.068         0.064       
8192        2048      int32     or        b         60.927999         0.134         0.126       
16384       4096      int32     or        b         59.887999         0.274         0.256       
32768       8192      int32     or        b         60.592002         0.541         0.507       
65536       16384     int32     or        b         60.041600         1.092         1.023       
131072      32768     int32     or        b         60.249603         2.175         2.040       
262144      65536     int32     or        b         59.724802         4.389         4.115       
524288      131072    int32     or        b         59.952003         8.745         8.199       
1048576     262144    int32     or        b         60.361600         17.372        16.286      
2097152     524288    int32     or        b         60.025603         34.938        32.754      
4194304     1048576   int32     or        b         60.243201         69.623        65.271      
8388608     2097152   int32     or        b         60.025603         139.751       131.016     
16777216    4194304   int32     or        b         60.768002         276.086       258.831     
#device_reducescatter
size(B)     count     type      redop     scope     latency(us)       algbw(GB/s)   busbw(GB/s) 
64          16        int32     xor       b         59.465599         0.001         0.001       
128         32        int32     xor       b         60.275197         0.002         0.002       
256         64        int32     xor       b         60.521603         0.004         0.004       
512         128       int32     xor       b         60.739201         0.008         0.008       
1024        256       int32     xor       b         60.467201         0.017         0.016       
2048        512       int32     xor       b         60.431999         0.034         0.032       
4096        1024      int32     xor       b         60.252798         0.068         0.064       
8192        2048      int32     xor       b         60.252798         0.136         0.127       
16384       4096      int32     xor       b         60.086399         0.273         0.256       
32768       8192      int32     xor       b         60.377598         0.543         0.509       
65536       16384     int32     xor       b         60.496002         1.083         1.016       
131072      32768     int32     xor       b         60.035199         2.183         2.047       
262144      65536     int32     xor       b         61.100799         4.290         4.022       
524288      131072    int32     xor       b         59.852803         8.760         8.212       
1048576     262144    int32     xor       b         59.993601         17.478        16.386      
2097152     524288    int32     xor       b         60.156798         34.861        32.683      
4194304     1048576   int32     xor       b         61.414403         68.295        64.027      
8388608     2097152   int32     xor       b         60.278398         139.164       130.467     
16777216    4194304   int32     xor       b         59.571201         281.633       264.031     
#device_reducescatter
size(B)     count     type      redop     scope     latency(us)       algbw(GB/s)   busbw(GB/s) 
64          16        int32     min       b         60.294402         0.001         0.001       
128         32        int32     min       b         60.592002         0.002         0.002       
256         64        int32     min       b         59.907198         0.004         0.004       
512         128       int32     min       b         60.371202         0.008         0.008       
1024        256       int32     min       b         60.912001         0.017         0.016       
2048        512       int32     min       b         60.879999         0.034         0.032       
4096        1024      int32     min       b         60.291201         0.068         0.064       
8192        2048      int32     min       b         60.259199         0.136         0.127       
16384       4096      int32     min       b         60.377598         0.271         0.254       
32768       8192      int32     min       b         60.025603         0.546         0.512       
65536       16384     int32     min       b         59.683198         1.098         1.029       
131072      32768     int32     min       b         60.416001         2.169         2.034       
262144      65536     int32     min       b         60.671997         4.321         4.051       
524288      131072    int32     min       b         60.393602         8.681         8.139       
1048576     262144    int32     min       b         60.307199         17.387        16.301      
2097152     524288    int32     min       b         60.390401         34.727        32.556      
4194304     1048576   int32     min       b         60.310400         69.545        65.199      
8388608     2097152   int32     min       b         60.383999         138.921       130.238     
16777216    4194304   int32     min       b         60.780799         276.028       258.776     
#device_reducescatter
size(B)     count     type      redop     scope     latency(us)       algbw(GB/s)   busbw(GB/s) 
64          16        int32     max       b         59.935999         0.001         0.001       
128         32        int32     max       b         60.332799         0.002         0.002       
256         64        int32     max       b         59.686399         0.004         0.004       
512         128       int32     max       b         59.929597         0.009         0.008       
1024        256       int32     max       b         59.945601         0.017         0.016       
2048        512       int32     max       b         60.207999         0.034         0.032       
4096        1024      int32     max       b         59.699202         0.069         0.064       
8192        2048      int32     max       b         59.308797         0.138         0.129       
16384       4096      int32     max       b         59.504002         0.275         0.258       
32768       8192      int32     max       b         59.792000         0.548         0.514       
65536       16384     int32     max       b         60.255998         1.088         1.020       
131072      32768     int32     max       b         60.083199         2.182         2.045       
262144      65536     int32     max       b         59.657598         4.394         4.120       
524288      131072    int32     max       b         60.137600         8.718         8.173       
1048576     262144    int32     max       b         60.294402         17.391        16.304      
2097152     524288    int32     max       b         59.961599         34.975        32.789      
4194304     1048576   int32     max       b         60.665601         69.138        64.817      
8388608     2097152   int32     max       b         60.233599         139.268       130.564     
16777216    4194304   int32     max       b         60.201597         278.684       261.266     
#device_reducescatter
size(B)     count     type      redop     scope     latency(us)       algbw(GB/s)   busbw(GB/s) 
128         16        int64     sum       b         60.057598         0.002         0.002       
256         32        int64     sum       b         59.859198         0.004         0.004       
512         64        int64     sum       b         59.852803         0.009         0.008       
1024        128       int64     sum       b         61.119998         0.017         0.016       
2048        256       int64     sum       b         59.580803         0.034         0.032       
4096        512       int64     sum       b         60.083199         0.068         0.064       
8192        1024      int64     sum       b         59.439999         0.138         0.129       
16384       2048      int64     sum       b         60.867202         0.269         0.252       
32768       4096      int64     sum       b         60.099202         0.545         0.511       
65536       8192      int64     sum       b         59.820801         1.096         1.027       
131072      16384     int64     sum       b         59.420800         2.206         2.068       
262144      32768     int64     sum       b         59.916800         4.375         4.102       
524288      65536     int64     sum       b         59.916800         8.750         8.203       
1048576     131072    int64     sum       b         59.782398         17.540        16.444      
2097152     262144    int64     sum       b         59.731197         35.110        32.915      
4194304     524288    int64     sum       b         60.742402         69.051        64.735      
8388608     1048576   int64     sum       b         59.852803         140.154       131.394     
16777216    2097152   int64     sum       b         59.855998         280.293       262.775     
#device_reducescatter
size(B)     count     type      redop     scope     latency(us)       algbw(GB/s)   busbw(GB/s) 
128         16        int64     prod      b         60.192001         0.002         0.002       
256         32        int64     prod      b         59.776002         0.004         0.004       
512         64        int64     prod      b         59.171200         0.009         0.008       
1024        128       int64     prod      b         59.798402         0.017         0.016       
2048        256       int64     prod      b         59.711999         0.034         0.032       
4096        512       int64     prod      b         60.067201         0.068         0.064       
8192        1024      int64     prod      b         60.067201         0.136         0.128       
16384       2048      int64     prod      b         59.452802         0.276         0.258       
32768       4096      int64     prod      b         59.625602         0.550         0.515       
65536       8192      int64     prod      b         59.574401         1.100         1.031       
131072      16384     int64     prod      b         59.968001         2.186         2.049       
262144      32768     int64     prod      b         59.846401         4.380         4.107       
524288      65536     int64     prod      b         60.112000         8.722         8.177       
1048576     131072    int64     prod      b         59.932798         17.496        16.402      
2097152     262144    int64     prod      b         59.206402         35.421        33.207      
4194304     524288    int64     prod      b         60.108799         69.779        65.417      
8388608     1048576   int64     prod      b         59.955198         139.915       131.170     
16777216    2097152   int64     prod      b         59.631997         281.346       263.762     
#device_reducescatter
size(B)     count     type      redop     scope     latency(us)       algbw(GB/s)   busbw(GB/s) 
128         16        int64     and       b         60.454398         0.002         0.002       
256         32        int64     and       b         60.275197         0.004         0.004       
512         64        int64     and       b         60.243201         0.008         0.008       
1024        128       int64     and       b         59.990400         0.017         0.016       
2048        256       int64     and       b         59.212798         0.035         0.032       
4096        512       int64     and       b         59.939200         0.068         0.064       
8192        1024      int64     and       b         60.992002         0.134         0.126       
16384       2048      int64     and       b         60.211200         0.272         0.255       
32768       4096      int64     and       b         60.310400         0.543         0.509       
65536       8192      int64     and       b         59.603202         1.100         1.031       
131072      16384     int64     and       b         59.715199         2.195         2.058       
262144      32768     int64     and       b         59.961599         4.372         4.099       
524288      65536     int64     and       b         59.894401         8.754         8.206       
1048576     131072    int64     and       b         60.240000         17.407        16.319      
2097152     262144    int64     and       b         60.748798         34.522        32.364      
4194304     524288    int64     and       b         60.374397         69.472        65.130      
8388608     1048576   int64     and       b         59.788799         140.304       131.535     
16777216    2097152   int64     and       b         60.508800         277.269       259.940     
#device_reducescatter
size(B)     count     type      redop     scope     latency(us)       algbw(GB/s)   busbw(GB/s) 
128         16        int64     or        b         59.923202         0.002         0.002       
256         32        int64     or        b         64.457601         0.004         0.004       
512         64        int64     or        b         59.779203         0.009         0.008       
1024        128       int64     or        b         60.192001         0.017         0.016       
2048        256       int64     or        b         60.159999         0.034         0.032       
4096        512       int64     or        b         60.351998         0.068         0.064       
8192        1024      int64     or        b         59.996802         0.137         0.128       
16384       2048      int64     or        b         61.043203         0.268         0.252       
32768       4096      int64     or        b         59.763199         0.548         0.514       
65536       8192      int64     or        b         59.996802         1.092         1.024       
131072      16384     int64     or        b         59.446400         2.205         2.067       
262144      32768     int64     or        b         59.734398         4.388         4.114       
524288      65536     int64     or        b         59.100801         8.871         8.317       
1048576     131072    int64     or        b         60.016000         17.472        16.380      
2097152     262144    int64     or        b         59.878403         35.024        32.835      
4194304     524288    int64     or        b         60.192001         69.682        65.327      
8388608     1048576   int64     or        b         59.667200         140.590       131.803     
16777216    2097152   int64     or        b         59.763199         280.728       263.183     
#device_reducescatter
size(B)     count     type      redop     scope     latency(us)       algbw(GB/s)   busbw(GB/s) 
128         16        int64     xor       b         60.342401         0.002         0.002       
256         32        int64     xor       b         59.609598         0.004         0.004       
512         64        int64     xor       b         60.227197         0.009         0.008       
1024        128       int64     xor       b         59.983999         0.017         0.016       
2048        256       int64     xor       b         59.430403         0.034         0.032       
4096        512       int64     xor       b         60.108799         0.068         0.064       
8192        1024      int64     xor       b         59.555203         0.138         0.129       
16384       2048      int64     xor       b         60.502398         0.271         0.254       
32768       4096      int64     xor       b         60.054398         0.546         0.512       
65536       8192      int64     xor       b         60.297602         1.087         1.019       
131072      16384     int64     xor       b         59.903997         2.188         2.051       
262144      32768     int64     xor       b         61.804801         4.241         3.976       
524288      65536     int64     xor       b         60.227197         8.705         8.161       
1048576     131072    int64     xor       b         59.539199         17.612        16.511      
2097152     262144    int64     xor       b         59.539199         35.223        33.022      
4194304     524288    int64     xor       b         59.740800         70.208        65.820      
8388608     1048576   int64     xor       b         60.979199         137.565       128.967     
16777216    2097152   int64     xor       b         59.881598         280.173       262.662     
#device_reducescatter
size(B)     count     type      redop     scope     latency(us)       algbw(GB/s)   busbw(GB/s) 
128         16        int64     min       b         60.284799         0.002         0.002       
256         32        int64     min       b         59.817600         0.004         0.004       
512         64        int64     min       b         60.883200         0.008         0.008       
1024        128       int64     min       b         60.412800         0.017         0.016       
2048        256       int64     min       b         59.759998         0.034         0.032       
4096        512       int64     min       b         60.604799         0.068         0.063       
8192        1024      int64     min       b         59.776002         0.137         0.128       
16384       2048      int64     min       b         60.207999         0.272         0.255       
32768       4096      int64     min       b         60.467201         0.542         0.508       
65536       8192      int64     min       b         60.073602         1.091         1.023       
131072      16384     int64     min       b         59.875202         2.189         2.052       
262144      32768     int64     min       b         60.272002         4.349         4.078       
524288      65536     int64     min       b         59.648001         8.790         8.240       
1048576     131072    int64     min       b         60.134399         17.437        16.347      
2097152     262144    int64     min       b         60.329598         34.762        32.589      
4194304     524288    int64     min       b         59.552002         70.431        66.029      
8388608     1048576   int64     min       b         61.014402         137.486       128.893     
Runtime options after parsing command line arguments 
min_size: 4, max_size: 33554432, step_factor: 2, iterations: 10, warmup iterations: 5, number of ctas: 32, threads per cta: 256 stride: 1, datatype: int, reduce_op: sum, threadgroup_scope: all_scopes, atomic_op: inc, dir: write, report_msgrate: 0, bidirectional: 0, putget_issue :on_stream, use_graph: 0, use_mmap: 0, mem_handle_type: 0, use_egm: 0
Note: Above is full list of options, any given test will use only a subset of these variables.
mype: 2 mype_node: 2 device name: NVIDIA H200 bus id: 63 
Runtime options after parsing command line arguments 
min_size: 4, max_size: 33554432, step_factor: 2, iterations: 10, warmup iterations: 5, number of ctas: 32, threads per cta: 256 stride: 1, datatype: int, reduce_op: sum, threadgroup_scope: all_scopes, atomic_op: inc, dir: write, report_msgrate: 0, bidirectional: 0, putget_issue :on_stream, use_graph: 0, use_mmap: 0, mem_handle_type: 0, use_egm: 0
Note: Above is full list of options, any given test will use only a subset of these variables.
mype: 1 mype_node: 1 device name: NVIDIA H200 bus id: 45 
Runtime options after parsing command line arguments 
min_size: 4, max_size: 33554432, step_factor: 2, iterations: 10, warmup iterations: 5, number of ctas: 32, threads per cta: 256 stride: 1, datatype: int, reduce_op: sum, threadgroup_scope: all_scopes, atomic_op: inc, dir: write, report_msgrate: 0, bidirectional: 0, putget_issue :on_stream, use_graph: 0, use_mmap: 0, mem_handle_type: 0, use_egm: 0
Note: Above is full list of options, any given test will use only a subset of these variables.
mype: 8 mype_node: 0 device name: NVIDIA H200 bus id: 25 
Runtime options after parsing command line arguments 
min_size: 4, max_size: 33554432, step_factor: 2, iterations: 10, warmup iterations: 5, number of ctas: 32, threads per cta: 256 stride: 1, datatype: int, reduce_op: sum, threadgroup_scope: all_scopes, atomic_op: inc, dir: write, report_msgrate: 0, bidirectional: 0, putget_issue :on_stream, use_graph: 0, use_mmap: 0, mem_handle_type: 0, use_egm: 0
Note: Above is full list of options, any given test will use only a subset of these variables.
mype: 3 mype_node: 3 device name: NVIDIA H200 bus id: 102 
Runtime options after parsing command line arguments 
min_size: 4, max_size: 33554432, step_factor: 2, iterations: 10, warmup iterations: 5, number of ctas: 32, threads per cta: 256 stride: 1, datatype: int, reduce_op: sum, threadgroup_scope: all_scopes, atomic_op: inc, dir: write, report_msgrate: 0, bidirectional: 0, putget_issue :on_stream, use_graph: 0, use_mmap: 0, mem_handle_type: 0, use_egm: 0
Note: Above is full list of options, any given test will use only a subset of these variables.
mype: 7 mype_node: 7 device name: NVIDIA H200 bus id: 228 
Runtime options after parsing command line arguments 
min_size: 4, max_size: 33554432, step_factor: 2, iterations: 10, warmup iterations: 5, number of ctas: 32, threads per cta: 256 stride: 1, datatype: int, reduce_op: sum, threadgroup_scope: all_scopes, atomic_op: inc, dir: write, report_msgrate: 0, bidirectional: 0, putget_issue :on_stream, use_graph: 0, use_mmap: 0, mem_handle_type: 0, use_egm: 0
Note: Above is full list of options, any given test will use only a subset of these variables.
mype: 9 mype_node: 1 device name: NVIDIA H200 bus id: 45 
Runtime options after parsing command line arguments 
min_size: 4, max_size: 33554432, step_factor: 2, iterations: 10, warmup iterations: 5, number of ctas: 32, threads per cta: 256 stride: 1, datatype: int, reduce_op: sum, threadgroup_scope: all_scopes, atomic_op: inc, dir: write, report_msgrate: 0, bidirectional: 0, putget_issue :on_stream, use_graph: 0, use_mmap: 0, mem_handle_type: 0, use_egm: 0
Note: Above is full list of options, any given test will use only a subset of these variables.
mype: 5 mype_node: 5 device name: NVIDIA H200 bus id: 174 
16777216    2097152   int64     min       b         62.140799         269.987       253.113     
#device_reducescatter
size(B)     count     type      redop     scope     latency(us)       algbw(GB/s)   busbw(GB/s) 
128         16        int64     max       b         60.134399         0.002         0.002       
256         32        int64     max       b         60.179198         0.004         0.004       
512         64        int64     max       b         59.481603         0.009         0.008       
1024        128       int64     max       b         60.460800         0.017         0.016       
2048        256       int64     max       b         60.451198         0.034         0.032       
4096        512       int64     max       b         60.092801         0.068         0.064       
8192        1024      int64     max       b         60.188800         0.136         0.128       
16384       2048      int64     max       b         60.799998         0.269         0.253       
Runtime options after parsing command line arguments 
min_size: 4, max_size: 33554432, step_factor: 2, iterations: 10, warmup iterations: 5, number of ctas: 32, threads per cta: 256 stride: 1, datatype: int, reduce_op: sum, threadgroup_scope: all_scopes, atomic_op: inc, dir: write, report_msgrate: 0, bidirectional: 0, putget_issue :on_stream, use_graph: 0, use_mmap: 0, mem_handle_type: 0, use_egm: 0
Note: Above is full list of options, any given test will use only a subset of these variables.
mype: 10 mype_node: 2 device name: NVIDIA H200 bus id: 63 
32768       4096      int64     max       b         60.691202         0.540         0.506       
65536       8192      int64     max       b         59.833598         1.095         1.027       
131072      16384     int64     max       b         62.009603         2.114         1.982       
262144      32768     int64     max       b         61.382401         4.271         4.004       
524288      65536     int64     max       b         60.137600         8.718         8.173       
1048576     131072    int64     max       b         60.255998         17.402        16.314      
2097152     262144    int64     max       b         60.076803         34.908        32.726      
4194304     524288    int64     max       b         59.910399         70.010        65.634      
8388608     1048576   int64     max       b         60.156798         139.446       130.730     
16777216    2097152   int64     max       b         60.230398         278.551       261.141     
Runtime options after parsing command line arguments 
min_size: 4, max_size: 33554432, step_factor: 2, iterations: 10, warmup iterations: 5, number of ctas: 32, threads per cta: 256 stride: 1, datatype: int, reduce_op: sum, threadgroup_scope: all_scopes, atomic_op: inc, dir: write, report_msgrate: 0, bidirectional: 0, putget_issue :on_stream, use_graph: 0, use_mmap: 0, mem_handle_type: 0, use_egm: 0
Note: Above is full list of options, any given test will use only a subset of these variables.
mype: 15 mype_node: 7 device name: NVIDIA H200 bus id: 228 
Runtime options after parsing command line arguments 
min_size: 4, max_size: 33554432, step_factor: 2, iterations: 10, warmup iterations: 5, number of ctas: 32, threads per cta: 256 stride: 1, datatype: int, reduce_op: sum, threadgroup_scope: all_scopes, atomic_op: inc, dir: write, report_msgrate: 0, bidirectional: 0, putget_issue :on_stream, use_graph: 0, use_mmap: 0, mem_handle_type: 0, use_egm: 0
Note: Above is full list of options, any given test will use only a subset of these variables.
mype: 6 mype_node: 6 device name: NVIDIA H200 bus id: 191 
Runtime options after parsing command line arguments 
min_size: 4, max_size: 33554432, step_factor: 2, iterations: 10, warmup iterations: 5, number of ctas: 32, threads per cta: 256 stride: 1, datatype: int, reduce_op: sum, threadgroup_scope: all_scopes, atomic_op: inc, dir: write, report_msgrate: 0, bidirectional: 0, putget_issue :on_stream, use_graph: 0, use_mmap: 0, mem_handle_type: 0, use_egm: 0
Note: Above is full list of options, any given test will use only a subset of these variables.
mype: 12 mype_node: 4 device name: NVIDIA H200 bus id: 155 
Runtime options after parsing command line arguments 
min_size: 4, max_size: 33554432, step_factor: 2, iterations: 10, warmup iterations: 5, number of ctas: 32, threads per cta: 256 stride: 1, datatype: int, reduce_op: sum, threadgroup_scope: all_scopes, atomic_op: inc, dir: write, report_msgrate: 0, bidirectional: 0, putget_issue :on_stream, use_graph: 0, use_mmap: 0, mem_handle_type: 0, use_egm: 0
Note: Above is full list of options, any given test will use only a subset of these variables.
mype: 4 mype_node: 4 device name: NVIDIA H200 bus id: 155 
Runtime options after parsing command line arguments 
min_size: 4, max_size: 33554432, step_factor: 2, iterations: 10, warmup iterations: 5, number of ctas: 32, threads per cta: 256 stride: 1, datatype: int, reduce_op: sum, threadgroup_scope: all_scopes, atomic_op: inc, dir: write, report_msgrate: 0, bidirectional: 0, putget_issue :on_stream, use_graph: 0, use_mmap: 0, mem_handle_type: 0, use_egm: 0
Note: Above is full list of options, any given test will use only a subset of these variables.
mype: 13 mype_node: 5 device name: NVIDIA H200 bus id: 174 
Runtime options after parsing command line arguments 
min_size: 4, max_size: 33554432, step_factor: 2, iterations: 10, warmup iterations: 5, number of ctas: 32, threads per cta: 256 stride: 1, datatype: int, reduce_op: sum, threadgroup_scope: all_scopes, atomic_op: inc, dir: write, report_msgrate: 0, bidirectional: 0, putget_issue :on_stream, use_graph: 0, use_mmap: 0, mem_handle_type: 0, use_egm: 0
Note: Above is full list of options, any given test will use only a subset of these variables.
mype: 14 mype_node: 6 device name: NVIDIA H200 bus id: 191 
Runtime options after parsing command line arguments 
min_size: 4, max_size: 33554432, step_factor: 2, iterations: 10, warmup iterations: 5, number of ctas: 32, threads per cta: 256 stride: 1, datatype: int, reduce_op: sum, threadgroup_scope: all_scopes, atomic_op: inc, dir: write, report_msgrate: 0, bidirectional: 0, putget_issue :on_stream, use_graph: 0, use_mmap: 0, mem_handle_type: 0, use_egm: 0
Note: Above is full list of options, any given test will use only a subset of these variables.
mype: 11 mype_node: 3 device name: NVIDIA H200 bus id: 102 
