Runtime options after parsing command line arguments 
min_size: 4, max_size: 33554432, step_factor: 2, iterations: 10, warmup iterations: 5, number of ctas: 32, threads per cta: 256 stride: 1, datatype: int, reduce_op: sum, threadgroup_scope: all_scopes, atomic_op: inc, dir: write, report_msgrate: 0, bidirectional: 0, putget_issue :on_stream, use_graph: 0, use_mmap: 0, mem_handle_type: 0, use_egm: 0
Note: Above is full list of options, any given test will use only a subset of these variables.
NVSHMEM v3.3.9
mype: 0 mype_node: 0 device name: NVIDIA H200 bus id: 25 
#fcollect_device
size(B)     count     type      scope     latency(us)       algbw(GB/s)   busbw(GB/s) 
32          8         32-bit    thread    9.910400          0.003         0.003       
64          16        32-bit    thread    9.574400          0.007         0.006       
128         32        32-bit    thread    8.892800          0.014         0.013       
256         64        32-bit    thread    8.825600          0.029         0.025       
512         128       32-bit    thread    9.756800          0.052         0.046       
1024        256       32-bit    thread    10.435200         0.098         0.086       
2048        512       32-bit    thread    12.902400         0.159         0.139       
4096        1024      32-bit    thread    17.328000         0.236         0.207       
8192        2048      32-bit    thread    26.124799         0.314         0.274       
#fcollect_device
size(B)     count     type      scope     latency(us)       algbw(GB/s)   busbw(GB/s) 
32          8         32-bit    warp      10.547200         0.003         0.003       
64          16        32-bit    warp      7.964800          0.008         0.007       
128         32        32-bit    warp      7.968000          0.016         0.014       
256         64        32-bit    warp      7.955200          0.032         0.028       
512         128       32-bit    warp      8.812800          0.058         0.051       
1024        256       32-bit    warp      8.105600          0.126         0.111       
2048        512       32-bit    warp      7.193600          0.285         0.249       
4096        1024      32-bit    warp      9.660800          0.424         0.371       
8192        2048      32-bit    warp      16.960000         0.483         0.423       
16384       4096      32-bit    warp      27.721599         0.591         0.517       
32768       8192      32-bit    warp      13.023999         2.516         2.201       
65536       16384     32-bit    warp      17.091200         3.834         3.355       
#fcollect_device
size(B)     count     type      scope     latency(us)       algbw(GB/s)   busbw(GB/s) 
32          8         32-bit    block     8.819200          0.004         0.003       
64          16        32-bit    block     3.961600          0.016         0.014       
128         32        32-bit    block     4.009600          0.032         0.028       
256         64        32-bit    block     3.971200          0.064         0.056       
512         128       32-bit    block     3.836800          0.133         0.117       
1024        256       32-bit    block     3.904000          0.262         0.230       
2048        512       32-bit    block     3.923200          0.522         0.457       
4096        1024      32-bit    block     3.984000          1.028         0.900       
8192        2048      32-bit    block     5.564800          1.472         1.288       
16384       4096      32-bit    block     7.961600          2.058         1.801       
32768       8192      32-bit    block     8.000000          4.096         3.584       
65536       16384     32-bit    block     8.784000          7.461         6.528       
131072      32768     32-bit    block     10.467200         12.522        10.957      
262144      65536     32-bit    block     13.033600         20.113        17.599      
524288      131072    32-bit    block     19.472000         26.925        23.560      
1048576     262144    32-bit    block     44.060799         23.798        20.824      
2097152     524288    32-bit    block     108.687997        19.295        16.883      
4194304     1048576   32-bit    block     207.136011        20.249        17.718      
8388608     2097152   32-bit    block     406.156778        20.654        18.072      
16777216    4194304   32-bit    block     800.934410        20.947        18.329      
33554432    8388608   32-bit    block     1589.849567       21.105        18.467      
#fcollect_device
size(B)     count     type      scope     latency(us)       algbw(GB/s)   busbw(GB/s) 
64          8         64-bit    thread    8.841600          0.007         0.006       
128         16        64-bit    thread    8.931200          0.014         0.013       
256         32        64-bit    thread    9.756800          0.026         0.023       
512         64        64-bit    thread    9.683200          0.053         0.046       
1024        128       64-bit    thread    10.438400         0.098         0.086       
2048        256       64-bit    thread    12.950400         0.158         0.138       
4096        512       64-bit    thread    17.046399         0.240         0.210       
8192        1024      64-bit    thread    26.831999         0.305         0.267       
16384       2048      64-bit    thread    44.016001         0.372         0.326       
#fcollect_device
size(B)     count     type      scope     latency(us)       algbw(GB/s)   busbw(GB/s) 
64          8         64-bit    warp      11.216000         0.006         0.005       
128         16        64-bit    warp      8.432000          0.015         0.013       
256         32        64-bit    warp      8.019200          0.032         0.028       
512         64        64-bit    warp      8.057600          0.064         0.056       
1024        128       64-bit    warp      7.958400          0.129         0.113       
2048        256       64-bit    warp      7.168000          0.286         0.250       
4096        512       64-bit    warp      9.808000          0.418         0.365       
8192        1024      64-bit    warp      17.116800         0.479         0.419       
16384       2048      64-bit    warp      28.563201         0.574         0.502       
32768       4096      64-bit    warp      12.979200         2.525         2.209       
65536       8192      64-bit    warp      16.982400         3.859         3.377       
131072      16384     64-bit    warp      24.444801         5.362         4.692       
#fcollect_device
size(B)     count     type      scope     latency(us)       algbw(GB/s)   busbw(GB/s) 
64          8         64-bit    block     8.864000          0.007         0.006       
128         16        64-bit    block     4.006400          0.032         0.028       
256         32        64-bit    block     3.897600          0.066         0.057       
512         64        64-bit    block     3.907200          0.131         0.115       
1024        128       64-bit    block     3.862400          0.265         0.232       
2048        256       64-bit    block     4.748800          0.431         0.377       
4096        512       64-bit    block     4.736000          0.865         0.757       
8192        1024      64-bit    block     5.888000          1.391         1.217       
16384       2048      64-bit    block     7.996800          2.049         1.793       
32768       4096      64-bit    block     8.089600          4.051         3.544       
65536       8192      64-bit    block     8.835200          7.418         6.490       
131072      16384     64-bit    block     10.480000         12.507        10.944      
262144      32768     64-bit    block     12.880000         20.353        17.809      
524288      65536     64-bit    block     20.345600         25.769        22.548      
1048576     131072    64-bit    block     44.080001         23.788        20.815      
2097152     262144    64-bit    block     108.835196        19.269        16.860      
4194304     524288    64-bit    block     207.020807        20.260        17.728      
8388608     1048576   64-bit    block     405.705595        20.677        18.092      
16777216    2097152   64-bit    block     800.883198        20.948        18.330      
Runtime options after parsing command line arguments 
min_size: 4, max_size: 33554432, step_factor: 2, iterations: 10, warmup iterations: 5, number of ctas: 32, threads per cta: 256 stride: 1, datatype: int, reduce_op: sum, threadgroup_scope: all_scopes, atomic_op: inc, dir: write, report_msgrate: 0, bidirectional: 0, putget_issue :on_stream, use_graph: 0, use_mmap: 0, mem_handle_type: 0, use_egm: 0
Note: Above is full list of options, any given test will use only a subset of these variables.
mype: 2 mype_node: 2 device name: NVIDIA H200 bus id: 63 
Runtime options after parsing command line arguments 
min_size: 4, max_size: 33554432, step_factor: 2, iterations: 10, warmup iterations: 5, number of ctas: 32, threads per cta: 256 stride: 1, datatype: int, reduce_op: sum, threadgroup_scope: all_scopes, atomic_op: inc, dir: write, report_msgrate: 0, bidirectional: 0, putget_issue :on_stream, use_graph: 0, use_mmap: 0, mem_handle_type: 0, use_egm: 0
Note: Above is full list of options, any given test will use only a subset of these variables.
mype: 1 mype_node: 1 device name: NVIDIA H200 bus id: 45 
Runtime options after parsing command line arguments 
min_size: 4, max_size: 33554432, step_factor: 2, iterations: 10, warmup iterations: 5, number of ctas: 32, threads per cta: 256 stride: 1, datatype: int, reduce_op: sum, threadgroup_scope: all_scopes, atomic_op: inc, dir: write, report_msgrate: 0, bidirectional: 0, putget_issue :on_stream, use_graph: 0, use_mmap: 0, mem_handle_type: 0, use_egm: 0
Note: Above is full list of options, any given test will use only a subset of these variables.
mype: 7 mype_node: 7 device name: NVIDIA H200 bus id: 228 
Runtime options after parsing command line arguments 
min_size: 4, max_size: 33554432, step_factor: 2, iterations: 10, warmup iterations: 5, number of ctas: 32, threads per cta: 256 stride: 1, datatype: int, reduce_op: sum, threadgroup_scope: all_scopes, atomic_op: inc, dir: write, report_msgrate: 0, bidirectional: 0, putget_issue :on_stream, use_graph: 0, use_mmap: 0, mem_handle_type: 0, use_egm: 0
Note: Above is full list of options, any given test will use only a subset of these variables.
mype: 3 mype_node: 3 device name: NVIDIA H200 bus id: 102 
Runtime options after parsing command line arguments 
min_size: 4, max_size: 33554432, step_factor: 2, iterations: 10, warmup iterations: 5, number of ctas: 32, threads per cta: 256 stride: 1, datatype: int, reduce_op: sum, threadgroup_scope: all_scopes, atomic_op: inc, dir: write, report_msgrate: 0, bidirectional: 0, putget_issue :on_stream, use_graph: 0, use_mmap: 0, mem_handle_type: 0, use_egm: 0
Note: Above is full list of options, any given test will use only a subset of these variables.
mype: 4 mype_node: 4 device name: NVIDIA H200 bus id: 155 
Runtime options after parsing command line arguments 
min_size: 4, max_size: 33554432, step_factor: 2, iterations: 10, warmup iterations: 5, number of ctas: 32, threads per cta: 256 stride: 1, datatype: int, reduce_op: sum, threadgroup_scope: all_scopes, atomic_op: inc, dir: write, report_msgrate: 0, bidirectional: 0, putget_issue :on_stream, use_graph: 0, use_mmap: 0, mem_handle_type: 0, use_egm: 0
Note: Above is full list of options, any given test will use only a subset of these variables.
mype: 6 mype_node: 6 device name: NVIDIA H200 bus id: 191 
Runtime options after parsing command line arguments 
min_size: 4, max_size: 33554432, step_factor: 2, iterations: 10, warmup iterations: 5, number of ctas: 32, threads per cta: 256 stride: 1, datatype: int, reduce_op: sum, threadgroup_scope: all_scopes, atomic_op: inc, dir: write, report_msgrate: 0, bidirectional: 0, putget_issue :on_stream, use_graph: 0, use_mmap: 0, mem_handle_type: 0, use_egm: 0
Note: Above is full list of options, any given test will use only a subset of these variables.
mype: 5 mype_node: 5 device name: NVIDIA H200 bus id: 174 
