Runtime options after parsing command line arguments 
min_size: 65536, max_size: 65536, step_factor: 2, iterations: 10, warmup iterations: 5, number of ctas: 32, threads per cta: 256 stride: 1, datatype: int, reduce_op: sum, threadgroup_scope: all_scopes, atomic_op: inc, dir: write, report_msgrate: 0, bidirectional: 0, putget_issue :on_stream, use_graph: 0, use_mmap: 0, mem_handle_type: 0, use_egm: 0
Note: Above is full list of options, any given test will use only a subset of these variables.
NVSHMEM v3.3.9
mype: 0 mype_node: 0 device name: NVIDIA H200 bus id: 25 
#fcollect_device
size(B)     count     type      scope     latency(us)       algbw(GB/s)   busbw(GB/s) 
#fcollect_device
size(B)     count     type      scope     latency(us)       algbw(GB/s)   busbw(GB/s) 
#fcollect_device
size(B)     count     type      scope     latency(us)       algbw(GB/s)   busbw(GB/s) 
16          4         32-bit    block     32.815999         0.000         0.000       
32          8         32-bit    block     11.990400         0.003         0.002       
64          16        32-bit    block     11.305600         0.006         0.004       
128         32        32-bit    block     11.968000         0.011         0.008       
256         64        32-bit    block     12.051200         0.021         0.016       
512         128       32-bit    block     12.006400         0.043         0.032       
1024        256       32-bit    block     11.958400         0.086         0.064       
2048        512       32-bit    block     11.996800         0.171         0.128       
4096        1024      32-bit    block     12.867200         0.318         0.239       
8192        2048      32-bit    block     12.873600         0.636         0.477       
16384       4096      32-bit    block     32.492799         0.504         0.378       
32768       8192      32-bit    block     32.412800         1.011         0.758       
65536       16384     32-bit    block     34.131199         1.920         1.440       
#fcollect_device
size(B)     count     type      scope     latency(us)       algbw(GB/s)   busbw(GB/s) 
32          4         64-bit    thread    30.854401         0.001         0.001       
64          8         64-bit    thread    30.895999         0.002         0.002       
128         16        64-bit    thread    30.809599         0.004         0.003       
256         32        64-bit    thread    30.780801         0.008         0.006       
512         64        64-bit    thread    30.768001         0.017         0.012       
1024        128       64-bit    thread    32.502401         0.032         0.024       
2048        256       64-bit    thread    34.131199         0.060         0.045       
4096        512       64-bit    thread    37.401599         0.110         0.082       
8192        1024      64-bit    thread    46.323201         0.177         0.133       
#fcollect_device
size(B)     count     type      scope     latency(us)       algbw(GB/s)   busbw(GB/s) 
32          4         64-bit    warp      33.241600         0.001         0.001       
64          8         64-bit    warp      12.028800         0.005         0.004       
128         16        64-bit    warp      12.032000         0.011         0.008       
256         32        64-bit    warp      11.948800         0.021         0.016       
512         64        64-bit    warp      11.984000         0.043         0.032       
1024        128       64-bit    warp      11.971200         0.086         0.064       
2048        256       64-bit    warp      12.848000         0.159         0.120       
4096        512       64-bit    warp      14.492799         0.283         0.212       
8192        1024      64-bit    warp      20.137601         0.407         0.305       
16384       2048      64-bit    warp      33.305600         0.492         0.369       
32768       4096      64-bit    warp      35.737601         0.917         0.688       
#fcollect_device
size(B)     count     type      scope     latency(us)       algbw(GB/s)   busbw(GB/s) 
Runtime options after parsing command line arguments 
min_size: 65536, max_size: 65536, step_factor: 2, iterations: 10, warmup iterations: 5, number of ctas: 32, threads per cta: 256 stride: 1, datatype: int, reduce_op: sum, threadgroup_scope: all_scopes, atomic_op: inc, dir: write, report_msgrate: 0, bidirectional: 0, putget_issue :on_stream, use_graph: 0, use_mmap: 0, mem_handle_type: 0, use_egm: 0
Note: Above is full list of options, any given test will use only a subset of these variables.
mype: 1 mype_node: 1 device name: NVIDIA H200 bus id: 45 
Runtime options after parsing command line arguments 
min_size: 65536, max_size: 65536, step_factor: 2, iterations: 10, warmup iterations: 5, number of ctas: 32, threads per cta: 256 stride: 1, datatype: int, reduce_op: sum, threadgroup_scope: all_scopes, atomic_op: inc, dir: write, report_msgrate: 0, bidirectional: 0, putget_issue :on_stream, use_graph: 0, use_mmap: 0, mem_handle_type: 0, use_egm: 0
Note: Above is full list of options, any given test will use only a subset of these variables.
mype: 3 mype_node: 1 device name: NVIDIA H200 bus id: 45 
32          4         64-bit    block     32.528001         0.001         0.001       
64          8         64-bit    block     11.964800         0.005         0.004       
128         16        64-bit    block     12.003200         0.011         0.008       
256         32        64-bit    block     11.958400         0.021         0.016       
512         64        64-bit    block     11.984000         0.043         0.032       
1024        128       64-bit    block     12.028800         0.085         0.064       
2048        256       64-bit    block     12.732799         0.161         0.121       
4096        512       64-bit    block     12.774400         0.321         0.240       
8192        1024      64-bit    block     12.793601         0.640         0.480       
16384       2048      64-bit    block     33.311999         0.492         0.369       
32768       4096      64-bit    block     34.153599         0.959         0.720       
Runtime options after parsing command line arguments 
min_size: 65536, max_size: 65536, step_factor: 2, iterations: 10, warmup iterations: 5, number of ctas: 32, threads per cta: 256 stride: 1, datatype: int, reduce_op: sum, threadgroup_scope: all_scopes, atomic_op: inc, dir: write, report_msgrate: 0, bidirectional: 0, putget_issue :on_stream, use_graph: 0, use_mmap: 0, mem_handle_type: 0, use_egm: 0
Note: Above is full list of options, any given test will use only a subset of these variables.
mype: 2 mype_node: 0 device name: NVIDIA H200 bus id: 25 
