Runtime options after parsing command line arguments 
min_size: 4, max_size: 1048576, step_factor: 2, iterations: 500, warmup iterations: 50, number of ctas: 32, threads per cta: 256 stride: 1, datatype: int, reduce_op: sum, threadgroup_scope: all_scopes, atomic_op: inc, dir: write, report_msgrate: 0, bidirectional: 0, putget_issue :on_stream, use_graph: 0, use_mmap: 0, mem_handle_type: 0, use_egm: 0
Note: Above is full list of options, any given test will use only a subset of these variables.
NVSHMEM v3.3.9
mype: 0 mype_node: 0 device name: NVIDIA H200 bus id: 25 
Note: This test measures full round-trip latency
#shmem_put_ping_lat
size(B)     scope     latency (us)    
4           None      5.326144        
8           None      5.242112        
16          None      5.164224        
32          None      5.222976        
64          None      5.429120        
128         None      6.154944        
256         None      7.535232        
512         None      10.220096       
1024        None      17.067583       
2048        None      31.375168       
4096        None      60.028927       
8192        None      116.880447      
16384       None      208.377090      
32768       None      423.663391      
65536       None      821.299255      
131072      None      1648.626953     
262144      None      3296.203613     
524288      None      6594.332520     
1048576     None      13206.664062    
Runtime options after parsing command line arguments 
min_size: 4, max_size: 1048576, step_factor: 2, iterations: 500, warmup iterations: 50, number of ctas: 32, threads per cta: 256 stride: 1, datatype: int, reduce_op: sum, threadgroup_scope: all_scopes, atomic_op: inc, dir: write, report_msgrate: 0, bidirectional: 0, putget_issue :on_stream, use_graph: 0, use_mmap: 0, mem_handle_type: 0, use_egm: 0
Note: Above is full list of options, any given test will use only a subset of these variables.
mype: 1 mype_node: 1 device name: NVIDIA H200 bus id: 45 
