Runtime options after parsing command line arguments 
min_size: 4, max_size: 33554432, step_factor: 2, iterations: 10, warmup iterations: 5, number of ctas: 32, threads per cta: 256 stride: 1, datatype: int, reduce_op: sum, threadgroup_scope: all_scopes, atomic_op: inc, dir: write, report_msgrate: 0, bidirectional: 0, putget_issue :on_stream, use_graph: 0, use_mmap: 0, mem_handle_type: 0, use_egm: 0
Note: Above is full list of options, any given test will use only a subset of these variables.
NVSHMEM v3.3.9
mype: 0 mype_node: 0 device name: NVIDIA H200 bus id: 25 
#shmem_g_bw
size(B)     scope     BW (GB/sec)     
4           None      0.000340        
8           None      0.000640        
16          None      0.000761        
32          None      0.003414        
64          None      0.005404        
128         None      0.009072        
256         None      0.013552        
512         None      0.014967        
1024        None      0.015708        
2048        None      0.016143        
4096        None      0.017913        
8192        None      0.018477        
16384       None      0.020749        
32768       None      0.020841        
65536       None      0.020587        
131072      None      0.021070        
262144      None      0.020959        
524288      None      0.021014        
1048576     None      0.020861        
2097152     None      0.020229        
4194304     None      0.020391        
8388608     None      0.020214        
16777216    None      0.021052        
33554432    None      0.021145        
Runtime options after parsing command line arguments 
min_size: 4, max_size: 33554432, step_factor: 2, iterations: 10, warmup iterations: 5, number of ctas: 32, threads per cta: 256 stride: 1, datatype: int, reduce_op: sum, threadgroup_scope: all_scopes, atomic_op: inc, dir: write, report_msgrate: 0, bidirectional: 0, putget_issue :on_stream, use_graph: 0, use_mmap: 0, mem_handle_type: 0, use_egm: 0
Note: Above is full list of options, any given test will use only a subset of these variables.
mype: 1 mype_node: 0 device name: NVIDIA H200 bus id: 25 
