Runtime options after parsing command line arguments 
min_size: 4, max_size: 33554432, step_factor: 2, iterations: 10, warmup iterations: 5, number of ctas: 32, threads per cta: 256 stride: 1, datatype: int, reduce_op: sum, threadgroup_scope: all_scopes, atomic_op: inc, dir: write, report_msgrate: 0, bidirectional: 0, putget_issue :on_stream, use_graph: 0, use_mmap: 0, mem_handle_type: 0, use_egm: 0
Note: Above is full list of options, any given test will use only a subset of these variables.
NVSHMEM v3.3.9
mype: 0 mype_node: 0 device name: NVIDIA H200 bus id: 25 
#shmem_p_bw
size(B)     scope     BW (GB/sec)     
4           None      0.001321        
8           None      0.002711        
16          None      0.005247        
32          None      0.008913        
64          None      0.010204        
128         None      0.012217        
256         None      0.014931        
512         None      0.015018        
1024        None      0.015311        
2048        None      0.015722        
4096        None      0.015756        
8192        None      0.015865        
16384       None      0.015859        
32768       None      0.015868        
65536       None      0.015864        
131072      None      0.015858        
262144      None      0.015821        
524288      None      0.015821        
1048576     None      0.015825        
2097152     None      0.015818        
4194304     None      0.015834        
8388608     None      0.015840        
16777216    None      0.015834        
33554432    None      0.015832        
Runtime options after parsing command line arguments 
min_size: 4, max_size: 33554432, step_factor: 2, iterations: 10, warmup iterations: 5, number of ctas: 32, threads per cta: 256 stride: 1, datatype: int, reduce_op: sum, threadgroup_scope: all_scopes, atomic_op: inc, dir: write, report_msgrate: 0, bidirectional: 0, putget_issue :on_stream, use_graph: 0, use_mmap: 0, mem_handle_type: 0, use_egm: 0
Note: Above is full list of options, any given test will use only a subset of these variables.
mype: 1 mype_node: 0 device name: NVIDIA H200 bus id: 25 
