Runtime options after parsing command line arguments 
min_size: 4, max_size: 1048576, step_factor: 2, iterations: 500, warmup iterations: 50, number of ctas: 32, threads per cta: 256 stride: 1, datatype: int, reduce_op: sum, threadgroup_scope: all_scopes, atomic_op: inc, dir: write, report_msgrate: 0, bidirectional: 0, putget_issue :on_stream, use_graph: 0, use_mmap: 0, mem_handle_type: 0, use_egm: 0
Note: Above is full list of options, any given test will use only a subset of these variables.
NVSHMEM v3.3.9
mype: 0 mype_node: 0 device name: NVIDIA H200 bus id: 25 
Note: This test measures full round-trip latency
#shmem_put_ping_lat
size(B)     scope     latency (us)    
4           None      22.785601       
8           None      22.571264       
16          None      22.605951       
32          None      22.556801       
64          None      22.664448       
128         None      22.606913       
256         None      22.627329       
512         None      22.571775       
1024        None      22.619713       
2048        None      22.565697       
4096        None      22.566401       
8192        None      22.644224       
16384       None      22.680960       
32768       None      22.649792       
65536       None      23.662144       
131072      None      27.969536       
262144      None      33.361473       
524288      None      44.232258       
1048576     None      65.864388       
Runtime options after parsing command line arguments 
min_size: 4, max_size: 1048576, step_factor: 2, iterations: 500, warmup iterations: 50, number of ctas: 32, threads per cta: 256 stride: 1, datatype: int, reduce_op: sum, threadgroup_scope: all_scopes, atomic_op: inc, dir: write, report_msgrate: 0, bidirectional: 0, putget_issue :on_stream, use_graph: 0, use_mmap: 0, mem_handle_type: 0, use_egm: 0
Note: Above is full list of options, any given test will use only a subset of these variables.
mype: 1 mype_node: 0 device name: NVIDIA H200 bus id: 25 
